
     Program Wbse v. 2.0.1 svn rev. 1002 starts on  3Jul2022 at 19:23:13 

     This program is part of the open-source West suite
     for massively parallel calculations of excited states in materials; please cite
         "M. Govoni et al., J. Chem. Theory Comput. 11, 2680 (2015);
          URL http://www.west-code.org", 
     in publications or presentations arising from this work.

     Based on the Quantum ESPRESSO v. 6.1 svn rev. 13369
       
     --------------------------------------------------------------------------------------------
     **MPI** Parallelization Status                                      
     --------------------------------------------------------------------------------------------
                   120                   1             1             1           120
     --------------------------------------------------------------------------------------------
                     N         =         I      X      P      X      B      X      Z
                     ^                   ^             ^             ^             ^
                     |                   |             |             |             |
                   #rnk                  |             |             |             |
                                      #image           |             |             |
                                                     #pool           |             |
                                                                   #bgrp           |
                                                                                 #R&G
     --------------------------------------------------------------------------------------------
     #prc =          120
     --------------------------------------------------------------------------------------------
       
     --------------------------------------------------------------------------------------------
     I/O Summary : input_west                                            
     --------------------------------------------------------------------------------------------
     qe_prefix               =          pwscf
     west_prefix             =           west
     outdir                  =             ./
     l_load_qbox_wfc         =              F
     qbox_ks_wfc_filename    =         qb.xml
     which_bse_method        =             FF
     --------------------------------------------------------------------------------------------
       
     --------------------------------------------------------------------------------------------
     I/O Summary : wbse_init                                             
     --------------------------------------------------------------------------------------------
     wbse_init_calculation   =              S
     n_pdep_eigen            =              1
     chi_kernel              =            CHI
     which_spin_channel      =              0
     l_use_localise_repr     =              F
     overlap_thr             =       0.000000
     l_use_bisection_thr     =              F
     qbox_bisec_wfc_filename =      qb.gs.xml
     --------------------------------------------------------------------------------------------
       
     --------------------------------------------------------------------------------------------
     I/O Summary : WBSE_control                                          
     --------------------------------------------------------------------------------------------
     wbse_diag_method        =          david
     wbse_calculation        =              S
     n_plep_eigen            =              4
     n_plep_times            =             10
     n_plep_maxiter          =          10000
     n_plep_read_from_file   =              0
     l_bse_calculation       =              F
     l_hybrid_calculation    =              T
     l_exx_fraction          =       0.180000
     l_h_ovlp_thr            =       0.000000
     l_h_loc                 =              F
     l_h_bis                 =              F
     l_h_qbox_bis_wfc_fname  =      qb.gs.xml
     if_random_init          =              F
     l_restart_step          =              0
     l_cg_diagonalization    =              F
     l_subspace              =              F
     n_trunc_bands           =              0
     l_sf_kernel             =              T
     l_alda0                 =              F
     sf_cut_1                =     500.000000
     sf_cut_2                =       0.000100
     l_tddft_force           =              F
     force_state             =              4
     snd_coeff               =       0.010000
     wbse_zv_alpha_mix       =       0.700000
     wbse_zv_nmix_wbse       =              4
     wbse_zv_scf_tr2         =       0.000000
     l_diag_term_only        =              F
     l_preconditioning       =              F
     l_pre_shift             =              F
     l_qp_correction         =              F
     spin_excitation         =        flipped
     trev_plep               =       0.001000
     trev_plep_rel           =       0.000100
     scissor_ope             =       0.000000
     eps_macro               =       1.000000
     --------------------------------------------------------------------------------------------

     Reading data from directory:
     ./pwscf.save

   Info: using nr1, nr2, nr3 values from input

   Info: using nr1, nr2, nr3 values from input

     IMPORTANT: XC functional enforced from input :
     Exchange-correlation      = PBE0 ( 6  4  8  4 0 0)
     EXX-fraction              =        0.25
     Any further DFT definition will be discarded
     Please, verify this is what you really want

 
     Parallelization info
     --------------------
     sticks:   dense  smooth     PW     G-vecs:    dense   smooth      PW
     Min          63      63     15                 4260     4260     524
     Max          66      66     18                 4274     4274     540
     Sum        7721    7721   1933               511971   511971   63989
 
     Generating pointlists ...
     new r_m :   0.0566 (alat units)  1.1397 (a.u.) for type    1
     new r_m :   0.0566 (alat units)  1.1397 (a.u.) for type    2
     EXX fraction changed:   0.18
     EXX Screening parameter changed:    0.0000000
     EXX Gau parameter changed:    0.0000000
       ** WARNING : EXX-alpha            =       0.180000
       ** WARNING : EXX-erfc_scrlen      =       0.000000
       ** WARNING : EXX-gau_scrlen       =       0.000000
       ** WARNING : EXX-ecutfock         =     120.000000
       ** WARNING : EXX-exxdiv_treatment = gb            
EXX: grid of k+q points same as grid of k-points
       ** WARNING : EXX-exxdiv           =   -1970.085306
       
     --------------------------------------------------------------------------------------------
     System Overview                                                     
     --------------------------------------------------------------------------------------------
     gamma_only           =              T
     ecutwfc [Ry]         =      60.000000
     omega [au^3]         =   8.151648E+03
     glob. #G             =          31995
     nbnd                 =            456
     nkstot               =              2
     nspin                =              2
     nelec                =     862.000000
     nelup                =     432.000000
     neldw                =     430.000000
     npol                 =              1
     lsda                 =              T
     noncolin             =              F
     lspinorb             =              F
     domag                =              F
     --------------------------------------------------------------------------------------------

     sFFT G-space:   255986 G-vectors     R-space: ( 100, 100, 100)
     dFFT G-space:   255986 G-vectors     R-space: ( 100, 100, 100)

     Cell [a.u.]          =      20.125583      0.000000      0.000000
                          =       0.000000     20.125583      0.000000
                          =       0.000000      0.000000     20.125583
      
     number of ks points=     2
                       cart. coord. in units 2pi/alat
        k(    1) = (   0.0000000   0.0000000   0.0000000), wk =   1.0000000
        k(    2) = (   0.0000000   0.0000000   0.0000000), wk =   1.0000000

                       cryst. coord.
        k(    1) = (   0.0000000   0.0000000   0.0000000), wk =   1.0000000
        k(    2) = (   0.0000000   0.0000000   0.0000000), wk =   1.0000000
 
     F. Gygi div      =   2.416794E-01
       
     --------------------------------------------------------------------------------------------
     Parallelization for hybrid_init_kernel                              
     --------------------------------------------------------------------------------------------
     nglob                =          93528
     nlevel               =              1
     Min nglob/nlevel     =          93528
     Max nglob/nlevel     =          93528
     --------------------------------------------------------------------------------------------
       
     --------------------------------------------------------------------------------------------
     Parallelization for nvecx                                           
     --------------------------------------------------------------------------------------------
     nglob                =             40
     nlevel               =              1
     Min nglob/nlevel     =             40
     Max nglob/nlevel     =             40
     --------------------------------------------------------------------------------------------
       
     --------------------------------------------------------------------------------------------
     Parallelization for band_paralel                                    
     --------------------------------------------------------------------------------------------
     nglob                =            432
     nlevel               =              1
     Min nglob/nlevel     =            432
     Max nglob/nlevel     =            432
     --------------------------------------------------------------------------------------------
       
     --------------------------------------------------------------------------------------------
     Parallelization for hybrid_kernel                                   
     --------------------------------------------------------------------------------------------
     nglob                =         186624
     nlevel               =              1
     Min nglob/nlevel     =         186624
     Max nglob/nlevel     =         186624
     --------------------------------------------------------------------------------------------

     [MEM] ----------------------------------------------------------
     [MEM] **Memory** analysis: QE
     [MEM] ----------------------------------------------------------
     [MEM] Allocated arrays           est. size (Mb)     dimensions
     [MEM] ----------------------------------------------------------
     [MEM] Kohn-Sham Wavefunctions       1.88 Mb     (    270,  456)
     [MEM] NL pseudopotentials           7.09 Mb     (    270, 1720)
     [MEM] Each V/rho on FFT grid        0.15 Mb     (  10000)
     [MEM] Each G-vector array           0.02 Mb     (   2132)
     [MEM] G-vector shells               0.01 Mb     (    789)
     [MEM] ----------------------------------------------------------
     [MEM] TOT                           9.14 Mb
     [MEM] ----------------------------------------------------------
     [MEM] 
     [MEM] ----------------------------------------------------------
     [MEM] **Memory** analysis: WBSE global
     [MEM] ----------------------------------------------------------
     [MEM] Allocated arrays           est. size (Mb)     dimensions
     [MEM] ----------------------------------------------------------
     [MEM] dvg_exc                      71.19 Mb     (    270,  432,   40)
     [MEM] dng_exc                      71.19 Mb     (    270,  432,   40)
     [MEM] hr_distr                      0.01 Mb     (     40,   40)
     [MEM] vr_distr                      0.01 Mb     (     40,   40)
     [MEM] ----------------------------------------------------------
     [MEM] TOT                         142.41 Mb
     [MEM] ----------------------------------------------------------
     [MEM] 
     [MEM] ----------------------------------------------------------
     [MEM] **Memory** analysis: WBSE temporary
     [MEM] ----------------------------------------------------------
     [MEM] Allocated arrays           est. size (Mb)     dimensions
     [MEM] ----------------------------------------------------------
     [MEM] dvpsi                         1.78 Mb     (    270,  432)
     [MEM] dpsi                          1.78 Mb     (    270,  432)
     [MEM] ----------------------------------------------------------
     [MEM] Total estimate                3.56 Mb
     [MEM] ----------------------------------------------------------
     Lowest energy electron-hole pairs are used as initial vectors ...
     Calculating the electron-hole pairs for initiating trial vectors ...

              1        57         2       432         1           0.215336341141
              2        58         2       432         2           0.216360883737
              3        49         2       431         1           0.217830270198
              4        50         2       431         2           0.218854812794
              5        59         2       432         3           0.284616523822
              6        60         2       432         4           0.284700308925
              7        61         2       432         5           0.286693363733
              8        51         2       431         3           0.287110452879
              9        52         2       431         4           0.287194237983
             10        53         2       431         5           0.289187292790
             11        62         2       432         6           0.289469817508
             12        63         2       432         7           0.289531542357
             13        64         2       432         8           0.291000064724
             14        54         2       431         6           0.291963746565
             15        55         2       431         7           0.292025471415
             16        56         2       431         8           0.293493993781
     Finished calculating the cv couples.
     Finished setting initial vectors.

                       *----------*              *----------*               *----------*
     #     Iteration = | starting |   WBSE_dim = |        4 |   Diago_dim = |        4 |  x 1/2
                       *----------*              *----------*               *----------*

                       *----------*              *----------*               *----------*
     #     Iteration = | starting |   WBSE_dim = |        4 |   Diago_dim = |        4 |  x 2/2
                       *----------*              *----------*               *----------*
     s-DIAGOX done in < 00.1s             
     --------------------------------------------------------------------------------------------
        
        0.04516887   0.09825634   0.10015939   0.15333619
        
     --------------------------------------------------------------------------------------------
     Tot. elapsed time 01h-02m-38.3s,  time spent in last iteration 01h-02m-38.3s
     --------------------------------------------------------------------------------------------

                       *----------*              *----------*               *----------*
     #     Iteration = |        1 |   WBSE_dim = |        4 |   Diago_dim = |        8 |
                       *----------*              *----------*               *----------*
     s-DIAGOX done in < 00.1s             
     --------------------------------------------------------------------------------------------
        
        0.03909139   0.09384557   0.09591783   0.15305640
        
     --------------------------------------------------------------------------------------------
     Tot. elapsed time 01h-34m-10.1s,  time spent in last iteration 31m-31.8s
     --------------------------------------------------------------------------------------------

                       *----------*              *----------*               *----------*
     #     Iteration = |        2 |   WBSE_dim = |        4 |   Diago_dim = |       12 |
                       *----------*              *----------*               *----------*
     s-DIAGOX done in < 00.1s             
     --------------------------------------------------------------------------------------------
        
        0.03321051   0.08917215   0.09140021   0.15283992
        
     --------------------------------------------------------------------------------------------
     Tot. elapsed time 02h-05m-41.2s,  time spent in last iteration 31m-31.0s
     --------------------------------------------------------------------------------------------

                       *----------*              *----------*               *----------*
     #     Iteration = |        3 |   WBSE_dim = |        4 |   Diago_dim = |       16 |
                       *----------*              *----------*               *----------*
     s-DIAGOX done in < 00.1s             
     --------------------------------------------------------------------------------------------
        
        0.02822913   0.08482830   0.08718595   0.15275067
        
     --------------------------------------------------------------------------------------------
     Tot. elapsed time 02h-37m-11.4s,  time spent in last iteration 31m-30.1s
     --------------------------------------------------------------------------------------------

                       *----------*              *----------*               *----------*
     #     Iteration = |        4 |   WBSE_dim = |        4 |   Diago_dim = |       20 |
                       *----------*              *----------*               *----------*
     s-DIAGOX done in < 00.1s             
     --------------------------------------------------------------------------------------------
        
        0.02413983   0.08088660   0.08336371   0.15267593
        
     --------------------------------------------------------------------------------------------
     Tot. elapsed time 03h-08m-44.2s,  time spent in last iteration 31m-32.7s
     --------------------------------------------------------------------------------------------

                       *----------*              *----------*               *----------*
     #     Iteration = |        5 |   WBSE_dim = |        4 |   Diago_dim = |       24 |
                       *----------*              *----------*               *----------*
     s-DIAGOX done in < 00.1s             
     --------------------------------------------------------------------------------------------
        
        0.02103315   0.07753749   0.08011598   0.15260523
        
     --------------------------------------------------------------------------------------------
     Tot. elapsed time 03h-40m-05.8s,  time spent in last iteration 31m-21.6s
     --------------------------------------------------------------------------------------------

                       *----------*              *----------*               *----------*
     #     Iteration = |        6 |   WBSE_dim = |        4 |   Diago_dim = |       28 |
                       *----------*              *----------*               *----------*
     s-DIAGOX done in < 00.1s             
     --------------------------------------------------------------------------------------------
        
        0.01866933   0.07468467   0.07733314   0.15254401
        
     --------------------------------------------------------------------------------------------
     Tot. elapsed time 04h-11m-25.1s,  time spent in last iteration 31m-19.3s
     --------------------------------------------------------------------------------------------

                       *----------*              *----------*               *----------*
     #     Iteration = |        7 |   WBSE_dim = |        4 |   Diago_dim = |       32 |
                       *----------*              *----------*               *----------*
     s-DIAGOX done in < 00.1s             
     --------------------------------------------------------------------------------------------
        
        0.01682080   0.07217766   0.07488320   0.15249419
        
     --------------------------------------------------------------------------------------------
     Tot. elapsed time 04h-42m-44.6s,  time spent in last iteration 31m-19.4s
     --------------------------------------------------------------------------------------------

                       *----------*              *----------*               *----------*
     #     Iteration = |        8 |   WBSE_dim = |        4 |   Diago_dim = |       36 |
                       *----------*              *----------*               *----------*
     s-DIAGOX done in < 00.1s             
     --------------------------------------------------------------------------------------------
        
        0.01532322   0.06992153   0.07266498   0.15245517
        
     --------------------------------------------------------------------------------------------
     Tot. elapsed time 05h-14m-07.2s,  time spent in last iteration 31m-22.5s
     --------------------------------------------------------------------------------------------

                       *----------*              *----------*               *----------*
     #     Iteration = |        9 |   WBSE_dim = |        4 |   Diago_dim = |       40 |
                       *----------*              *----------*               *----------*
     s-DIAGOX done in < 00.1s             
     --------------------------------------------------------------------------------------------
        
        0.01409743   0.06785580   0.07063736   0.15242382
        
     --------------------------------------------------------------------------------------------
     Tot. elapsed time 05h-45m-29.2s,  time spent in last iteration 31m-22.0s
     --------------------------------------------------------------------------------------------

       Refresh the basis set

                       *----------*              *----------*               *----------*
     #     Iteration = |       10 |   WBSE_dim = |        4 |   Diago_dim = |        8 |
                       *----------*              *----------*               *----------*
     s-DIAGOX done in < 00.1s             
     --------------------------------------------------------------------------------------------
        
        0.01354949   0.06688107   0.06968029   0.15240940
        
     --------------------------------------------------------------------------------------------
     Tot. elapsed time 06h-16m-52.7s,  time spent in last iteration 31m-21.9s
     --------------------------------------------------------------------------------------------

                       *----------*              *----------*               *----------*
     #     Iteration = |       11 |   WBSE_dim = |        3 |   Diago_dim = |       11 |
                       *----------*              *----------*               *----------*
     s-DIAGOX done in < 00.1s             
     --------------------------------------------------------------------------------------------
        
        0.01302011   0.06593755   0.06875115   0.15240860
        
     --------------------------------------------------------------------------------------------
     Tot. elapsed time 06h-40m-26.8s,  time spent in last iteration 23m-34.0s
     --------------------------------------------------------------------------------------------

                       *----------*              *----------*               *----------*
     #     Iteration = |       12 |   WBSE_dim = |        3 |   Diago_dim = |       14 |
                       *----------*              *----------*               *----------*
     s-DIAGOX done in < 00.1s             
     --------------------------------------------------------------------------------------------
        
        0.01252528   0.06504007   0.06786736   0.15240784
        
     --------------------------------------------------------------------------------------------
     Tot. elapsed time 07h-04m-00.6s,  time spent in last iteration 23m-33.8s
     --------------------------------------------------------------------------------------------

                       *----------*              *----------*               *----------*
     #     Iteration = |       13 |   WBSE_dim = |        3 |   Diago_dim = |       17 |
                       *----------*              *----------*               *----------*
     s-DIAGOX done in < 00.1s             
     --------------------------------------------------------------------------------------------
        
        0.01206790   0.06419179   0.06703144   0.15240713
        
     --------------------------------------------------------------------------------------------
     Tot. elapsed time 07h-27m-34.5s,  time spent in last iteration 23m-33.8s
     --------------------------------------------------------------------------------------------

                       *----------*              *----------*               *----------*
     #     Iteration = |       14 |   WBSE_dim = |        3 |   Diago_dim = |       20 |
                       *----------*              *----------*               *----------*
     s-DIAGOX done in < 00.1s             
     --------------------------------------------------------------------------------------------
        
        0.01165291   0.06339200   0.06624402   0.15240645
        
     --------------------------------------------------------------------------------------------
     Tot. elapsed time 07h-51m-07.1s,  time spent in last iteration 23m-32.6s
     --------------------------------------------------------------------------------------------

                       *----------*              *----------*               *----------*
     #     Iteration = |       15 |   WBSE_dim = |        3 |   Diago_dim = |       23 |
                       *----------*              *----------*               *----------*
     s-DIAGOX done in < 00.1s             
     --------------------------------------------------------------------------------------------
        
        0.01128535   0.06264524   0.06550758   0.15240578
        
     --------------------------------------------------------------------------------------------
     Tot. elapsed time 08h-14m-35.0s,  time spent in last iteration 23m-27.9s
     --------------------------------------------------------------------------------------------

                       *----------*              *----------*               *----------*
     #     Iteration = |       16 |   WBSE_dim = |        3 |   Diago_dim = |       26 |
                       *----------*              *----------*               *----------*
     s-DIAGOX done in < 00.1s             
     --------------------------------------------------------------------------------------------
        
        0.01097360   0.06196791   0.06483729   0.15240514
        
     --------------------------------------------------------------------------------------------
     Tot. elapsed time 08h-38m-08.7s,  time spent in last iteration 23m-33.5s
     --------------------------------------------------------------------------------------------

                       *----------*              *----------*               *----------*
     #     Iteration = |       17 |   WBSE_dim = |        3 |   Diago_dim = |       29 |
                       *----------*              *----------*               *----------*
     s-DIAGOX done in < 00.1s             
     --------------------------------------------------------------------------------------------
        
        0.01071176   0.06136129   0.06423685   0.15240452
        
     --------------------------------------------------------------------------------------------
     Tot. elapsed time 09h-01m-38.1s,  time spent in last iteration 23m-29.3s
     --------------------------------------------------------------------------------------------

                       *----------*              *----------*               *----------*
     #     Iteration = |       18 |   WBSE_dim = |        3 |   Diago_dim = |       32 |
                       *----------*              *----------*               *----------*
     s-DIAGOX done in < 00.1s             
     --------------------------------------------------------------------------------------------
        
        0.01050420   0.06085343   0.06373434   0.15240398
        
     --------------------------------------------------------------------------------------------
     Tot. elapsed time 09h-24m-48.9s,  time spent in last iteration 23m-10.8s
     --------------------------------------------------------------------------------------------

                       *----------*              *----------*               *----------*
     #     Iteration = |       19 |   WBSE_dim = |        3 |   Diago_dim = |       35 |
                       *----------*              *----------*               *----------*
     s-DIAGOX done in < 00.1s             
     --------------------------------------------------------------------------------------------
        
        0.01036118   0.06052844   0.06340679   0.15240359
        
     --------------------------------------------------------------------------------------------
     Tot. elapsed time 09h-47m-55.9s,  time spent in last iteration 23m-06.9s
     --------------------------------------------------------------------------------------------

                       *----------*              *----------*               *----------*
     #     Iteration = |       20 |   WBSE_dim = |        3 |   Diago_dim = |       38 |
                       *----------*              *----------*               *----------*
     s-DIAGOX done in < 00.1s             
     --------------------------------------------------------------------------------------------
        
        0.01013619   0.05997230   0.06285381   0.15240286
        
     --------------------------------------------------------------------------------------------
     Tot. elapsed time 10h-11m-11.7s,  time spent in last iteration 23m-15.8s
     --------------------------------------------------------------------------------------------

       Refresh the basis set

                       *----------*              *----------*               *----------*
     #     Iteration = |       21 |   WBSE_dim = |        3 |   Diago_dim = |        7 |
                       *----------*              *----------*               *----------*
     s-DIAGOX done in < 00.1s             
     --------------------------------------------------------------------------------------------
        
        0.01002994   0.05967601   0.06255798   0.15240245
        
     --------------------------------------------------------------------------------------------
     Tot. elapsed time 10h-34m-19.2s,  time spent in last iteration 23m-06.0s
     --------------------------------------------------------------------------------------------

                       *----------*              *----------*               *----------*
     #     Iteration = |       22 |   WBSE_dim = |        3 |   Diago_dim = |       10 |
                       *----------*              *----------*               *----------*
     s-DIAGOX done in < 00.1s             
     --------------------------------------------------------------------------------------------
        
        0.00996007   0.05946833   0.06234930   0.15240217
        
     --------------------------------------------------------------------------------------------
     Tot. elapsed time 10h-57m-25.9s,  time spent in last iteration 23m-06.6s
     --------------------------------------------------------------------------------------------

                       *----------*              *----------*               *----------*
     #     Iteration = |       23 |   WBSE_dim = |        3 |   Diago_dim = |       13 |
                       *----------*              *----------*               *----------*
     s-DIAGOX done in < 00.1s             
     --------------------------------------------------------------------------------------------
        
        0.00989454   0.05924321   0.06212391   0.15240189
        
     --------------------------------------------------------------------------------------------
     Tot. elapsed time 11h-20m-29.7s,  time spent in last iteration 23m-03.7s
     --------------------------------------------------------------------------------------------

                       *----------*              *----------*               *----------*
     #     Iteration = |       24 |   WBSE_dim = |        3 |   Diago_dim = |       16 |
                       *----------*              *----------*               *----------*
     s-DIAGOX done in < 00.1s             
     --------------------------------------------------------------------------------------------
        
        0.00983498   0.05901452   0.06189546   0.15240158
        
     --------------------------------------------------------------------------------------------
     Tot. elapsed time 11h-43m-30.7s,  time spent in last iteration 23m-01.0s
     --------------------------------------------------------------------------------------------

                       *----------*              *----------*               *----------*
     #     Iteration = |       25 |   WBSE_dim = |        3 |   Diago_dim = |       19 |
                       *----------*              *----------*               *----------*
     s-DIAGOX done in < 00.1s             
     --------------------------------------------------------------------------------------------
        
        0.00978378   0.05880314   0.06168342   0.15240129
        
     --------------------------------------------------------------------------------------------
     Tot. elapsed time 12h-06m-27.6s,  time spent in last iteration 22m-56.8s
     --------------------------------------------------------------------------------------------

                       *----------*              *----------*               *----------*
     #     Iteration = |       26 |   WBSE_dim = |        3 |   Diago_dim = |       22 |
                       *----------*              *----------*               *----------*
     s-DIAGOX done in < 00.1s             
     --------------------------------------------------------------------------------------------
        
        0.00974027   0.05861249   0.06149162   0.15240103
        
     --------------------------------------------------------------------------------------------
     Tot. elapsed time 12h-29m-15.0s,  time spent in last iteration 22m-47.3s
     --------------------------------------------------------------------------------------------

                       *----------*              *----------*               *----------*
     #     Iteration = |       27 |   WBSE_dim = |        3 |   Diago_dim = |       25 |
                       *----------*              *----------*               *----------*
     s-DIAGOX done in < 00.1s             
     --------------------------------------------------------------------------------------------
        
        0.00970574   0.05845290   0.06133187   0.15240078
        
     --------------------------------------------------------------------------------------------
     Tot. elapsed time 12h-52m-03.2s,  time spent in last iteration 22m-48.2s
     --------------------------------------------------------------------------------------------

                       *----------*              *----------*               *----------*
     #     Iteration = |       28 |   WBSE_dim = |        3 |   Diago_dim = |       28 |
                       *----------*              *----------*               *----------*
     s-DIAGOX done in < 00.1s             
     --------------------------------------------------------------------------------------------
        
        0.00967536   0.05830716   0.06118362   0.15240053
        
     --------------------------------------------------------------------------------------------
     Tot. elapsed time 13h-14m-43.2s,  time spent in last iteration 22m-39.9s
     --------------------------------------------------------------------------------------------

                       *----------*              *----------*               *----------*
     #     Iteration = |       29 |   WBSE_dim = |        3 |   Diago_dim = |       31 |
                       *----------*              *----------*               *----------*
     s-DIAGOX done in < 00.1s             
     --------------------------------------------------------------------------------------------
        
        0.00964917   0.05816594   0.06104162   0.15240028
        
     --------------------------------------------------------------------------------------------
     Tot. elapsed time 13h-37m-30.4s,  time spent in last iteration 22m-47.2s
     --------------------------------------------------------------------------------------------

                       *----------*              *----------*               *----------*
     #     Iteration = |       30 |   WBSE_dim = |        3 |   Diago_dim = |       34 |
                       *----------*              *----------*               *----------*
     s-DIAGOX done in < 00.1s             
     --------------------------------------------------------------------------------------------
        
        0.00963133   0.05806072   0.06093488   0.15240004
        
     --------------------------------------------------------------------------------------------
     Tot. elapsed time 14h-00m-16.7s,  time spent in last iteration 22m-46.2s
     --------------------------------------------------------------------------------------------

                       *----------*              *----------*               *----------*
     #     Iteration = |       31 |   WBSE_dim = |        3 |   Diago_dim = |       37 |
                       *----------*              *----------*               *----------*
     s-DIAGOX done in < 00.1s             
     --------------------------------------------------------------------------------------------
        
        0.00961675   0.05797216   0.06084518   0.15239985
        
     --------------------------------------------------------------------------------------------
     Tot. elapsed time 14h-23m-05.4s,  time spent in last iteration 22m-48.6s
     --------------------------------------------------------------------------------------------

                       *----------*              *----------*               *----------*
     #     Iteration = |       32 |   WBSE_dim = |        3 |   Diago_dim = |       40 |
                       *----------*              *----------*               *----------*
     s-DIAGOX done in < 00.1s             
     --------------------------------------------------------------------------------------------
        
        0.00958620   0.05776664   0.06063506   0.15239929
        
     --------------------------------------------------------------------------------------------
     Tot. elapsed time 14h-45m-44.5s,  time spent in last iteration 22m-39.1s
     --------------------------------------------------------------------------------------------

       Refresh the basis set

                       *----------*              *----------*               *----------*
     #     Iteration = |       33 |   WBSE_dim = |        3 |   Diago_dim = |        7 |
                       *----------*              *----------*               *----------*
     s-DIAGOX done in < 00.1s             
     --------------------------------------------------------------------------------------------
        
        0.00957112   0.05765894   0.06052489   0.15239896
        
     --------------------------------------------------------------------------------------------
     Tot. elapsed time 15h-08m-32.4s,  time spent in last iteration 22m-46.3s
     --------------------------------------------------------------------------------------------

                       *----------*              *----------*               *----------*
     #     Iteration = |       34 |   WBSE_dim = |        3 |   Diago_dim = |       10 |
                       *----------*              *----------*               *----------*
     s-DIAGOX done in < 00.1s             
     --------------------------------------------------------------------------------------------
        
        0.00956361   0.05760667   0.06047180   0.15239880
        
     --------------------------------------------------------------------------------------------
     Tot. elapsed time 15h-31m-28.8s,  time spent in last iteration 22m-56.3s
     --------------------------------------------------------------------------------------------

                       *----------*              *----------*               *----------*
     #     Iteration = |       35 |   WBSE_dim = |        3 |   Diago_dim = |       13 |
                       *----------*              *----------*               *----------*
     s-DIAGOX done in < 00.1s             
     --------------------------------------------------------------------------------------------
        
        0.00955739   0.05756214   0.06042598   0.15239868
        
     --------------------------------------------------------------------------------------------
     Tot. elapsed time 15h-54m-29.7s,  time spent in last iteration 23m-00.9s
     --------------------------------------------------------------------------------------------

                       *----------*              *----------*               *----------*
     #     Iteration = |       36 |   WBSE_dim = |        3 |   Diago_dim = |       16 |
                       *----------*              *----------*               *----------*
     s-DIAGOX done in < 00.1s             
     --------------------------------------------------------------------------------------------
        
        0.00955151   0.05752020   0.06038357   0.15239855
        
     --------------------------------------------------------------------------------------------
     Tot. elapsed time 16h-17m-22.1s,  time spent in last iteration 22m-52.4s
     --------------------------------------------------------------------------------------------

                       *----------*              *----------*               *----------*
     #     Iteration = |       37 |   WBSE_dim = |        3 |   Diago_dim = |       19 |
                       *----------*              *----------*               *----------*
     s-DIAGOX done in < 00.1s             
     --------------------------------------------------------------------------------------------
        
        0.00954557   0.05747731   0.06033933   0.15239844
        
     --------------------------------------------------------------------------------------------
     Tot. elapsed time 16h-40m-26.2s,  time spent in last iteration 23m-04.1s
     --------------------------------------------------------------------------------------------

                       *----------*              *----------*               *----------*
     #     Iteration = |       38 |   WBSE_dim = |        3 |   Diago_dim = |       22 |
                       *----------*              *----------*               *----------*
     s-DIAGOX done in < 00.1s             
     --------------------------------------------------------------------------------------------
        
        0.00954107   0.05744242   0.06030401   0.15239833
        
     --------------------------------------------------------------------------------------------
     Tot. elapsed time 17h-03m-30.7s,  time spent in last iteration 23m-04.3s
     --------------------------------------------------------------------------------------------

                       *----------*              *----------*               *----------*
     #     Iteration = |       39 |   WBSE_dim = |        3 |   Diago_dim = |       25 |
                       *----------*              *----------*               *----------*
     s-DIAGOX done in < 00.1s             
     --------------------------------------------------------------------------------------------
        
        0.00953692   0.05741026   0.06027103   0.15239823
        
     --------------------------------------------------------------------------------------------
     Tot. elapsed time 17h-26m-34.8s,  time spent in last iteration 23m-04.0s
     --------------------------------------------------------------------------------------------

                       *----------*              *----------*               *----------*
     #     Iteration = |       40 |   WBSE_dim = |        3 |   Diago_dim = |       28 |
                       *----------*              *----------*               *----------*
     s-DIAGOX done in < 00.1s             
     --------------------------------------------------------------------------------------------
        
        0.00953318   0.05737930   0.06023933   0.15239813
        
     --------------------------------------------------------------------------------------------
     Tot. elapsed time 17h-49m-31.3s,  time spent in last iteration 22m-56.5s
     --------------------------------------------------------------------------------------------

                       *----------*              *----------*               *----------*
     #     Iteration = |       41 |   WBSE_dim = |        3 |   Diago_dim = |       31 |
                       *----------*              *----------*               *----------*
     s-DIAGOX done in < 00.1s             
     --------------------------------------------------------------------------------------------
        
        0.00953012   0.05735256   0.06021194   0.15239802
        
     --------------------------------------------------------------------------------------------
     Tot. elapsed time 18h-12m-35.3s,  time spent in last iteration 23m-03.9s
     --------------------------------------------------------------------------------------------

                       *----------*              *----------*               *----------*
     #     Iteration = |       42 |   WBSE_dim = |        3 |   Diago_dim = |       34 |
                       *----------*              *----------*               *----------*
     s-DIAGOX done in < 00.1s             
     --------------------------------------------------------------------------------------------
        
        0.00952765   0.05733092   0.06018962   0.15239793
        
     --------------------------------------------------------------------------------------------
     Tot. elapsed time 18h-35m-38.9s,  time spent in last iteration 23m-03.6s
     --------------------------------------------------------------------------------------------

                       *----------*              *----------*               *----------*
     #     Iteration = |       43 |   WBSE_dim = |        3 |   Diago_dim = |       37 |
                       *----------*              *----------*               *----------*
     s-DIAGOX done in < 00.1s             
     --------------------------------------------------------------------------------------------
        
        0.00952588   0.05731559   0.06017389   0.15239786
        
     --------------------------------------------------------------------------------------------
     Tot. elapsed time 18h-59m-01.2s,  time spent in last iteration 23m-22.2s
     --------------------------------------------------------------------------------------------

                       *----------*              *----------*               *----------*
     #     Iteration = |       44 |   WBSE_dim = |        3 |   Diago_dim = |       40 |
                       *----------*              *----------*               *----------*
     s-DIAGOX done in < 00.1s             
     --------------------------------------------------------------------------------------------
        
        0.00952434   0.05730219   0.06016001   0.15239778
        
     --------------------------------------------------------------------------------------------
     Tot. elapsed time 19h-22m-18.4s,  time spent in last iteration 23m-17.2s
     --------------------------------------------------------------------------------------------

       Refresh the basis set

                       *----------*              *----------*               *----------*
     #     Iteration = |       45 |   WBSE_dim = |        3 |   Diago_dim = |        7 |
                       *----------*              *----------*               *----------*
     s-DIAGOX done in < 00.1s             
     --------------------------------------------------------------------------------------------
        
        0.00952325   0.05729225   0.06014973   0.15239773
        
     --------------------------------------------------------------------------------------------
     Tot. elapsed time 19h-45m-55.7s,  time spent in last iteration 23m-35.6s
     --------------------------------------------------------------------------------------------

                       *----------*              *----------*               *----------*
     #     Iteration = |       46 |   WBSE_dim = |        3 |   Diago_dim = |       10 |
                       *----------*              *----------*               *----------*
     s-DIAGOX done in < 00.1s             
     --------------------------------------------------------------------------------------------
        
        0.00952214   0.05728110   0.06013827   0.15239767
        
     --------------------------------------------------------------------------------------------
     Tot. elapsed time 20h-09m-38.4s,  time spent in last iteration 23m-42.6s
     --------------------------------------------------------------------------------------------

                       *----------*              *----------*               *----------*
     #     Iteration = |       47 |   WBSE_dim = |        3 |   Diago_dim = |       13 |
                       *----------*              *----------*               *----------*
     s-DIAGOX done in < 00.1s             
     --------------------------------------------------------------------------------------------
        
        0.00952102   0.05726863   0.06012534   0.15239760
        
     --------------------------------------------------------------------------------------------
     Tot. elapsed time 20h-33m-19.6s,  time spent in last iteration 23m-41.2s
     --------------------------------------------------------------------------------------------

                       *----------*              *----------*               *----------*
     #     Iteration = |       48 |   WBSE_dim = |        3 |   Diago_dim = |       16 |
                       *----------*              *----------*               *----------*
     s-DIAGOX done in < 00.1s             
     --------------------------------------------------------------------------------------------
        
        0.00952001   0.05725640   0.06011272   0.15239753
        
     --------------------------------------------------------------------------------------------
     Tot. elapsed time 20h-57m-01.8s,  time spent in last iteration 23m-42.1s
     --------------------------------------------------------------------------------------------

                       *----------*              *----------*               *----------*
     #     Iteration = |       49 |   WBSE_dim = |        3 |   Diago_dim = |       19 |
                       *----------*              *----------*               *----------*
     s-DIAGOX done in < 00.1s             
     --------------------------------------------------------------------------------------------
        
        0.00951912   0.05724475   0.06010062   0.15239746
        
     --------------------------------------------------------------------------------------------
     Tot. elapsed time 21h-20m-41.7s,  time spent in last iteration 23m-39.9s
     --------------------------------------------------------------------------------------------

                       *----------*              *----------*               *----------*
     #     Iteration = |       50 |   WBSE_dim = |        2 |   Diago_dim = |       21 |
                       *----------*              *----------*               *----------*
     s-DIAGOX done in < 00.1s             
     --------------------------------------------------------------------------------------------
        
        0.00951912   0.05723504   0.06009057   0.15239740
        
     --------------------------------------------------------------------------------------------
     Tot. elapsed time 21h-36m-28.0s,  time spent in last iteration 15m-46.2s
     --------------------------------------------------------------------------------------------

                       *----------*              *----------*               *----------*
     #     Iteration = |       51 |   WBSE_dim = |        2 |   Diago_dim = |       23 |
                       *----------*              *----------*               *----------*
     s-DIAGOX done in < 00.1s             
     --------------------------------------------------------------------------------------------
        
        0.00951911   0.05722689   0.06008212   0.15239735
        
     --------------------------------------------------------------------------------------------
     Tot. elapsed time 21h-52m-17.0s,  time spent in last iteration 15m-48.9s
     --------------------------------------------------------------------------------------------

                       *----------*              *----------*               *----------*
     #     Iteration = |       52 |   WBSE_dim = |        2 |   Diago_dim = |       25 |
                       *----------*              *----------*               *----------*
     s-DIAGOX done in < 00.1s             
     --------------------------------------------------------------------------------------------
        
        0.00951911   0.05721877   0.06007361   0.15239729
        
     --------------------------------------------------------------------------------------------
     Tot. elapsed time 22h-08m-01.8s,  time spent in last iteration 15m-44.7s
     --------------------------------------------------------------------------------------------

                       *----------*              *----------*               *----------*
     #     Iteration = |       53 |   WBSE_dim = |        2 |   Diago_dim = |       27 |
                       *----------*              *----------*               *----------*
     s-DIAGOX done in < 00.1s             
     --------------------------------------------------------------------------------------------
        
        0.00951911   0.05721223   0.06006681   0.15239724
        
     --------------------------------------------------------------------------------------------
     Tot. elapsed time 22h-23m-52.5s,  time spent in last iteration 15m-50.7s
     --------------------------------------------------------------------------------------------

                       *----------*              *----------*               *----------*
     #     Iteration = |       54 |   WBSE_dim = |        2 |   Diago_dim = |       29 |
                       *----------*              *----------*               *----------*
     s-DIAGOX done in < 00.1s             
     --------------------------------------------------------------------------------------------
        
        0.00951911   0.05720674   0.06006104   0.15239719
        
     --------------------------------------------------------------------------------------------
     Tot. elapsed time 22h-39m-36.1s,  time spent in last iteration 15m-43.5s
     --------------------------------------------------------------------------------------------
      
     --------------------------------------------------------------------------------------------
     Database written in 15.3s               
     In location : ./west.wbse.david.save
     --------------------------------------------------------------------------------------------
       
     --------------------------------------------------------------------------------------------
     Convergence achieved !!! in       54 steps                          
     --------------------------------------------------------------------------------------------
 
     Wbse         :    22h26m CPU       22h43m WALL

     wbse_readin  :      6.48s CPU     11.53s WALL (       1 calls)
     wbse_fetch_n :      0.01s CPU      0.02s WALL (       1 calls)
     read_xml     :      2.66s CPU      4.21s WALL (       1 calls)
     init_vloc    :      0.02s CPU      0.02s WALL (       2 calls)
     fft          :     12.85s CPU     14.54s WALL (    3364 calls)
     fft_scatter  :  54206.97s CPU  54914.85s WALL (******** calls)
     v_of_rho     :      0.07s CPU      0.08s WALL (       1 calls)
     v_xc         :      0.06s CPU      0.07s WALL (       1 calls)
     v_h          :      0.00s CPU      0.00s WALL (       1 calls)
     read_wave    :      3.80s CPU      7.30s WALL (       1 calls)
     davcio       :      0.34s CPU      7.41s WALL (    1745 calls)
     init_us_1    :      0.01s CPU      0.01s WALL (       2 calls)
     do_setup     :      0.32s CPU      0.35s WALL (       1 calls)
     init_pw_ar   :      0.32s CPU      0.35s WALL (       1 calls)
     init_at_1    :      0.00s CPU      0.00s WALL (       1 calls)
     exx_grid     :      0.00s CPU      0.00s WALL (       1 calls)
     exxinit      :      0.29s CPU      0.32s WALL (       1 calls)
     fftcw        :   1010.22s CPU   1022.22s WALL ( 2640331 calls)
     exx_div      :      0.00s CPU      0.00s WALL (       1 calls)
     storesqvc    :      0.00s CPU      0.00s WALL (       1 calls)
     wbse_dv_setu :      0.08s CPU      0.09s WALL (       1 calls)
     setup_dmuxc  :      0.01s CPU      0.01s WALL (       1 calls)
     gather_grid  :      0.00s CPU      0.00s WALL (       1 calls)
     write_cube   :      1.17s CPU      4.74s WALL (       1 calls)
     fftw         :  28811.59s CPU  29180.48s WALL (66067911 calls)
     chidiago     :  80599.30s CPU  81592.42s WALL (       1 calls)
     paramgs      :     17.14s CPU     17.29s WALL (      55 calls)
     west_apply_l :  80505.41s CPU  81470.82s WALL (     175 calls)
     wbse_calc_de :     64.05s CPU     65.37s WALL (     175 calls)
     wbse_dv_of_d :     11.68s CPU     12.28s WALL (     175 calls)
     init_us_2    :      1.00s CPU      1.47s WALL (     350 calls)
     h_psi_bgrp   :  39197.37s CPU  39656.64s WALL (     350 calls)
     h_psi        :  39197.37s CPU  39656.64s WALL (     350 calls)
     h_psi:pot    :     97.03s CPU     99.16s WALL (     350 calls)
     vloc_psi     :     61.54s CPU     62.28s WALL (     350 calls)
     h_psi:calbec :     19.38s CPU     20.31s WALL (     350 calls)
     calbec       :     19.38s CPU     20.31s WALL (     350 calls)
     add_vuspsi   :     16.10s CPU     16.56s WALL (     350 calls)
     vexx         :  39099.88s CPU  39557.01s WALL (     350 calls)
     comm_buff    :      4.46s CPU      5.00s WALL (   11550 calls)
     fftc         :  34347.39s CPU  34721.58s WALL (65016000 calls)
     alphapc      :     29.62s CPU     30.59s WALL (     684 calls)
     build_hr     :     11.49s CPU     17.77s WALL (      55 calls)
     diagox       :      0.02s CPU      0.03s WALL (      55 calls)
     redistr_vr   :      0.00s CPU      0.00s WALL (      54 calls)
     update_vr    :     30.82s CPU     46.49s WALL (      54 calls)
     symm_hr      :      0.00s CPU      0.00s WALL (      54 calls)
     chidiago:las :      4.45s CPU      5.97s WALL (       5 calls)
     refresh_vr   :      4.77s CPU      6.46s WALL (       9 calls)
     plep_db      :     13.20s CPU     15.38s WALL (       1 calls)
 
     Wbse         :    22h26m CPU       22h43m WALL

 
   This run was terminated on:  18: 6:14   4Jul2022            

=------------------------------------------------------------------------------=
   JOB DONE.
=------------------------------------------------------------------------------=
