
     Program Wbsepp v. 2.0.1 svn rev. 1002 starts on 13Jul2022 at 16:58:45 

     This program is part of the open-source West suite
     for massively parallel calculations of excited states in materials; please cite
         "M. Govoni et al., J. Chem. Theory Comput. 11, 2680 (2015);
          URL http://www.west-code.org", 
     in publications or presentations arising from this work.

     Based on the Quantum ESPRESSO v. 6.1 svn rev. 13369
       
     --------------------------------------------------------------------------------------------
     **MPI** Parallelization Status                                      
     --------------------------------------------------------------------------------------------
                    20                   1             1             1            20
     --------------------------------------------------------------------------------------------
                     N         =         I      X      P      X      B      X      Z
                     ^                   ^             ^             ^             ^
                     |                   |             |             |             |
                   #rnk                  |             |             |             |
                                      #image           |             |             |
                                                     #pool           |             |
                                                                   #bgrp           |
                                                                                 #R&G
     --------------------------------------------------------------------------------------------
     #prc =           20
     --------------------------------------------------------------------------------------------
       
     --------------------------------------------------------------------------------------------
     I/O Summary : input_west                                            
     --------------------------------------------------------------------------------------------
     qe_prefix               =          pwscf
     west_prefix             =           west
     outdir                  =             ./
     l_load_qbox_wfc         =              F
     qbox_ks_wfc_filename    =         qb.xml
     --------------------------------------------------------------------------------------------
       
     --------------------------------------------------------------------------------------------
     I/O Summary : wbsepp_input                                          
     --------------------------------------------------------------------------------------------
     wbsepp_type                    =              1
     n_plep_read_from_file          =             10
     macropol_dfpt                  =              F
     l_spin_flipped                 =              F

     Reading data from directory:
     ./pwscf.save

   Info: using nr1, nr2, nr3 values from input

   Info: using nr1, nr2, nr3 values from input

     IMPORTANT: XC functional enforced from input :
     Exchange-correlation      = PBE ( 1  4  3  4 0 0)
     Any further DFT definition will be discarded
     Please, verify this is what you really want

 
     Parallelization info
     --------------------
     sticks:   dense  smooth     PW     G-vecs:    dense   smooth      PW
     Min         551     551    136                43780    43780    5448
     Max         554     554    138                43794    43794    5458
     Sum       11057   11057   2757               875727   875727  109127
 
     Generating pointlists ...
     new r_m :   0.0582 (alat units)  1.1774 (a.u.) for type    1
     new r_m :   0.0757 (alat units)  1.5314 (a.u.) for type    2
       
     --------------------------------------------------------------------------------------------
     System Overview                                                     
     --------------------------------------------------------------------------------------------
     gamma_only           =              T
     ecutwfc [Ry]         =      85.000000
     omega [au^3]         =   8.276275E+03
     glob. #G             =          54564
     nbnd                 =            448
     nkstot               =              2
     nspin                =              2
     nelec                =     860.000000
     nelup                =     431.000000
     neldw                =     429.000000
     npol                 =              1
     lsda                 =              T
     noncolin             =              F
     lspinorb             =              F
     domag                =              F
     --------------------------------------------------------------------------------------------

     sFFT G-space:   437864 G-vectors     R-space: ( 120, 120, 120)
     dFFT G-space:   437864 G-vectors     R-space: ( 120, 120, 120)

     Cell [a.u.]          =      20.227629      0.000000      0.000000
                          =       0.000000     20.227629      0.000000
                          =       0.000000      0.000000     20.227629
      
     number of ks points=     2
                       cart. coord. in units 2pi/alat
        k(    1) = (   0.0000000   0.0000000   0.0000000), wk =   1.0000000
        k(    2) = (   0.0000000   0.0000000   0.0000000), wk =   1.0000000

                       cryst. coord.
        k(    1) = (   0.0000000   0.0000000   0.0000000), wk =   1.0000000
        k(    2) = (   0.0000000   0.0000000   0.0000000), wk =   1.0000000
 
     F. Gygi div      =   2.404601E-01
       
     --------------------------------------------------------------------------------------------
     Parallelization for nvec                                            
     --------------------------------------------------------------------------------------------
     nglob                =             10
     nlevel               =              1
     Min nglob/nlevel     =             10
     Max nglob/nlevel     =             10
     --------------------------------------------------------------------------------------------
       
     --------------------------------------------------------------------------------------------
     Parallelization for band_paralel                                    
     --------------------------------------------------------------------------------------------
     nglob                =            431
     nlevel               =              1
     Min nglob/nlevel     =            431
     Max nglob/nlevel     =            431
     --------------------------------------------------------------------------------------------

     [MEM] ----------------------------------------------------------
     [MEM] **Memory** analysis: QE
     [MEM] ----------------------------------------------------------
     [MEM] Allocated arrays           est. size (Mb)     dimensions
     [MEM] ----------------------------------------------------------
     [MEM] Kohn-Sham Wavefunctions      18.66 Mb     (   2729,  448)
     [MEM] NL pseudopotentials          71.62 Mb     (   2729, 1720)
     [MEM] Each V/rho on FFT grid        1.32 Mb     (  86400)
     [MEM] Each G-vector array           0.17 Mb     (  21892)
     [MEM] G-vector shells               0.02 Mb     (   2584)
     [MEM] ----------------------------------------------------------
     [MEM] TOT                          91.78 Mb
     [MEM] ----------------------------------------------------------
     [MEM] 
     [MEM] ----------------------------------------------------------
     [MEM] **Memory** analysis: WBSE global
     [MEM] ----------------------------------------------------------
     [MEM] Allocated arrays           est. size (Mb)     dimensions
     [MEM] ----------------------------------------------------------
     [MEM] dvg_exc                     179.47 Mb     (   2729,  431,   10)
     [MEM] dng_exc                     179.47 Mb     (   2729,  431,   10)
     [MEM] hr_distr                      0.00 Mb     (      0,   10)
     [MEM] vr_distr                      0.00 Mb     (      0,   10)
     [MEM] ----------------------------------------------------------
     [MEM] TOT                         358.95 Mb
     [MEM] ----------------------------------------------------------
     [MEM] 
     [MEM] ----------------------------------------------------------
     [MEM] **Memory** analysis: WBSE temporary
     [MEM] ----------------------------------------------------------
     [MEM] Allocated arrays           est. size (Mb)     dimensions
     [MEM] ----------------------------------------------------------
     [MEM] dvpsi                        17.95 Mb     (   2729,  431)
     [MEM] dpsi                         17.95 Mb     (   2729,  431)
     [MEM] ----------------------------------------------------------
     [MEM] Total estimate               35.89 Mb
     [MEM] ----------------------------------------------------------
      
     --------------------------------------------------------------------------------------------
     Database read in 01m-05.8s           
     In location : ./west.wbse.david.save
     Eigen. found :           10
     --------------------------------------------------------------------------------------------

     Calculation of the dipole in real space

     Dipole is shifted to the center of cell for the calculation of d0psi. 

      *----------*   THE PRINCIPLE PROJECTED COMPONENTS   *----------*

      #     Exciton : |        1 |   Excitation energy : |     0.061874

      OSCILLATOR STRENGTH : 

                XX             YY            ZZ            TOTAL

                   0.000032         0.000000         0.000018         0.000049

          SPIN     OCCUPIED STATES     UNOCCUPIED STATES     PROJECTION
             2         429                       1           0.999924

      #     Exciton : |        2 |   Excitation energy : |     0.077936

      OSCILLATOR STRENGTH : 

                XX             YY            ZZ            TOTAL

                   0.000031         0.000000         0.000002         0.000033

          SPIN     OCCUPIED STATES     UNOCCUPIED STATES     PROJECTION
             2         428                       1           0.999115

      #     Exciton : |        3 |   Excitation energy : |     0.086965

      OSCILLATOR STRENGTH : 

                XX             YY            ZZ            TOTAL

                   0.005300         0.001324         0.000658         0.007282

          SPIN     OCCUPIED STATES     UNOCCUPIED STATES     PROJECTION
             2         427                       1           0.925811
             2         428                       2           0.196365
             2         429                       2           0.311223

      #     Exciton : |        4 |   Excitation energy : |     0.088067

      OSCILLATOR STRENGTH : 

                XX             YY            ZZ            TOTAL

                   0.000677         0.000124         0.000058         0.000860

          SPIN     OCCUPIED STATES     UNOCCUPIED STATES     PROJECTION
             2         427                       1           0.294330
             2         428                       2           0.104229
             2         429                       2           0.949408

      #     Exciton : |        5 |   Excitation energy : |     0.092968

      OSCILLATOR STRENGTH : 

                XX             YY            ZZ            TOTAL

                   0.000595         0.000000         0.001006         0.001601

          SPIN     OCCUPIED STATES     UNOCCUPIED STATES     PROJECTION
             2         426                       1           0.995887

      #     Exciton : |        6 |   Excitation energy : |     0.106648

      OSCILLATOR STRENGTH : 

                XX             YY            ZZ            TOTAL

                   0.000056         0.000000         0.000009         0.000065

          SPIN     OCCUPIED STATES     UNOCCUPIED STATES     PROJECTION
             2         427                       2           0.998797

      #     Exciton : |        7 |   Excitation energy : |     0.110816

      OSCILLATOR STRENGTH : 

                XX             YY            ZZ            TOTAL

                   0.016266         0.001993         0.001908         0.020168

          SPIN     OCCUPIED STATES     UNOCCUPIED STATES     PROJECTION
             2         427                       1           0.210624
             2         428                       2           0.969668

      #     Exciton : |        8 |   Excitation energy : |     0.129621

      OSCILLATOR STRENGTH : 

                XX             YY            ZZ            TOTAL

                   0.001412         0.008089         0.002887         0.012388

          SPIN     OCCUPIED STATES     UNOCCUPIED STATES     PROJECTION
             2         425                       1           0.714661
             2         426                       2           0.679646

      #     Exciton : |        9 |   Excitation energy : |     0.144980

      OSCILLATOR STRENGTH : 

                XX             YY            ZZ            TOTAL

                   0.002030         0.003008         0.011805         0.016843

          SPIN     OCCUPIED STATES     UNOCCUPIED STATES     PROJECTION
             2         415                       1           0.202766
             2         417                       2           0.113289
             2         424                       1           0.218895
             2         425                       1           0.640194
             2         426                       2           0.679615

      #     Exciton : |       10 |   Excitation energy : |     0.151669

      OSCILLATOR STRENGTH : 

                XX             YY            ZZ            TOTAL

                   0.000875         0.000000         0.001219         0.002094

          SPIN     OCCUPIED STATES     UNOCCUPIED STATES     PROJECTION
             2         412                       1           0.123875
             2         425                       2           0.989244
  0.000000000000000E+000  1.437696728292093E-002
  1.000000047497451E-003  1.463874909118142E-002
  2.000000094994903E-003  1.490797820212697E-002
  3.000000142492354E-003  1.518494866044149E-002
  4.000000189989805E-003  1.546996959342003E-002
  5.000000237487257E-003  1.576336617380124E-002
  6.000000284984708E-003  1.606548065680550E-002
  7.000000332482159E-003  1.637667349812868E-002
  8.000000379979610E-003  1.669732456035343E-002
  9.000000427477062E-003  1.702783441603789E-002
  1.000000047497451E-002  1.736862575663737E-002
  1.100000052247196E-002  1.772014491742106E-002
  1.200000056996942E-002  1.808286352967930E-002
  1.300000061746687E-002  1.845728031279477E-002
  1.400000066496432E-002  1.884392302019431E-002
  1.500000071246177E-002  1.924335055483152E-002
  1.600000075995922E-002  1.965615527170051E-002
  1.700000080745667E-002  2.008296548698275E-002
  1.800000085495412E-002  2.052444821581856E-002
  1.900000090245157E-002  2.098131216341731E-002
  2.000000094994903E-002  2.145431099732801E-002
  2.100000099744648E-002  2.194424693224492E-002
  2.200000104494393E-002  2.245197466279305E-002
  2.300000109244138E-002  2.297840568440762E-002
  2.400000113993883E-002  2.352451304778928E-002
  2.500000118743628E-002  2.409133659859419E-002
  2.600000123493373E-002  2.467998876114018E-002
  2.700000128243119E-002  2.529166093312863E-002
  2.800000132992864E-002  2.592763056787587E-002
  2.900000137742609E-002  2.658926903152026E-002
  3.000000142492354E-002  2.727805033535086E-002
  3.100000147242099E-002  2.799556085804564E-002
  3.200000151991844E-002  2.874351018948253E-002
  3.300000156741589E-002  2.952374324717352E-002
  3.400000161491334E-002  3.033825383852446E-002
  3.500000166241080E-002  3.118919986722873E-002
  3.600000170990825E-002  3.207892041019823E-002
  3.700000175740570E-002  3.300995492227079E-002
  3.800000180490315E-002  3.398506485875461E-002
  3.900000185240060E-002  3.500725803905566E-002
  4.000000189989805E-002  3.607981610512735E-002
  4.100000194739550E-002  3.720632545090490E-002
  4.200000199489295E-002  3.839071200416656E-002
  4.300000204239041E-002  3.963728021558757E-002
  4.400000208988786E-002  4.095075652759368E-002
  4.500000213738531E-002  4.233633742167341E-002
  4.600000218488276E-002  4.379974182294093E-002
  4.700000223238021E-002  4.534726709800088E-002
  4.800000227987766E-002  4.698584701504760E-002
  4.900000232737511E-002  4.872310872721566E-002
  5.000000237487257E-002  5.056742399882200E-002
  5.100000242237002E-002  5.252794755253146E-002
  5.200000246986747E-002  5.461463295611985E-002
  5.300000251736492E-002  5.683821504084759E-002
  5.400000256486237E-002  5.921015001380400E-002
  5.500000261235982E-002  6.174251484622761E-002
  5.600000265985727E-002  6.444789279458094E-002
  5.700000270735472E-002  6.733931768214703E-002
  5.800000275485218E-002  7.043041205679233E-002
  5.900000280234963E-002  7.373590642243841E-002
  6.000000284984708E-002  7.727270990958236E-002
  6.100000289734453E-002  8.106155233125367E-002
  6.200000294484198E-002  8.512893930715414E-002
  6.300000299233943E-002  8.950890587446710E-002
  6.400000303983688E-002  9.424405233377851E-002
  6.500000308733433E-002  9.938568614446601E-002
  6.600000313483179E-002  0.104993362165746     
  6.700000318232924E-002  0.111134368517630     
  6.800000322982669E-002  0.117883605570333     
  6.900000327732414E-002  0.125323995842408     
  7.000000332482159E-002  0.133547267632506     
  7.100000337231904E-002  0.142654781157483     
  7.200000341981649E-002  0.152757983692771     
  7.300000346731395E-002  0.163978008374277     
  7.400000351481140E-002  0.176443796852113     
  7.500000356230885E-002  0.190287873912869     
  7.600000360980630E-002  0.205638492345851     
  7.700000365730375E-002  0.222606307584996     
  7.800000370480120E-002  0.241263196721286     
  7.900000375229865E-002  0.261610771110589     
  8.000000379979610E-002  0.283537394840727     
  8.100000384729356E-002  0.306766210019046     
  8.200000389479101E-002  0.330803645742965     
  8.300000394228846E-002  0.354907687023001     
  8.400000398978591E-002  0.378104110050545     
  8.500000403728336E-002  0.399278489312956     
  8.600000408478081E-002  0.417351614111225     
  8.700000413227826E-002  0.431504475731225     
  8.800000417977571E-002  0.441376287309605     
  8.900000422727317E-002  0.447151501674000     
  9.000000427477062E-002  0.449499088695451     
  9.100000432226807E-002  0.449402359544428     
  9.200000436976552E-002  0.447964845741520     
  9.300000441726297E-002  0.446266482115935     
  9.400000446476042E-002  0.445294478145844     
  9.500000451225787E-002  0.445928411800537     
  9.600000455975533E-002  0.448945491895250     
  9.700000460725278E-002  0.455024235748826     
  9.800000465475023E-002  0.464741832997323     
  9.900000470224768E-002  0.478567657397780     
  0.100000004749745       0.496852603333761     
  0.101000004797243       0.519808226067333     
  0.102000004844740       0.547466517770097     
  0.103000004892237       0.579612299734200     
  0.104000004939735       0.615686117441092     
  0.105000004987232       0.654667493662477     
  0.106000005034730       0.694968010193992     
  0.107000005082227       0.734389079775202     
  0.108000005129725       0.770219073385327     
  0.109000005177222       0.799534642903621     
  0.110000005224720       0.819706022041006     
  0.111000005272217       0.828990790786185     
  0.112000005319715       0.826999468187760     
  0.113000005367212       0.814823980183687     
  0.114000005414709       0.794766200618480     
  0.115000005462207       0.769795512045220     
  0.116000005509704       0.742964030703721     
  0.117000005557202       0.716966314089211     
  0.118000005604699       0.693912286616148     
  0.119000005652197       0.675280173061485     
  0.120000005699694       0.661972617431049     
  0.121000005747192       0.654403536519165     
  0.122000005794689       0.652568339403990     
  0.123000005842187       0.656077130797254     
  0.124000005889684       0.664153629351922     
  0.125000005937181       0.675623042887502     
  0.126000005984679       0.688930639403522     
  0.127000006032176       0.702242934088080     
  0.128000006079674       0.713670703727750     
  0.129000006127171       0.721604290422081     
  0.130000006174669       0.725076814255981     
  0.131000006222166       0.724016465801608     
  0.132000006269664       0.719270427431824     
  0.133000006317161       0.712384020906594     
  0.134000006364658       0.705230537268828     
  0.135000006412156       0.699630434162133     
  0.136000006459653       0.697058589022411     
  0.137000006507151       0.698464438589052     
  0.138000006554648       0.704176701212073     
  0.139000006602146       0.713852541257435     
  0.140000006649643       0.726452090197374     
  0.141000006697141       0.740255390551561     
  0.142000006744638       0.752971137180052     
  0.143000006792136       0.761992787114766     
  0.144000006839633       0.764815651678072     
  0.145000006887130       0.759538322790825     
  0.146000006934628       0.745280804018131     
  0.147000006982125       0.722340700182197     
  0.148000007029623       0.692017070127189     
  0.149000007077120       0.656195508678565     
  0.150000007124618       0.616887880465630     
  0.151000007172115       0.575895106175836     
  0.152000007219613       0.534655273804570     
  0.153000007267110       0.494239052642837     
  0.154000007314608       0.455413212183523     
  0.155000007362105       0.418708730059037     
  0.156000007409602       0.384468331299478     
  0.157000007457100       0.352877083953064     
  0.158000007504597       0.323987916117743     
  0.159000007552095       0.297748959426131     
  0.160000007599592       0.274032717584529     
  0.161000007647090       0.252663806232749     
  0.162000007694587       0.233442264955397     
  0.163000007742085       0.216161091514518     
  0.164000007789582       0.200618143333564     
  0.165000007837079       0.186623374622743     
  0.166000007884577       0.174002613780366     
  0.167000007932074       0.162598984317890     
  0.168000007979572       0.152272840217515     
  0.169000008027069       0.142900842409689     
  0.170000008074567       0.134374597926395     
  0.171000008122064       0.126599129555413     
  0.172000008169562       0.119491336552175     
  0.173000008217059       0.112978535870029     
  0.174000008264557       0.106997128212020     
  0.175000008312054       0.101491405687170     
  0.176000008359551       9.641250187341649E-002
  0.177000008407049       9.171747642152195E-002
  0.178000008454546       8.736852216263642E-002
  0.179000008502044       8.333228118266513E-002
  0.180000008549541       7.957925634561419E-002
  0.181000008597039       7.608330557266639E-002
  0.182000008644536       7.282120738376999E-002
  0.183000008692034       6.977228753262471E-002
  0.184000008739531       6.691809787359757E-002
  0.185000008787028       6.424213981733895E-002
  0.186000008834526       6.172962582798255E-002
  0.187000008882023       5.936727337932347E-002
  0.188000008929521       5.714312662359773E-002
  0.189000008977018       5.504640174424434E-002
  0.190000009024516       5.306735257589950E-002
  0.191000009072013       5.119715359408021E-002
  0.192000009119511       4.942779781627741E-002
  0.193000009167008       4.775200752713991E-002
  0.194000009214506       4.616315605342196E-002
  0.195000009262003       4.465519907838628E-002
  0.196000009309500       4.322261420812373E-002
  0.197000009356998       4.186034769033931E-002
  0.198000009404495       4.056376734511855E-002
  0.199000009451993       3.932862090169819E-002
  0.200000009499490       3.815099904924153E-002
  0.201000009546988       3.702730260634463E-002
  0.202000009594485       3.595421329621984E-002
  0.203000009641983       3.492866768451198E-002
  0.204000009689480       3.394783389642029E-002
  0.205000009736978       3.300909078083143E-002
  0.206000009784475       3.211000923285644E-002
  0.207000009831972       3.124833542363700E-002
  0.208000009879470       3.042197571848496E-002
  0.209000009926967       2.962898309213913E-002
  0.210000009974465       2.886754487383040E-002
  0.211000010021962       2.813597167550427E-002
  0.212000010069460       2.743268737443130E-002
  0.213000010116957       2.675622003694277E-002
  0.214000010164455       2.610519368350006E-002
  0.215000010211952       2.547832080702953E-002
  0.216000010259449       2.487439556667407E-002
  0.217000010306947       2.429228758803718E-002
  0.218000010354444       2.373093630880065E-002
  0.219000010401942       2.318934581543661E-002
  0.220000010449439       2.266658012273562E-002
  0.221000010496937       2.216175885314764E-002
  0.222000010544434       2.167405327757632E-002
  0.223000010591932       2.120268268336082E-002
  0.224000010639429       2.074691103879453E-002
  0.225000010686927       2.030604392672620E-002
  0.226000010734424       1.987942572262023E-002
  0.227000010781921       1.946643699496246E-002
  0.228000010829419       1.906649210812763E-002
  0.229000010876916       1.867903700980660E-002
  0.230000010924414       1.830354718685662E-002
  0.231000010971911       1.793952577501180E-002
  0.232000011019409       1.758650180929577E-002
  0.233000011066906       1.724402860323442E-002
  0.234000011114404       1.691168224609068E-002
  0.235000011161901       1.658906020835012E-002
  0.236000011209399       1.627578004659007E-002
  0.237000011256896       1.597147819967613E-002
  0.238000011304393       1.567580886895969E-002
  0.239000011351891       1.538844297580718E-002
  0.240000011399388       1.510906719038340E-002
  0.241000011446886       1.483738302614549E-002
  0.242000011494383       1.457310599498649E-002
  0.243000011541881       1.431596481840319E-002
  0.244000011589378       1.406570069045787E-002
  0.245000011636876       1.382206658866074E-002
  0.246000011684373       1.358482662922412E-002
  0.247000011731870       1.335375546343364E-002
  0.248000011779368       1.312863771214878E-002
  0.249000011826865       1.290926743568842E-002
  0.250000011874363       1.269544763657802E-002
  0.251000011921860       1.248698979283673E-002
  0.252000011969358       1.228371341966629E-002
  0.253000012016855       1.208544565757149E-002
  0.254000012064353       1.189202088509490E-002
  0.255000012111850       1.170328035448864E-002
  0.256000012159348       1.151907184877413E-002
  0.257000012206845       1.133924935875781E-002
  0.258000012254342       1.116367277867850E-002
  0.259000012301840       1.099220761926044E-002
  0.260000012349337       1.082472473703658E-002
  0.261000012396835       1.066110007888965E-002
  0.262000012444332       1.050121444083499E-002
  0.263000012491830       1.034495324013919E-002
  0.264000012539327       1.019220629993338E-002
  0.265000012586825       1.004286764553930E-002
  0.266000012634322       9.896835311781507E-003
  0.267000012681819       9.754011160609163E-003
  0.268000012729317       9.614300708398107E-003
  0.269000012776814       9.477612962346605E-003
  0.270000012824312       9.343860265418304E-003
  0.271000012871809       9.212958149322655E-003
  0.272000012919307       9.084825195057203E-003
  0.273000012966804       8.959382900567751E-003
  0.274000013014302       8.836555555111652E-003
  0.275000013061799       8.716270119936592E-003
  0.276000013109297       8.598456114912398E-003
  0.277000013156794       8.483045510776784E-003
  0.278000013204291       8.369972626677595E-003
  0.279000013251789       8.259174032714270E-003
  0.280000013299286       8.150588457199993E-003
  0.281000013346784       8.044156698383421E-003
  0.282000013394281       7.939821540385059E-003
  0.283000013441779       7.837527673118539E-003
  0.284000013489276       7.737221615981014E-003
  0.285000013536774       7.638851645110111E-003
  0.286000013584271       7.542367724017012E-003
  0.287000013631769       7.447721437416756E-003
  0.288000013679266       7.354865928087378E-003
  0.289000013726763       7.263755836599591E-003
  0.290000013774261       7.174347243767911E-003
  0.291000013821758       7.086597615682885E-003
  0.292000013869256       7.000465751192161E-003
  0.293000013916753       6.915911731705805E-003
  0.294000013964251       6.832896873208358E-003
  0.295000014011748       6.751383680366795E-003
  0.296000014059246       6.671335802629830E-003
  0.297000014106743       6.592717992219855E-003
  0.298000014154240       6.515496063924289E-003
  0.299000014201738       6.439636856598298E-003
  0.300000014249235       6.365108196295651E-003
  0.301000014296733       6.291878860949078E-003
  0.302000014344230       6.219918546525685E-003
  0.303000014391728       6.149197834587113E-003
  0.304000014439225       6.079688161187744E-003
  0.305000014486723       6.011361787047987E-003
  0.306000014534220       5.944191768942840E-003
  0.307000014581718       5.878151932249230E-003
  0.308000014629215       5.813216844598438E-003
  0.309000014676712       5.749361790582842E-003
  0.310000014724210       5.686562747468745E-003
  0.311000014771707       5.624796361869565E-003
  0.312000014819205       5.564039927336013E-003
  0.313000014866702       5.504271362822051E-003
  0.314000014914200       5.445469191987549E-003
  0.315000014961697       5.387612523300471E-003
  0.316000015009195       5.330681030903322E-003
  0.317000015056692       5.274654936210299E-003
  0.318000015104190       5.219514990203260E-003
  0.319000015151687       5.165242456396220E-003
  0.320000015199184       5.111819094439475E-003
  0.321000015246682       5.059227144335970E-003
  0.322000015294179       5.007449311243743E-003
  0.323000015341677       4.956468750839616E-003
  0.324000015389174       4.906269055220403E-003
  0.325000015436672       4.856834239319152E-003
  0.326000015484169       4.808148727814816E-003
  0.327000015531667       4.760197342515001E-003
  0.328000015579164       4.712965290192132E-003
  0.329000015626661       4.666438150854516E-003
  0.330000015674159       4.620601866434464E-003
  0.331000015721656       4.575442729876582E-003
  0.332000015769154       4.530947374610005E-003
  0.333000015816651       4.487102764389178E-003
  0.334000015864149       4.443896183488429E-003
  0.335000015911646       4.401315227236231E-003
  0.336000015959144       4.359347792875744E-003
  0.337000016006641       4.317982070738767E-003
  0.338000016054139       4.277206535720821E-003
  0.339000016101636       4.237009939045615E-003
  0.340000016149133       4.197381300307691E-003
  0.341000016196631       4.158309899782489E-003
  0.342000016244128       4.119785270993582E-003
  0.343000016291626       4.081797193527232E-003
  0.344000016339123       4.044335686084894E-003
  0.345000016386621       4.007390999764623E-003
  0.346000016434118       3.970953611562811E-003
  0.347000016481616       3.935014218087964E-003
  0.348000016529113       3.899563729478626E-003
  0.349000016576611       3.864593263517883E-003
  0.350000016624108       3.830094139937160E-003
  0.351000016671605       3.796057874902394E-003
  0.352000016719103       3.762476175675868E-003
  0.353000016766600       3.729340935447350E-003
  0.354000016814098       3.696644228328370E-003
  0.355000016861595       3.664378304503775E-003
  0.356000016909093       3.632535585534901E-003
  0.357000016956590       3.601108659808951E-003
  0.358000017004088       3.570090278129376E-003
  0.359000017051585       3.539473349442273E-003
  0.360000017099082       3.509250936693990E-003
  0.361000017146580       3.479416252815358E-003
  0.362000017194077       3.449962656828111E-003
  0.363000017241575       3.420883650069246E-003
  0.364000017289072       3.392172872529250E-003
  0.365000017336570       3.363824099300269E-003
  0.366000017384067       3.335831237130433E-003
  0.367000017431565       3.308188321080732E-003
  0.368000017479062       3.280889511280942E-003
  0.369000017526560       3.253929089781256E-003
  0.370000017574057       3.227301457496385E-003
  0.371000017621554       3.201001131239032E-003
  0.372000017669052       3.175022740839754E-003
  0.373000017716549       3.149361026350337E-003
  0.374000017764047       3.124010835327905E-003
  0.375000017811544       3.098967120197119E-003
  0.376000017859042       3.074224935687894E-003
  0.377000017906539       3.049779436346153E-003
  0.378000017954037       3.025625874115249E-003
  0.379000018001534       3.001759595985769E-003
  0.380000018049031       2.978176041711500E-003
  0.381000018096529       2.954870741589426E-003
  0.382000018144026       2.931839314301717E-003
  0.383000018191524       2.909077464817731E-003
  0.384000018239021       2.886580982354108E-003
  0.385000018286519       2.864345738391138E-003
  0.386000018334016       2.842367684743607E-003
  0.387000018381514       2.820642851684438E-003
  0.388000018429011       2.799167346119451E-003
  0.389000018476509       2.777937349811668E-003
  0.390000018524006       2.756949117653618E-003
  0.391000018571503       2.736198975986162E-003
  0.392000018619001       2.715683320962407E-003
  0.393000018666498       2.695398616955328E-003
  0.394000018713996       2.675341395007764E-003
  0.395000018761493       2.655508251323494E-003
  0.396000018808991       2.635895845798160E-003
  0.397000018856488       2.616500900588827E-003
  0.398000018903986       2.597320198721016E-003
  0.399000018951483       2.578350582732103E-003
  0.400000018998981       2.559588953349977E-003
  0.401000019046478       2.541032268205937E-003
  0.402000019093975       2.522677540580787E-003
  0.403000019141473       2.504521838183172E-003
  0.404000019188970       2.486562281959193E-003
  0.405000019236468       2.468796044932403E-003
  0.406000019283965       2.451220351073273E-003
  0.407000019331463       2.433832474197308E-003
  0.408000019378960       2.416629736890935E-003
  0.409000019426458       2.399609509464421E-003
  0.410000019473955       2.382769208930993E-003
  0.411000019521452       2.366106298011442E-003
  0.412000019568950       2.349618284163471E-003
  0.413000019616447       2.333302718635092E-003
  0.414000019663945       2.317157195541376E-003
  0.415000019711442       2.301179350963926E-003
  0.416000019758940       2.285366862072400E-003
  0.417000019806437       2.269717446267498E-003
  0.418000019853935       2.254228860344785E-003
  0.419000019901432       2.238898899678803E-003
  0.420000019948930       2.223725397426880E-003
  0.421000019996427       2.208706223752112E-003
  0.422000020043924       2.193839285064979E-003
  0.423000020091422       2.179122523283100E-003
  0.424000020138919       2.164553915108607E-003
  0.425000020186417       2.150131471322683E-003
  0.426000020233914       2.135853236096787E-003
  0.427000020281412       2.121717286320111E-003
  0.428000020328909       2.107721730942844E-003
  0.429000020376407       2.093864710334807E-003
  0.430000020423904       2.080144395659057E-003
  0.431000020471402       2.066558988260051E-003
  0.432000020518899       2.053106719065996E-003
  0.433000020566396       2.039785848005001E-003
  0.434000020613894       2.026594663434660E-003
  0.435000020661391       2.013531481584735E-003
  0.436000020708889       2.000594646012572E-003
  0.437000020756386       1.987782527070930E-003
  0.438000020803884       1.975093521387897E-003
  0.439000020851381       1.962526051358582E-003
  0.440000020898879       1.950078564648275E-003
  0.441000020946376       1.937749533706774E-003
  0.442000020993873       1.925537455293609E-003
  0.443000021041371       1.913440850013870E-003
  0.444000021088868       1.901458261864365E-003
  0.445000021136366       1.889588257789862E-003
  0.446000021183863       1.877829427249145E-003
  0.447000021231361       1.866180381790640E-003
  0.448000021278858       1.854639754637369E-003
  0.449000021326356       1.843206200281004E-003
  0.450000021373853       1.831878394084785E-003
  0.451000021421351       1.820655031895081E-003
  0.452000021468848       1.809534829661391E-003
  0.453000021516345       1.798516523064556E-003
  0.454000021563843       1.787598867152999E-003
  0.455000021611340       1.776780635986779E-003
  0.456000021658838       1.766060622289282E-003
  0.457000021706335       1.755437637106346E-003
  0.458000021753833       1.744910509472653E-003
  0.459000021801330       1.734478086085200E-003
  0.460000021848828       1.724139230983690E-003
  0.461000021896325       1.713892825237657E-003
  0.462000021943823       1.703737766640184E-003
  0.463000021991320       1.693672969408037E-003
  0.464000022038817       1.683697363888076E-003
  0.465000022086315       1.673809896269785E-003
  0.466000022133812       1.664009528303768E-003
  0.467000022181310       1.654295237026097E-003
  0.468000022228807       1.644666014488333E-003
  0.469000022276305       1.635120867493123E-003
  0.470000022323802       1.625658817335223E-003
  0.471000022371300       1.616278899547819E-003
  0.472000022418797       1.606980163654031E-003
  0.473000022466294       1.597761672923472E-003
  0.474000022513792       1.588622504133749E-003
  0.475000022561289       1.579561747336791E-003
  0.476000022608787       1.570578505629883E-003
  0.477000022656284       1.561671894931316E-003
  0.478000022703782       1.552841043760530E-003
  0.479000022751279       1.544085093022655E-003
  0.480000022798777       1.535403195797349E-003
  0.481000022846274       1.526794517131831E-003
  0.482000022893772       1.518258233838023E-003
  0.483000022941269       1.509793534293696E-003
  0.484000022988766       1.501399618247538E-003
  0.485000023036264       1.493075696628055E-003
  0.486000023083761       1.484820991356212E-003
  0.487000023131259       1.476634735161739E-003
  0.488000023178756       1.468516171403022E-003
  0.489000023226254       1.460464553890479E-003
  0.490000023273751       1.452479146713376E-003
  0.491000023321249       1.444559224069976E-003
  0.492000023368746       1.436704070100966E-003
  0.493000023416243       1.428912978726087E-003
  0.494000023463741       1.421185253483889E-003
  0.495000023511238       1.413520207374553E-003
  0.496000023558736       1.405917162705707E-003
  0.497000023606233       1.398375450941163E-003
  0.498000023653731       1.390894412552540E-003
  0.499000023701228       1.383473396873668E-003
  0.500000023748726       1.376111761957754E-003
  0.501000023796223       1.368808874437224E-003
  0.502000023843721       1.361564109386191E-003
  0.503000023891218       1.354376850185500E-003
  0.504000023938715       1.347246488390284E-003
  0.505000023986213       1.340172423599985E-003
  0.506000024033710       1.333154063330780E-003
  0.507000024081208       1.326190822890374E-003
  0.508000024128705       1.319282125255096E-003
  0.509000024176203       1.312427400949259E-003
  0.510000024223700       1.305626087926730E-003
  0.511000024271198       1.298877631454667E-003
  0.512000024318695       1.292181483999384E-003
  0.513000024366193       1.285537105114282E-003
  0.514000024413690       1.278943961329824E-003
  0.515000024461187       1.272401526045495E-003
  0.516000024508685       1.265909279423717E-003
  0.517000024556182       1.259466708285675E-003
  0.518000024603680       1.253073306009008E-003
  0.519000024651177       1.246728572427338E-003
  0.520000024698675       1.240432013731596E-003
  0.521000024746172       1.234183142373100E-003
  0.522000024793670       1.227981476968362E-003
  0.523000024841167       1.221826542205579E-003
  0.524000024888664       1.215717868752782E-003
  0.525000024936162       1.209654993167599E-003
  0.526000024983659       1.203637457808609E-003
  0.527000025031157       1.197664810748255E-003
  0.528000025078654       1.191736605687276E-003
  0.529000025126152       1.185852401870636E-003
  0.530000025173649       1.180011764004917E-003
  0.531000025221147       1.174214262177145E-003
  0.532000025268644       1.168459471775027E-003
  0.533000025316142       1.162746973408561E-003
  0.534000025363639       1.157076352833006E-003
  0.535000025411136       1.151447200873167E-003
  0.536000025458634       1.145859113348984E-003
  0.537000025506131       1.140311691002400E-003
  0.538000025553629       1.134804539425465E-003
  0.539000025601126       1.129337268989675E-003
  0.540000025648624       1.123909494776504E-003
  0.541000025696121       1.118520836509125E-003
  0.542000025743619       1.113170918485267E-003
  0.543000025791116       1.107859369511221E-003
  0.544000025838614       1.102585822836948E-003
  0.545000025886111       1.097349916092274E-003
  0.546000025933608       1.092151291224164E-003
  0.547000025981106       1.086989594435030E-003
  0.548000026028603       1.081864476122074E-003
  0.549000026076101       1.076775590817640E-003
  0.550000026123598       1.071722597130553E-003
  0.551000026171096       1.066705157688426E-003
  0.552000026218593       1.061722939080923E-003
  0.553000026266091       1.056775611803955E-003
  0.554000026313588       1.051862850204788E-003
  0.555000026361085       1.046984332428060E-003
  0.556000026408583       1.042139740362669E-003
  0.557000026456080       1.037328759589534E-003
  0.558000026503578       1.032551079330207E-003
  0.559000026551075       1.027806392396310E-003
  0.560000026598573       1.023094395139804E-003
  0.561000026646070       1.018414787404047E-003
  0.562000026693568       1.013767272475655E-003
  0.563000026741065       1.009151557037124E-003
  0.564000026788563       1.004567351120220E-003
  0.565000026836060       1.000014368060115E-003
  0.566000026883557       9.954923244502492E-004
  0.567000026931055       9.910009400979183E-004
  0.568000026978552       9.865399379805646E-004
  0.569000027026050       9.821090442027603E-004
  0.570000027073547       9.777079879538721E-004
  0.571000027121045       9.733365014663946E-004
  0.572000027168542       9.689943199749392E-004
  0.573000027216040       9.646811816758672E-004
  0.574000027263537       9.603968276875558E-004
  0.575000027311035       9.561410020112867E-004
  0.576000027358532       9.519134514927442E-004
  0.577000027406029       9.477139257841118E-004
  0.578000027453527       9.435421773067595E-004
  0.579000027501024       9.393979612145084E-004
  0.580000027548522       9.352810353574646E-004
  0.581000027596019       9.311911602464091E-004
  0.582000027643517       9.271280990177381E-004
  0.583000027691014       9.230916173989413E-004
  0.584000027738512       9.190814836746087E-004
  0.585000027786009       9.150974686529582E-004
  0.586000027833506       9.111393456328735E-004
  0.587000027881004       9.072068903714445E-004
  0.588000027928501       9.032998810520004E-004
  0.589000027975999       8.994180982526281E-004
  0.590000028023496       8.955613249151657E-004
  0.591000028070994       8.917293463146655E-004
  0.592000028118491       8.879219500293152E-004
  0.593000028165989       8.841389259108134E-004
  0.594000028213486       8.803800660551881E-004
  0.595000028260984       8.766451647740507E-004
  0.596000028308481       8.729340185662822E-004
  0.597000028355978       8.692464260901386E-004
  0.598000028403476       8.655821881357722E-004
  0.599000028450973       8.619411075981604E-004
  0.600000028498471       8.583229894504359E-004
  0.601000028545968       8.547276407176098E-004
  0.602000028593466       8.511548704506825E-004
  0.603000028640963       8.476044897011355E-004
  0.604000028688461       8.440763114957983E-004
  0.605000028735958       8.405701508120820E-004
  0.606000028783455       8.370858245535760E-004
  0.607000028830953       8.336231515260006E-004
  0.608000028878450       8.301819524135087E-004
  0.609000028925948       8.267620497553333E-004
  0.610000028973445       8.233632679227720E-004
  0.611000029020943       8.199854330965048E-004
  0.612000029068440       8.166283732442402E-004
  0.613000029115938       8.132919180986818E-004
  0.614000029163435       8.099758991358132E-004
  0.615000029210933       8.066801495534926E-004
  0.616000029258430       8.034045042503558E-004
  0.617000029305927       8.001487998050185E-004
  0.618000029353425       7.969128744555776E-004
  0.619000029400922       7.936965680794009E-004
  0.620000029448420       7.904997221732070E-004
  0.621000029495917       7.873221798334253E-004
  0.622000029543415       7.841637857368346E-004
  0.623000029590912       7.810243861214740E-004
  0.624000029638410       7.779038287678247E-004
  0.625000029685907       7.748019629802528E-004
  0.626000029733405       7.717186395687164E-004
  0.627000029780902       7.686537108307257E-004
  0.628000029828399       7.656070305335558E-004
  0.629000029875897       7.625784538967089E-004
  0.630000029923394       7.595678375746183E-004
  0.631000029970892       7.565750396395946E-004
  0.632000030018389       7.535999195650058E-004
  0.633000030065887       7.506423382086933E-004
  0.634000030113384       7.477021577966131E-004
  0.635000030160882       7.447792419067057E-004
  0.636000030208379       7.418734554529851E-004
  0.637000030255876       7.389846646698476E-004
  0.638000030303374       7.361127370965951E-004
  0.639000030350871       7.332575415621695E-004
  0.640000030398369       7.304189481700961E-004
  0.641000030445866       7.275968282836309E-004
  0.642000030493364       7.247910545111106E-004
  0.643000030540861       7.220015006915010E-004
  0.644000030588359       7.192280418801402E-004
  0.645000030635856       7.164705543346761E-004
  0.646000030683354       7.137289155011912E-004
  0.647000030730851       7.110030040005157E-004
  0.648000030778348       7.082926996147237E-004
  0.649000030825846       7.055978832738115E-004
  0.650000030873343       7.029184370425512E-004
  0.651000030920841       7.002542441075237E-004
  0.652000030968338       6.976051887643214E-004
  0.653000031015836       6.949711564049223E-004
  0.654000031063333       6.923520335052321E-004
  0.655000031110831       6.897477076127902E-004
  0.656000031158328       6.871580673346393E-004
  0.657000031205826       6.845830023253541E-004
  0.658000031253323       6.820224032752291E-004
  0.659000031300820       6.794761618986202E-004
  0.660000031348318       6.769441709224400E-004
  0.661000031395815       6.744263240748039E-004
  0.662000031443313       6.719225160738242E-004
  0.663000031490810       6.694326426165511E-004
  0.664000031538308       6.669566003680567E-004
  0.665000031585805       6.644942869506619E-004
  0.666000031633303       6.620456009333022E-004
  0.667000031680800       6.596104418210328E-004
  0.668000031728297       6.571887100446668E-004
  0.669000031775795       6.547803069505494E-004
  0.670000031823292       6.523851347904630E-004
  0.671000031870790       6.500030967116616E-004
  0.672000031918287       6.476340967470337E-004
  0.673000031965785       6.452780398053909E-004
  0.674000032013282       6.429348316618809E-004
  0.675000032060780       6.406043789485225E-004
  0.676000032108277       6.382865891448614E-004
  0.677000032155775       6.359813705687442E-004
  0.678000032203272       6.336886323672111E-004
  0.679000032250769       6.314082845075015E-004
  0.680000032298267       6.291402377681758E-004
  0.681000032345764       6.268844037303475E-004
  0.682000032393262       6.246406947690268E-004
  0.683000032440759       6.224090240445717E-004
  0.684000032488257       6.201893054942488E-004
  0.685000032535754       6.179814538238970E-004
  0.686000032583252       6.157853844996983E-004
  0.687000032630749       6.136010137400485E-004
  0.688000032678246       6.114282585075314E-004
  0.689000032725744       6.092670365009918E-004
  0.690000032773241       6.071172661477070E-004
  0.691000032820739       6.049788665956566E-004
  0.692000032868236       6.028517577058852E-004
  0.693000032915734       6.007358600449625E-004
  0.694000032963231       5.986310948775341E-004
  0.695000033010729       5.965373841589656E-004
  0.696000033058226       5.944546505280756E-004
  0.697000033105724       5.923828172999590E-004
  0.698000033153221       5.903218084588976E-004
  0.699000033200718       5.882715486513579E-004
  0.700000033248216       5.862319631790727E-004
  0.701000033295713       5.842029779922097E-004
  0.702000033343211       5.821845196826201E-004
  0.703000033390708       5.801765154771715E-004
  0.704000033438206       5.781788932311610E-004
  0.705000033485703       5.761915814218066E-004
  0.706000033533201       5.742145091418191E-004
  0.707000033580698       5.722476060930498E-004
  0.708000033628196       5.702908025802163E-004
  0.709000033675693       5.683440295047021E-004
  0.710000033723190       5.664072183584317E-004
  0.711000033770688       5.644803012178181E-004
  0.712000033818185       5.625632107377829E-004
  0.713000033865683       5.606558801458484E-004
  0.714000033913180       5.587582432362992E-004
  0.715000033960678       5.568702343644132E-004
  0.716000034008175       5.549917884407619E-004
  0.717000034055673       5.531228409255771E-004
  0.718000034103170       5.512633278231853E-004
  0.719000034150667       5.494131856765067E-004
  0.720000034198165       5.475723515616205E-004
  0.721000034245662       5.457407630823919E-004
  0.722000034293160       5.439183583651650E-004
  0.723000034340657       5.421050760535157E-004
  0.724000034388155       5.403008553030668E-004
  0.725000034435652       5.385056357763641E-004
  0.726000034483150       5.367193576378115E-004
  0.727000034530647       5.349419615486658E-004
  0.728000034578145       5.331733886620896E-004
  0.729000034625642       5.314135806182603E-004
  0.730000034673139       5.296624795395384E-004
  0.731000034720637       5.279200280256888E-004
  0.732000034768134       5.261861691491603E-004
  0.733000034815632       5.244608464504161E-004
  0.734000034863129       5.227440039333211E-004
  0.735000034910627       5.210355860605809E-004
  0.736000034958124       5.193355377492328E-004
  0.737000035005622       5.176438043661892E-004
  0.738000035053119       5.159603317238313E-004
  0.739000035100617       5.142850660756540E-004
  0.740000035148114       5.126179541119597E-004
  0.741000035195611       5.109589429556009E-004
  0.742000035243109       5.093079801577721E-004
  0.743000035290606       5.076650136938488E-004
  0.744000035338104       5.060299919592736E-004
  0.745000035385601       5.044028637654891E-004
  0.746000035433099       5.027835783359162E-004
  0.747000035480596       5.011720853019787E-004
  0.748000035528094       4.995683346991716E-004
  0.749000035575591       4.979722769631742E-004
  0.750000035623088       4.963838629260061E-004
  0.751000035670586       4.948030438122271E-004
  0.752000035718083       4.932297712351795E-004
  0.753000035765581       4.916639971932712E-004
  0.754000035813078       4.901056740663018E-004
  0.755000035860576       4.885547546118285E-004
  0.756000035908073       4.870111919615725E-004
  0.757000035955571       4.854749396178659E-004
  0.758000036003068       4.839459514501373E-004
  0.759000036050566       4.824241816914361E-004
  0.760000036098063       4.809095849349958E-004
  0.761000036145560       4.794021161308351E-004
  0.762000036193058       4.779017305823957E-004
  0.763000036240555       4.764083839432177E-004
  0.764000036288053       4.749220322136513E-004
  0.765000036335550       4.734426317376040E-004
  0.766000036383048       4.719701391993249E-004
  0.767000036430545       4.705045116202217E-004
  0.768000036478043       4.690457063557148E-004
  0.769000036525540       4.675936810921238E-004
  0.770000036573038       4.661483938435890E-004
  0.771000036620535       4.647098029490258E-004
  0.772000036668032       4.632778670691119E-004
  0.773000036715530       4.618525451833079E-004
  0.774000036763027       4.604337965869085E-004
  0.775000036810525       4.590215808881276E-004
  0.776000036858022       4.576158580052134E-004
  0.777000036905520       4.562165881635939E-004
  0.778000036953017       4.548237318930549E-004
  0.779000037000515       4.534372500249470E-004
  0.780000037048012       4.520571036894224E-004
  0.781000037095509       4.506832543127020E-004
  0.782000037143007       4.493156636143708E-004
  0.783000037190504       4.479542936047024E-004
  0.784000037238002       4.465991065820122E-004
  0.785000037285499       4.452500651300389E-004
  0.786000037332997       4.439071321153527E-004
  0.787000037380494       4.425702706847920E-004
  0.788000037427992       4.412394442629263E-004
  0.789000037475489       4.399146165495475E-004
  0.790000037522987       4.385957515171851E-004
  0.791000037570484       4.372828134086496E-004
  0.792000037617981       4.359757667346014E-004
  0.793000037665479       4.346745762711441E-004
  0.794000037712976       4.333792070574439E-004
  0.795000037760474       4.320896243933745E-004
  0.796000037807971       4.308057938371845E-004
  0.797000037855469       4.295276812031915E-004
  0.798000037902966       4.282552525594986E-004
  0.799000037950464       4.269884742257355E-004
  0.800000037997961       4.257273127708223E-004
  0.801000038045458       4.244717350107573E-004
  0.802000038092956       4.232217080064269E-004
  0.803000038140453       4.219771990614390E-004
  0.804000038187951       4.207381757199776E-004
  0.805000038235448       4.195046057646806E-004
  0.806000038282946       4.182764572145390E-004
  0.807000038330443       4.170536983228175E-004
  0.808000038377941       4.158362975749967E-004
  0.809000038425438       4.146242236867361E-004
  0.810000038472936       4.134174456018579E-004
  0.811000038520433       4.122159324903527E-004
  0.812000038567930       4.110196537464027E-004
  0.813000038615428       4.098285789864280E-004
  0.814000038662925       4.086426780471513E-004
  0.815000038710423       4.074619209836820E-004
  0.816000038757920       4.062862780676205E-004
  0.817000038805418       4.051157197851813E-004
  0.818000038852915       4.039502168353351E-004
  0.819000038900413       4.027897401279697E-004
  0.820000038947910       4.016342607820693E-004
  0.821000038995408       4.004837501239125E-004
  0.822000039042905       3.993381796852878E-004
  0.823000039090402       3.981975212017276E-004
  0.824000039137900       3.970617466107595E-004
  0.825000039185397       3.959308280501752E-004
  0.826000039232895       3.948047378563169E-004
  0.827000039280392       3.936834485623804E-004
  0.828000039327890       3.925669328967356E-004
  0.829000039375387       3.914551637812633E-004
  0.830000039422885       3.903481143297085E-004
  0.831000039470382       3.892457578460505E-004
  0.832000039517879       3.881480678228886E-004
  0.833000039565377       3.870550179398442E-004
  0.834000039612874       3.859665820619781E-004
  0.835000039660372       3.848827342382245E-004
  0.836000039707869       3.838034486998391E-004
  0.837000039755367       3.827286998588633E-004
  0.838000039802864       3.816584623066032E-004
  0.839000039850362       3.805927108121240E-004
  0.840000039897859       3.795314203207579E-004
  0.841000039945357       3.784745659526285E-004
  0.842000039992854       3.774221230011877E-004
  0.843000040040351       3.763740669317679E-004
  0.844000040087849       3.753303733801485E-004
  0.845000040135346       3.742910181511354E-004
  0.846000040182844       3.732559772171554E-004
  0.847000040230341       3.722252267168632E-004
  0.848000040277839       3.711987429537625E-004
  0.849000040325336       3.701765023948407E-004
  0.850000040372834       3.691584816692159E-004
  0.851000040420331       3.681446575667978E-004
  0.852000040467829       3.671350070369606E-004
  0.853000040515326       3.661295071872302E-004
  0.854000040562823       3.651281352819817E-004
  0.855000040610321       3.641308687411522E-004
  0.856000040657818       3.631376851389631E-004
  0.857000040705316       3.621485622026568E-004
  0.858000040752813       3.611634778112442E-004
  0.859000040800311       3.601824099942651E-004
  0.860000040847808       3.592053369305591E-004
  0.861000040895306       3.582322369470495E-004
  0.862000040942803       3.572630885175386E-004
  0.863000040990300       3.562978702615130E-004
  0.864000041037798       3.553365609429623E-004
  0.865000041085295       3.543791394692074E-004
  0.866000041132793       3.534255848897407E-004
  0.867000041180290       3.524758763950766E-004
  0.868000041227788       3.515299933156137E-004
  0.869000041275285       3.505879151205071E-004
  0.870000041322783       3.496496214165509E-004
  0.871000041370280       3.487150919470723E-004
  0.872000041417778       3.477843065908354E-004
  0.873000041465275       3.468572453609548E-004
  0.874000041512772       3.459338884038206E-004
  0.875000041560270       3.450142159980322E-004
  0.876000041607767       3.440982085533426E-004
  0.877000041655265       3.431858466096129E-004
  0.878000041702762       3.422771108357755E-004
  0.879000041750260       3.413719820288079E-004
  0.880000041797757       3.404704411127156E-004
  0.881000041845255       3.395724691375244E-004
  0.882000041892752       3.386780472782822E-004
  0.883000041940250       3.377871568340695E-004
  0.884000041987747       3.368997792270202E-004
  0.885000042035244       3.360158960013497E-004
  0.886000042082742       3.351354888223936E-004
  0.887000042130239       3.342585394756542E-004
  0.888000042177737       3.333850298658562E-004
  0.889000042225234       3.325149420160107E-004
  0.890000042272732       3.316482580664885E-004
  0.891000042320229       3.307849602741004E-004
  0.892000042367727       3.299250310111880E-004
  0.893000042415224       3.290684527647209E-004
  0.894000042462721       3.282152081354028E-004
  0.895000042510219       3.273652798367861E-004
  0.896000042557716       3.265186506943943E-004
  0.897000042605214       3.256753036448519E-004
  0.898000042652711       3.248352217350228E-004
  0.899000042700209       3.239983881211560E-004
  0.900000042747706       3.231647860680398E-004
  0.901000042795204       3.223343989481624E-004
  0.902000042842701       3.215072102408814E-004
  0.903000042890199       3.206832035315993E-004
  0.904000042937696       3.198623625109484E-004
  0.905000042985193       3.190446709739806E-004
  0.906000043032691       3.182301128193667E-004
  0.907000043080188       3.174186720486011E-004
  0.908000043127686       3.166103327652153E-004
  0.909000043175183       3.158050791739964E-004
  0.910000043222681       3.150028955802146E-004
  0.911000043270178       3.142037663888562E-004
  0.912000043317676       3.134076761038638E-004
  0.913000043365173       3.126146093273838E-004
  0.914000043412670       3.118245507590195E-004
  0.915000043460168       3.110374851950921E-004
  0.916000043507665       3.102533975279067E-004
  0.917000043555163       3.094722727450264E-004
  0.918000043602660       3.086940959285517E-004
  0.919000043650158       3.079188522544068E-004
  0.920000043697655       3.071465269916317E-004
  0.921000043745153       3.063771055016809E-004
  0.922000043792650       3.056105732377284E-004
  0.923000043840148       3.048469157439784E-004
  0.924000043887645       3.040861186549822E-004
  0.925000043935142       3.033281676949608E-004
  0.926000043982640       3.025730486771343E-004
  0.927000044030137       3.018207475030562E-004
  0.928000044077635       3.010712501619537E-004
  0.929000044125132       3.003245427300742E-004
  0.930000044172630       2.995806113700371E-004
  0.931000044220127       2.988394423301912E-004
  0.932000044267625       2.981010219439777E-004
  0.933000044315122       2.973653366292990E-004
  0.934000044362620       2.966323728878931E-004
  0.935000044410117       2.959021173047119E-004
  0.936000044457614       2.951745565473072E-004
  0.937000044505112       2.944496773652204E-004
  0.938000044552609       2.937274665893778E-004
  0.939000044600107       2.930079111314913E-004
  0.940000044647604       2.922909979834637E-004
  0.941000044695102       2.915767142168004E-004
  0.942000044742599       2.908650469820243E-004
  0.943000044790097       2.901559835080972E-004
  0.944000044837594       2.894495111018454E-004
  0.945000044885091       2.887456171473909E-004
  0.946000044932589       2.880442891055860E-004
  0.947000044980086       2.873455145134545E-004
  0.948000045027584       2.866492809836364E-004
  0.949000045075081       2.859555762038382E-004
  0.950000045122579       2.852643879362866E-004
  0.951000045170076       2.845757040171885E-004
  0.952000045217574       2.838895123561942E-004
  0.953000045265071       2.832058009358655E-004
  0.954000045312569       2.825245578111490E-004
  0.955000045360066       2.818457711088526E-004
  0.956000045407563       2.811694290271279E-004
  0.957000045455061       2.804955198349550E-004
  0.958000045502558       2.798240318716338E-004
  0.959000045550056       2.791549535462780E-004
  0.960000045597553       2.784882733373139E-004
  0.961000045645051       2.778239797919836E-004
  0.962000045692548       2.771620615258518E-004
  0.963000045740046       2.765025072223172E-004
  0.964000045787543       2.758453056321278E-004
  0.965000045835041       2.751904455729002E-004
  0.966000045882538       2.745379159286430E-004
  0.967000045930035       2.738877056492841E-004
  0.968000045977533       2.732398037502018E-004
  0.969000046025030       2.725941993117600E-004
  0.970000046072528       2.719508814788475E-004
  0.971000046120025       2.713098394604200E-004
  0.972000046167523       2.706710625290474E-004
  0.973000046215020       2.700345400204637E-004
  0.974000046262518       2.694002613331213E-004
  0.975000046310015       2.687682159277480E-004
  0.976000046357512       2.681383933269094E-004
  0.977000046405010       2.675107831145730E-004
  0.978000046452507       2.668853749356767E-004
  0.979000046500005       2.662621584957012E-004
  0.980000046547502       2.656411235602454E-004
  0.981000046595000       2.650222599546051E-004
  0.982000046642497       2.644055575633557E-004
  0.983000046689995       2.637910063299384E-004
  0.984000046737492       2.631785962562485E-004
  0.985000046784990       2.625683174022287E-004
  0.986000046832487       2.619601598854645E-004
  0.987000046879984       2.613541138807837E-004
  0.988000046927482       2.607501696198588E-004
  0.989000046974979       2.601483173908122E-004
  0.990000047022477       2.595485475378254E-004
  0.991000047069974       2.589508504607506E-004
  0.992000047117472       2.583552166147264E-004
  0.993000047164969       2.577616365097951E-004
  0.994000047212467       2.571701007105250E-004
  0.995000047259964       2.565805998356338E-004
  0.996000047307462       2.559931245576166E-004
  0.997000047354959       2.554076656023759E-004
  0.998000047402456       2.548242137488547E-004
 
     Wbsepp       :  0m35.62s CPU     1m35.42s WALL

     wbsepp_readi :      7.34s CPU     17.66s WALL (       1 calls)
     wbsepp_fetch :      0.00s CPU      0.00s WALL (       1 calls)
     read_xml     :      2.67s CPU      3.10s WALL (       1 calls)
     init_vloc    :      0.05s CPU      0.05s WALL (       2 calls)
     fft          :      0.07s CPU      0.07s WALL (      19 calls)
     fft_scatter  :      1.18s CPU      1.20s WALL (    1743 calls)
     v_of_rho     :      0.17s CPU      0.18s WALL (       1 calls)
     v_xc         :      0.16s CPU      0.17s WALL (       1 calls)
     v_h          :      0.00s CPU      0.01s WALL (       1 calls)
     read_wave    :      4.67s CPU     13.68s WALL (       1 calls)
     davcio       :      0.00s CPU      5.43s WALL (      15 calls)
     init_us_1    :      0.01s CPU      0.01s WALL (       2 calls)
     do_setup     :      0.10s CPU      0.12s WALL (       1 calls)
     init_pw_ar   :      0.10s CPU      0.12s WALL (       1 calls)
     init_at_1    :      0.00s CPU      0.00s WALL (       1 calls)
     storesqvc    :      0.00s CPU      0.00s WALL (       1 calls)
     eig_decompos :     28.18s CPU     77.63s WALL (       1 calls)
     plep_db      :     20.07s CPU     65.86s WALL (       1 calls)
     solve_e_psi  :      6.02s CPU      8.90s WALL (       1 calls)
     fftw         :      2.69s CPU      2.73s WALL (    1724 calls)
     alphapc      :      1.73s CPU      1.74s WALL (       6 calls)
 
     Wbsepp       :  0m35.62s CPU     1m35.42s WALL

 
   This run was terminated on:  17: 0:21  13Jul2022            

=------------------------------------------------------------------------------=
   JOB DONE.
=------------------------------------------------------------------------------=
