
     Program Wbse v. 2.0.1 starts on  2May2023 at 10:49: 6 

     This program is part of the open-source West suite
     for massively parallel calculations of excited states in materials; please cite
         "M. Govoni et al., J. Chem. Theory Comput. 11, 2680 (2015);
          URL http://www.west-code.org", 
     in publications or presentations arising from this work.

     Based on the Quantum ESPRESSO v. 6.1 svn rev. 13369
       
     --------------------------------------------------------------------------------------------
     **MPI** Parallelization Status                                      
     --------------------------------------------------------------------------------------------
                   240                   1             1             5            48
     --------------------------------------------------------------------------------------------
                     N         =         I      X      P      X      B      X      Z
                     ^                   ^             ^             ^             ^
                     |                   |             |             |             |
                   #rnk                  |             |             |             |
                                      #image           |             |             |
                                                     #pool           |             |
                                                                   #bgrp           |
                                                                                 #R&G
     --------------------------------------------------------------------------------------------
     **OPENMP** Parallelization Status
     #thr/rnk               =            1
     --------------------------------------------------------------------------------------------
     #prc = (rnk) * (thr) =          240
     --------------------------------------------------------------------------------------------
       
     --------------------------------------------------------------------------------------------
     I/O Summary : input_west                                            
     --------------------------------------------------------------------------------------------
     qe_prefix               =          pwscf
     west_prefix             =           west
     outdir                  =             ./
     l_load_qbox_wfc         =              F
     qbox_ks_wfc_filename    =         qb.xml
     which_bse_method        =             FF
     --------------------------------------------------------------------------------------------
       
     --------------------------------------------------------------------------------------------
     I/O Summary : wbse_init                                             
     --------------------------------------------------------------------------------------------
     wbse_init_calculation   =              S
     n_pdep_eigen            =              1
     chi_kernel              =            CHI
     which_spin_channel      =              0
     l_use_localise_repr     =              F
     overlap_thr             =       0.000000
     l_use_bisection_thr     =              F
     qbox_bisec_wfc_filename =      qb.gs.xml
     --------------------------------------------------------------------------------------------
       
     --------------------------------------------------------------------------------------------
     I/O Summary : WBSE_control                                          
     --------------------------------------------------------------------------------------------
     wbse_diag_method        =          david
     wbse_calculation        =              S
     n_plep_eigen            =             10
     n_plep_times            =              4
     n_plep_maxiter          =          10000
     n_plep_read_from_file   =              0
     l_bse_calculation       =              F
     l_hybrid_calculation    =              T
     l_exx_fraction          =       0.180000
     l_h_ovlp_thr            =       0.000000
     l_h_loc                 =              F
     l_h_bis                 =              F
     l_h_qbox_bis_wfc_fname  =      qb.gs.xml
     if_random_init          =              F
     l_restart_step          =              0
     l_cg_diagonalization    =              F
     l_subspace              =              T
     n_trunc_bands           =            800
     l_sf_kernel             =              T
     l_alda0                 =              F
     sf_cut_1                =     500.000000
     sf_cut_2                =       0.000100
     l_tddft_force           =              F
     force_state             =              1
     snd_coeff               =       0.010000
     wbse_zv_alpha_mix       =       0.700000
     wbse_zv_nmix_wbse       =              4
     wbse_zv_scf_tr2         =       0.000000
     wbse_acc                =              3
     wbse_acc_eig            =              T
     wbse_acc_force          =              T
     wbse_acc_cg_thr         =       0.000000
     wbse_acc_dav_thr        =       0.000000
     force_n_trunc_bands     =              0
     poor_of_ram             =              T
     poor_of_ram_drho2       =              T
     debug_mode              =              F
     print_sf_kernel         =              F
     l_diag_term_only        =              F
     l_preconditioning       =              F
     l_pre_shift             =              F
     l_qp_correction         =              F
     spin_excitation         =        flipped
     trev_plep               =       0.000001
     trev_plep_rel           =       1.000000
     scissor_ope             =       0.000000
     eps_macro               =       1.000000
     --------------------------------------------------------------------------------------------

     Reading data from directory:
     ./pwscf.save

   Info: using nr1, nr2, nr3 values from input

   Info: using nr1, nr2, nr3 values from input

     IMPORTANT: XC functional enforced from input :
     Exchange-correlation      = PBE0 ( 6  4  8  4 0 0)
     EXX-fraction              =        0.25
     Any further DFT definition will be discarded
     Please, verify this is what you really want

 
     Parallelization info
     --------------------
     sticks:   dense  smooth     PW     G-vecs:    dense   smooth      PW
     Min         286     286     69                25278    25278    3150
     Max         288     288     72                25288    25288    3168
     Sum       13753   13753   3433              1213469  1213469  151635
 
     Generating pointlists ...
     new r_m :   0.0440 (alat units)  1.1794 (a.u.) for type    1
     new r_m :   0.0576 (alat units)  1.5448 (a.u.) for type    2
     EXX fraction changed:   0.18
     EXX Screening parameter changed:    0.0000000
     EXX Gau parameter changed:    0.0000000
       ** WARNING : EXX-alpha            =       0.180000
       ** WARNING : EXX-erfc_scrlen      =       0.000000
       ** WARNING : EXX-gau_scrlen       =       0.000000
       ** WARNING : EXX-ecutfock         =     120.000000
       ** WARNING : EXX-exxdiv_treatment = gb            
       ** start_exx() done
       ** weights() done
EXX: grid of k+q points same as grid of k-points
       ** exx_grid_init() done
       ** exx_div_check() done
       ** exxinit() done
       ** WARNING : EXX-exxdiv           =   -3502.373877
       
     --------------------------------------------------------------------------------------------
     System Overview                                                     
     --------------------------------------------------------------------------------------------
     gamma_only           =              T
     ecutwfc [Ry]         =      60.000000
     omega [au^3]         =   1.932243E+04
     glob. #G             =          75818
     nbnd                 =           1040
     nkstot               =              2
     nspin                =              2
     nelec                =    2044.000000
     nelup                =    1023.000000
     neldw                =    1021.000000
     npol                 =              1
     lsda                 =              T
     noncolin             =              F
     lspinorb             =              F
     domag                =              F
     --------------------------------------------------------------------------------------------

     sFFT G-space:   606735 G-vectors     R-space: ( 135, 135, 135)
     dFFT G-space:   606735 G-vectors     R-space: ( 135, 135, 135)

     Cell [a.u.]          =      26.834111      0.000000      0.000000
                          =       0.000000     26.834111      0.000000
                          =       0.000000      0.000000     26.834111
      
     number of ks points=     2
                       cart. coord. in units 2pi/alat
        k(    1) = (   0.0000000   0.0000000   0.0000000), wk =   1.0000000
        k(    2) = (   0.0000000   0.0000000   0.0000000), wk =   1.0000000

                       cryst. coord.
        k(    1) = (   0.0000000   0.0000000   0.0000000), wk =   1.0000000
        k(    2) = (   0.0000000   0.0000000   0.0000000), wk =   1.0000000
 
     F. Gygi div      =   1.812595E-01
       
     --------------------------------------------------------------------------------------------
     Parallelization for nvecx                                           
     --------------------------------------------------------------------------------------------
     nglob                =             40
     nlevel               =              1
     Min nglob/nlevel     =             40
     Max nglob/nlevel     =             40
     --------------------------------------------------------------------------------------------
       
     --------------------------------------------------------------------------------------------
     Parallelization for band_group                                      
     --------------------------------------------------------------------------------------------
     nglob                =            223
     nlevel               =              5
     Min nglob/nlevel     =             44
     Max nglob/nlevel     =             45
     --------------------------------------------------------------------------------------------

     [MEM] ----------------------------------------------------------
     [MEM] **Memory** analysis: QE
     [MEM] ----------------------------------------------------------
     [MEM] Allocated arrays           est. size (Mb)     dimensions
     [MEM] ----------------------------------------------------------
     [MEM] Kohn-Sham Wavefunctions      25.03 Mb     (   1577, 1040)
     [MEM] NL pseudopotentials          98.37 Mb     (   1577, 4088)
     [MEM] Each V/rho on FFT grid        0.83 Mb     (  54675)
     [MEM] Each G-vector array           0.10 Mb     (  12641)
     [MEM] G-vector shells               0.02 Mb     (   2621)
     [MEM] ----------------------------------------------------------
     [MEM] TOT                         124.35 Mb
     [MEM] ----------------------------------------------------------
     [MEM] 
     [MEM] ----------------------------------------------------------
     [MEM] **Memory** analysis: WBSE global
     [MEM] ----------------------------------------------------------
     [MEM] Allocated arrays           est. size (Mb)     dimensions
     [MEM] ----------------------------------------------------------
     [MEM] dvg_exc                     984.66 Mb     (   1577, 1023,   40)
     [MEM] dng_exc                     984.66 Mb     (   1577, 1023,   40)
     [MEM] hr_distr                      0.01 Mb     (     40,   40)
     [MEM] vr_distr                      0.01 Mb     (     40,   40)
     [MEM] ----------------------------------------------------------
     [MEM] TOT                        1969.35 Mb
     [MEM] ----------------------------------------------------------
     [MEM] 
     [MEM] ----------------------------------------------------------
     [MEM] **Memory** analysis: WBSE temporary
     [MEM] ----------------------------------------------------------
     [MEM] Allocated arrays           est. size (Mb)     dimensions
     [MEM] ----------------------------------------------------------
     [MEM] dvpsi                        24.62 Mb     (   1577, 1023)
     [MEM] dpsi                         24.62 Mb     (   1577, 1023)
     [MEM] ----------------------------------------------------------
     [MEM] Total estimate               49.23 Mb
     [MEM] ----------------------------------------------------------
     Lowest energy electron-hole pairs are used as initial vectors ...
     Calculating the electron-hole pairs for initiating trial vectors ...

              1        57         2      1023         1           0.105694053586
              2        49         2      1022         1           0.105694056983
              3        58         2      1023         2           0.105694060063
              4        50         2      1022         2           0.105694063459
              5        41         2      1021         1           0.129465117534
              6        42         2      1021         2           0.129465124011
              7        33         2      1020         1           0.146484466183
              8        25         2      1019         1           0.146484469513
              9        34         2      1020         2           0.146484472660
             10        26         2      1019         2           0.146484475990
             11        17         2      1018         1           0.182572290247
             12         9         2      1017         1           0.182572290499
             13        18         2      1018         2           0.182572296724
             14        10         2      1017         2           0.182572296976
             15         1         2      1016         1           0.186809082242
             16         2         2      1016         2           0.186809088718
             17        59         2      1023         3           0.388195521526
             18        60         2      1023         4           0.388195523709
             19        51         2      1022         3           0.388195524923
             20        52         2      1022         4           0.388195527106
             21        61         2      1023         5           0.388768801764
             22        53         2      1022         5           0.388768805160
             23        62         2      1023         6           0.389028696489
             24        54         2      1022         6           0.389028699885
             25        63         2      1023         7           0.389028699989
             26        55         2      1022         7           0.389028703386
             27        64         2      1023         8           0.390292695220
             28        56         2      1022         8           0.390292698617
             29        57         1      1021         1           0.411371157741
             30        58         1      1021         2           0.411371159605
             31        59         1      1021         3           0.411910720782
             32        43         2      1021         3           0.411966585474
             33        44         2      1021         4           0.411966587657
             34        60         1      1021         4           0.412273229824
             35        61         1      1021         5           0.412273233097
             36        45         2      1021         5           0.412539865712
             37        46         2      1021         6           0.412799760437
             38        47         2      1021         7           0.412799763937
             39        62         1      1021         6           0.413467122498
             40        48         2      1021         8           0.414063759168
     Finished calculating the cv couples.
     Finished setting initial vectors.

                       *----------*              *----------*               *----------*
     #     Iteration = | starting |   WBSE_dim = |       10 |   Diago_dim = |       10 |  x 1/2
                       *----------*              *----------*               *----------*

                       *----------*              *----------*               *----------*
     #     Iteration = | starting |   WBSE_dim = |       10 |   Diago_dim = |       10 |  x 2/2
                       *----------*              *----------*               *----------*
        
        0.01993797   0.03879914   0.03879915   0.05659429   0.09759049   0.09759052
        0.10668408   0.10766987   0.10766989   0.10972051
        
     --------------------------------------------------------------------------------------------
     Tot. elapsed time 36m-26.0s,  time spent in last iteration 36m-26.0s
     --------------------------------------------------------------------------------------------

                       *----------*              *----------*               *----------*
     #     Iteration = |        1 |   WBSE_dim = |       10 |   Diago_dim = |       20 |
                       *----------*              *----------*               *----------*
     Max diff =  0.110E-02
        
        0.01883606   0.03812160   0.03812161   0.05631861   0.09756251   0.09756251
        0.10657314   0.10756404   0.10756405   0.10963083
        
     --------------------------------------------------------------------------------------------
     Tot. elapsed time 54m-39.4s,  time spent in last iteration 18m-13.4s
     --------------------------------------------------------------------------------------------

                       *----------*              *----------*               *----------*
     #     Iteration = |        2 |   WBSE_dim = |       10 |   Diago_dim = |       30 |
                       *----------*              *----------*               *----------*
     Max diff =  0.130E-02
        
        0.01754057   0.03734328   0.03734328   0.05622865   0.09749401   0.09749402
        0.10640410   0.10741384   0.10741386   0.10956104
        
     --------------------------------------------------------------------------------------------
     Tot. elapsed time 01h-12m-53.2s,  time spent in last iteration 18m-13.4s
     --------------------------------------------------------------------------------------------

                       *----------*              *----------*               *----------*
     #     Iteration = |        3 |   WBSE_dim = |       10 |   Diago_dim = |       40 |
                       *----------*              *----------*               *----------*
     Max diff =  0.109E-02
        
        0.01644633   0.03672227   0.03672228   0.05617451   0.09743357   0.09743358
        0.10626518   0.10728977   0.10728978   0.10951272
        
     --------------------------------------------------------------------------------------------
     Tot. elapsed time 01h-31m-06.4s,  time spent in last iteration 18m-13.1s
     --------------------------------------------------------------------------------------------

       Refresh the basis set

                       *----------*              *----------*               *----------*
     #     Iteration = |        4 |   WBSE_dim = |       10 |   Diago_dim = |       20 |
                       *----------*              *----------*               *----------*
     Max diff =  0.512E-03
        
        0.01593393   0.03644566   0.03644567   0.05614322   0.09740737   0.09740737
        0.10620187   0.10723573   0.10723574   0.10949058
        
     --------------------------------------------------------------------------------------------
     Tot. elapsed time 01h-49m-19.7s,  time spent in last iteration 18m-11.7s
     --------------------------------------------------------------------------------------------

                       *----------*              *----------*               *----------*
     #     Iteration = |        5 |   WBSE_dim = |       10 |   Diago_dim = |       30 |
                       *----------*              *----------*               *----------*
     Max diff =  0.500E-03
        
        0.01543393   0.03617670   0.03617671   0.05610121   0.09738303   0.09738303
        0.10613905   0.10718371   0.10718372   0.10946545
        
     --------------------------------------------------------------------------------------------
     Tot. elapsed time 02h-07m-32.6s,  time spent in last iteration 18m-12.8s
     --------------------------------------------------------------------------------------------

                       *----------*              *----------*               *----------*
     #     Iteration = |        6 |   WBSE_dim = |       10 |   Diago_dim = |       40 |
                       *----------*              *----------*               *----------*
     Max diff =  0.428E-03
        
        0.01500593   0.03595428   0.03595429   0.05602604   0.09736797   0.09736798
        0.10608950   0.10714311   0.10714312   0.10943527
        
     --------------------------------------------------------------------------------------------
     Tot. elapsed time 02h-25m-45.9s,  time spent in last iteration 18m-13.2s
     --------------------------------------------------------------------------------------------

       Refresh the basis set

                       *----------*              *----------*               *----------*
     #     Iteration = |        7 |   WBSE_dim = |       10 |   Diago_dim = |       20 |
                       *----------*              *----------*               *----------*
     Max diff =  0.206E-03
        
        0.01480037   0.03585059   0.03585060   0.05600561   0.09735988   0.09735989
        0.10606510   0.10712351   0.10712353   0.10942477
        
     --------------------------------------------------------------------------------------------
     Tot. elapsed time 02h-43m-59.3s,  time spent in last iteration 18m-11.9s
     --------------------------------------------------------------------------------------------

                       *----------*              *----------*               *----------*
     #     Iteration = |        8 |   WBSE_dim = |       10 |   Diago_dim = |       30 |
                       *----------*              *----------*               *----------*
     Max diff =  0.287E-03
        
        0.01451376   0.03570401   0.03570401   0.05598956   0.09734908   0.09734908
        0.10603203   0.10709646   0.10709647   0.10941459
        
     --------------------------------------------------------------------------------------------
     Tot. elapsed time 03h-02m-11.9s,  time spent in last iteration 18m-12.5s
     --------------------------------------------------------------------------------------------

                       *----------*              *----------*               *----------*
     #     Iteration = |        9 |   WBSE_dim = |       10 |   Diago_dim = |       40 |
                       *----------*              *----------*               *----------*
     Max diff =  0.277E-03
        
        0.01423685   0.03555919   0.03555920   0.05596607   0.09733707   0.09733707
        0.10599949   0.10706888   0.10706890   0.10940215
        
     --------------------------------------------------------------------------------------------
     Tot. elapsed time 03h-20m-24.6s,  time spent in last iteration 18m-12.7s
     --------------------------------------------------------------------------------------------

       Refresh the basis set

                       *----------*              *----------*               *----------*
     #     Iteration = |       10 |   WBSE_dim = |       10 |   Diago_dim = |       20 |
                       *----------*              *----------*               *----------*
     Max diff =  0.221E-03
        
        0.01401535   0.03544434   0.03544435   0.05595211   0.09732722   0.09732723
        0.10597316   0.10704669   0.10704670   0.10939337
        
     --------------------------------------------------------------------------------------------
     Tot. elapsed time 03h-38m-37.7s,  time spent in last iteration 18m-11.5s
     --------------------------------------------------------------------------------------------

                       *----------*              *----------*               *----------*
     #     Iteration = |       11 |   WBSE_dim = |       10 |   Diago_dim = |       30 |
                       *----------*              *----------*               *----------*
     Max diff =  0.228E-03
        
        0.01378709   0.03532813   0.03532813   0.05594028   0.09731869   0.09731870
        0.10594613   0.10702470   0.10702471   0.10938568
        
     --------------------------------------------------------------------------------------------
     Tot. elapsed time 03h-56m-50.3s,  time spent in last iteration 18m-12.6s
     --------------------------------------------------------------------------------------------

                       *----------*              *----------*               *----------*
     #     Iteration = |       12 |   WBSE_dim = |       10 |   Diago_dim = |       40 |
                       *----------*              *----------*               *----------*
     Max diff =  0.164E-03
        
        0.01362295   0.03524564   0.03524564   0.05592218   0.09731191   0.09731191
        0.10592545   0.10700823   0.10700824   0.10937677
        
     --------------------------------------------------------------------------------------------
     Tot. elapsed time 04h-15m-01.7s,  time spent in last iteration 18m-11.3s
     --------------------------------------------------------------------------------------------

       Refresh the basis set

                       *----------*              *----------*               *----------*
     #     Iteration = |       13 |   WBSE_dim = |       10 |   Diago_dim = |       20 |
                       *----------*              *----------*               *----------*
     Max diff =  0.141E-03
        
        0.01348210   0.03517505   0.03517506   0.05590850   0.09730597   0.09730598
        0.10590744   0.10699394   0.10699395   0.10936950
        
     --------------------------------------------------------------------------------------------
     Tot. elapsed time 04h-33m-13.7s,  time spent in last iteration 18m-10.4s
     --------------------------------------------------------------------------------------------

                       *----------*              *----------*               *----------*
     #     Iteration = |       14 |   WBSE_dim = |       10 |   Diago_dim = |       30 |
                       *----------*              *----------*               *----------*
     Max diff =  0.188E-03
        
        0.01329419   0.03507994   0.03507995   0.05589804   0.09729848   0.09729849
        0.10588407   0.10697510   0.10697511   0.10936262
        
     --------------------------------------------------------------------------------------------
     Tot. elapsed time 04h-51m-24.5s,  time spent in last iteration 18m-10.8s
     --------------------------------------------------------------------------------------------

                       *----------*              *----------*               *----------*
     #     Iteration = |       15 |   WBSE_dim = |       10 |   Diago_dim = |       40 |
                       *----------*              *----------*               *----------*
     Max diff =  0.182E-03
        
        0.01311248   0.03498587   0.03498588   0.05588447   0.09728962   0.09728963
        0.10586058   0.10695555   0.10695556   0.10935444
        
     --------------------------------------------------------------------------------------------
     Tot. elapsed time 05h-09m-36.9s,  time spent in last iteration 18m-12.3s
     --------------------------------------------------------------------------------------------

       Refresh the basis set

                       *----------*              *----------*               *----------*
     #     Iteration = |       16 |   WBSE_dim = |       10 |   Diago_dim = |       20 |
                       *----------*              *----------*               *----------*
     Max diff =  0.163E-03
        
        0.01294998   0.03490187   0.03490188   0.05587356   0.09728157   0.09728158
        0.10583921   0.10693782   0.10693782   0.10934737
        
     --------------------------------------------------------------------------------------------
     Tot. elapsed time 05h-27m-49.9s,  time spent in last iteration 18m-11.4s
     --------------------------------------------------------------------------------------------

                       *----------*              *----------*               *----------*
     #     Iteration = |       17 |   WBSE_dim = |       10 |   Diago_dim = |       30 |
                       *----------*              *----------*               *----------*
     Max diff =  0.159E-03
        
        0.01279097   0.03482150   0.03482150   0.05586426   0.09727478   0.09727479
        0.10581828   0.10692108   0.10692109   0.10934117
        
     --------------------------------------------------------------------------------------------
     Tot. elapsed time 05h-46m-02.2s,  time spent in last iteration 18m-12.3s
     --------------------------------------------------------------------------------------------

                       *----------*              *----------*               *----------*
     #     Iteration = |       18 |   WBSE_dim = |       10 |   Diago_dim = |       40 |
                       *----------*              *----------*               *----------*
     Max diff =  0.118E-03
        
        0.01267337   0.03476259   0.03476260   0.05585134   0.09726937   0.09726938
        0.10580188   0.10690824   0.10690824   0.10933433
        
     --------------------------------------------------------------------------------------------
     Tot. elapsed time 06h-04m-15.1s,  time spent in last iteration 18m-12.9s
     --------------------------------------------------------------------------------------------

       Refresh the basis set

                       *----------*              *----------*               *----------*
     #     Iteration = |       19 |   WBSE_dim = |       10 |   Diago_dim = |       20 |
                       *----------*              *----------*               *----------*
     Max diff =  0.106E-03
        
        0.01256712   0.03470937   0.03470937   0.05584040   0.09726442   0.09726443
        0.10578688   0.10689650   0.10689651   0.10932829
        
     --------------------------------------------------------------------------------------------
     Tot. elapsed time 06h-22m-29.5s,  time spent in last iteration 18m-12.7s
     --------------------------------------------------------------------------------------------

                       *----------*              *----------*               *----------*
     #     Iteration = |       20 |   WBSE_dim = |       10 |   Diago_dim = |       30 |
                       *----------*              *----------*               *----------*
     Max diff =  0.137E-03
        
        0.01242999   0.03464004   0.03464004   0.05583198   0.09725825   0.09725826
        0.10576797   0.10688148   0.10688148   0.10932260
        
     --------------------------------------------------------------------------------------------
     Tot. elapsed time 06h-40m-43.1s,  time spent in last iteration 18m-13.5s
     --------------------------------------------------------------------------------------------

                       *----------*              *----------*               *----------*
     #     Iteration = |       21 |   WBSE_dim = |       10 |   Diago_dim = |       40 |
                       *----------*              *----------*               *----------*
     Max diff =  0.137E-03
        
        0.01229308   0.03456914   0.03456915   0.05582171   0.09725094   0.09725095
        0.10574848   0.10686549   0.10686550   0.10931601
        
     --------------------------------------------------------------------------------------------
     Tot. elapsed time 06h-58m-58.0s,  time spent in last iteration 18m-14.9s
     --------------------------------------------------------------------------------------------

       Refresh the basis set

                       *----------*              *----------*               *----------*
     #     Iteration = |       22 |   WBSE_dim = |       10 |   Diago_dim = |       20 |
                       *----------*              *----------*               *----------*
     Max diff =  0.125E-03
        
        0.01216769   0.03450420   0.03450421   0.05581278   0.09724415   0.09724416
        0.10573034   0.10685064   0.10685064   0.10931005
        
     --------------------------------------------------------------------------------------------
     Tot. elapsed time 07h-17m-11.1s,  time spent in last iteration 18m-11.5s
     --------------------------------------------------------------------------------------------

                       *----------*              *----------*               *----------*
     #     Iteration = |       23 |   WBSE_dim = |       10 |   Diago_dim = |       30 |
                       *----------*              *----------*               *----------*
     Max diff =  0.119E-03
        
        0.01204900   0.03444409   0.03444410   0.05580517   0.09723851   0.09723852
        0.10571306   0.10683701   0.10683701   0.10930484
        
     --------------------------------------------------------------------------------------------
     Tot. elapsed time 07h-35m-24.0s,  time spent in last iteration 18m-12.8s
     --------------------------------------------------------------------------------------------

                       *----------*              *----------*               *----------*
     #     Iteration = |       24 |   WBSE_dim = |       10 |   Diago_dim = |       40 |
                       *----------*              *----------*               *----------*
     Max diff =  0.896E-04
        
        0.01195938   0.03439906   0.03439907   0.05579505   0.09723402   0.09723403
        0.10569933   0.10682639   0.10682639   0.10929921
        
     --------------------------------------------------------------------------------------------
     Tot. elapsed time 07h-53m-36.3s,  time spent in last iteration 18m-12.3s
     --------------------------------------------------------------------------------------------

       Refresh the basis set

                       *----------*              *----------*               *----------*
     #     Iteration = |       25 |   WBSE_dim = |       10 |   Diago_dim = |       20 |
                       *----------*              *----------*               *----------*
     Max diff =  0.827E-04
        
        0.01187672   0.03435747   0.03435747   0.05578604   0.09722983   0.09722984
        0.10568650   0.10681647   0.10681648   0.10929407
        
     --------------------------------------------------------------------------------------------
     Tot. elapsed time 08h-11m-49.4s,  time spent in last iteration 18m-11.5s
     --------------------------------------------------------------------------------------------

                       *----------*              *----------*               *----------*
     #     Iteration = |       26 |   WBSE_dim = |       10 |   Diago_dim = |       30 |
                       *----------*              *----------*               *----------*
     Max diff =  0.104E-03
        
        0.01177237   0.03430442   0.03430443   0.05577910   0.09722465   0.09722466
        0.10567063   0.10680401   0.10680402   0.10928926
        
     --------------------------------------------------------------------------------------------
     Tot. elapsed time 08h-30m-01.4s,  time spent in last iteration 18m-12.0s
     --------------------------------------------------------------------------------------------

                       *----------*              *----------*               *----------*
     #     Iteration = |       27 |   WBSE_dim = |       10 |   Diago_dim = |       40 |
                       *----------*              *----------*               *----------*
     Max diff =  0.106E-03
        
        0.01166589   0.03424898   0.03424899   0.05577090   0.09721850   0.09721852
        0.10565400   0.10679054   0.10679055   0.10928377
        
     --------------------------------------------------------------------------------------------
     Tot. elapsed time 08h-48m-14.3s,  time spent in last iteration 18m-12.8s
     --------------------------------------------------------------------------------------------

       Refresh the basis set

                       *----------*              *----------*               *----------*
     #     Iteration = |       28 |   WBSE_dim = |       10 |   Diago_dim = |       20 |
                       *----------*              *----------*               *----------*
     Max diff =  0.987E-04
        
        0.01156723   0.03419754   0.03419755   0.05576350   0.09721274   0.09721276
        0.10563834   0.10677788   0.10677789   0.10927870
        
     --------------------------------------------------------------------------------------------
     Tot. elapsed time 09h-06m-26.9s,  time spent in last iteration 18m-11.0s
     --------------------------------------------------------------------------------------------

                       *----------*              *----------*               *----------*
     #     Iteration = |       29 |   WBSE_dim = |       10 |   Diago_dim = |       30 |
                       *----------*              *----------*               *----------*
     Max diff =  0.913E-04
        
        0.01147593   0.03415094   0.03415094   0.05575717   0.09720799   0.09720801
        0.10562370   0.10676646   0.10676647   0.10927426
        
     --------------------------------------------------------------------------------------------
     Tot. elapsed time 09h-24m-39.0s,  time spent in last iteration 18m-12.0s
     --------------------------------------------------------------------------------------------

                       *----------*              *----------*               *----------*
     #     Iteration = |       30 |   WBSE_dim = |       10 |   Diago_dim = |       40 |
                       *----------*              *----------*               *----------*
     Max diff =  0.699E-04
        
        0.01140600   0.03411551   0.03411551   0.05574898   0.09720421   0.09720423
        0.10561195   0.10675747   0.10675748   0.10926952
        
     --------------------------------------------------------------------------------------------
     Tot. elapsed time 09h-42m-50.7s,  time spent in last iteration 18m-11.7s
     --------------------------------------------------------------------------------------------

       Refresh the basis set

                       *----------*              *----------*               *----------*
     #     Iteration = |       31 |   WBSE_dim = |       10 |   Diago_dim = |       20 |
                       *----------*              *----------*               *----------*
     Max diff =  0.652E-04
        
        0.01134077   0.03408238   0.03408239   0.05574149   0.09720065   0.09720066
        0.10560084   0.10674898   0.10674899   0.10926511
        
     --------------------------------------------------------------------------------------------
     Tot. elapsed time 10h-01m-02.5s,  time spent in last iteration 18m-10.2s
     --------------------------------------------------------------------------------------------

                       *----------*              *----------*               *----------*
     #     Iteration = |       32 |   WBSE_dim = |       10 |   Diago_dim = |       30 |
                       *----------*              *----------*               *----------*
     Max diff =  0.811E-04
        
        0.01125969   0.03404075   0.03404076   0.05573569   0.09719626   0.09719628
        0.10558728   0.10673844   0.10673845   0.10926099
        
     --------------------------------------------------------------------------------------------
     Tot. elapsed time 10h-19m-14.4s,  time spent in last iteration 18m-11.9s
     --------------------------------------------------------------------------------------------

                       *----------*              *----------*               *----------*
     #     Iteration = |       33 |   WBSE_dim = |       10 |   Diago_dim = |       40 |
                       *----------*              *----------*               *----------*
     Max diff =  0.840E-04
        
        0.01117570   0.03399658   0.03399659   0.05572899   0.09719106   0.09719108
        0.10557291   0.10672693   0.10672693   0.10925636
        
     --------------------------------------------------------------------------------------------
     Tot. elapsed time 10h-37m-26.5s,  time spent in last iteration 18m-12.0s
     --------------------------------------------------------------------------------------------

       Refresh the basis set

                       *----------*              *----------*               *----------*
     #     Iteration = |       34 |   WBSE_dim = |       10 |   Diago_dim = |       20 |
                       *----------*              *----------*               *----------*
     Max diff =  0.784E-04
        
        0.01109734   0.03395528   0.03395529   0.05572282   0.09718615   0.09718617
        0.10555927   0.10671602   0.10671603   0.10925202
        
     --------------------------------------------------------------------------------------------
     Tot. elapsed time 10h-55m-39.6s,  time spent in last iteration 18m-11.5s
     --------------------------------------------------------------------------------------------

                       *----------*              *----------*               *----------*
     #     Iteration = |       35 |   WBSE_dim = |       10 |   Diago_dim = |       30 |
                       *----------*              *----------*               *----------*
     Max diff =  0.714E-04
        
        0.01102598   0.03391842   0.03391842   0.05571750   0.09718212   0.09718214
        0.10554669   0.10670630   0.10670631   0.10924822
        
     --------------------------------------------------------------------------------------------
     Tot. elapsed time 11h-13m-51.4s,  time spent in last iteration 18m-11.8s
     --------------------------------------------------------------------------------------------

                       *----------*              *----------*               *----------*
     #     Iteration = |       36 |   WBSE_dim = |       10 |   Diago_dim = |       40 |
                       *----------*              *----------*               *----------*
     Max diff =  0.552E-04
        
        0.01097077   0.03389009   0.03389010   0.05571075   0.09717892   0.09717893
        0.10553651   0.10669859   0.10669860   0.10924417
        
     --------------------------------------------------------------------------------------------
     Tot. elapsed time 11h-32m-03.3s,  time spent in last iteration 18m-11.8s
     --------------------------------------------------------------------------------------------

       Refresh the basis set

                       *----------*              *----------*               *----------*
     #     Iteration = |       37 |   WBSE_dim = |       10 |   Diago_dim = |       20 |
                       *----------*              *----------*               *----------*
     Max diff =  0.519E-04
        
        0.01091889   0.03386341   0.03386342   0.05570449   0.09717587   0.09717589
        0.10552682   0.10669126   0.10669127   0.10924036
        
     --------------------------------------------------------------------------------------------
     Tot. elapsed time 11h-50m-15.4s,  time spent in last iteration 18m-10.5s
     --------------------------------------------------------------------------------------------

                       *----------*              *----------*               *----------*
     #     Iteration = |       38 |   WBSE_dim = |       10 |   Diago_dim = |       30 |
                       *----------*              *----------*               *----------*
     Max diff =  0.637E-04
        
        0.01085516   0.03383024   0.03383024   0.05569961   0.09717214   0.09717216
        0.10551510   0.10668223   0.10668224   0.10923683
        
     --------------------------------------------------------------------------------------------
     Tot. elapsed time 12h-08m-27.6s,  time spent in last iteration 18m-12.1s
     --------------------------------------------------------------------------------------------

                       *----------*              *----------*               *----------*
     #     Iteration = |       39 |   WBSE_dim = |       10 |   Diago_dim = |       40 |
                       *----------*              *----------*               *----------*
     Max diff =  0.668E-04
        
        0.01078840   0.03379466   0.03379466   0.05569407   0.09716771   0.09716773
        0.10550257   0.10667229   0.10667230   0.10923288
        
     --------------------------------------------------------------------------------------------
     Tot. elapsed time 12h-26m-39.8s,  time spent in last iteration 18m-12.1s
     --------------------------------------------------------------------------------------------

       Refresh the basis set

                       *----------*              *----------*               *----------*
     #     Iteration = |       40 |   WBSE_dim = |       10 |   Diago_dim = |       20 |
                       *----------*              *----------*               *----------*
     Max diff =  0.626E-04
        
        0.01072582   0.03376121   0.03376122   0.05568889   0.09716352   0.09716353
        0.10549062   0.10666283   0.10666284   0.10922915
        
     --------------------------------------------------------------------------------------------
     Tot. elapsed time 12h-44m-51.4s,  time spent in last iteration 18m-10.0s
     --------------------------------------------------------------------------------------------

                       *----------*              *----------*               *----------*
     #     Iteration = |       41 |   WBSE_dim = |       10 |   Diago_dim = |       30 |
                       *----------*              *----------*               *----------*
     Max diff =  0.563E-04
        
        0.01066953   0.03373168   0.03373169   0.05568440   0.09716009   0.09716010
        0.10547971   0.10665447   0.10665448   0.10922587
        
     --------------------------------------------------------------------------------------------
     Tot. elapsed time 13h-03m-02.5s,  time spent in last iteration 18m-11.1s
     --------------------------------------------------------------------------------------------

                       *----------*              *----------*               *----------*
     #     Iteration = |       42 |   WBSE_dim = |       10 |   Diago_dim = |       40 |
                       *----------*              *----------*               *----------*
     Max diff =  0.439E-04
        
        0.01062564   0.03370881   0.03370882   0.05567879   0.09715735   0.09715737
        0.10547082   0.10664780   0.10664782   0.10922239
        
     --------------------------------------------------------------------------------------------
     Tot. elapsed time 13h-21m-14.6s,  time spent in last iteration 18m-12.1s
     --------------------------------------------------------------------------------------------

       Refresh the basis set

                       *----------*              *----------*               *----------*
     #     Iteration = |       43 |   WBSE_dim = |       10 |   Diago_dim = |       20 |
                       *----------*              *----------*               *----------*
     Max diff =  0.415E-04
        
        0.01058418   0.03368716   0.03368716   0.05567352   0.09715475   0.09715476
        0.10546233   0.10664143   0.10664144   0.10921909
        
     --------------------------------------------------------------------------------------------
     Tot. elapsed time 13h-39m-27.0s,  time spent in last iteration 18m-10.7s
     --------------------------------------------------------------------------------------------

                       *----------*              *----------*               *----------*
     #     Iteration = |       44 |   WBSE_dim = |       10 |   Diago_dim = |       30 |
                       *----------*              *----------*               *----------*
     Max diff =  0.505E-04
        
        0.01053370   0.03366044   0.03366045   0.05566939   0.09715156   0.09715158
        0.10545211   0.10663363   0.10663364   0.10921604
        
     --------------------------------------------------------------------------------------------
     Tot. elapsed time 13h-57m-39.1s,  time spent in last iteration 18m-12.1s
     --------------------------------------------------------------------------------------------

                       *----------*              *----------*               *----------*
     #     Iteration = |       45 |   WBSE_dim = |       10 |   Diago_dim = |       40 |
                       *----------*              *----------*               *----------*
     Max diff =  0.533E-04
        
        0.01048039   0.03363157   0.03363157   0.05566477   0.09714778   0.09714780
        0.10544113   0.10662500   0.10662501   0.10921266
        
     --------------------------------------------------------------------------------------------
     Tot. elapsed time 14h-15m-51.1s,  time spent in last iteration 18m-11.9s
     --------------------------------------------------------------------------------------------

       Refresh the basis set

                       *----------*              *----------*               *----------*
     #     Iteration = |       46 |   WBSE_dim = |       10 |   Diago_dim = |       20 |
                       *----------*              *----------*               *----------*
     Max diff =  0.502E-04
        
        0.01043024   0.03360432   0.03360433   0.05566042   0.09714418   0.09714420
        0.10543062   0.10661674   0.10661676   0.10920944
        
     --------------------------------------------------------------------------------------------
     Tot. elapsed time 14h-34m-03.1s,  time spent in last iteration 18m-10.4s
     --------------------------------------------------------------------------------------------

                       *----------*              *----------*               *----------*
     #     Iteration = |       47 |   WBSE_dim = |       10 |   Diago_dim = |       30 |
                       *----------*              *----------*               *----------*
     Max diff =  0.447E-04
        
        0.01038555   0.03358046   0.03358046   0.05565660   0.09714125   0.09714127
        0.10542108   0.10660950   0.10660952   0.10920661
        
     --------------------------------------------------------------------------------------------
     Tot. elapsed time 14h-52m-14.0s,  time spent in last iteration 18m-10.9s
     --------------------------------------------------------------------------------------------

                       *----------*              *----------*               *----------*
     #     Iteration = |       48 |   WBSE_dim = |       10 |   Diago_dim = |       40 |
                       *----------*              *----------*               *----------*
     Max diff =  0.351E-04
        
        0.01035049   0.03356187   0.03356187   0.05565191   0.09713891   0.09713893
        0.10541329   0.10660370   0.10660371   0.10920360
        
     --------------------------------------------------------------------------------------------
     Tot. elapsed time 15h-10m-26.0s,  time spent in last iteration 18m-12.0s
     --------------------------------------------------------------------------------------------

       Refresh the basis set

                       *----------*              *----------*               *----------*
     #     Iteration = |       49 |   WBSE_dim = |       10 |   Diago_dim = |       20 |
                       *----------*              *----------*               *----------*
     Max diff =  0.332E-04
        
        0.01031726   0.03354419   0.03354420   0.05564747   0.09713667   0.09713669
        0.10540580   0.10659813   0.10659814   0.10920074
        
     --------------------------------------------------------------------------------------------
     Tot. elapsed time 15h-28m-39.2s,  time spent in last iteration 18m-11.6s
     --------------------------------------------------------------------------------------------

                       *----------*              *----------*               *----------*
     #     Iteration = |       50 |   WBSE_dim = |       10 |   Diago_dim = |       30 |
                       *----------*              *----------*               *----------*
     Max diff =  0.402E-04
        
        0.01027707   0.03352253   0.03352254   0.05564396   0.09713394   0.09713396
        0.10539685   0.10659135   0.10659136   0.10919809
        
     --------------------------------------------------------------------------------------------
     Tot. elapsed time 15h-46m-50.3s,  time spent in last iteration 18m-11.0s
     --------------------------------------------------------------------------------------------

                       *----------*              *----------*               *----------*
     #     Iteration = |       51 |   WBSE_dim = |       10 |   Diago_dim = |       40 |
                       *----------*              *----------*               *----------*
     Max diff =  0.427E-04
        
        0.01023434   0.03349896   0.03349897   0.05564009   0.09713070   0.09713072
        0.10538718   0.10658381   0.10658382   0.10919518
        
     --------------------------------------------------------------------------------------------
     Tot. elapsed time 16h-05m-01.8s,  time spent in last iteration 18m-11.5s
     --------------------------------------------------------------------------------------------

       Refresh the basis set

                       *----------*              *----------*               *----------*
     #     Iteration = |       52 |   WBSE_dim = |       10 |   Diago_dim = |       20 |
                       *----------*              *----------*               *----------*
     Max diff =  0.403E-04
        
        0.01019405   0.03347666   0.03347666   0.05563641   0.09712761   0.09712763
        0.10537789   0.10657658   0.10657659   0.10919240
        
     --------------------------------------------------------------------------------------------
     Tot. elapsed time 16h-23m-13.8s,  time spent in last iteration 18m-10.4s
     --------------------------------------------------------------------------------------------

                       *----------*              *----------*               *----------*
     #     Iteration = |       53 |   WBSE_dim = |       10 |   Diago_dim = |       30 |
                       *----------*              *----------*               *----------*
     Max diff =  0.356E-04
        
        0.01015840   0.03345725   0.03345726   0.05563317   0.09712509   0.09712511
        0.10536951   0.10657026   0.10657028   0.10918994
        
     --------------------------------------------------------------------------------------------
     Tot. elapsed time 16h-41m-25.8s,  time spent in last iteration 18m-12.0s
     --------------------------------------------------------------------------------------------

                       *----------*              *----------*               *----------*
     #     Iteration = |       54 |   WBSE_dim = |       10 |   Diago_dim = |       40 |
                       *----------*              *----------*               *----------*
     Max diff =  0.281E-04
        
        0.01013031   0.03344206   0.03344207   0.05562922   0.09712308   0.09712311
        0.10536264   0.10656519   0.10656520   0.10918733
        
     --------------------------------------------------------------------------------------------
     Tot. elapsed time 16h-59m-38.0s,  time spent in last iteration 18m-12.1s
     --------------------------------------------------------------------------------------------

       Refresh the basis set

                       *----------*              *----------*               *----------*
     #     Iteration = |       55 |   WBSE_dim = |       10 |   Diago_dim = |       20 |
                       *----------*              *----------*               *----------*
     Max diff =  0.267E-04
        
        0.01010361   0.03342758   0.03342758   0.05562547   0.09712116   0.09712118
        0.10535602   0.10656030   0.10656031   0.10918483
        
     --------------------------------------------------------------------------------------------
     Tot. elapsed time 17h-17m-50.2s,  time spent in last iteration 18m-10.6s
     --------------------------------------------------------------------------------------------

                       *----------*              *----------*               *----------*
     #     Iteration = |       56 |   WBSE_dim = |       10 |   Diago_dim = |       30 |
                       *----------*              *----------*               *----------*
     Max diff =  0.321E-04
        
        0.01007148   0.03340991   0.03340992   0.05562248   0.09711881   0.09711883
        0.10534814   0.10655437   0.10655439   0.10918253
        
     --------------------------------------------------------------------------------------------
     Tot. elapsed time 17h-36m-01.1s,  time spent in last iteration 18m-10.9s
     --------------------------------------------------------------------------------------------

                       *----------*              *----------*               *----------*
     #     Iteration = |       57 |   WBSE_dim = |       10 |   Diago_dim = |       40 |
                       *----------*              *----------*               *----------*
     Max diff =  0.343E-04
        
        0.01003715   0.03339059   0.03339060   0.05561922   0.09711603   0.09711605
        0.10533959   0.10654775   0.10654777   0.10918002
        
     --------------------------------------------------------------------------------------------
     Tot. elapsed time 17h-54m-12.7s,  time spent in last iteration 18m-11.5s
     --------------------------------------------------------------------------------------------

       Refresh the basis set

                       *----------*              *----------*               *----------*
     #     Iteration = |       58 |   WBSE_dim = |       10 |   Diago_dim = |       20 |
                       *----------*              *----------*               *----------*
     Max diff =  0.325E-04
        
        0.01000470   0.03337227   0.03337228   0.05561610   0.09711336   0.09711339
        0.10533135   0.10654140   0.10654141   0.10917761
        
     --------------------------------------------------------------------------------------------
     Tot. elapsed time 18h-12m-25.4s,  time spent in last iteration 18m-11.0s
     --------------------------------------------------------------------------------------------

                       *----------*              *----------*               *----------*
     #     Iteration = |       59 |   WBSE_dim = |       10 |   Diago_dim = |       30 |
                       *----------*              *----------*               *----------*
     Max diff =  0.285E-04
        
        0.00997617   0.03335641   0.03335642   0.05561334   0.09711120   0.09711122
        0.10532396   0.10653587   0.10653589   0.10917547
        
     --------------------------------------------------------------------------------------------
     Tot. elapsed time 18h-30m-38.5s,  time spent in last iteration 18m-13.1s
     --------------------------------------------------------------------------------------------

                       *----------*              *----------*               *----------*
     #     Iteration = |       60 |   WBSE_dim = |       10 |   Diago_dim = |       40 |
                       *----------*              *----------*               *----------*
     Max diff =  0.226E-04
        
        0.00995361   0.03334395   0.03334396   0.05561001   0.09710948   0.09710950
        0.10531788   0.10653141   0.10653142   0.10917319
        
     --------------------------------------------------------------------------------------------
     Tot. elapsed time 18h-48m-51.9s,  time spent in last iteration 18m-13.3s
     --------------------------------------------------------------------------------------------

       Refresh the basis set

                       *----------*              *----------*               *----------*
     #     Iteration = |       61 |   WBSE_dim = |       10 |   Diago_dim = |       20 |
                       *----------*              *----------*               *----------*
     Max diff =  0.215E-04
        
        0.00993211   0.03333204   0.03333205   0.05560683   0.09710781   0.09710784
        0.10531201   0.10652710   0.10652712   0.10917101
        
     --------------------------------------------------------------------------------------------
     Tot. elapsed time 19h-07m-05.7s,  time spent in last iteration 18m-12.2s
     --------------------------------------------------------------------------------------------

                       *----------*              *----------*               *----------*
     #     Iteration = |       62 |   WBSE_dim = |       10 |   Diago_dim = |       30 |
                       *----------*              *----------*               *----------*
     Max diff =  0.258E-04
        
        0.00990635   0.03331758   0.03331758   0.05560428   0.09710579   0.09710582
        0.10530505   0.10652190   0.10652192   0.10916900
        
     --------------------------------------------------------------------------------------------
     Tot. elapsed time 19h-25m-18.7s,  time spent in last iteration 18m-12.9s
     --------------------------------------------------------------------------------------------

                       *----------*              *----------*               *----------*
     #     Iteration = |       63 |   WBSE_dim = |       10 |   Diago_dim = |       40 |
                       *----------*              *----------*               *----------*
     Max diff =  0.276E-04
        
        0.00987870   0.03330169   0.03330170   0.05560152   0.09710339   0.09710342
        0.10529745   0.10651607   0.10651609   0.10916682
        
     --------------------------------------------------------------------------------------------
     Tot. elapsed time 19h-43m-31.1s,  time spent in last iteration 18m-12.3s
     --------------------------------------------------------------------------------------------

       Refresh the basis set

                       *----------*              *----------*               *----------*
     #     Iteration = |       64 |   WBSE_dim = |       10 |   Diago_dim = |       20 |
                       *----------*              *----------*               *----------*
     Max diff =  0.262E-04
        
        0.00985253   0.03328660   0.03328660   0.05559888   0.09710110   0.09710112
        0.10529013   0.10651046   0.10651048   0.10916473
        
     --------------------------------------------------------------------------------------------
     Tot. elapsed time 20h-01m-43.4s,  time spent in last iteration 18m-10.7s
     --------------------------------------------------------------------------------------------

                       *----------*              *----------*               *----------*
     #     Iteration = |       65 |   WBSE_dim = |       10 |   Diago_dim = |       30 |
                       *----------*              *----------*               *----------*
     Max diff =  0.229E-04
        
        0.00982964   0.03327359   0.03327360   0.05559652   0.09709923   0.09709925
        0.10528359   0.10650560   0.10650562   0.10916286
        
     --------------------------------------------------------------------------------------------
     Tot. elapsed time 20h-19m-55.3s,  time spent in last iteration 18m-11.9s
     --------------------------------------------------------------------------------------------

                       *----------*              *----------*               *----------*
     #     Iteration = |       66 |   WBSE_dim = |       10 |   Diago_dim = |       40 |
                       *----------*              *----------*               *----------*
     Max diff =  0.182E-04
        
        0.00981148   0.03326334   0.03326335   0.05559370   0.09709774   0.09709777
        0.10527820   0.10650167   0.10650169   0.10916087
        
     --------------------------------------------------------------------------------------------
     Tot. elapsed time 20h-38m-07.4s,  time spent in last iteration 18m-12.1s
     --------------------------------------------------------------------------------------------

       Refresh the basis set

                       *----------*              *----------*               *----------*
     #     Iteration = |       67 |   WBSE_dim = |       10 |   Diago_dim = |       20 |
                       *----------*              *----------*               *----------*
     Max diff =  0.173E-04
        
        0.00979414   0.03325352   0.03325353   0.05559100   0.09709631   0.09709633
        0.10527298   0.10649786   0.10649788   0.10915896
        
     --------------------------------------------------------------------------------------------
     Tot. elapsed time 20h-56m-20.5s,  time spent in last iteration 18m-11.5s
     --------------------------------------------------------------------------------------------

                       *----------*              *----------*               *----------*
     #     Iteration = |       68 |   WBSE_dim = |       10 |   Diago_dim = |       30 |
                       *----------*              *----------*               *----------*
     Max diff =  0.207E-04
        
        0.00977345   0.03324164   0.03324164   0.05558882   0.09709456   0.09709459
        0.10526680   0.10649328   0.10649330   0.10915721
        
     --------------------------------------------------------------------------------------------
     Tot. elapsed time 21h-14m-32.1s,  time spent in last iteration 18m-11.5s
     --------------------------------------------------------------------------------------------

                       *----------*              *----------*               *----------*
     #     Iteration = |       69 |   WBSE_dim = |       10 |   Diago_dim = |       40 |
                       *----------*              *----------*               *----------*
     Max diff =  0.223E-04
        
        0.00975115   0.03322854   0.03322855   0.05558648   0.09709249   0.09709251
        0.10526004   0.10648813   0.10648815   0.10915531
        
     --------------------------------------------------------------------------------------------
     Tot. elapsed time 21h-32m-44.1s,  time spent in last iteration 18m-12.0s
     --------------------------------------------------------------------------------------------

       Refresh the basis set

                       *----------*              *----------*               *----------*
     #     Iteration = |       70 |   WBSE_dim = |       10 |   Diago_dim = |       20 |
                       *----------*              *----------*               *----------*
     Max diff =  0.211E-04
        
        0.00973001   0.03321607   0.03321608   0.05558424   0.09709050   0.09709053
        0.10525351   0.10648317   0.10648319   0.10915349
        
     --------------------------------------------------------------------------------------------
     Tot. elapsed time 21h-50m-56.8s,  time spent in last iteration 18m-11.0s
     --------------------------------------------------------------------------------------------

                       *----------*              *----------*               *----------*
     #     Iteration = |       71 |   WBSE_dim = |       10 |   Diago_dim = |       30 |
                       *----------*              *----------*               *----------*
     Max diff =  0.184E-04
        
        0.00971161   0.03320538   0.03320539   0.05558222   0.09708889   0.09708892
        0.10524770   0.10647888   0.10647890   0.10915185
        
     --------------------------------------------------------------------------------------------
     Tot. elapsed time 22h-09m-08.0s,  time spent in last iteration 18m-11.2s
     --------------------------------------------------------------------------------------------

                       *----------*              *----------*               *----------*
     #     Iteration = |       72 |   WBSE_dim = |       10 |   Diago_dim = |       40 |
                       *----------*              *----------*               *----------*
     Max diff =  0.146E-04
        
        0.00969697   0.03319692   0.03319693   0.05557983   0.09708761   0.09708763
        0.10524291   0.10647540   0.10647542   0.10915011
        
     --------------------------------------------------------------------------------------------
     Tot. elapsed time 22h-27m-20.2s,  time spent in last iteration 18m-12.1s
     --------------------------------------------------------------------------------------------

       Refresh the basis set

                       *----------*              *----------*               *----------*
     #     Iteration = |       73 |   WBSE_dim = |       10 |   Diago_dim = |       20 |
                       *----------*              *----------*               *----------*
     Max diff =  0.140E-04
        
        0.00968297   0.03318881   0.03318882   0.05557753   0.09708637   0.09708639
        0.10523825   0.10647203   0.10647205   0.10914843
        
     --------------------------------------------------------------------------------------------
     Tot. elapsed time 22h-45m-32.1s,  time spent in last iteration 18m-10.3s
     --------------------------------------------------------------------------------------------

                       *----------*              *----------*               *----------*
     #     Iteration = |       74 |   WBSE_dim = |       10 |   Diago_dim = |       30 |
                       *----------*              *----------*               *----------*
     Max diff =  0.167E-04
        
        0.00966632   0.03317902   0.03317903   0.05557567   0.09708486   0.09708488
        0.10523276   0.10646798   0.10646800   0.10914690
        
     --------------------------------------------------------------------------------------------
     Tot. elapsed time 23h-03m-43.5s,  time spent in last iteration 18m-11.4s
     --------------------------------------------------------------------------------------------

                       *----------*              *----------*               *----------*
     #     Iteration = |       75 |   WBSE_dim = |       10 |   Diago_dim = |       40 |
                       *----------*              *----------*               *----------*
     Max diff =  0.180E-04
        
        0.00964831   0.03316820   0.03316821   0.05557369   0.09708306   0.09708309
        0.10522673   0.10646342   0.10646344   0.10914524
        
     --------------------------------------------------------------------------------------------
     Tot. elapsed time 23h-21m-55.9s,  time spent in last iteration 18m-12.3s
     --------------------------------------------------------------------------------------------

       Refresh the basis set

                       *----------*              *----------*               *----------*
     #     Iteration = |       76 |   WBSE_dim = |       10 |   Diago_dim = |       20 |
                       *----------*              *----------*               *----------*
     Max diff =  0.171E-04
        
        0.00963122   0.03315789   0.03315790   0.05557178   0.09708134   0.09708137
        0.10522090   0.10645902   0.10645904   0.10914365
        
     --------------------------------------------------------------------------------------------
     Tot. elapsed time 23h-40m-08.1s,  time spent in last iteration 18m-10.7s
     --------------------------------------------------------------------------------------------

                       *----------*              *----------*               *----------*
     #     Iteration = |       77 |   WBSE_dim = |       10 |   Diago_dim = |       30 |
                       *----------*              *----------*               *----------*
     Max diff =  0.148E-04
        
        0.00961640   0.03314907   0.03314908   0.05557005   0.09707995   0.09707997
        0.10521573   0.10645522   0.10645524   0.10914222
        
     --------------------------------------------------------------------------------------------
     Tot. elapsed time 23h-58m-20.6s,  time spent in last iteration 18m-12.4s
     --------------------------------------------------------------------------------------------

                       *----------*              *----------*               *----------*
     #     Iteration = |       78 |   WBSE_dim = |       10 |   Diago_dim = |       40 |
                       *----------*              *----------*               *----------*
