
     Program Wbsepp v. 2.0.1 starts on 16Jan2023 at 11:59:48 

     This program is part of the open-source West suite
     for massively parallel calculations of excited states in materials; please cite
         "M. Govoni et al., J. Chem. Theory Comput. 11, 2680 (2015);
          URL http://www.west-code.org", 
     in publications or presentations arising from this work.

     Based on the Quantum ESPRESSO v. 6.1 svn rev. 13369
       
     --------------------------------------------------------------------------------------------
     **MPI** Parallelization Status                                      
     --------------------------------------------------------------------------------------------
                    48                   1             1             1            48
     --------------------------------------------------------------------------------------------
                     N         =         I      X      P      X      B      X      Z
                     ^                   ^             ^             ^             ^
                     |                   |             |             |             |
                   #rnk                  |             |             |             |
                                      #image           |             |             |
                                                     #pool           |             |
                                                                   #bgrp           |
                                                                                 #R&G
     --------------------------------------------------------------------------------------------
     **OPENMP** Parallelization Status
     #thr/rnk               =            1
     --------------------------------------------------------------------------------------------
     #prc = (rnk) * (thr) =           48
     --------------------------------------------------------------------------------------------
       
     --------------------------------------------------------------------------------------------
     I/O Summary : input_west                                            
     --------------------------------------------------------------------------------------------
     qe_prefix               =          pwscf
     west_prefix             =           west
     outdir                  =             ./
     l_load_qbox_wfc         =              F
     qbox_ks_wfc_filename    =         qb.xml
     --------------------------------------------------------------------------------------------
       
     --------------------------------------------------------------------------------------------
     I/O Summary : wbsepp_input                                          
     --------------------------------------------------------------------------------------------
     wbsepp_type                    =              1
     n_plep_read_from_file          =             10
     macropol_dfpt                  =              F
     l_spin_flipped                 =              F

     Reading data from directory:
     ./pwscf.save

   Info: using nr1, nr2, nr3 values from input

   Info: using nr1, nr2, nr3 values from input

     IMPORTANT: XC functional enforced from input :
     Exchange-correlation      = PBE0 ( 6  4  8  4 0 0)
     EXX-fraction              =        0.25
     Any further DFT definition will be discarded
     Please, verify this is what you really want

 
     Parallelization info
     --------------------
     sticks:   dense  smooth     PW     G-vecs:    dense   smooth      PW
     Min         286     286     69                25278    25278    3150
     Max         288     288     72                25288    25288    3168
     Sum       13753   13753   3433              1213469  1213469  151635
 
     Generating pointlists ...
     new r_m :   0.0440 (alat units)  1.1794 (a.u.) for type    1
     new r_m :   0.0576 (alat units)  1.5448 (a.u.) for type    2
     EXX fraction changed:   0.18
     EXX Screening parameter changed:    0.0000000
     EXX Gau parameter changed:    0.0000000
       ** WARNING : EXX-alpha            =       0.180000
       ** WARNING : EXX-erfc_scrlen      =       0.000000
       ** WARNING : EXX-gau_scrlen       =       0.000000
       ** WARNING : EXX-ecutfock         =     120.000000
       ** WARNING : EXX-exxdiv_treatment = gb            
       ** start_exx() done
       ** weights() done
EXX: grid of k+q points same as grid of k-points
       ** exx_grid_init() done
       ** exx_div_check() done
       ** exxinit() done
       ** WARNING : EXX-exxdiv           =   -3502.373877
       
     --------------------------------------------------------------------------------------------
     System Overview                                                     
     --------------------------------------------------------------------------------------------
     gamma_only           =              T
     ecutwfc [Ry]         =      60.000000
     omega [au^3]         =   1.932243E+04
     glob. #G             =          75818
     nbnd                 =           1040
     nkstot               =              2
     nspin                =              2
     nelec                =    2044.000000
     nelup                =    1023.000000
     neldw                =    1021.000000
     npol                 =              1
     lsda                 =              T
     noncolin             =              F
     lspinorb             =              F
     domag                =              F
     --------------------------------------------------------------------------------------------

     sFFT G-space:   606735 G-vectors     R-space: ( 135, 135, 135)
     dFFT G-space:   606735 G-vectors     R-space: ( 135, 135, 135)

     Cell [a.u.]          =      26.834111      0.000000      0.000000
                          =       0.000000     26.834111      0.000000
                          =       0.000000      0.000000     26.834111
      
     number of ks points=     2
                       cart. coord. in units 2pi/alat
        k(    1) = (   0.0000000   0.0000000   0.0000000), wk =   1.0000000
        k(    2) = (   0.0000000   0.0000000   0.0000000), wk =   1.0000000

                       cryst. coord.
        k(    1) = (   0.0000000   0.0000000   0.0000000), wk =   1.0000000
        k(    2) = (   0.0000000   0.0000000   0.0000000), wk =   1.0000000
 
     F. Gygi div      =   1.812595E-01
       
     --------------------------------------------------------------------------------------------
     Parallelization for nvec                                            
     --------------------------------------------------------------------------------------------
     nglob                =             10
     nlevel               =              1
     Min nglob/nlevel     =             10
     Max nglob/nlevel     =             10
     --------------------------------------------------------------------------------------------
       
     --------------------------------------------------------------------------------------------
     Parallelization for band_paralel                                    
     --------------------------------------------------------------------------------------------
     nglob                =           1023
     nlevel               =              1
     Min nglob/nlevel     =           1023
     Max nglob/nlevel     =           1023
     --------------------------------------------------------------------------------------------

     [MEM] ----------------------------------------------------------
     [MEM] **Memory** analysis: QE
     [MEM] ----------------------------------------------------------
     [MEM] Allocated arrays           est. size (Mb)     dimensions
     [MEM] ----------------------------------------------------------
     [MEM] Kohn-Sham Wavefunctions      25.03 Mb     (   1577, 1040)
     [MEM] NL pseudopotentials          98.37 Mb     (   1577, 4088)
     [MEM] Each V/rho on FFT grid        0.83 Mb     (  54675)
     [MEM] Each G-vector array           0.10 Mb     (  12641)
     [MEM] G-vector shells               0.02 Mb     (   2621)
     [MEM] ----------------------------------------------------------
     [MEM] TOT                         124.35 Mb
     [MEM] ----------------------------------------------------------
     [MEM] 
     [MEM] ----------------------------------------------------------
     [MEM] **Memory** analysis: WBSE global
     [MEM] ----------------------------------------------------------
     [MEM] Allocated arrays           est. size (Mb)     dimensions
     [MEM] ----------------------------------------------------------
     [MEM] dvg_exc                     246.17 Mb     (   1577, 1023,   10)
     [MEM] dng_exc                     246.17 Mb     (   1577, 1023,   10)
     [MEM] hr_distr                      0.00 Mb     (      0,   10)
     [MEM] vr_distr                      0.00 Mb     (      0,   10)
     [MEM] ----------------------------------------------------------
     [MEM] TOT                         492.33 Mb
     [MEM] ----------------------------------------------------------
     [MEM] 
     [MEM] ----------------------------------------------------------
     [MEM] **Memory** analysis: WBSE temporary
     [MEM] ----------------------------------------------------------
     [MEM] Allocated arrays           est. size (Mb)     dimensions
     [MEM] ----------------------------------------------------------
     [MEM] dvpsi                        24.62 Mb     (   1577, 1023)
     [MEM] dpsi                         24.62 Mb     (   1577, 1023)
     [MEM] ----------------------------------------------------------
     [MEM] Total estimate               49.23 Mb
     [MEM] ----------------------------------------------------------
      
     --------------------------------------------------------------------------------------------
     Database read in 01m-18.9s           
     In location : ./west.wbse.david.save
     Eigen. found :           10
     --------------------------------------------------------------------------------------------

     Calculation of the dipole in real space

     Dipole is shifted to the center of cell for the calculation of d0psi. 

      *----------*   THE PRINCIPLE PROJECTED COMPONENTS   *----------*

      #     Exciton : |        1 |   Excitation energy : |     0.096890

      OSCILLATOR STRENGTH : 

                XX             YY            ZZ            TOTAL

                   0.000001         0.000000         0.000000         0.000001

          SPIN     OCCUPIED STATES     UNOCCUPIED STATES     PROJECTION
             2        1021                       2           0.995543

      #     Exciton : |        2 |   Excitation energy : |     0.096890

      OSCILLATOR STRENGTH : 

                XX             YY            ZZ            TOTAL

                   0.000000         0.000000         0.000000         0.000001

          SPIN     OCCUPIED STATES     UNOCCUPIED STATES     PROJECTION
             2        1021                       1           0.995543

      #     Exciton : |        3 |   Excitation energy : |     0.102067

      OSCILLATOR STRENGTH : 

                XX             YY            ZZ            TOTAL

                   0.000000         0.000000         0.000000         0.000000

          SPIN     OCCUPIED STATES     UNOCCUPIED STATES     PROJECTION
             2        1019                       1           0.699845
             2        1020                       2           0.699859

      #     Exciton : |        4 |   Excitation energy : |     0.102986

      OSCILLATOR STRENGTH : 

                XX             YY            ZZ            TOTAL

                   0.000071         0.000011         0.000025         0.000107

          SPIN     OCCUPIED STATES     UNOCCUPIED STATES     PROJECTION
             2        1019                       2           0.705884
             2        1020                       1           0.705882

      #     Exciton : |        5 |   Excitation energy : |     0.102986

      OSCILLATOR STRENGTH : 

                XX             YY            ZZ            TOTAL

                   0.000001         0.000060         0.000046         0.000107

          SPIN     OCCUPIED STATES     UNOCCUPIED STATES     PROJECTION
             2        1019                       1           0.705891
             2        1020                       2           0.705876

      #     Exciton : |        6 |   Excitation energy : |     0.107420

      OSCILLATOR STRENGTH : 

                XX             YY            ZZ            TOTAL

                   0.000845         0.000845         0.000845         0.002536

          SPIN     OCCUPIED STATES     UNOCCUPIED STATES     PROJECTION
             2        1019                       2           0.698585
             2        1020                       1           0.698588

      #     Exciton : |        7 |   Excitation energy : |     0.119244

      OSCILLATOR STRENGTH : 

                XX             YY            ZZ            TOTAL

                   0.000000         0.000000         0.000000         0.000000

          SPIN     OCCUPIED STATES     UNOCCUPIED STATES     PROJECTION
             2        1005                       1           0.190176
             2        1006                       2           0.190177
             2        1017                       2           0.673118
             2        1018                       1           0.673116

      #     Exciton : |        8 |   Excitation energy : |     0.124712

      OSCILLATOR STRENGTH : 

                XX             YY            ZZ            TOTAL

                   0.000028         0.005612         0.006429         0.012069

          SPIN     OCCUPIED STATES     UNOCCUPIED STATES     PROJECTION
             2        1005                       1           0.137346
             2        1006                       2           0.137346
             2        1017                       2           0.683737
             2        1018                       1           0.683739

      #     Exciton : |        9 |   Excitation energy : |     0.124712

      OSCILLATOR STRENGTH : 

                XX             YY            ZZ            TOTAL

                   0.008018         0.002434         0.001617         0.012069

          SPIN     OCCUPIED STATES     UNOCCUPIED STATES     PROJECTION
             2        1005                       2           0.137346
             2        1006                       1           0.137346
             2        1017                       1           0.683738
             2        1018                       2           0.683739

      #     Exciton : |       10 |   Excitation energy : |     0.139264

      OSCILLATOR STRENGTH : 

                XX             YY            ZZ            TOTAL

                   0.011586         0.011586         0.011586         0.034759

          SPIN     OCCUPIED STATES     UNOCCUPIED STATES     PROJECTION
             2        1017                       1           0.693254
             2        1018                       2           0.693253
  0.000000000000000E+000  1.134186096288643E-002
  1.000000047497451E-003  1.151721910844502E-002
  2.000000094994903E-003  1.169669236948840E-002
  3.000000142492354E-003  1.188041109962780E-002
  4.000000189989805E-003  1.206851088060824E-002
  5.000000237487257E-003  1.226113277731340E-002
  6.000000284984708E-003  1.245842360748368E-002
  7.000000332482159E-003  1.266053622713166E-002
  8.000000379979610E-003  1.286762983271432E-002
  9.000000427477062E-003  1.307987028120296E-002
  1.000000047497451E-002  1.329743042928041E-002
  1.100000052247196E-002  1.352049049299184E-002
  1.200000056996942E-002  1.374923842928027E-002
  1.300000061746687E-002  1.398387034095259E-002
  1.400000066496432E-002  1.422459090674641E-002
  1.500000071246177E-002  1.447161383830449E-002
  1.600000075995922E-002  1.472516236601197E-002
  1.700000080745667E-002  1.498546975581418E-002
  1.800000085495412E-002  1.525277985931080E-002
  1.900000090245157E-002  1.552734769961632E-002
  2.000000094994903E-002  1.580944009569051E-002
  2.100000099744648E-002  1.609933632807636E-002
  2.200000104494393E-002  1.639732884923964E-002
  2.300000109244138E-002  1.670372404198673E-002
  2.400000113993883E-002  1.701884302974770E-002
  2.500000118743628E-002  1.734302254285339E-002
  2.600000123493373E-002  1.767661584531213E-002
  2.700000128243119E-002  1.801999372700717E-002
  2.800000132992864E-002  1.837354556669536E-002
  2.900000137742609E-002  1.873768047169470E-002
  3.000000142492354E-002  1.911282850071078E-002
  3.100000147242099E-002  1.949944197687422E-002
  3.200000151991844E-002  1.989799689875230E-002
  3.300000156741589E-002  2.030899445786505E-002
  3.400000161491334E-002  2.073296267208897E-002
  3.500000166241080E-002  2.117045814528203E-002
  3.600000170990825E-002  2.162206796452189E-002
  3.700000175740570E-002  2.208841174753207E-002
  3.800000180490315E-002  2.257014385419173E-002
  3.900000185240060E-002  2.306795577750364E-002
  4.000000189989805E-002  2.358257873105288E-002
  4.100000194739550E-002  2.411478645184872E-002
  4.200000199489295E-002  2.466539823953385E-002
  4.300000204239041E-002  2.523528225529881E-002
  4.400000208988786E-002  2.582535910649390E-002
  4.500000213738531E-002  2.643660574592692E-002
  4.600000218488276E-002  2.707005971822506E-002
  4.700000223238021E-002  2.772682378947780E-002
  4.800000227987766E-002  2.840807100073396E-002
  4.900000232737511E-002  2.911505019087744E-002
  5.000000237487257E-002  2.984909204004261E-002
  5.100000242237002E-002  3.061161569116013E-002
  5.200000246986747E-002  3.140413601456975E-002
  5.300000251736492E-002  3.222827158904550E-002
  5.400000256486237E-002  3.308575348222227E-002
  5.500000261235982E-002  3.397843492449248E-002
  5.600000265985727E-002  3.490830198319633E-002
  5.700000270735472E-002  3.587748535864031E-002
  5.800000275485218E-002  3.688827344047828E-002
  5.900000280234963E-002  3.794312678267357E-002
  6.000000284984708E-002  3.904469417809504E-002
  6.100000289734453E-002  4.019583054034235E-002
  6.200000294484198E-002  4.139961683130344E-002
  6.300000299233943E-002  4.265938230900852E-002
  6.400000303983688E-002  4.397872941248931E-002
  6.500000308733433E-002  4.536156164969170E-002
  6.600000313483179E-002  4.681211491233944E-002
  6.700000318232924E-002  4.833499270956518E-002
  6.800000322982669E-002  4.993520589195384E-002
  6.900000327732414E-002  5.161821753154370E-002
  7.000000332482159E-002  5.338999373382051E-002
  7.100000337231904E-002  5.525706128772483E-002
  7.200000341981649E-002  5.722657321246724E-002
  7.300000346731395E-002  5.930638343915746E-002
  7.400000351481140E-002  6.150513207479037E-002
  7.500000356230885E-002  6.383234293987952E-002
  7.600000360980630E-002  6.629853535239758E-002
  7.700000365730375E-002  6.891535245178645E-002
  7.800000370480120E-002  7.169570871702943E-002
  7.900000375229865E-002  7.465395972643608E-002
  8.000000379979610E-002  7.780609761923937E-002
  8.100000384729356E-002  8.116997612054228E-002
  8.200000389479101E-002  8.476556932680610E-002
  8.300000394228846E-002  8.861526862386290E-002
  8.400000398978591E-002  9.274422196448528E-002
  8.500000403728336E-002  9.718071900993613E-002
  8.600000408478081E-002  0.101956623931218     
  8.700000413227826E-002  0.107107854339680     
  8.800000417977571E-002  0.112674898922683     
  8.900000422727317E-002  0.118703356509868     
  9.000000427477062E-002  0.125244463536569     
  9.100000432226807E-002  0.132355552592438     
  9.200000436976552E-002  0.140100348716658     
  9.300000441726297E-002  0.148548958899227     
  9.400000446476042E-002  0.157777341621333     
  9.500000451225787E-002  0.167865959606964     
  9.600000455975533E-002  0.178897234245195     
  9.700000460725278E-002  0.190951370053426     
  9.800000465475023E-002  0.204100166586667     
  9.900000470224768E-002  0.218398668259381     
  0.100000004749745       0.233874995363927     
  0.101000004797243       0.250519495246442     
  0.102000004844740       0.268275498161321     
  0.103000004892237       0.287035567007458     
  0.104000004939735       0.306649130383058     
  0.105000004987232       0.326948661868780     
  0.106000005034730       0.347799145253152     
  0.107000005082227       0.369166365181342     
  0.108000005129725       0.391185521644752     
  0.109000005177222       0.414202672750247     
  0.110000005224720       0.438768294830600     
  0.111000005272217       0.465583377608530     
  0.112000005319715       0.495418475024844     
  0.113000005367212       0.529030406245839     
  0.114000005414709       0.567089752567707     
  0.115000005462207       0.610116090789967     
  0.116000005509704       0.658407349510743     
  0.117000005557202       0.711948420821316     
  0.118000005604699       0.770291924775155     
  0.119000005652197       0.832420784224133     
  0.120000005699694       0.896628542910146     
  0.121000005747192       0.960485474013629     
  0.122000005794689        1.02098094912951     
  0.123000005842187        1.07491500430005     
  0.124000005889684        1.11952567600177     
  0.125000005937181        1.15319637404604     
  0.126000005984679        1.17597397635833     
  0.127000006032176        1.18965460296226     
  0.128000006079674        1.19738095159797     
  0.129000006127171        1.20291868534836     
  0.130000006174669        1.20987983454856     
  0.131000006222166        1.22109673118933     
  0.132000006269664        1.23821089866128     
  0.133000006317161        1.26143900873998     
  0.134000006364658        1.28945973031457     
  0.135000006412156        1.31941489599591     
  0.136000006459653        1.34709092829987     
  0.137000006507151        1.36738658068394     
  0.138000006554648        1.37512477705638     
  0.139000006602146        1.36610721065587     
  0.140000006649643        1.33810752333102     
  0.141000006697141        1.29141090116248     
  0.142000006744638        1.22865983646743     
  0.143000006792136        1.15409110242782     
  0.144000006839633        1.07251538788087     
  0.145000006887130       0.988423970490275     
  0.146000006934628       0.905441119393951     
  0.147000006982125       0.826137567996276     
  0.148000007029623       0.752098958164731     
  0.149000007077120       0.684119808211706     
  0.150000007124618       0.622425732999479     
  0.151000007172115       0.566870672286642     
  0.152000007219613       0.517089644053957     
  0.153000007267110       0.472606715573027     
  0.154000007314608       0.432905986761705     
  0.155000007362105       0.397475150073731     
  0.156000007409602       0.365830120136565     
  0.157000007457100       0.337527292895631     
  0.158000007504597       0.312168109650703     
  0.159000007552095       0.289399083356462     
  0.160000007599592       0.268909333436520     
  0.161000007647090       0.250426908139007     
  0.162000007694587       0.233714664510270     
  0.163000007742085       0.218566148678275     
  0.164000007789582       0.204801714132574     
  0.165000007837079       0.192264990762338     
  0.166000007884577       0.180819743695908     
  0.167000007932074       0.170347119359599     
  0.168000007979572       0.160743254258977     
  0.169000008027069       0.151917211899633     
  0.170000008074567       0.143789210063409     
  0.171000008122064       0.136289101286362     
  0.172000008169562       0.129355071992714     
  0.173000008217059       0.122932529223213     
  0.174000008264557       0.116973147622652     
  0.175000008312054       0.111434052971674     
  0.176000008359551       0.106277121886527     
  0.177000008407049       0.101468380293187     
  0.178000008454546       9.697748589287235E-002
  0.179000008502044       9.277728208965555E-002
  0.180000008549541       8.884341277822058E-002
  0.181000008597039       8.515398902742896E-002
  0.182000008644536       8.168930008079892E-002
  0.183000008692034       7.843156226373080E-002
  0.184000008739531       7.536470037155105E-002
  0.185000008787028       7.247415694058337E-002
  0.186000008834526       6.974672550108263E-002
  0.187000008882023       6.717040449702434E-002
  0.188000008929521       6.473426905126098E-002
  0.189000008977018       6.242835817047294E-002
  0.190000009024516       6.024357533526679E-002
  0.191000009072013       5.817160071726551E-002
  0.192000009119511       5.620481351591265E-002
  0.193000009167008       5.433622312032972E-002
  0.194000009214506       5.255940798206582E-002
  0.195000009262003       5.086846123807487E-002
  0.196000009309500       4.925794225402531E-002
  0.197000009356998       4.772283336965388E-002
  0.198000009404495       4.625850122330410E-002
  0.199000009451993       4.486066211453486E-002
  0.200000009499490       4.352535093383647E-002
  0.201000009546988       4.224889324880697E-002
  0.202000009594485       4.102788018809098E-002
  0.203000009641983       3.985914580921251E-002
  0.204000009689480       3.873974667518347E-002
  0.205000009736978       3.766694339832732E-002
  0.206000009784475       3.663818393886815E-002
  0.207000009831972       3.565108847113251E-002
  0.208000009879470       3.470343565223120E-002
  0.209000009926967       3.379315014728879E-002
  0.210000009974465       3.291829128205707E-002
  0.211000010021962       3.207704270841741E-002
  0.212000010069460       3.126770298113023E-002
  0.213000010116957       3.048867695546796E-002
  0.214000010164455       2.973846792528112E-002
  0.215000010211952       2.901567042977284E-002
  0.216000010259449       2.831896366494900E-002
  0.217000010306947       2.764710544250171E-002
  0.218000010354444       2.699892664488722E-002
  0.219000010401942       2.637332613067444E-002
  0.220000010449439       2.576926604895165E-002
  0.221000010496937       2.518576752576232E-002
  0.222000010544434       2.462190668925848E-002
  0.223000010591932       2.407681100357005E-002
  0.224000010639429       2.354965588433705E-002
  0.225000010686927       2.303966157148398E-002
  0.226000010734424       2.254609023716605E-002
  0.227000010781921       2.206824330892045E-002
  0.228000010829419       2.160545898993869E-002
  0.229000010876916       2.115710996006476E-002
  0.230000010924414       2.072260124263927E-002
  0.231000010971911       2.030136822367155E-002
  0.232000011019409       1.989287481104675E-002
  0.233000011066906       1.949661172257822E-002
  0.234000011114404       1.911209489270962E-002
  0.235000011161901       1.873886398856926E-002
  0.236000011209399       1.837648102688911E-002
  0.237000011256896       1.802452908403454E-002
  0.238000011304393       1.768261109205395E-002
  0.239000011351891       1.735034871425867E-002
  0.240000011399388       1.702738129438874E-002
  0.241000011446886       1.671336487391449E-002
  0.242000011494383       1.640797127247388E-002
  0.243000011541881       1.611088722685389E-002
  0.244000011589378       1.582181358429639E-002
  0.245000011636876       1.554046454624762E-002
  0.246000011684373       1.526656695897955E-002
  0.247000011731870       1.499985964779307E-002
  0.248000011779368       1.474009279177018E-002
  0.249000011826865       1.448702733627804E-002
  0.250000011874363       1.424043444064243E-002
  0.251000011921860       1.400009495860524E-002
  0.252000011969358       1.376579894936111E-002
  0.253000012016855       1.353734521713366E-002
  0.254000012064353       1.331454087740330E-002
  0.255000012111850       1.309720094803817E-002
  0.256000012159348       1.288514796370757E-002
  0.257000012206845       1.267821161207486E-002
  0.258000012254342       1.247622839037518E-002
  0.259000012301840       1.227904128108289E-002
  0.260000012349337       1.208649944546560E-002
  0.261000012396835       1.189845793390593E-002
  0.262000012444332       1.171477741195075E-002
  0.263000012491830       1.153532390111929E-002
  0.264000012539327       1.135996853356819E-002
  0.265000012586825       1.118858731977330E-002
  0.266000012634322       1.102106092844455E-002
  0.267000012681819       1.085727447794323E-002
  0.268000012729317       1.069711733851956E-002
  0.269000012776814       1.054048294473364E-002
  0.270000012824312       1.038726861746479E-002
  0.271000012871809       1.023737539495296E-002
  0.272000012919307       1.009070787235224E-002
  0.273000012966804       9.947174049309544E-003
  0.274000013014302       9.806685185113082E-003
  0.275000013061799       9.669155660983643E-003
  0.276000013109297       9.534502849109085E-003
  0.277000013156794       9.402646988047002E-003
  0.278000013204291       9.273511064144160E-003
  0.279000013251789       9.147020698642722E-003
  0.280000013299286       9.023104040163644E-003
  0.281000013346784       8.901691662276450E-003
  0.282000013394281       8.782716465882105E-003
  0.283000013441779       8.666113586152152E-003
  0.284000013489276       8.551820303782657E-003
  0.285000013536774       8.439775960335665E-003
  0.286000013584271       8.329921877454419E-003
  0.287000013631769       8.222201279750974E-003
  0.288000013679266       8.116559221176576E-003
  0.289000013726763       8.012942514696138E-003
  0.290000013774261       7.911299665098372E-003
  0.291000013821758       7.811580804782767E-003
  0.292000013869256       7.713737632373522E-003
  0.293000013916753       7.617723354019114E-003
  0.294000013964251       7.523492627243924E-003
  0.295000014011748       7.431001507225907E-003
  0.296000014059246       7.340207395381179E-003
  0.297000014106743       7.251068990142942E-003
  0.298000014154240       7.163546239828348E-003
  0.299000014201738       7.077600297492629E-003
  0.300000014249235       6.993193477675285E-003
  0.301000014296733       6.910289214948196E-003
  0.302000014344230       6.828852024180361E-003
  0.303000014391728       6.748847462438440E-003
  0.304000014439225       6.670242092446583E-003
  0.305000014486723       6.593003447532973E-003
  0.306000014534220       6.517099997994361E-003
  0.307000014581718       6.442501118813366E-003
  0.308000014629215       6.369177058666691E-003
  0.309000014676712       6.297098910165579E-003
  0.310000014724210       6.226238581272810E-003
  0.311000014771707       6.156568767843342E-003
  0.312000014819205       6.088062927238409E-003
  0.313000014866702       6.020695252965305E-003
  0.314000014914200       5.954440650297594E-003
  0.315000014961697       5.889274712832579E-003
  0.316000015009195       5.825173699945110E-003
  0.317000015056692       5.762114515098733E-003
  0.318000015104190       5.700074684977105E-003
  0.319000015151687       5.639032339400425E-003
  0.320000015199184       5.578966191993254E-003
  0.321000015246682       5.519855521571815E-003
  0.322000015294179       5.461680154220248E-003
  0.323000015341677       5.404420446026876E-003
  0.324000015389174       5.348057266452818E-003
  0.325000015436672       5.292571982306590E-003
  0.326000015484169       5.237946442299612E-003
  0.327000015531667       5.184162962158644E-003
  0.328000015579164       5.131204310272313E-003
  0.329000015626661       5.079053693849951E-003
  0.330000015674159       5.027694745571923E-003
  0.331000015721656       4.977111510711595E-003
  0.332000015769154       4.927288434710006E-003
  0.333000015816651       4.878210351185118E-003
  0.334000015864149       4.829862470358372E-003
  0.335000015911646       4.782230367881987E-003
  0.336000015959144       4.735299974051287E-003
  0.337000016006641       4.689057563386880E-003
  0.338000016054139       4.643489744572325E-003
  0.339000016101636       4.598583450733447E-003
  0.340000016149133       4.554325930046117E-003
  0.341000016196631       4.510704736659869E-003
  0.342000016244128       4.467707721925269E-003
  0.343000016291626       4.425323025913453E-003
  0.344000016339123       4.383539069216791E-003
  0.345000016386621       4.342344545020051E-003
  0.346000016434118       4.301728411431904E-003
  0.347000016481616       4.261679884067065E-003
  0.348000016529113       4.222188428869731E-003
  0.349000016576611       4.183243755169380E-003
  0.350000016624108       4.144835808960381E-003
  0.351000016671605       4.106954766397209E-003
  0.352000016719103       4.069591027497368E-003
  0.353000016766600       4.032735210044507E-003
  0.354000016814098       3.996378143684453E-003
  0.355000016861595       3.960510864207244E-003
  0.356000016909093       3.925124608008467E-003
  0.357000016956590       3.890210806723516E-003
  0.358000017004088       3.855761082028625E-003
  0.359000017051585       3.821767240602761E-003
  0.360000017099082       3.788221269244734E-003
  0.361000017146580       3.755115330140064E-003
  0.362000017194077       3.722441756272381E-003
  0.363000017241575       3.690193046974345E-003
  0.364000017289072       3.658361863613228E-003
  0.365000017336570       3.626941025406556E-003
  0.366000017384067       3.595923505363323E-003
  0.367000017431565       3.565302426346484E-003
  0.368000017479062       3.535071057252631E-003
  0.369000017526560       3.505222809304834E-003
  0.370000017574057       3.475751232454886E-003
  0.371000017621554       3.446650011891227E-003
  0.372000017669052       3.417912964649047E-003
  0.373000017716549       3.389534036319143E-003
  0.374000017764047       3.361507297852273E-003
  0.375000017811544       3.333826942455826E-003
  0.376000017859042       3.306487282579807E-003
  0.377000017906539       3.279482746989176E-003
  0.378000017954037       3.252807877919744E-003
  0.379000018001534       3.226457328314908E-003
  0.380000018049031       3.200425859140604E-003
  0.381000018096529       3.174708336775954E-003
  0.382000018144026       3.149299730477197E-003
  0.383000018191524       3.124195109912525E-003
  0.384000018239021       3.099389642765610E-003
  0.385000018286519       3.074878592405597E-003
  0.386000018334016       3.050657315621508E-003
  0.387000018381514       3.026721260418995E-003
  0.388000018429011       3.003065963877500E-003
  0.389000018476509       2.979687050065949E-003
  0.390000018524006       2.956580228015133E-003
  0.391000018571503       2.933741289745041E-003
  0.392000018619001       2.911166108345450E-003
  0.393000018666498       2.888850636108110E-003
  0.394000018713996       2.866790902708973E-003
  0.395000018761493       2.844983013438929E-003
  0.396000018808991       2.823423147481565E-003
  0.397000018856488       2.802107556236538E-003
  0.398000018903986       2.781032561687176E-003
  0.399000018951483       2.760194554810987E-003
  0.400000018998981       2.739589994031780E-003
  0.401000019046478       2.719215403712172E-003
  0.402000019093975       2.699067372685264E-003
  0.403000019141473       2.679142552824340E-003
  0.404000019188970       2.659437657649465E-003
  0.405000019236468       2.639949460969891E-003
  0.406000019283965       2.620674795561230E-003
  0.407000019331463       2.601610551876376E-003
  0.408000019378960       2.582753676789202E-003
  0.409000019426458       2.564101172370064E-003
  0.410000019473955       2.545650094692230E-003
  0.411000019521452       2.527397552668295E-003
  0.412000019568950       2.509340706915778E-003
  0.413000019616447       2.491476768651022E-003
  0.414000019663945       2.473802998610619E-003
  0.415000019711442       2.456316705999571E-003
  0.416000019758940       2.439015247465432E-003
  0.417000019806437       2.421896026097702E-003
  0.418000019853935       2.404956490451763E-003
  0.419000019901432       2.388194133596671E-003
  0.420000019948930       2.371606492186143E-003
  0.421000019996427       2.355191145552096E-003
  0.422000020043924       2.338945714820097E-003
  0.423000020091422       2.322867862046159E-003
  0.424000020138919       2.306955289374248E-003
  0.425000020186417       2.291205738213975E-003
  0.426000020233914       2.275616988437902E-003
  0.427000020281412       2.260186857597926E-003
  0.428000020328909       2.244913200160245E-003
  0.429000020376407       2.229793906758376E-003
  0.430000020423904       2.214826903463767E-003
  0.431000020471402       2.200010151073507E-003
  0.432000020518899       2.185341644414697E-003
  0.433000020566396       2.170819411665022E-003
  0.434000020613894       2.156441513689108E-003
  0.435000020661391       2.142206043390235E-003
  0.436000020708889       2.128111125077005E-003
  0.437000020756386       2.114154913844581E-003
  0.438000020803884       2.100335594970091E-003
  0.439000020851381       2.086651383321860E-003
  0.440000020898879       2.073100522782082E-003
  0.441000020946376       2.059681285682597E-003
  0.442000020993873       2.046391972253433E-003
  0.443000021041371       2.033230910083780E-003
  0.444000021088868       2.020196453595077E-003
  0.445000021136366       2.007286983525917E-003
  0.446000021183863       1.994500906428430E-003
  0.447000021231361       1.981836654175904E-003
  0.448000021278858       1.969292683481312E-003
  0.449000021326356       1.956867475426497E-003
  0.450000021373853       1.944559535001742E-003
  0.451000021421351       1.932367390655452E-003
  0.452000021468848       1.920289593853706E-003
  0.453000021516345       1.908324718649438E-003
  0.454000021563843       1.896471361260983E-003
  0.455000021611340       1.884728139659788E-003
  0.456000021658838       1.873093693167032E-003
  0.457000021706335       1.861566682058956E-003
  0.458000021753833       1.850145787180681E-003
  0.459000021801330       1.838829709568299E-003
  0.460000021848828       1.827617170079049E-003
  0.461000021896325       1.816506909029373E-003
  0.462000021943823       1.805497685840656E-003
  0.463000021991320       1.794588278692476E-003
  0.464000022038817       1.783777484183175E-003
  0.465000022086315       1.773064116997570E-003
  0.466000022133812       1.762447009581648E-003
  0.467000022181310       1.751925011824062E-003
  0.468000022228807       1.741496990744273E-003
  0.469000022276305       1.731161830187182E-003
  0.470000022323802       1.720918430524095E-003
  0.471000022371300       1.710765708359867E-003
  0.472000022418797       1.700702596246093E-003
  0.473000022466294       1.690728042400188E-003
  0.474000022513792       1.680841010430224E-003
  0.475000022561289       1.671040479065397E-003
  0.476000022608787       1.661325441891984E-003
  0.477000022656284       1.651694907094660E-003
  0.478000022703782       1.642147897203063E-003
  0.479000022751279       1.632683448843472E-003
  0.480000022798777       1.623300612495494E-003
  0.481000022846274       1.613998452253630E-003
  0.482000022893772       1.604776045593623E-003
  0.483000022941269       1.595632483143465E-003
  0.484000022988766       1.586566868458974E-003
  0.485000023036264       1.577578317803815E-003
  0.486000023083761       1.568665959933887E-003
  0.487000023131259       1.559828935885960E-003
  0.488000023178756       1.551066398770475E-003
  0.489000023226254       1.542377513568421E-003
  0.490000023273751       1.533761456932168E-003
  0.491000023321249       1.525217416990215E-003
  0.492000023368746       1.516744593155714E-003
  0.493000023416243       1.508342195938731E-003
  0.494000023463741       1.500009446762131E-003
  0.495000023511238       1.491745577781021E-003
  0.496000023558736       1.483549831705668E-003
  0.497000023606233       1.475421461627821E-003
  0.498000023653731       1.467359730850356E-003
  0.499000023701228       1.459363912720172E-003
  0.500000023748726       1.451433290464276E-003
  0.501000023796223       1.443567157028972E-003
  0.502000023843721       1.435764814922105E-003
  0.503000023891218       1.428025576058282E-003
  0.504000023938715       1.420348761607000E-003
  0.505000023986213       1.412733701843649E-003
  0.506000024033710       1.405179736003278E-003
  0.507000024081208       1.397686212137123E-003
  0.508000024128705       1.390252486971785E-003
  0.509000024176203       1.382877925771041E-003
  0.510000024223700       1.375561902200210E-003
  0.511000024271198       1.368303798193031E-003
  0.512000024318695       1.361103003820991E-003
  0.513000024366193       1.353958917165058E-003
  0.514000024413690       1.346870944189775E-003
  0.515000024461187       1.339838498619640E-003
  0.516000024508685       1.332861001817763E-003
  0.517000024556182       1.325937882666714E-003
  0.518000024603680       1.319068577451546E-003
  0.519000024651177       1.312252529744929E-003
  0.520000024698675       1.305489190294359E-003
  0.521000024746172       1.298778016911407E-003
  0.522000024793670       1.292118474362945E-003
  0.523000024841167       1.285510034264331E-003
  0.524000024888664       1.278952174974500E-003
  0.525000024936162       1.272444381492926E-003
  0.526000024983659       1.265986145358416E-003
  0.527000025031157       1.259576964549698E-003
  0.528000025078654       1.253216343387772E-003
  0.529000025126152       1.246903792439983E-003
  0.530000025173649       1.240638828425777E-003
  0.531000025221147       1.234420974124122E-003
  0.532000025268644       1.228249758282542E-003
  0.533000025316142       1.222124715527748E-003
  0.534000025363639       1.216045386277818E-003
  0.535000025411136       1.210011316655912E-003
  0.536000025458634       1.204022058405480E-003
  0.537000025506131       1.198077168806933E-003
  0.538000025553629       1.192176210595762E-003
  0.539000025601126       1.186318751882057E-003
  0.540000025648624       1.180504366071412E-003
  0.541000025696121       1.174732631787184E-003
  0.542000025743619       1.169003132794082E-003
  0.543000025791116       1.163315457923059E-003
  0.544000025838614       1.157669200997477E-003
  0.545000025886111       1.152063960760529E-003
  0.546000025933608       1.146499340803889E-003
  0.547000025981106       1.140974949497563E-003
  0.548000026028603       1.135490399920924E-003
  0.549000026076101       1.130045309794907E-003
  0.550000026123598       1.124639301415338E-003
  0.551000026171096       1.119272001587378E-003
  0.552000026218593       1.113943041561061E-003
  0.553000026266091       1.108652056967906E-003
  0.554000026313588       1.103398687758581E-003
  0.555000026361085       1.098182578141595E-003
  0.556000026408583       1.093003376523013E-003
  0.557000026456080       1.087860735447150E-003
  0.558000026503578       1.082754311538256E-003
  0.559000026551075       1.077683765443148E-003
  0.560000026598573       1.072648761774781E-003
  0.561000026646070       1.067648969056747E-003
  0.562000026693568       1.062684059668673E-003
  0.563000026741065       1.057753709792505E-003
  0.564000026788563       1.052857599359671E-003
  0.565000026836060       1.047995411999087E-003
  0.566000026883557       1.043166834986016E-003
  0.567000026931055       1.038371559191739E-003
  0.568000026978552       1.033609279034039E-003
  0.569000027026050       1.028879692428482E-003
  0.570000027073547       1.024182500740473E-003
  0.571000027121045       1.019517408738075E-003
  0.572000027168542       1.014884124545587E-003
  0.573000027216040       1.010282359597854E-003
  0.574000027263537       1.005711828595298E-003
  0.575000027311035       1.001172249459668E-003
  0.576000027358532       9.966633432904846E-004
  0.577000027406029       9.921848343221657E-004
  0.578000027453527       9.877364498818335E-004
  0.579000027501024       9.833179203477776E-004
  0.580000027548522       9.789289791085685E-004
  0.581000027596019       9.745693625228104E-004
  0.582000027643517       9.702388098795183E-004
  0.583000027691014       9.659370633591127E-004
  0.584000027738512       9.616638679950173E-004
  0.585000027786009       9.574189716358512E-004
  0.586000027833506       9.532021249082041E-004
  0.587000027881004       9.490130811799848E-004
  0.588000027928501       9.448515965243326E-004
  0.589000027975999       9.407174296840822E-004
  0.590000028023496       9.366103420367713E-004
  0.591000028070994       9.325300975601830E-004
  0.592000028118491       9.284764627984130E-004
  0.593000028165989       9.244492068284506E-004
  0.594000028213486       9.204481012272693E-004
  0.595000028260984       9.164729200394129E-004
  0.596000028308481       9.125234397450721E-004
  0.597000028355978       9.085994392286414E-004
  0.598000028403476       9.047006997477487E-004
  0.599000028450973       9.008270049027500E-004
  0.600000028498471       8.969781406066797E-004
  0.601000028545968       8.931538950556512E-004
  0.602000028593466       8.893540586996961E-004
  0.603000028640963       8.855784242140399E-004
  0.604000028688461       8.818267864708022E-004
  0.605000028735958       8.780989425111160E-004
  0.606000028783455       8.743946915176602E-004
  0.607000028830953       8.707138347875958E-004
  0.608000028878450       8.670561757059004E-004
  0.609000028925948       8.634215197190961E-004
  0.610000028973445       8.598096743093596E-004
  0.611000029020943       8.562204489690130E-004
  0.612000029068440       8.526536551753858E-004
  0.613000029115938       8.491091063660434E-004
  0.614000029163435       8.455866179143749E-004
  0.615000029210933       8.420860071055363E-004
  0.616000029258430       8.386070931127403E-004
  0.617000029305927       8.351496969738885E-004
  0.618000029353425       8.317136415685426E-004
  0.619000029400922       8.282987515952234E-004
  0.620000029448420       8.249048535490390E-004
  0.621000029495917       8.215317756996301E-004
  0.622000029543415       8.181793480694342E-004
  0.623000029590912       8.148474024122560E-004
  0.624000029638410       8.115357721921461E-004
  0.625000029685907       8.082442925625781E-004
  0.626000029733405       8.049728003459201E-004
  0.627000029780902       8.017211340132001E-004
  0.628000029828399       7.984891336641525E-004
  0.629000029875897       7.952766410075497E-004
  0.630000029923394       7.920834993418073E-004
  0.631000029970892       7.889095535358642E-004
  0.632000030018389       7.857546500103290E-004
  0.633000030065887       7.826186367188893E-004
  0.634000030113384       7.795013631299819E-004
  0.635000030160882       7.764026802087179E-004
  0.636000030208379       7.733224403990580E-004
  0.637000030255876       7.702604976062360E-004
  0.638000030303374       7.672167071794249E-004
  0.639000030350871       7.641909258946433E-004
  0.640000030398369       7.611830119378961E-004
  0.641000030445866       7.581928248885487E-004
  0.642000030493364       7.552202257029288E-004
  0.643000030540861       7.522650766981523E-004
  0.644000030588359       7.493272415361713E-004
  0.645000030635856       7.464065852080400E-004
  0.646000030683354       7.435029740183944E-004
  0.647000030730851       7.406162755701431E-004
  0.648000030778348       7.377463587493662E-004
  0.649000030825846       7.348930937104187E-004
  0.650000030873343       7.320563518612352E-004
  0.651000030920841       7.292360058488323E-004
  0.652000030968338       7.264319295450081E-004
  0.653000031015836       7.236439980322312E-004
  0.654000031063333       7.208720875897219E-004
  0.655000031110831       7.181160756797174E-004
  0.656000031158328       7.153758409339213E-004
  0.657000031205826       7.126512631401352E-004
  0.658000031253323       7.099422232290670E-004
  0.659000031300820       7.072486032613128E-004
  0.660000031348318       7.045702864145162E-004
  0.661000031395815       7.019071569706922E-004
  0.662000031443313       6.992591003037230E-004
  0.663000031490810       6.966260028670152E-004
  0.664000031538308       6.940077521813224E-004
  0.665000031585805       6.914042368227256E-004
  0.666000031633303       6.888153464107731E-004
  0.667000031680800       6.862409715967732E-004
  0.668000031728297       6.836810040522425E-004
  0.669000031775795       6.811353364575034E-004
  0.670000031823292       6.786038624904300E-004
  0.671000031870790       6.760864768153408E-004
  0.672000031918287       6.735830750720347E-004
  0.673000031965785       6.710935538649697E-004
  0.674000032013282       6.686178107525812E-004
  0.675000032060780       6.661557442367378E-004
  0.676000032108277       6.637072537523323E-004
  0.677000032155775       6.612722396570085E-004
  0.678000032203272       6.588506032210166E-004
  0.679000032250769       6.564422466172018E-004
  0.680000032298267       6.540470729111188E-004
  0.681000032345764       6.516649860512720E-004
  0.682000032393262       6.492958908594819E-004
  0.683000032440759       6.469396930213723E-004
  0.684000032488257       6.445962990769793E-004
  0.685000032535754       6.422656164114778E-004
  0.686000032583252       6.399475532460263E-004
  0.687000032630749       6.376420186287276E-004
  0.688000032678246       6.353489224257024E-004
  0.689000032725744       6.330681753122748E-004
  0.690000032773241       6.307996887642697E-004
  0.691000032820739       6.285433750494191E-004
  0.692000032868236       6.262991472188741E-004
  0.693000032915734       6.240669190988246E-004
  0.694000032963231       6.218466052822233E-004
  0.695000033010729       6.196381211206121E-004
  0.696000033058226       6.174413827160495E-004
  0.697000033105724       6.152563069131394E-004
  0.698000033153221       6.130828112911576E-004
  0.699000033200718       6.109208141562752E-004
  0.700000033248216       6.087702345338791E-004
  0.701000033295713       6.066309921609861E-004
  0.702000033343211       6.045030074787500E-004
  0.703000033390708       6.023862016250616E-004
  0.704000033438206       6.002804964272383E-004
  0.705000033485703       5.981858143948031E-004
  0.706000033533201       5.961020787123527E-004
  0.707000033580698       5.940292132325113E-004
  0.708000033628196       5.919671424689705E-004
  0.709000033675693       5.899157915896142E-004
  0.710000033723190       5.878750864097249E-004
  0.711000033770688       5.858449533852752E-004
  0.712000033818185       5.838253196062976E-004
  0.713000033865683       5.818161127903356E-004
  0.714000033913180       5.798172612759727E-004
  0.715000033960678       5.778286940164402E-004
  0.716000034008175       5.758503405733009E-004
  0.717000034055673       5.738821311102086E-004
  0.718000034103170       5.719239963867416E-004
  0.719000034150667       5.699758677523111E-004
  0.720000034198165       5.680376771401412E-004
  0.721000034245662       5.661093570613199E-004
  0.722000034293160       5.641908405989222E-004
  0.723000034340657       5.622820614022017E-004
  0.724000034388155       5.603829536808511E-004
  0.725000034435652       5.584934521993309E-004
  0.726000034483150       5.566134922712646E-004
  0.727000034530647       5.547430097538998E-004
  0.728000034578145       5.528819410426341E-004
  0.729000034625642       5.510302230656068E-004
  0.730000034673139       5.491877932783512E-004
  0.731000034720637       5.473545896585122E-004
  0.732000034768134       5.455305507006232E-004
  0.733000034815632       5.437156154109460E-004
  0.734000034863129       5.419097233023688E-004
  0.735000034910627       5.401128143893645E-004
  0.736000034958124       5.383248291830074E-004
  0.737000035005622       5.365457086860475E-004
  0.738000035053119       5.347753943880412E-004
  0.739000035100617       5.330138282605390E-004
  0.740000035148114       5.312609527523277E-004
  0.741000035195611       5.295167107847286E-004
  0.742000035243109       5.277810457469480E-004
  0.743000035290606       5.260539014914823E-004
  0.744000035338104       5.243352223295754E-004
  0.745000035385601       5.226249530267278E-004
  0.746000035433099       5.209230387982559E-004
  0.747000035480596       5.192294253049044E-004
  0.748000035528094       5.175440586485062E-004
  0.749000035575591       5.158668853676926E-004
  0.750000035623088       5.141978524336518E-004
  0.751000035670586       5.125369072459352E-004
  0.752000035718083       5.108839976283125E-004
  0.753000035765581       5.092390718246709E-004
  0.754000035813078       5.076020784949627E-004
  0.755000035860576       5.059729667111978E-004
  0.756000035908073       5.043516859534808E-004
  0.757000035955571       5.027381861060925E-004
  0.758000036003068       5.011324174536162E-004
  0.759000036050566       4.995343306771058E-004
  0.760000036098063       4.979438768502975E-004
  0.761000036145560       4.963610074358638E-004
  0.762000036193058       4.947856742817090E-004
  0.763000036240555       4.932178296173045E-004
  0.764000036288053       4.916574260500677E-004
  0.765000036335550       4.901044165617774E-004
  0.766000036383048       4.885587545050314E-004
  0.767000036430545       4.870203935997423E-004
  0.768000036478043       4.854892879296712E-004
  0.769000036525540       4.839653919390005E-004
  0.770000036573038       4.824486604289445E-004
  0.771000036620535       4.809390485543953E-004
  0.772000036668032       4.794365118206078E-004
  0.773000036715530       4.779410060799193E-004
  0.774000036763027       4.764524875285055E-004
  0.775000036810525       4.749709127031712E-004
  0.776000036858022       4.734962384781772E-004
  0.777000036905520       4.720284220621002E-004
  0.778000036953017       4.705674209947277E-004
  0.779000037000515       4.691131931439855E-004
  0.780000037048012       4.676656967028999E-004
  0.781000037095509       4.662248901865914E-004
  0.782000037143007       4.647907324293009E-004
  0.783000037190504       4.633631825814489E-004
  0.784000037238002       4.619422001067249E-004
  0.785000037285499       4.605277447792089E-004
  0.786000037332997       4.591197766805236E-004
  0.787000037380494       4.577182561970167E-004
  0.788000037427992       4.563231440169737E-004
  0.789000037475489       4.549344011278599E-004
  0.790000037522987       4.535519888135927E-004
  0.791000037570484       4.521758686518412E-004
  0.792000037617981       4.508060025113564E-004
  0.793000037665479       4.494423525493281E-004
  0.794000037712976       4.480848812087711E-004
  0.795000037760474       4.467335512159372E-004
  0.796000037807971       4.453883255777570E-004
  0.797000037855469       4.440491675793059E-004
  0.798000037902966       4.427160407812988E-004
  0.799000037950464       4.413889090176105E-004
  0.800000037997961       4.400677363928211E-004
  0.801000038045458       4.387524872797888E-004
  0.802000038092956       4.374431263172468E-004
  0.803000038140453       4.361396184074260E-004
  0.804000038187951       4.348419287137012E-004
  0.805000038235448       4.335500226582639E-004
  0.806000038282946       4.322638659198177E-004
  0.807000038330443       4.309834244312974E-004
  0.808000038377941       4.297086643776133E-004
  0.809000038425438       4.284395521934170E-004
  0.810000038472936       4.271760545608919E-004
  0.811000038520433       4.259181384075646E-004
  0.812000038567930       4.246657709041415E-004
  0.813000038615428       4.234189194623646E-004
  0.814000038662925       4.221775517328915E-004
  0.815000038710423       4.209416356031965E-004
  0.816000038757920       4.197111391954928E-004
  0.817000038805418       4.184860308646763E-004
  0.818000038852915       4.172662791962904E-004
  0.819000038900413       4.160518530045117E-004
  0.820000038947910       4.148427213301554E-004
  0.821000038995408       4.136388534387019E-004
  0.822000039042905       4.124402188183432E-004
  0.823000039090402       4.112467871780485E-004
  0.824000039137900       4.100585284456502E-004
  0.825000039185397       4.088754127659486E-004
  0.826000039232895       4.076974104988363E-004
  0.827000039280392       4.065244922174407E-004
  0.828000039327890       4.053566287062861E-004
  0.829000039375387       4.041937909594733E-004
  0.830000039422885       4.030359501788789E-004
  0.831000039470382       4.018830777723704E-004
  0.832000039517879       4.007351453520416E-004
  0.833000039565377       3.995921247324639E-004
  0.834000039612874       3.984539879289556E-004
  0.835000039660372       3.973207071558689E-004
  0.836000039707869       3.961922548248928E-004
  0.837000039755367       3.950686035433744E-004
  0.838000039802864       3.939497261126553E-004
  0.839000039850362       3.928355955264252E-004
  0.840000039897859       3.917261849690922E-004
  0.841000039945357       3.906214678141685E-004
  0.842000039992854       3.895214176226720E-004
  0.843000040040351       3.884260081415442E-004
  0.844000040087849       3.873352133020832E-004
  0.845000040135346       3.862490072183925E-004
  0.846000040182844       3.851673641858445E-004
  0.847000040230341       3.840902586795591E-004
  0.848000040277839       3.830176653528978E-004
  0.849000040325336       3.819495590359717E-004
  0.850000040372834       3.808859147341648E-004
  0.851000040420331       3.798267076266708E-004
  0.852000040467829       3.787719130650452E-004
  0.853000040515326       3.777215065717702E-004
  0.854000040562823       3.766754638388350E-004
  0.855000040610321       3.756337607263283E-004
  0.856000040657818       3.745963732610454E-004
  0.857000040705316       3.735632776351090E-004
  0.858000040752813       3.725344502046018E-004
  0.859000040800311       3.715098674882142E-004
  0.860000040847808       3.704895061659037E-004
  0.861000040895306       3.694733430775676E-004
  0.862000040942803       3.684613552217279E-004
  0.863000040990300       3.674535197542304E-004
  0.864000041037798       3.664498139869539E-004
  0.865000041085295       3.654502153865337E-004
  0.866000041132793       3.644547015730962E-004
  0.867000041180290       3.634632503190058E-004
  0.868000041227788       3.624758395476244E-004
  0.869000041275285       3.614924473320812E-004
  0.870000041322783       3.605130518940556E-004
  0.871000041370280       3.595376316025709E-004
  0.872000041417778       3.585661649727996E-004
  0.873000041465275       3.575986306648801E-004
  0.874000041512772       3.566350074827441E-004
  0.875000041560270       3.556752743729560E-004
  0.876000041607767       3.547194104235616E-004
  0.877000041655265       3.537673948629497E-004
  0.878000041702762       3.528192070587229E-004
  0.879000041750260       3.518748265165788E-004
  0.880000041797757       3.509342328792033E-004
  0.881000041845255       3.499974059251725E-004
  0.882000041892752       3.490643255678658E-004
  0.883000041940250       3.481349718543887E-004
  0.884000041987747       3.472093249645059E-004
  0.885000042035244       3.462873652095846E-004
  0.886000042082742       3.453690730315466E-004
  0.887000042130239       3.444544290018312E-004
  0.888000042177737       3.435434138203671E-004
  0.889000042225234       3.426360083145540E-004
  0.890000042272732       3.417321934382536E-004
  0.891000042320229       3.408319502707900E-004
  0.892000042367727       3.399352600159588E-004
  0.893000042415224       3.390421040010463E-004
  0.894000042462721       3.381524636758564E-004
  0.895000042510219       3.372663206117478E-004
  0.896000042557716       3.363836565006790E-004
  0.897000042605214       3.355044531542626E-004
  0.898000042652711       3.346286925028278E-004
  0.899000042700209       3.337563565944919E-004
  0.900000042747706       3.328874275942402E-004
  0.901000042795204       3.320218877830137E-004
  0.902000042842701       3.311597195568060E-004
  0.903000042890199       3.303009054257678E-004
  0.904000042937696       3.294454280133194E-004
  0.905000042985193       3.285932700552717E-004
  0.906000043032691       3.277444143989553E-004
  0.907000043080188       3.268988440023567E-004
  0.908000043127686       3.260565419332622E-004
  0.909000043175183       3.252174913684114E-004
  0.910000043222681       3.243816755926556E-004
  0.911000043270178       3.235490779981260E-004
  0.912000043317676       3.227196820834078E-004
  0.913000043365173       3.218934714527229E-004
  0.914000043412670       3.210704298151190E-004
  0.915000043460168       3.202505409836665E-004
  0.916000043507665       3.194337888746626E-004
  0.917000043555163       3.186201575068419E-004
  0.918000043602660       3.178096310005947E-004
  0.919000043650158       3.170021935771919E-004
  0.920000043697655       3.161978295580170E-004
  0.921000043745153       3.153965233638046E-004
  0.922000043792650       3.145982595138859E-004
  0.923000043840148       3.138030226254409E-004
  0.924000043887645       3.130107974127571E-004
  0.925000043935142       3.122215686864947E-004
  0.926000043982640       3.114353213529580E-004
  0.927000044030137       3.106520404133747E-004
  0.928000044077635       3.098717109631789E-004
  0.929000044125132       3.090943181913032E-004
  0.930000044172630       3.083198473794746E-004
  0.931000044220127       3.075482839015185E-004
  0.932000044267625       3.067796132226677E-004
  0.933000044315122       3.060138208988778E-004
  0.934000044362620       3.052508925761479E-004
  0.935000044410117       3.044908139898488E-004
  0.936000044457614       3.037335709640549E-004
  0.937000044505112       3.029791494108845E-004
  0.938000044552609       3.022275353298428E-004
  0.939000044600107       3.014787148071733E-004
  0.940000044647604       3.007326740152135E-004
  0.941000044695102       2.999893992117561E-004
  0.942000044742599       2.992488767394160E-004
  0.943000044790097       2.985110930250032E-004
  0.944000044837594       2.977760345789003E-004
  0.945000044885091       2.970436879944458E-004
  0.946000044932589       2.963140399473227E-004
  0.947000044980086       2.955870771949525E-004
  0.948000045027584       2.948627865758935E-004
  0.949000045075081       2.941411550092459E-004
  0.950000045122579       2.934221694940602E-004
  0.951000045170076       2.927058171087518E-004
  0.952000045217574       2.919920850105208E-004
  0.953000045265071       2.912809604347754E-004
  0.954000045312569       2.905724306945613E-004
  0.955000045360066       2.898664831799962E-004
  0.956000045407563       2.891631053577079E-004
  0.957000045455061       2.884622847702783E-004
  0.958000045502558       2.877640090356916E-004
  0.959000045550056       2.870682658467873E-004
  0.960000045597553       2.863750429707177E-004
  0.961000045645051       2.856843282484098E-004
  0.962000045692548       2.849961095940328E-004
  0.963000045740046       2.843103749944684E-004
  0.964000045787543       2.836271125087868E-004
  0.965000045835041       2.829463102677270E-004
  0.966000045882538       2.822679564731808E-004
  0.967000045930035       2.815920393976817E-004
  0.968000045977533       2.809185473838980E-004
  0.969000046025030       2.802474688441298E-004
  0.970000046072528       2.795787922598109E-004
  0.971000046120025       2.789125061810138E-004
  0.972000046167523       2.782485992259601E-004
  0.973000046215020       2.775870600805337E-004
  0.974000046262518       2.769278774977991E-004
  0.975000046310015       2.762710402975232E-004
  0.976000046357512       2.756165373657008E-004
  0.977000046405010       2.749643576540847E-004
  0.978000046452507       2.743144901797191E-004
  0.979000046500005       2.736669240244775E-004
  0.980000046547502       2.730216483346035E-004
  0.981000046595000       2.723786523202562E-004
  0.982000046642497       2.717379252550591E-004
  0.983000046689995       2.710994564756523E-004
  0.984000046737492       2.704632353812492E-004
  0.985000046784990       2.698292514331961E-004
  0.986000046832487       2.691974941545356E-004
  0.987000046879984       2.685679531295741E-004
  0.988000046927482       2.679406180034517E-004
  0.989000046974979       2.673154784817170E-004
  0.990000047022477       2.666925243299041E-004
  0.991000047069974       2.660717453731141E-004
  0.992000047117472       2.654531314955993E-004
  0.993000047164969       2.648366726403510E-004
  0.994000047212467       2.642223588086907E-004
  0.995000047259964       2.636101800598644E-004
  0.996000047307462       2.630001265106408E-004
  0.997000047354959       2.623921883349120E-004
  0.998000047402456       2.617863557632974E-004
 
     Wbsepp       :  1m36.95s CPU     1m45.94s WALL

     wbsepp_readi :     10.09s CPU     11.65s WALL (       1 calls)
     wbsepp_fetch :      0.00s CPU      0.01s WALL (       1 calls)
     read_xml     :      2.27s CPU      2.47s WALL (       1 calls)
     init_vloc    :      0.03s CPU      0.03s WALL (       2 calls)
     fft          :      0.05s CPU      0.07s WALL (      19 calls)
     fft_scatter  :      1.69s CPU      1.72s WALL (    5151 calls)
     v_of_rho     :      0.06s CPU      0.07s WALL (       1 calls)
     v_xc         :      0.06s CPU      0.07s WALL (       1 calls)
     v_h          :      0.00s CPU      0.00s WALL (       1 calls)
     read_wave    :      7.82s CPU      9.16s WALL (       1 calls)
     davcio       :      0.00s CPU      0.58s WALL (      17 calls)
     init_us_1    :      0.22s CPU      0.22s WALL (       2 calls)
     do_setup     :      2.04s CPU      2.27s WALL (       1 calls)
     init_pw_ar   :      1.97s CPU      2.20s WALL (       1 calls)
     init_at_1    :      0.00s CPU      0.00s WALL (       1 calls)
     exx_grid     :      0.00s CPU      0.00s WALL (       1 calls)
     exxinit      :      1.66s CPU      1.88s WALL (       1 calls)
     fftcw        :      0.24s CPU      0.24s WALL (    1040 calls)
     exx_div      :      0.00s CPU      0.00s WALL (       1 calls)
     storesqvc    :      0.00s CPU      0.00s WALL (       1 calls)
     eig_decompos :     84.82s CPU     92.00s WALL (       1 calls)
     plep_db      :     72.98s CPU     78.93s WALL (       1 calls)
     solve_e_psi  :      5.81s CPU      6.00s WALL (       1 calls)
     fftw         :      2.73s CPU      2.76s WALL (    4092 calls)
     alphapc      :      2.09s CPU      2.15s WALL (       6 calls)
 
     Wbsepp       :  1m36.95s CPU     1m45.94s WALL

 
   This run was terminated on:  12: 1:34  16Jan2023            

=------------------------------------------------------------------------------=
   JOB DONE.
=------------------------------------------------------------------------------=
