
     Program Wbse v. 2.0.1 svn rev. 1002 starts on 14Jan2023 at 22:59:42 

     This program is part of the open-source West suite
     for massively parallel calculations of excited states in materials; please cite
         "M. Govoni et al., J. Chem. Theory Comput. 11, 2680 (2015);
          URL http://www.west-code.org", 
     in publications or presentations arising from this work.

     Based on the Quantum ESPRESSO v. 6.1 svn rev. 13369
       
     --------------------------------------------------------------------------------------------
     **MPI** Parallelization Status                                      
     --------------------------------------------------------------------------------------------
                  2048                   1             1            64            32
     --------------------------------------------------------------------------------------------
                     N         =         I      X      P      X      B      X      Z
                     ^                   ^             ^             ^             ^
                     |                   |             |             |             |
                   #rnk                  |             |             |             |
                                      #image           |             |             |
                                                     #pool           |             |
                                                                   #bgrp           |
                                                                                 #R&G
     --------------------------------------------------------------------------------------------
     **OPENMP** Parallelization Status
     #thr/rnk               =            1
     --------------------------------------------------------------------------------------------
     #prc = (rnk) * (thr) =         2048
     --------------------------------------------------------------------------------------------
       
     --------------------------------------------------------------------------------------------
     I/O Summary : input_west                                            
     --------------------------------------------------------------------------------------------
     qe_prefix               =          pwscf
     west_prefix             =           west
     outdir                  =             ./
     l_load_qbox_wfc         =              F
     qbox_ks_wfc_filename    =         qb.xml
     which_bse_method        =             FF
     --------------------------------------------------------------------------------------------
       
     --------------------------------------------------------------------------------------------
     I/O Summary : wbse_init                                             
     --------------------------------------------------------------------------------------------
     wbse_init_calculation   =              S
     n_pdep_eigen            =              1
     chi_kernel              =            CHI
     which_spin_channel      =              0
     l_use_localise_repr     =              F
     overlap_thr             =       0.000000
     l_use_bisection_thr     =              F
     qbox_bisec_wfc_filename =      qb.gs.xml
     --------------------------------------------------------------------------------------------
       
     --------------------------------------------------------------------------------------------
     I/O Summary : WBSE_control                                          
     --------------------------------------------------------------------------------------------
     wbse_diag_method        =          david
     wbse_calculation        =              S
     n_plep_eigen            =             10
     n_plep_times            =              4
     n_plep_maxiter          =          10000
     n_plep_read_from_file   =              0
     l_bse_calculation       =              F
     l_hybrid_calculation    =              T
     l_exx_fraction          =       0.180000
     l_h_ovlp_thr            =       0.000000
     l_h_loc                 =              F
     l_h_bis                 =              F
     l_h_qbox_bis_wfc_fname  =      qb.gs.xml
     if_random_init          =              F
     l_restart_step          =              0
     l_cg_diagonalization    =              F
     l_subspace              =              T
     n_trunc_bands           =              0
     l_sf_kernel             =              F
     l_alda0                 =              F
     sf_cut_1                =    1000.000000
     sf_cut_2                =    1000.000000
     l_tddft_force           =              F
     force_state             =              8
     snd_coeff               =       0.050000
     wbse_zv_alpha_mix       =       0.700000
     wbse_zv_nmix_wbse       =              4
     wbse_zv_scf_tr2         =       0.000000
     wbse_acc                =              3
     wbse_acc_eig            =              T
     wbse_acc_force          =              T
     wbse_acc_cg_thr         =       0.000000
     wbse_acc_dav_thr        =       0.000000
     force_n_trunc_bands     =              0
     poor_of_ram             =              T
     poor_of_ram_drho2       =              T
     debug_mode              =              F
     l_diag_term_only        =              F
     l_preconditioning       =              T
     l_pre_shift             =              F
     l_qp_correction         =              F
     spin_excitation         =        singlet
     trev_plep               =       0.000001
     trev_plep_rel           =       1.000000
     scissor_ope             =       0.000000
     eps_macro               =       1.000000
     --------------------------------------------------------------------------------------------

     Reading data from directory:
     ./pwscf.save

   Info: using nr1, nr2, nr3 values from input

   Info: using nr1, nr2, nr3 values from input

     IMPORTANT: XC functional enforced from input :
     Exchange-correlation      = PBE0 ( 6  4  8  4 0 0)
     EXX-fraction              =        0.25
     Any further DFT definition will be discarded
     Please, verify this is what you really want

 
     Parallelization info
     --------------------
     sticks:   dense  smooth     PW     G-vecs:    dense   smooth      PW
     Min         428     428    106                37912    37912    4734
     Max         430     430    108                37926    37926    4744
     Sum       13753   13753   3433              1213469  1213469  151635
 
     Generating pointlists ...
     new r_m :   0.0440 (alat units)  1.1794 (a.u.) for type    1
     new r_m :   0.0576 (alat units)  1.5448 (a.u.) for type    2
     EXX fraction changed:   0.18
     EXX Screening parameter changed:    0.0000000
     EXX Gau parameter changed:    0.0000000
       ** WARNING : EXX-alpha            =       0.180000
       ** WARNING : EXX-erfc_scrlen      =       0.000000
       ** WARNING : EXX-gau_scrlen       =       0.000000
       ** WARNING : EXX-ecutfock         =     120.000000
       ** WARNING : EXX-exxdiv_treatment = gb            
       ** start_exx() done
       ** weights() done
EXX: grid of k+q points same as grid of k-points
       ** exx_grid_init() done
       ** exx_div_check() done
       ** exxinit() done
       ** WARNING : EXX-exxdiv           =   -3502.373877
       
     --------------------------------------------------------------------------------------------
     System Overview                                                     
     --------------------------------------------------------------------------------------------
     gamma_only           =              T
     ecutwfc [Ry]         =      60.000000
     omega [au^3]         =   1.932243E+04
     glob. #G             =          75818
     nbnd                 =           1040
     nkstot               =              2
     nspin                =              2
     nelec                =    2044.000000
     nelup                =    1023.000000
     neldw                =    1021.000000
     npol                 =              1
     lsda                 =              T
     noncolin             =              F
     lspinorb             =              F
     domag                =              F
     --------------------------------------------------------------------------------------------

     sFFT G-space:   606735 G-vectors     R-space: ( 135, 135, 135)
     dFFT G-space:   606735 G-vectors     R-space: ( 135, 135, 135)

     Cell [a.u.]          =      26.834111      0.000000      0.000000
                          =       0.000000     26.834111      0.000000
                          =       0.000000      0.000000     26.834111
      
     number of ks points=     2
                       cart. coord. in units 2pi/alat
        k(    1) = (   0.0000000   0.0000000   0.0000000), wk =   1.0000000
        k(    2) = (   0.0000000   0.0000000   0.0000000), wk =   1.0000000

                       cryst. coord.
        k(    1) = (   0.0000000   0.0000000   0.0000000), wk =   1.0000000
        k(    2) = (   0.0000000   0.0000000   0.0000000), wk =   1.0000000
 
     F. Gygi div      =   1.812595E-01
       
     --------------------------------------------------------------------------------------------
     Parallelization for nvecx                                           
     --------------------------------------------------------------------------------------------
     nglob                =             40
     nlevel               =              1
     Min nglob/nlevel     =             40
     Max nglob/nlevel     =             40
     --------------------------------------------------------------------------------------------
       
     --------------------------------------------------------------------------------------------
     Parallelization for band_group                                      
     --------------------------------------------------------------------------------------------
     nglob                =           1023
     nlevel               =             64
     Min nglob/nlevel     =             15
     Max nglob/nlevel     =             16
     --------------------------------------------------------------------------------------------

     [MEM] ----------------------------------------------------------
     [MEM] **Memory** analysis: QE
     [MEM] ----------------------------------------------------------
     [MEM] Allocated arrays           est. size (Mb)     dimensions
     [MEM] ----------------------------------------------------------
     [MEM] Kohn-Sham Wavefunctions      37.64 Mb     (   2372, 1040)
     [MEM] NL pseudopotentials         147.96 Mb     (   2372, 4088)
     [MEM] Each V/rho on FFT grid        1.39 Mb     (  91125)
     [MEM] Each G-vector array           0.14 Mb     (  18961)
     [MEM] G-vector shells               0.02 Mb     (   3029)
     [MEM] ----------------------------------------------------------
     [MEM] TOT                         187.16 Mb
     [MEM] ----------------------------------------------------------
     [MEM] 
     [MEM] ----------------------------------------------------------
     [MEM] **Memory** analysis: WBSE global
     [MEM] ----------------------------------------------------------
     [MEM] Allocated arrays           est. size (Mb)     dimensions
     [MEM] ----------------------------------------------------------
     [MEM] dvg_exc                    1481.05 Mb     (   2372, 1023,   40)
     [MEM] dng_exc                    1481.05 Mb     (   2372, 1023,   40)
     [MEM] hr_distr                      0.01 Mb     (     40,   40)
     [MEM] vr_distr                      0.01 Mb     (     40,   40)
     [MEM] ----------------------------------------------------------
     [MEM] TOT                        2962.13 Mb
     [MEM] ----------------------------------------------------------
     [MEM] 
     [MEM] ----------------------------------------------------------
     [MEM] **Memory** analysis: WBSE temporary
     [MEM] ----------------------------------------------------------
     [MEM] Allocated arrays           est. size (Mb)     dimensions
     [MEM] ----------------------------------------------------------
     [MEM] dvpsi                        37.03 Mb     (   2372, 1023)
     [MEM] dpsi                         37.03 Mb     (   2372, 1023)
     [MEM] ----------------------------------------------------------
     [MEM] Total estimate               74.05 Mb
     [MEM] ----------------------------------------------------------
     Lowest energy electron-hole pairs are used as initial vectors ...
     Calculating the electron-hole pairs for initiating trial vectors ...

              1        57         2      1021         1           0.129162948629
              2        58         2      1021         2           0.129162955105
              3        49         2      1020         1           0.134951258883
              4        41         2      1019         1           0.134951260969
              5        50         2      1020         2           0.134951265360
              6        42         2      1019         2           0.134951267446
              7        33         2      1018         1           0.170614503573
              8        25         2      1017         1           0.170614503963
              9        34         2      1018         2           0.170614510050
             10        26         2      1017         2           0.170614510439
             11        17         2      1016         1           0.186184098702
             12         9         2      1015         1           0.186184099079
             13        18         2      1016         2           0.186184105178
             14        10         2      1015         2           0.186184105556
             15         1         2      1014         1           0.187100710902
             16         2         2      1014         2           0.187100717379
             17        57         1      1023         1           0.387902262698
             18        58         1      1023         2           0.387902264563
             19        49         1      1022         1           0.387902266095
             20        50         1      1022         2           0.387902267959
             21        59         1      1023         3           0.388441825739
             22        51         1      1022         3           0.388441829136
             23        60         1      1023         4           0.388804334782
             24        61         1      1023         5           0.388804338054
             25        52         1      1022         4           0.388804338178
             26        53         1      1022         5           0.388804341451
             27        62         1      1023         6           0.389998227455
             28        54         1      1022         6           0.389998230852
             29        59         2      1021         3           0.411664416569
             30        60         2      1021         4           0.411664418752
             31        41         1      1021         1           0.411673326646
             32        42         1      1021         2           0.411673328510
             33        43         1      1021         3           0.412212889687
             34        61         2      1021         5           0.412237696806
             35        62         2      1021         6           0.412497591531
             36        63         2      1021         7           0.412497595032
             37        44         1      1021         4           0.412575398730
             38        45         1      1021         5           0.412575402002
             39        64         2      1021         8           0.413761590263
             40        46         1      1021         6           0.413769291403
     Finished calculating the cv couples.
     Finished setting initial vectors.

                       *----------*              *----------*               *----------*
     #     Iteration = | starting |   WBSE_dim = |       10 |   Diago_dim = |       10 |  x 1/2
                       *----------*              *----------*               *----------*

                       *----------*              *----------*               *----------*
     #     Iteration = | starting |   WBSE_dim = |       10 |   Diago_dim = |       10 |  x 2/2
                       *----------*              *----------*               *----------*
        
        0.09763385   0.09763387   0.10256758   0.10454114   0.10454114   0.11772247
        0.12459142   0.13972815   0.13972816   0.17590214
        
     --------------------------------------------------------------------------------------------
     Tot. elapsed time 02h-01m-49.8s,  time spent in last iteration 02h-01m-49.8s
     --------------------------------------------------------------------------------------------

                       *----------*              *----------*               *----------*
     #     Iteration = |        1 |   WBSE_dim = |       10 |   Diago_dim = |       20 |
                       *----------*              *----------*               *----------*
     Max diff =  0.306E-01
        
        0.09739697   0.09739699   0.10243439   0.10356260   0.10356260   0.10906663
        0.12398508   0.12977442   0.12977442   0.14533359
        
     --------------------------------------------------------------------------------------------
     Tot. elapsed time 03h-03m-10.1s,  time spent in last iteration 01h-01m-20.2s
     --------------------------------------------------------------------------------------------

                       *----------*              *----------*               *----------*
     #     Iteration = |        2 |   WBSE_dim = |       10 |   Diago_dim = |       30 |
                       *----------*              *----------*               *----------*
     Max diff =  0.397E-02
        
        0.09726419   0.09726421   0.10231635   0.10335042   0.10335042   0.10808933
        0.12331734   0.12811678   0.12811678   0.14136263
        
     --------------------------------------------------------------------------------------------
     Tot. elapsed time 04h-04m-46.4s,  time spent in last iteration 01h-01m-36.2s
     --------------------------------------------------------------------------------------------

                       *----------*              *----------*               *----------*
     #     Iteration = |        3 |   WBSE_dim = |       10 |   Diago_dim = |       40 |
                       *----------*              *----------*               *----------*
     Max diff =  0.123E-02
        
        0.09714489   0.09714491   0.10220736   0.10323758   0.10323758   0.10775318
        0.12243730   0.12744211   0.12744211   0.14013060
        
     --------------------------------------------------------------------------------------------
     Tot. elapsed time 05h-06m-05.7s,  time spent in last iteration 01h-01m-19.3s
     --------------------------------------------------------------------------------------------

       Refresh the basis set

                       *----------*              *----------*               *----------*
     #     Iteration = |        4 |   WBSE_dim = |       10 |   Diago_dim = |       20 |
                       *----------*              *----------*               *----------*
     Max diff =  0.456E-03
        
        0.09708830   0.09708832   0.10216712   0.10319260   0.10319260   0.10766548
        0.12198139   0.12719736   0.12719736   0.13984413
        
     --------------------------------------------------------------------------------------------
     Tot. elapsed time 06h-07m-28.6s,  time spent in last iteration 01h-01m-21.8s
     --------------------------------------------------------------------------------------------

                       *----------*              *----------*               *----------*
     #     Iteration = |        5 |   WBSE_dim = |       10 |   Diago_dim = |       30 |
                       *----------*              *----------*               *----------*
     Max diff =  0.358E-03
        
        0.09703946   0.09703948   0.10213698   0.10314145   0.10314145   0.10760642
        0.12162292   0.12688604   0.12688604   0.13968192
        
     --------------------------------------------------------------------------------------------
     Tot. elapsed time 07h-08m-35.5s,  time spent in last iteration 01h-01m-06.9s
     --------------------------------------------------------------------------------------------

                       *----------*              *----------*               *----------*
     #     Iteration = |        6 |   WBSE_dim = |       10 |   Diago_dim = |       40 |
                       *----------*              *----------*               *----------*
     Max diff =  0.447E-03
        
        0.09699896   0.09699897   0.10211613   0.10308051   0.10308051   0.10755482
        0.12136720   0.12643953   0.12643953   0.13958505
        
     --------------------------------------------------------------------------------------------
     Tot. elapsed time 08h-09m-41.6s,  time spent in last iteration 01h-01m-06.0s
     --------------------------------------------------------------------------------------------

       Refresh the basis set

                       *----------*              *----------*               *----------*
     #     Iteration = |        7 |   WBSE_dim = |       10 |   Diago_dim = |       20 |
                       *----------*              *----------*               *----------*
     Max diff =  0.239E-03
        
        0.09697554   0.09697556   0.10210745   0.10305194   0.10305194   0.10753263
        0.12120225   0.12620073   0.12620073   0.13955377
        
     --------------------------------------------------------------------------------------------
     Tot. elapsed time 09h-10m-54.8s,  time spent in last iteration 01h-01m-12.2s
     --------------------------------------------------------------------------------------------

                       *----------*              *----------*               *----------*
     #     Iteration = |        8 |   WBSE_dim = |       10 |   Diago_dim = |       30 |
                       *----------*              *----------*               *----------*
     Max diff =  0.196E-03
        
        0.09695763   0.09695765   0.10209684   0.10303653   0.10303653   0.10751504
        0.12100609   0.12605353   0.12605354   0.13953307
        
     --------------------------------------------------------------------------------------------
     Tot. elapsed time 10h-12m-08.4s,  time spent in last iteration 01h-01m-13.6s
     --------------------------------------------------------------------------------------------

                       *----------*              *----------*               *----------*
     #     Iteration = |        9 |   WBSE_dim = |       10 |   Diago_dim = |       40 |
                       *----------*              *----------*               *----------*
     Max diff =  0.228E-03
        
        0.09694269   0.09694271   0.10208802   0.10302659   0.10302659   0.10749050
        0.12077846   0.12592099   0.12592099   0.13950749
        
     --------------------------------------------------------------------------------------------
     Tot. elapsed time 11h-13m-16.0s,  time spent in last iteration 01h-01m-07.5s
     --------------------------------------------------------------------------------------------

       Refresh the basis set

                       *----------*              *----------*               *----------*
     #     Iteration = |       10 |   WBSE_dim = |       10 |   Diago_dim = |       20 |
                       *----------*              *----------*               *----------*
     Max diff =  0.162E-03
        
        0.09693356   0.09693358   0.10208306   0.10302024   0.10302024   0.10747514
        0.12061649   0.12582917   0.12582917   0.13949196
        
     --------------------------------------------------------------------------------------------
     Tot. elapsed time 12h-14m-29.7s,  time spent in last iteration 01h-01m-12.6s
     --------------------------------------------------------------------------------------------

                       *----------*              *----------*               *----------*
     #     Iteration = |       11 |   WBSE_dim = |       10 |   Diago_dim = |       30 |
                       *----------*              *----------*               *----------*
     Max diff =  0.137E-03
        
        0.09692409   0.09692411   0.10207842   0.10301320   0.10301320   0.10746684
        0.12047971   0.12574143   0.12574143   0.13948216
        
     --------------------------------------------------------------------------------------------
     Tot. elapsed time 13h-15m-46.4s,  time spent in last iteration 01h-01m-16.7s
     --------------------------------------------------------------------------------------------

                       *----------*              *----------*               *----------*
     #     Iteration = |       12 |   WBSE_dim = |       10 |   Diago_dim = |       40 |
                       *----------*              *----------*               *----------*
     Max diff =  0.130E-03
        
        0.09691614   0.09691616   0.10207566   0.10300454   0.10300454   0.10745850
        0.12037199   0.12561135   0.12561135   0.13946892
        
     --------------------------------------------------------------------------------------------
     Tot. elapsed time 14h-17m-15.5s,  time spent in last iteration 01h-01m-29.0s
     --------------------------------------------------------------------------------------------

       Refresh the basis set

                       *----------*              *----------*               *----------*
     #     Iteration = |       13 |   WBSE_dim = |       10 |   Diago_dim = |       20 |
                       *----------*              *----------*               *----------*
     Max diff =  0.102E-03
        
        0.09691053   0.09691054   0.10207378   0.10299902   0.10299902   0.10745232
        0.12028761   0.12550913   0.12550913   0.13945853
        
     --------------------------------------------------------------------------------------------
     Tot. elapsed time 15h-18m-30.7s,  time spent in last iteration 01h-01m-14.2s
     --------------------------------------------------------------------------------------------

                       *----------*              *----------*               *----------*
     #     Iteration = |       14 |   WBSE_dim = |       10 |   Diago_dim = |       30 |
                       *----------*              *----------*               *----------*
     Max diff =  0.983E-04
        
        0.09690584   0.09690586   0.10207147   0.10299588   0.10299588   0.10744732
        0.12018928   0.12544546   0.12544546   0.13945142
        
     --------------------------------------------------------------------------------------------
     Tot. elapsed time 16h-19m-40.1s,  time spent in last iteration 01h-01m-09.4s
     --------------------------------------------------------------------------------------------

                       *----------*              *----------*               *----------*
     #     Iteration = |       15 |   WBSE_dim = |       10 |   Diago_dim = |       40 |
                       *----------*              *----------*               *----------*
     Max diff =  0.108E-03
        
        0.09690225   0.09690227   0.10206979   0.10299382   0.10299382   0.10744073
        0.12008134   0.12538862   0.12538863   0.13944230
        
     --------------------------------------------------------------------------------------------
     Tot. elapsed time 17h-21m-06.5s,  time spent in last iteration 01h-01m-26.3s
     --------------------------------------------------------------------------------------------

       Refresh the basis set

                       *----------*              *----------*               *----------*
     #     Iteration = |       16 |   WBSE_dim = |       10 |   Diago_dim = |       20 |
                       *----------*              *----------*               *----------*
     Max diff =  0.846E-04
        
        0.09689967   0.09689969   0.10206856   0.10299230   0.10299230   0.10743585
        0.11999670   0.12534125   0.12534125   0.13943477
        
     --------------------------------------------------------------------------------------------
     Tot. elapsed time 18h-22m-18.3s,  time spent in last iteration 01h-01m-10.8s
     --------------------------------------------------------------------------------------------

                       *----------*              *----------*               *----------*
     #     Iteration = |       17 |   WBSE_dim = |       10 |   Diago_dim = |       30 |
                       *----------*              *----------*               *----------*
     Max diff =  0.723E-04
        
        0.09689698   0.09689700   0.10206747   0.10299044   0.10299044   0.10743293
        0.11992436   0.12529147   0.12529147   0.13942917
        
     --------------------------------------------------------------------------------------------
     Tot. elapsed time 19h-23m-32.5s,  time spent in last iteration 01h-01m-14.2s
     --------------------------------------------------------------------------------------------

                       *----------*              *----------*               *----------*
     #     Iteration = |       18 |   WBSE_dim = |       10 |   Diago_dim = |       40 |
                       *----------*              *----------*               *----------*
     Max diff =  0.658E-04
        
        0.09689474   0.09689476   0.10206681   0.10298836   0.10298836   0.10743029
        0.11986908   0.12522569   0.12522569   0.13942237
        
     --------------------------------------------------------------------------------------------
     Tot. elapsed time 20h-24m-49.0s,  time spent in last iteration 01h-01m-16.4s
     --------------------------------------------------------------------------------------------

       Refresh the basis set

                       *----------*              *----------*               *----------*
     #     Iteration = |       19 |   WBSE_dim = |        9 |   Diago_dim = |       19 |
                       *----------*              *----------*               *----------*
     Max diff =  0.546E-04
        
        0.09689303   0.09689305   0.10206681   0.10298689   0.10298689   0.10742816
        0.11982389   0.12517106   0.12517107   0.13941653
        
     --------------------------------------------------------------------------------------------
     Tot. elapsed time 21h-19m-48.6s,  time spent in last iteration 54m-58.6s
     --------------------------------------------------------------------------------------------

                       *----------*              *----------*               *----------*
     #     Iteration = |       20 |   WBSE_dim = |        9 |   Diago_dim = |       28 |
                       *----------*              *----------*               *----------*
     Max diff =  0.541E-04
        
        0.09689155   0.09689156   0.10206681   0.10298595   0.10298595   0.10742624
        0.11976974   0.12513375   0.12513375   0.13941193
        
     --------------------------------------------------------------------------------------------
     Tot. elapsed time 22h-14m-59.7s,  time spent in last iteration 55m-11.1s
     --------------------------------------------------------------------------------------------

                       *----------*              *----------*               *----------*
     #     Iteration = |       21 |   WBSE_dim = |        7 |   Diago_dim = |       35 |
                       *----------*              *----------*               *----------*
     Max diff =  0.565E-04
        
        0.09689045   0.09689047   0.10206681   0.10298595   0.10298595   0.10742395
        0.11971323   0.12510346   0.12510346   0.13940659
        
     --------------------------------------------------------------------------------------------
     Tot. elapsed time 22h-58m-03.2s,  time spent in last iteration 43m-03.5s
     --------------------------------------------------------------------------------------------

       Refresh the basis set

                       *----------*              *----------*               *----------*
     #     Iteration = |       22 |   WBSE_dim = |        7 |   Diago_dim = |       17 |
                       *----------*              *----------*               *----------*
     Max diff =  0.460E-04
        
        0.09688959   0.09688961   0.10206681   0.10298595   0.10298595   0.10742217
        0.11966718   0.12507719   0.12507719   0.13940189
        
     --------------------------------------------------------------------------------------------
     Tot. elapsed time 23h-41m-13.2s,  time spent in last iteration 43m-09.0s
     --------------------------------------------------------------------------------------------

                       *----------*              *----------*               *----------*
     #     Iteration = |       23 |   WBSE_dim = |        5 |   Diago_dim = |       22 |
                       *----------*              *----------*               *----------*
     Max diff =  0.404E-04
        
        0.09688959   0.09688961   0.10206681   0.10298595   0.10298595   0.10742099
        0.11962677   0.12504746   0.12504747   0.13939798
        
     --------------------------------------------------------------------------------------------
     Tot. elapsed time 1d-00h-11m-45.0s,  time spent in last iteration 30m-31.8s
     --------------------------------------------------------------------------------------------

                       *----------*              *----------*               *----------*
     #     Iteration = |       24 |   WBSE_dim = |        5 |   Diago_dim = |       27 |
                       *----------*              *----------*               *----------*
     Max diff =  0.361E-04
        
        0.09688959   0.09688961   0.10206681   0.10298595   0.10298595   0.10742001
        0.11959723   0.12501134   0.12501134   0.13939362
        
     --------------------------------------------------------------------------------------------
     Tot. elapsed time 1d-00h-42m-17.9s,  time spent in last iteration 30m-32.8s
     --------------------------------------------------------------------------------------------

                       *----------*              *----------*               *----------*
     #     Iteration = |       25 |   WBSE_dim = |        4 |   Diago_dim = |       31 |
                       *----------*              *----------*               *----------*
     Max diff =  0.214E-03
        
        0.09688959   0.09688961   0.10206681   0.10298595   0.10298595   0.10742001
        0.11942833   0.12479720   0.12479721   0.13935365
        
     --------------------------------------------------------------------------------------------
     Tot. elapsed time 1d-01h-06m-47.8s,  time spent in last iteration 24m-29.8s
     --------------------------------------------------------------------------------------------

                       *----------*              *----------*               *----------*
     #     Iteration = |       26 |   WBSE_dim = |        4 |   Diago_dim = |       35 |
                       *----------*              *----------*               *----------*
     Max diff =  0.112E-03
        
        0.09688959   0.09688961   0.10206681   0.10298595   0.10298595   0.10742001
        0.11931645   0.12473504   0.12473504   0.13932998
        
     --------------------------------------------------------------------------------------------
     Tot. elapsed time 1d-01h-31m-13.2s,  time spent in last iteration 24m-25.4s
     --------------------------------------------------------------------------------------------

                       *----------*              *----------*               *----------*
     #     Iteration = |       27 |   WBSE_dim = |        4 |   Diago_dim = |       39 |
                       *----------*              *----------*               *----------*
     Max diff =  0.627E-04
        
        0.09688959   0.09688961   0.10206681   0.10298595   0.10298595   0.10742001
        0.11925379   0.12471617   0.12471617   0.13932013
        
     --------------------------------------------------------------------------------------------
     Tot. elapsed time 1d-01h-55m-53.9s,  time spent in last iteration 24m-40.6s
     --------------------------------------------------------------------------------------------

       Refresh the basis set

                       *----------*              *----------*               *----------*
     #     Iteration = |       28 |   WBSE_dim = |        4 |   Diago_dim = |       14 |
                       *----------*              *----------*               *----------*
     Max diff =  0.741E-05
        
        0.09688959   0.09688961   0.10206681   0.10298595   0.10298595   0.10742001
        0.11924639   0.12471379   0.12471379   0.13931830
        
     --------------------------------------------------------------------------------------------
     Tot. elapsed time 1d-02h-20m-19.4s,  time spent in last iteration 24m-24.6s
     --------------------------------------------------------------------------------------------

                       *----------*              *----------*               *----------*
     #     Iteration = |       29 |   WBSE_dim = |        4 |   Diago_dim = |       18 |
                       *----------*              *----------*               *----------*
     Max diff =  0.424E-05
        
        0.09688959   0.09688961   0.10206681   0.10298595   0.10298595   0.10742001
        0.11924455   0.12471253   0.12471253   0.13931406
        
     --------------------------------------------------------------------------------------------
     Tot. elapsed time 1d-02h-44m-44.4s,  time spent in last iteration 24m-24.9s
     --------------------------------------------------------------------------------------------

                       *----------*              *----------*               *----------*
     #     Iteration = |       30 |   WBSE_dim = |        4 |   Diago_dim = |       22 |
                       *----------*              *----------*               *----------*
     Max diff =  0.673E-05
        
        0.09688959   0.09688961   0.10206681   0.10298595   0.10298595   0.10742001
        0.11924369   0.12471158   0.12471158   0.13930733
        
     --------------------------------------------------------------------------------------------
     Tot. elapsed time 1d-03h-09m-15.9s,  time spent in last iteration 24m-31.4s
     --------------------------------------------------------------------------------------------

                       *----------*              *----------*               *----------*
     #     Iteration = |       31 |   WBSE_dim = |        1 |   Diago_dim = |       23 |
                       *----------*              *----------*               *----------*
     Max diff =  0.105E-04
        
        0.09688959   0.09688961   0.10206681   0.10298595   0.10298595   0.10742001
        0.11924369   0.12471158   0.12471158   0.13929684
        
     --------------------------------------------------------------------------------------------
     Tot. elapsed time 1d-03h-15m-22.3s,  time spent in last iteration 06m-06.4s
     --------------------------------------------------------------------------------------------

                       *----------*              *----------*               *----------*
     #     Iteration = |       32 |   WBSE_dim = |        1 |   Diago_dim = |       24 |
                       *----------*              *----------*               *----------*
     Max diff =  0.473E-05
        
        0.09688959   0.09688961   0.10206681   0.10298595   0.10298595   0.10742001
        0.11924369   0.12471158   0.12471158   0.13929211
        
     --------------------------------------------------------------------------------------------
     Tot. elapsed time 1d-03h-21m-28.9s,  time spent in last iteration 06m-06.5s
     --------------------------------------------------------------------------------------------

                       *----------*              *----------*               *----------*
     #     Iteration = |       33 |   WBSE_dim = |        1 |   Diago_dim = |       25 |
                       *----------*              *----------*               *----------*
     Max diff =  0.261E-05
        
        0.09688959   0.09688961   0.10206681   0.10298595   0.10298595   0.10742001
        0.11924369   0.12471158   0.12471158   0.13928951
        
     --------------------------------------------------------------------------------------------
     Tot. elapsed time 1d-03h-27m-36.5s,  time spent in last iteration 06m-07.6s
     --------------------------------------------------------------------------------------------

                       *----------*              *----------*               *----------*
     #     Iteration = |       34 |   WBSE_dim = |        1 |   Diago_dim = |       26 |
                       *----------*              *----------*               *----------*
     Max diff =  0.103E-05
        
        0.09688959   0.09688961   0.10206681   0.10298595   0.10298595   0.10742001
        0.11924369   0.12471158   0.12471158   0.13928848
        
     --------------------------------------------------------------------------------------------
     Tot. elapsed time 1d-03h-33m-43.9s,  time spent in last iteration 06m-07.3s
     --------------------------------------------------------------------------------------------

                       *----------*              *----------*               *----------*
     #     Iteration = |       35 |   WBSE_dim = |        1 |   Diago_dim = |       27 |
                       *----------*              *----------*               *----------*
     Max diff =  0.166E-05
        
        0.09688959   0.09688961   0.10206681   0.10298595   0.10298595   0.10742001
        0.11924369   0.12471158   0.12471158   0.13928682
        
     --------------------------------------------------------------------------------------------
     Tot. elapsed time 1d-03h-39m-50.5s,  time spent in last iteration 06m-06.5s
     --------------------------------------------------------------------------------------------

                       *----------*              *----------*               *----------*
     #     Iteration = |       36 |   WBSE_dim = |        1 |   Diago_dim = |       28 |
                       *----------*              *----------*               *----------*
     Max diff =  0.225E-05
        
        0.09688959   0.09688961   0.10206681   0.10298595   0.10298595   0.10742001
        0.11924369   0.12471158   0.12471158   0.13928457
        
     --------------------------------------------------------------------------------------------
     Tot. elapsed time 1d-03h-45m-59.3s,  time spent in last iteration 06m-08.8s
     --------------------------------------------------------------------------------------------

                       *----------*              *----------*               *----------*
     #     Iteration = |       37 |   WBSE_dim = |        1 |   Diago_dim = |       29 |
                       *----------*              *----------*               *----------*
     Max diff =  0.669E-05
        
        0.09688959   0.09688961   0.10206681   0.10298595   0.10298595   0.10742001
        0.11924369   0.12471158   0.12471158   0.13927788
        
     --------------------------------------------------------------------------------------------
     Tot. elapsed time 1d-03h-52m-07.0s,  time spent in last iteration 06m-07.7s
     --------------------------------------------------------------------------------------------

                       *----------*              *----------*               *----------*
     #     Iteration = |       38 |   WBSE_dim = |        1 |   Diago_dim = |       30 |
                       *----------*              *----------*               *----------*
     Max diff =  0.267E-05
        
        0.09688959   0.09688961   0.10206681   0.10298595   0.10298595   0.10742001
        0.11924369   0.12471158   0.12471158   0.13927520
        
     --------------------------------------------------------------------------------------------
     Tot. elapsed time 1d-03h-58m-13.5s,  time spent in last iteration 06m-06.5s
     --------------------------------------------------------------------------------------------

                       *----------*              *----------*               *----------*
     #     Iteration = |       39 |   WBSE_dim = |        1 |   Diago_dim = |       31 |
                       *----------*              *----------*               *----------*
     Max diff =  0.222E-05
        
        0.09688959   0.09688961   0.10206681   0.10298595   0.10298595   0.10742001
        0.11924369   0.12471158   0.12471158   0.13927299
        
     --------------------------------------------------------------------------------------------
     Tot. elapsed time 1d-04h-04m-20.6s,  time spent in last iteration 06m-07.0s
     --------------------------------------------------------------------------------------------

                       *----------*              *----------*               *----------*
     #     Iteration = |       40 |   WBSE_dim = |        1 |   Diago_dim = |       32 |
                       *----------*              *----------*               *----------*
     Max diff =  0.117E-05
        
        0.09688959   0.09688961   0.10206681   0.10298595   0.10298595   0.10742001
        0.11924369   0.12471158   0.12471158   0.13927181
        
     --------------------------------------------------------------------------------------------
     Tot. elapsed time 1d-04h-10m-28.2s,  time spent in last iteration 06m-07.5s
     --------------------------------------------------------------------------------------------

                       *----------*              *----------*               *----------*
     #     Iteration = |       41 |   WBSE_dim = |        1 |   Diago_dim = |       33 |
                       *----------*              *----------*               *----------*
     Max diff =  0.184E-05
        
        0.09688959   0.09688961   0.10206681   0.10298595   0.10298595   0.10742001
        0.11924369   0.12471158   0.12471158   0.13926998
        
     --------------------------------------------------------------------------------------------
     Tot. elapsed time 1d-04h-16m-34.8s,  time spent in last iteration 06m-06.6s
     --------------------------------------------------------------------------------------------

                       *----------*              *----------*               *----------*
     #     Iteration = |       42 |   WBSE_dim = |        1 |   Diago_dim = |       34 |
                       *----------*              *----------*               *----------*
     Max diff =  0.230E-05
        
        0.09688959   0.09688961   0.10206681   0.10298595   0.10298595   0.10742001
        0.11924369   0.12471158   0.12471158   0.13926768
        
     --------------------------------------------------------------------------------------------
     Tot. elapsed time 1d-04h-22m-41.2s,  time spent in last iteration 06m-06.4s
     --------------------------------------------------------------------------------------------

                       *----------*              *----------*               *----------*
     #     Iteration = |       43 |   WBSE_dim = |        1 |   Diago_dim = |       35 |
                       *----------*              *----------*               *----------*
     Max diff =  0.235E-05
        
        0.09688959   0.09688961   0.10206681   0.10298595   0.10298595   0.10742001
        0.11924369   0.12471158   0.12471158   0.13926532
        
     --------------------------------------------------------------------------------------------
     Tot. elapsed time 1d-04h-28m-47.7s,  time spent in last iteration 06m-06.4s
     --------------------------------------------------------------------------------------------

                       *----------*              *----------*               *----------*
     #     Iteration = |       44 |   WBSE_dim = |        1 |   Diago_dim = |       36 |
                       *----------*              *----------*               *----------*
     Max diff =  0.905E-06
        
        0.09688959   0.09688961   0.10206681   0.10298595   0.10298595   0.10742001
        0.11924369   0.12471158   0.12471158   0.13926442
        
     --------------------------------------------------------------------------------------------
     Tot. elapsed time 1d-04h-34m-54.3s,  time spent in last iteration 06m-06.5s
     --------------------------------------------------------------------------------------------
      
     --------------------------------------------------------------------------------------------
     Database written in 02m-03.3s           
     In location : ./west.wbse.david.save
     --------------------------------------------------------------------------------------------
       
     --------------------------------------------------------------------------------------------
     Convergence achieved !!! in       44 steps                          
     --------------------------------------------------------------------------------------------
 
     Wbse         :     1d    4h30m CPU        1d    4h42m WALL

     wbse_readin  :    322.42s CPU    327.32s WALL (       1 calls)
     wbse_fetch_n :      0.00s CPU      0.02s WALL (       1 calls)
     read_xml     :      7.58s CPU      8.03s WALL (       1 calls)
     init_vloc    :      0.03s CPU      0.03s WALL (       2 calls)
     fft          :     16.84s CPU     17.05s WALL (    5345 calls)
     fft_scatter  :  19330.16s CPU  19417.21s WALL (37587985 calls)
     v_of_rho     :      0.15s CPU      0.17s WALL (       1 calls)
     v_xc         :      0.15s CPU      0.16s WALL (       1 calls)
     v_h          :      0.01s CPU      0.01s WALL (       1 calls)
     read_wave    :    314.84s CPU    319.25s WALL (       1 calls)
     davcio       :      2.61s CPU     82.96s WALL (    2735 calls)
     init_us_1    :      0.02s CPU      0.03s WALL (       2 calls)
     do_setup     :      2.64s CPU      3.11s WALL (       1 calls)
     init_pw_ar   :      2.63s CPU      3.10s WALL (       1 calls)
     init_at_1    :      0.00s CPU      0.00s WALL (       1 calls)
     exx_grid     :      0.00s CPU      0.00s WALL (       1 calls)
     exxinit      :      2.50s CPU      2.85s WALL (       1 calls)
     fftcw        :    166.26s CPU    167.24s WALL (  346000 calls)
     exx_div      :      0.00s CPU      0.00s WALL (       1 calls)
     storesqvc    :      0.00s CPU      0.00s WALL (       1 calls)
     wbse_dv_setu :      0.44s CPU      0.45s WALL (       1 calls)
     setup_dmuxc  :      0.08s CPU      0.08s WALL (       1 calls)
     chidiago     : 102325.94s CPU 103018.18s WALL (       1 calls)
     paramgs      :      9.01s CPU      9.02s WALL (      45 calls)
     west_apply_l : 102115.10s CPU 102753.85s WALL (     280 calls)
     wbse_calc_de :     70.73s CPU     96.71s WALL (     280 calls)
     fftw         :  37736.06s CPU  37834.05s WALL (28070560 calls)
     wbse_dv_of_d :     38.69s CPU     42.52s WALL (     280 calls)
     init_us_2    :     52.32s CPU     52.42s WALL (     560 calls)
     h_psi        :  11811.06s CPU  12090.43s WALL (     560 calls)
     h_psi:pot    :     81.82s CPU     81.91s WALL (     560 calls)
     vloc_psi     :     13.48s CPU     13.54s WALL (     560 calls)
     h_psi:calbec :     40.77s CPU     40.80s WALL (     560 calls)
     calbec       :     40.77s CPU     40.80s WALL (     560 calls)
     add_vuspsi   :     27.56s CPU     27.57s WALL (     560 calls)
     vexx         :  11729.12s CPU  12008.40s WALL (     560 calls)
     comm_buff    :    211.96s CPU    212.95s WALL (   42000 calls)
     fftc         :   6717.14s CPU   6757.20s WALL ( 9166080 calls)
     alphapc      :     58.76s CPU     59.66s WALL (    1600 calls)
     build_hr     :      6.85s CPU      6.87s WALL (      45 calls)
     redistr_vr   :      0.00s CPU      0.00s WALL (      44 calls)
     update_vr    :     16.64s CPU     17.86s WALL (      44 calls)
     precd_ag     :     23.02s CPU     38.05s WALL (      44 calls)
     symm_hr      :      0.00s CPU      0.00s WALL (      44 calls)
     chidiago:las :      7.05s CPU      7.47s WALL (       9 calls)
     refresh_vr   :      7.40s CPU      7.86s WALL (      17 calls)
     plep_db      :    100.70s CPU    123.36s WALL (       1 calls)
 
     Wbse         :     1d    4h30m CPU        1d    4h42m WALL

 
   This run was terminated on:   3:42:12  16Jan2023            

=------------------------------------------------------------------------------=
   JOB DONE.
=------------------------------------------------------------------------------=
