
     Program Wbsepp v. 2.0.1 svn rev. 1002 starts on  9May2023 at 16:28: 5 

     This program is part of the open-source West suite
     for massively parallel calculations of excited states in materials; please cite
         "M. Govoni et al., J. Chem. Theory Comput. 11, 2680 (2015);
          URL http://www.west-code.org", 
     in publications or presentations arising from this work.

     Based on the Quantum ESPRESSO v. 6.1 svn rev. 13369
       
     --------------------------------------------------------------------------------------------
     **MPI** Parallelization Status                                      
     --------------------------------------------------------------------------------------------
                    20                   1             1             1            20
     --------------------------------------------------------------------------------------------
                     N         =         I      X      P      X      B      X      Z
                     ^                   ^             ^             ^             ^
                     |                   |             |             |             |
                   #rnk                  |             |             |             |
                                      #image           |             |             |
                                                     #pool           |             |
                                                                   #bgrp           |
                                                                                 #R&G
     --------------------------------------------------------------------------------------------
     #prc =           20
     --------------------------------------------------------------------------------------------
       
     --------------------------------------------------------------------------------------------
     I/O Summary : input_west                                            
     --------------------------------------------------------------------------------------------
     qe_prefix               =          pwscf
     west_prefix             =           west
     outdir                  =             ./
     l_load_qbox_wfc         =              F
     qbox_ks_wfc_filename    =         qb.xml
     --------------------------------------------------------------------------------------------
       
     --------------------------------------------------------------------------------------------
     I/O Summary : wbsepp_input                                          
     --------------------------------------------------------------------------------------------
     wbsepp_type                    =              1
     n_plep_read_from_file          =              6
     macropol_dfpt                  =              F
     l_spin_flipped                 =              F

     Reading data from directory:
     ./pwscf.save

   Info: using nr1, nr2, nr3 values from input

   Info: using nr1, nr2, nr3 values from input

     IMPORTANT: XC functional enforced from input :
     Exchange-correlation      = PBE ( 1  4  3  4 0 0)
     Any further DFT definition will be discarded
     Please, verify this is what you really want

 
     Parallelization info
     --------------------
     sticks:   dense  smooth     PW     G-vecs:    dense   smooth      PW
     Min         669     669    166                51162    51162    6398
     Max         672     672    168                51168    51168    6403
     Sum       13411   13411   3343              1023307  1023307  128013
 
       
     --------------------------------------------------------------------------------------------
     System Overview                                                     
     --------------------------------------------------------------------------------------------
     gamma_only           =              T
     ecutwfc [Ry]         =      60.000000
     omega [au^3]         =   1.630330E+04
     glob. #G             =          64007
     nbnd                 =           1000
     nkstot               =              1
     nspin                =              1
     nelec                =    1994.000000
     npol                 =              1
     lsda                 =              F
     noncolin             =              F
     lspinorb             =              F
     domag                =              F
     --------------------------------------------------------------------------------------------

     sFFT G-space:   511654 G-vectors     R-space: ( 144, 144, 144)
     dFFT G-space:   511654 G-vectors     R-space: ( 144, 144, 144)

     Cell [a.u.]          =      28.461873     14.230936     14.230936
                          =       0.000000     24.648705      8.216235
                          =       0.000000      0.000000     23.239022
      
     number of ks points=     1
                       cart. coord. in units 2pi/alat
        k(    1) = (   0.0000000   0.0000000   0.0000000), wk =   2.0000000

                       cryst. coord.
        k(    1) = (   0.0000000   0.0000000   0.0000000), wk =   2.0000000
 
     F. Gygi div      =   1.952680E-01
       
     --------------------------------------------------------------------------------------------
     Parallelization for nvec                                            
     --------------------------------------------------------------------------------------------
     nglob                =              6
     nlevel               =              1
     Min nglob/nlevel     =              6
     Max nglob/nlevel     =              6
     --------------------------------------------------------------------------------------------
       
     --------------------------------------------------------------------------------------------
     Parallelization for band_paralel                                    
     --------------------------------------------------------------------------------------------
     nglob                =            997
     nlevel               =              1
     Min nglob/nlevel     =            997
     Max nglob/nlevel     =            997
     --------------------------------------------------------------------------------------------

     [MEM] ----------------------------------------------------------
     [MEM] **Memory** analysis: QE
     [MEM] ----------------------------------------------------------
     [MEM] Allocated arrays           est. size (Mb)     dimensions
     [MEM] ----------------------------------------------------------
     [MEM] Kohn-Sham Wavefunctions      48.86 Mb     (   3202, 1000)
     [MEM] NL pseudopotentials          97.33 Mb     (   3202, 1992)
     [MEM] Each V/rho on FFT grid        2.53 Mb     ( 165888)
     [MEM] Each G-vector array           0.20 Mb     (  25584)
     [MEM] G-vector shells               0.02 Mb     (   3176)
     [MEM] ----------------------------------------------------------
     [MEM] TOT                         148.94 Mb
     [MEM] ----------------------------------------------------------
     [MEM] 
     [MEM] ----------------------------------------------------------
     [MEM] **Memory** analysis: WBSE global
     [MEM] ----------------------------------------------------------
     [MEM] Allocated arrays           est. size (Mb)     dimensions
     [MEM] ----------------------------------------------------------
     [MEM] dvg_exc                     292.27 Mb     (   3202,  997,    6)
     [MEM] dng_exc                     292.27 Mb     (   3202,  997,    6)
     [MEM] hr_distr                      0.00 Mb     (      0,    6)
     [MEM] vr_distr                      0.00 Mb     (      0,    6)
     [MEM] ----------------------------------------------------------
     [MEM] TOT                         584.54 Mb
     [MEM] ----------------------------------------------------------
     [MEM] 
     [MEM] ----------------------------------------------------------
     [MEM] **Memory** analysis: WBSE temporary
     [MEM] ----------------------------------------------------------
     [MEM] Allocated arrays           est. size (Mb)     dimensions
     [MEM] ----------------------------------------------------------
     [MEM] dvpsi                        48.71 Mb     (   3202,  997)
     [MEM] dpsi                         48.71 Mb     (   3202,  997)
     [MEM] ----------------------------------------------------------
     [MEM] Total estimate               97.42 Mb
     [MEM] ----------------------------------------------------------
      
     --------------------------------------------------------------------------------------------
     Database read in 26.8s               
     In location : ./west.wbse.david.save
     Eigen. found :            6
     --------------------------------------------------------------------------------------------

      *----------*   THE PRINCIPLE PROJECTED COMPONENTS   *----------*

      #     Exciton : |        1 |   Excitation energy : |     0.168325

          SPIN     OCCUPIED STATES     UNOCCUPIED STATES     PROJECTION
             1         997                       1           0.995479

      #     Exciton : |        2 |   Excitation energy : |     0.278420

          SPIN     OCCUPIED STATES     UNOCCUPIED STATES     PROJECTION
             1         997                       2           0.848679
             1         997                       3           0.377202

      #     Exciton : |        3 |   Excitation energy : |     0.278493

          SPIN     OCCUPIED STATES     UNOCCUPIED STATES     PROJECTION
             1         997                       2           0.376872
             1         997                       3           0.848512

      #     Exciton : |        4 |   Excitation energy : |     0.278509

          SPIN     OCCUPIED STATES     UNOCCUPIED STATES     PROJECTION

      #     Exciton : |        5 |   Excitation energy : |     0.283123

          SPIN     OCCUPIED STATES     UNOCCUPIED STATES     PROJECTION

      #     Exciton : |        6 |   Excitation energy : |     0.283831

          SPIN     OCCUPIED STATES     UNOCCUPIED STATES     PROJECTION
 
     Wbsepp       :    24.07s CPU        33.23s WALL

     wbsepp_readi :      3.58s CPU      5.82s WALL (       1 calls)
     wbsepp_fetch :      0.00s CPU      0.00s WALL (       1 calls)
     read_xml     :      0.79s CPU      1.20s WALL (       1 calls)
     init_vloc    :      0.06s CPU      0.06s WALL (       2 calls)
     fft          :      0.07s CPU      0.08s WALL (      11 calls)
     fft_scatter  :      0.04s CPU      0.05s WALL (      11 calls)
     v_of_rho     :      0.14s CPU      0.15s WALL (       1 calls)
     v_xc         :      0.13s CPU      0.14s WALL (       1 calls)
     v_h          :      0.01s CPU      0.01s WALL (       1 calls)
     read_wave    :      2.79s CPU      4.62s WALL (       1 calls)
     davcio       :      0.00s CPU      0.45s WALL (       2 calls)
     init_us_1    :      0.00s CPU      0.01s WALL (       2 calls)
     do_setup     :      0.14s CPU      0.19s WALL (       1 calls)
     init_pw_ar   :      0.14s CPU      0.18s WALL (       1 calls)
     init_at_1    :      0.00s CPU      0.00s WALL (       1 calls)
     storesqvc    :      0.00s CPU      0.00s WALL (       1 calls)
     eig_decompos :     20.35s CPU     27.14s WALL (       1 calls)
     plep_db      :     20.12s CPU     26.83s WALL (       1 calls)
 
     Wbsepp       :    24.07s CPU        33.23s WALL

 
   This run was terminated on:  16:28:39   9May2023            

=------------------------------------------------------------------------------=
   JOB DONE.
=------------------------------------------------------------------------------=
