
     Program Wbse v. 2.0.1 svn rev. 1002 starts on  4May2023 at  9:25:12 

     This program is part of the open-source West suite
     for massively parallel calculations of excited states in materials; please cite
         "M. Govoni et al., J. Chem. Theory Comput. 11, 2680 (2015);
          URL http://www.west-code.org", 
     in publications or presentations arising from this work.

     Based on the Quantum ESPRESSO v. 6.1 svn rev. 13369
       
     --------------------------------------------------------------------------------------------
     **MPI** Parallelization Status                                      
     --------------------------------------------------------------------------------------------
                   168                   1             1             6            28
     --------------------------------------------------------------------------------------------
                     N         =         I      X      P      X      B      X      Z
                     ^                   ^             ^             ^             ^
                     |                   |             |             |             |
                   #rnk                  |             |             |             |
                                      #image           |             |             |
                                                     #pool           |             |
                                                                   #bgrp           |
                                                                                 #R&G
     --------------------------------------------------------------------------------------------
     **OPENMP** Parallelization Status
     #thr/rnk               =            1
     --------------------------------------------------------------------------------------------
     #prc = (rnk) * (thr) =          168
     --------------------------------------------------------------------------------------------
       
     --------------------------------------------------------------------------------------------
     I/O Summary : input_west                                            
     --------------------------------------------------------------------------------------------
     qe_prefix               =          pwscf
     west_prefix             =           west
     outdir                  =             ./
     l_load_qbox_wfc         =              F
     qbox_ks_wfc_filename    =         qb.xml
     which_bse_method        =             FF
     --------------------------------------------------------------------------------------------
       
     --------------------------------------------------------------------------------------------
     I/O Summary : wbse_init                                             
     --------------------------------------------------------------------------------------------
     wbse_init_calculation   =              S
     n_pdep_eigen            =              1
     chi_kernel              =            CHI
     which_spin_channel      =              0
     l_use_localise_repr     =              F
     overlap_thr             =       0.000000
     l_use_bisection_thr     =              F
     qbox_bisec_wfc_filename =      qb.gs.xml
     --------------------------------------------------------------------------------------------
       
     --------------------------------------------------------------------------------------------
     I/O Summary : WBSE_control                                          
     --------------------------------------------------------------------------------------------
     wbse_diag_method        =          david
     wbse_calculation        =              S
     n_plep_eigen            =              6
     n_plep_times            =              8
     n_plep_maxiter          =          10000
     n_plep_read_from_file   =              0
     l_bse_calculation       =              F
     l_hybrid_calculation    =              T
     l_exx_fraction          =       0.360000
     l_h_ovlp_thr            =       0.000000
     l_h_loc                 =              F
     l_h_bis                 =              F
     l_h_qbox_bis_wfc_fname  =      qb.gs.xml
     if_random_init          =              F
     l_restart_step          =              0
     l_cg_diagonalization    =              F
     l_subspace              =              T
     n_trunc_bands           =              0
     l_sf_kernel             =              F
     l_alda0                 =              F
     sf_cut_1                =    1000.000000
     sf_cut_2                =    1000.000000
     l_tddft_force           =              F
     force_state             =              1
     snd_coeff               =       0.050000
     wbse_zv_alpha_mix       =       0.700000
     wbse_zv_nmix_wbse       =              4
     wbse_zv_scf_tr2         =       0.000000
     wbse_acc                =              3
     wbse_acc_eig            =              T
     wbse_acc_force          =              T
     wbse_acc_cg_thr         =       0.000000
     wbse_acc_dav_thr        =       0.000000
     force_n_trunc_bands     =              0
     poor_of_ram             =              T
     poor_of_ram_drho2       =              T
     debug_mode              =              F
     print_sf_kernel         =              F
     l_diag_term_only        =              F
     l_preconditioning       =              T
     l_pre_shift             =              F
     l_qp_correction         =              F
     spin_excitation         =        singlet
     trev_plep               =       0.000000
     trev_plep_rel           =       1.000000
     scissor_ope             =       0.000000
     eps_macro               =       1.000000
     --------------------------------------------------------------------------------------------

     Reading data from directory:
     ./pwscf.save

   Info: using nr1, nr2, nr3 values from input

   Info: using nr1, nr2, nr3 values from input

     IMPORTANT: XC functional enforced from input :
     Exchange-correlation      = PBE0 ( 6  4  8  4 0 0)
     EXX-fraction              =        0.25
     Any further DFT definition will be discarded
     Please, verify this is what you really want

 
     Parallelization info
     --------------------
     sticks:   dense  smooth     PW     G-vecs:    dense   smooth      PW
     Min         295     295     73                17794    17794    2228
     Max         298     298     76                17800    17800    2234
     Sum        8293    8293   2077               498319   498319   62487
 
     EXX fraction changed:   0.36
     EXX Screening parameter changed:    0.0000000
     EXX Gau parameter changed:    0.0000000
       ** WARNING : EXX-alpha            =       0.360000
       ** WARNING : EXX-erfc_scrlen      =       0.000000
       ** WARNING : EXX-gau_scrlen       =       0.000000
       ** WARNING : EXX-ecutfock         =     120.000000
       ** WARNING : EXX-exxdiv_treatment = gb            
       ** start_exx() done
       ** weights() done
EXX: grid of k+q points same as grid of k-points
       ** exx_grid_init() done
       ** exx_div_check() done
       ** exxinit() done
       ** WARNING : EXX-exxdiv           =   -1971.039241
       
     --------------------------------------------------------------------------------------------
     System Overview                                                     
     --------------------------------------------------------------------------------------------
     gamma_only           =              T
     ecutwfc [Ry]         =      60.000000
     omega [au^3]         =   7.942527E+03
     glob. #G             =          31244
     nbnd                 =            520
     nkstot               =              1
     nspin                =              1
     nelec                =    1018.000000
     npol                 =              1
     lsda                 =              F
     noncolin             =              F
     lspinorb             =              F
     domag                =              F
     --------------------------------------------------------------------------------------------

     sFFT G-space:   249160 G-vectors     R-space: ( 120, 120, 120)
     dFFT G-space:   249160 G-vectors     R-space: ( 120, 120, 120)

     Cell [a.u.]          =      22.395351     11.197674     11.197674
                          =       0.000000     19.394944      6.464981
                          =       0.000000      0.000000     18.285729
      
     number of ks points=     1
                       cart. coord. in units 2pi/alat
        k(    1) = (   0.0000000   0.0000000   0.0000000), wk =   2.0000000

                       cryst. coord.
        k(    1) = (   0.0000000   0.0000000   0.0000000), wk =   2.0000000
 
     F. Gygi div      =   2.481627E-01
       
     --------------------------------------------------------------------------------------------
     Parallelization for nvecx                                           
     --------------------------------------------------------------------------------------------
     nglob                =             48
     nlevel               =              1
     Min nglob/nlevel     =             48
     Max nglob/nlevel     =             48
     --------------------------------------------------------------------------------------------
       
     --------------------------------------------------------------------------------------------
     Parallelization for band_group                                      
     --------------------------------------------------------------------------------------------
     nglob                =            509
     nlevel               =              6
     Min nglob/nlevel     =             84
     Max nglob/nlevel     =             85
     --------------------------------------------------------------------------------------------

     [MEM] ----------------------------------------------------------
     [MEM] **Memory** analysis: QE
     [MEM] ----------------------------------------------------------
     [MEM] Allocated arrays           est. size (Mb)     dimensions
     [MEM] ----------------------------------------------------------
     [MEM] Kohn-Sham Wavefunctions       8.86 Mb     (   1117,  520)
     [MEM] NL pseudopotentials          17.32 Mb     (   1117, 1016)
     [MEM] Each V/rho on FFT grid        1.10 Mb     (  72000)
     [MEM] Each G-vector array           0.07 Mb     (   8899)
     [MEM] G-vector shells               0.06 Mb     (   7873)
     [MEM] ----------------------------------------------------------
     [MEM] TOT                          27.41 Mb
     [MEM] ----------------------------------------------------------
     [MEM] 
     [MEM] ----------------------------------------------------------
     [MEM] **Memory** analysis: WBSE global
     [MEM] ----------------------------------------------------------
     [MEM] Allocated arrays           est. size (Mb)     dimensions
     [MEM] ----------------------------------------------------------
     [MEM] dvg_exc                     416.42 Mb     (   1117,  509,   48)
     [MEM] dng_exc                     416.42 Mb     (   1117,  509,   48)
     [MEM] hr_distr                      0.02 Mb     (     48,   48)
     [MEM] vr_distr                      0.02 Mb     (     48,   48)
     [MEM] ----------------------------------------------------------
     [MEM] TOT                         832.88 Mb
     [MEM] ----------------------------------------------------------
     [MEM] 
     [MEM] ----------------------------------------------------------
     [MEM] **Memory** analysis: WBSE temporary
     [MEM] ----------------------------------------------------------
     [MEM] Allocated arrays           est. size (Mb)     dimensions
     [MEM] ----------------------------------------------------------
     [MEM] dvpsi                         8.68 Mb     (   1117,  509)
     [MEM] dpsi                          8.68 Mb     (   1117,  509)
     [MEM] ----------------------------------------------------------
     [MEM] Total estimate               17.35 Mb
     [MEM] ----------------------------------------------------------
     Lowest energy electron-hole pairs are used as initial vectors ...
     Calculating the electron-hole pairs for initiating trial vectors ...

              1        57         1       509         1           0.381447550554
              2        58         1       509         2           0.495381664140
              3        59         1       509         3           0.495381667714
              4        60         1       509         4           0.495381696966
              5        61         1       509         5           0.551499597346
              6        62         1       509         6           0.551532779288
              7        63         1       509         7           0.551532793077
              8        64         1       509         8           0.551532793422
              9        49         1       508         1           0.640148484776
             10        41         1       507         1           0.640148527867
             11        33         1       506         1           0.640148527993
             12        25         1       505         1           0.667853687825
             13        17         1       504         1           0.667853724127
             14         9         1       503         1           0.667853724162
             15         1         1       502         1           0.667982352847
             16        50         1       508         2           0.754082598362
             17        51         1       508         3           0.754082601936
             18        52         1       508         4           0.754082631188
             19        42         1       507         2           0.754082641453
             20        34         1       506         2           0.754082641578
             21        43         1       507         3           0.754082645027
             22        35         1       506         3           0.754082645152
             23        44         1       507         4           0.754082674279
             24        36         1       506         4           0.754082674404
     Finished calculating the cv couples.
     Finished setting initial vectors.

                       *----------*              *----------*               *----------*
     #     Iteration = | starting |   WBSE_dim = |        6 |   Diago_dim = |        6 |  x 1/2
                       *----------*              *----------*               *----------*

                       *----------*              *----------*               *----------*
     #     Iteration = | starting |   WBSE_dim = |        6 |   Diago_dim = |        6 |  x 2/2
                       *----------*              *----------*               *----------*
        
        0.31111639   0.44300949   0.44300949   0.44300950   0.47146285   0.47164135
        
     --------------------------------------------------------------------------------------------
     Tot. elapsed time 47m-56.4s,  time spent in last iteration 47m-56.4s
     --------------------------------------------------------------------------------------------

                       *----------*              *----------*               *----------*
     #     Iteration = |        1 |   WBSE_dim = |        6 |   Diago_dim = |       12 |
                       *----------*              *----------*               *----------*
     Max diff =  0.280E-01
        
        0.30659016   0.41502156   0.41502156   0.41502158   0.47020450   0.47108342
        
     --------------------------------------------------------------------------------------------
     Tot. elapsed time 01h-12m-18.9s,  time spent in last iteration 24m-22.5s
     --------------------------------------------------------------------------------------------

                       *----------*              *----------*               *----------*
     #     Iteration = |        2 |   WBSE_dim = |        6 |   Diago_dim = |       18 |
                       *----------*              *----------*               *----------*
     Max diff =  0.358E-02
        
        0.30603734   0.41143840   0.41143840   0.41143841   0.46980846   0.47093851
        
     --------------------------------------------------------------------------------------------
     Tot. elapsed time 01h-36m-48.8s,  time spent in last iteration 24m-29.8s
     --------------------------------------------------------------------------------------------

                       *----------*              *----------*               *----------*
     #     Iteration = |        3 |   WBSE_dim = |        6 |   Diago_dim = |       24 |
                       *----------*              *----------*               *----------*
     Max diff =  0.123E-02
        
        0.30580895   0.41020973   0.41020973   0.41020975   0.46942048   0.47084376
        
     --------------------------------------------------------------------------------------------
     Tot. elapsed time 02h-01m-13.8s,  time spent in last iteration 24m-25.0s
     --------------------------------------------------------------------------------------------

                       *----------*              *----------*               *----------*
     #     Iteration = |        4 |   WBSE_dim = |        6 |   Diago_dim = |       30 |
                       *----------*              *----------*               *----------*
     Max diff =  0.846E-03
        
        0.30566772   0.40936392   0.40936392   0.40936394   0.46912451   0.47080095
        
     --------------------------------------------------------------------------------------------
     Tot. elapsed time 02h-25m-37.4s,  time spent in last iteration 24m-23.5s
     --------------------------------------------------------------------------------------------

                       *----------*              *----------*               *----------*
     #     Iteration = |        5 |   WBSE_dim = |        6 |   Diago_dim = |       36 |
                       *----------*              *----------*               *----------*
     Max diff =  0.419E-03
        
        0.30556541   0.40894514   0.40894514   0.40894515   0.46885950   0.47077836
        
     --------------------------------------------------------------------------------------------
     Tot. elapsed time 02h-50m-03.2s,  time spent in last iteration 24m-25.7s
     --------------------------------------------------------------------------------------------

                       *----------*              *----------*               *----------*
     #     Iteration = |        6 |   WBSE_dim = |        6 |   Diago_dim = |       42 |
                       *----------*              *----------*               *----------*
     Max diff =  0.215E-03
        
        0.30551058   0.40873022   0.40873022   0.40873024   0.46868406   0.47076978
        
     --------------------------------------------------------------------------------------------
     Tot. elapsed time 03h-14m-29.0s,  time spent in last iteration 24m-25.7s
     --------------------------------------------------------------------------------------------

                       *----------*              *----------*               *----------*
     #     Iteration = |        7 |   WBSE_dim = |        6 |   Diago_dim = |       48 |
                       *----------*              *----------*               *----------*
     Max diff =  0.179E-03
        
        0.30546453   0.40860959   0.40860959   0.40860961   0.46850532   0.47076431
        
     --------------------------------------------------------------------------------------------
     Tot. elapsed time 03h-38m-54.7s,  time spent in last iteration 24m-25.6s
     --------------------------------------------------------------------------------------------

       Refresh the basis set

                       *----------*              *----------*               *----------*
     #     Iteration = |        8 |   WBSE_dim = |        6 |   Diago_dim = |       12 |
                       *----------*              *----------*               *----------*
     Max diff =  0.729E-04
        
        0.30544689   0.40856607   0.40856607   0.40856609   0.46843238   0.47076261
        
     --------------------------------------------------------------------------------------------
     Tot. elapsed time 04h-03m-20.8s,  time spent in last iteration 24m-25.2s
     --------------------------------------------------------------------------------------------

                       *----------*              *----------*               *----------*
     #     Iteration = |        9 |   WBSE_dim = |        6 |   Diago_dim = |       18 |
                       *----------*              *----------*               *----------*
     Max diff =  0.653E-04
        
        0.30543326   0.40852668   0.40852669   0.40852670   0.46836703   0.47076130
        
     --------------------------------------------------------------------------------------------
     Tot. elapsed time 04h-27m-46.1s,  time spent in last iteration 24m-25.2s
     --------------------------------------------------------------------------------------------

                       *----------*              *----------*               *----------*
     #     Iteration = |       10 |   WBSE_dim = |        6 |   Diago_dim = |       24 |
                       *----------*              *----------*               *----------*
     Max diff =  0.701E-04
        
        0.30542099   0.40849777   0.40849777   0.40849778   0.46829691   0.47076019
        
     --------------------------------------------------------------------------------------------
     Tot. elapsed time 04h-52m-11.6s,  time spent in last iteration 24m-25.4s
     --------------------------------------------------------------------------------------------

                       *----------*              *----------*               *----------*
     #     Iteration = |       11 |   WBSE_dim = |        6 |   Diago_dim = |       30 |
                       *----------*              *----------*               *----------*
     Max diff =  0.640E-04
        
        0.30541296   0.40847706   0.40847706   0.40847707   0.46823290   0.47075940
        
     --------------------------------------------------------------------------------------------
     Tot. elapsed time 05h-16m-37.3s,  time spent in last iteration 24m-25.7s
     --------------------------------------------------------------------------------------------

                       *----------*              *----------*               *----------*
     #     Iteration = |       12 |   WBSE_dim = |        6 |   Diago_dim = |       36 |
                       *----------*              *----------*               *----------*
     Max diff =  0.593E-04
        
        0.30540656   0.40846454   0.40846454   0.40846455   0.46817363   0.47075888
        
     --------------------------------------------------------------------------------------------
     Tot. elapsed time 05h-41m-03.4s,  time spent in last iteration 24m-26.0s
     --------------------------------------------------------------------------------------------

                       *----------*              *----------*               *----------*
     #     Iteration = |       13 |   WBSE_dim = |        6 |   Diago_dim = |       42 |
                       *----------*              *----------*               *----------*
     Max diff =  0.478E-04
        
        0.30540268   0.40845573   0.40845573   0.40845575   0.46812587   0.47075859
        
     --------------------------------------------------------------------------------------------
     Tot. elapsed time 06h-05m-29.2s,  time spent in last iteration 24m-25.8s
     --------------------------------------------------------------------------------------------

                       *----------*              *----------*               *----------*
     #     Iteration = |       14 |   WBSE_dim = |        6 |   Diago_dim = |       48 |
                       *----------*              *----------*               *----------*
     Max diff =  0.466E-04
        
        0.30539974   0.40844968   0.40844969   0.40844970   0.46807929   0.47075840
        
     --------------------------------------------------------------------------------------------
     Tot. elapsed time 06h-29m-55.1s,  time spent in last iteration 24m-25.8s
     --------------------------------------------------------------------------------------------

       Refresh the basis set

                       *----------*              *----------*               *----------*
     #     Iteration = |       15 |   WBSE_dim = |        6 |   Diago_dim = |       12 |
                       *----------*              *----------*               *----------*
     Max diff =  0.243E-04
        
        0.30539866   0.40844768   0.40844769   0.40844770   0.46805500   0.47075832
        
     --------------------------------------------------------------------------------------------
     Tot. elapsed time 06h-54m-21.7s,  time spent in last iteration 24m-25.7s
     --------------------------------------------------------------------------------------------

                       *----------*              *----------*               *----------*
     #     Iteration = |       16 |   WBSE_dim = |        5 |   Diago_dim = |       17 |
                       *----------*              *----------*               *----------*
     Max diff =  0.238E-04
        
        0.30539792   0.40844621   0.40844621   0.40844623   0.46803120   0.47075832
        
     --------------------------------------------------------------------------------------------
     Tot. elapsed time 07h-14m-44.3s,  time spent in last iteration 20m-22.6s
     --------------------------------------------------------------------------------------------

                       *----------*              *----------*               *----------*
     #     Iteration = |       17 |   WBSE_dim = |        5 |   Diago_dim = |       22 |
                       *----------*              *----------*               *----------*
     Max diff =  0.247E-04
        
        0.30539745   0.40844516   0.40844516   0.40844518   0.46800650   0.47075832
        
     --------------------------------------------------------------------------------------------
     Tot. elapsed time 07h-35m-06.5s,  time spent in last iteration 20m-22.1s
     --------------------------------------------------------------------------------------------

                       *----------*              *----------*               *----------*
     #     Iteration = |       18 |   WBSE_dim = |        5 |   Diago_dim = |       27 |
                       *----------*              *----------*               *----------*
     Max diff =  0.178E-04
        
        0.30539721   0.40844426   0.40844426   0.40844427   0.46798866   0.47075832
        
     --------------------------------------------------------------------------------------------
     Tot. elapsed time 07h-55m-28.2s,  time spent in last iteration 20m-21.6s
     --------------------------------------------------------------------------------------------

                       *----------*              *----------*               *----------*
     #     Iteration = |       19 |   WBSE_dim = |        5 |   Diago_dim = |       32 |
                       *----------*              *----------*               *----------*
     Max diff =  0.165E-04
        
        0.30539701   0.40844336   0.40844336   0.40844338   0.46797214   0.47075832
        
     --------------------------------------------------------------------------------------------
     Tot. elapsed time 08h-15m-50.0s,  time spent in last iteration 20m-21.7s
     --------------------------------------------------------------------------------------------

                       *----------*              *----------*               *----------*
     #     Iteration = |       20 |   WBSE_dim = |        5 |   Diago_dim = |       37 |
                       *----------*              *----------*               *----------*
     Max diff =  0.128E-04
        
        0.30539692   0.40844283   0.40844283   0.40844284   0.46795933   0.47075832
        
     --------------------------------------------------------------------------------------------
     Tot. elapsed time 08h-36m-11.2s,  time spent in last iteration 20m-21.2s
     --------------------------------------------------------------------------------------------

                       *----------*              *----------*               *----------*
     #     Iteration = |       21 |   WBSE_dim = |        4 |   Diago_dim = |       41 |
                       *----------*              *----------*               *----------*
     Max diff =  0.944E-05
        
        0.30539692   0.40844248   0.40844248   0.40844250   0.46794988   0.47075832
        
     --------------------------------------------------------------------------------------------
     Tot. elapsed time 08h-52m-28.7s,  time spent in last iteration 16m-17.5s
     --------------------------------------------------------------------------------------------

                       *----------*              *----------*               *----------*
     #     Iteration = |       22 |   WBSE_dim = |        4 |   Diago_dim = |       45 |
                       *----------*              *----------*               *----------*
     Max diff =  0.212E-04
        
        0.30539692   0.40844204   0.40844204   0.40844205   0.46792871   0.47075832
        
     --------------------------------------------------------------------------------------------
     Tot. elapsed time 09h-08m-46.2s,  time spent in last iteration 16m-17.5s
     --------------------------------------------------------------------------------------------

       Refresh the basis set

                       *----------*              *----------*               *----------*
     #     Iteration = |       23 |   WBSE_dim = |        4 |   Diago_dim = |       10 |
                       *----------*              *----------*               *----------*
     Max diff =  0.997E-05
        
        0.30539692   0.40844192   0.40844192   0.40844194   0.46791874   0.47075832
        
     --------------------------------------------------------------------------------------------
     Tot. elapsed time 09h-25m-04.2s,  time spent in last iteration 16m-17.1s
     --------------------------------------------------------------------------------------------

                       *----------*              *----------*               *----------*
     #     Iteration = |       24 |   WBSE_dim = |        4 |   Diago_dim = |       14 |
                       *----------*              *----------*               *----------*
     Max diff =  0.514E-05
        
        0.30539692   0.40844187   0.40844187   0.40844188   0.46791360   0.47075832
        
     --------------------------------------------------------------------------------------------
     Tot. elapsed time 09h-41m-21.3s,  time spent in last iteration 16m-17.1s
     --------------------------------------------------------------------------------------------

                       *----------*              *----------*               *----------*
     #     Iteration = |       25 |   WBSE_dim = |        1 |   Diago_dim = |       15 |
                       *----------*              *----------*               *----------*
     Max diff =  0.395E-05
        
        0.30539692   0.40844187   0.40844187   0.40844188   0.46790966   0.47075832
        
     --------------------------------------------------------------------------------------------
     Tot. elapsed time 09h-45m-25.8s,  time spent in last iteration 04m-04.4s
     --------------------------------------------------------------------------------------------

                       *----------*              *----------*               *----------*
     #     Iteration = |       26 |   WBSE_dim = |        1 |   Diago_dim = |       16 |
                       *----------*              *----------*               *----------*
     Max diff =  0.390E-05
        
        0.30539692   0.40844187   0.40844187   0.40844188   0.46790576   0.47075832
        
     --------------------------------------------------------------------------------------------
     Tot. elapsed time 09h-49m-30.3s,  time spent in last iteration 04m-04.4s
     --------------------------------------------------------------------------------------------

                       *----------*              *----------*               *----------*
     #     Iteration = |       27 |   WBSE_dim = |        1 |   Diago_dim = |       17 |
                       *----------*              *----------*               *----------*
     Max diff =  0.344E-05
        
        0.30539692   0.40844187   0.40844187   0.40844188   0.46790231   0.47075832
        
     --------------------------------------------------------------------------------------------
     Tot. elapsed time 09h-53m-34.9s,  time spent in last iteration 04m-04.5s
     --------------------------------------------------------------------------------------------

                       *----------*              *----------*               *----------*
     #     Iteration = |       28 |   WBSE_dim = |        1 |   Diago_dim = |       18 |
                       *----------*              *----------*               *----------*
     Max diff =  0.299E-05
        
        0.30539692   0.40844187   0.40844187   0.40844188   0.46789932   0.47075832
        
     --------------------------------------------------------------------------------------------
     Tot. elapsed time 09h-57m-39.4s,  time spent in last iteration 04m-04.5s
     --------------------------------------------------------------------------------------------

                       *----------*              *----------*               *----------*
     #     Iteration = |       29 |   WBSE_dim = |        1 |   Diago_dim = |       19 |
                       *----------*              *----------*               *----------*
     Max diff =  0.195E-05
        
        0.30539692   0.40844187   0.40844187   0.40844188   0.46789737   0.47075832
        
     --------------------------------------------------------------------------------------------
     Tot. elapsed time 10h-01m-44.3s,  time spent in last iteration 04m-04.8s
     --------------------------------------------------------------------------------------------

                       *----------*              *----------*               *----------*
     #     Iteration = |       30 |   WBSE_dim = |        1 |   Diago_dim = |       20 |
                       *----------*              *----------*               *----------*
     Max diff =  0.157E-05
        
        0.30539692   0.40844187   0.40844187   0.40844188   0.46789580   0.47075832
        
     --------------------------------------------------------------------------------------------
     Tot. elapsed time 10h-05m-49.2s,  time spent in last iteration 04m-04.8s
     --------------------------------------------------------------------------------------------

                       *----------*              *----------*               *----------*
     #     Iteration = |       31 |   WBSE_dim = |        1 |   Diago_dim = |       21 |
                       *----------*              *----------*               *----------*
     Max diff =  0.295E-05
        
        0.30539692   0.40844187   0.40844187   0.40844188   0.46789286   0.47075832
        
     --------------------------------------------------------------------------------------------
     Tot. elapsed time 10h-09m-54.1s,  time spent in last iteration 04m-04.9s
     --------------------------------------------------------------------------------------------

                       *----------*              *----------*               *----------*
     #     Iteration = |       32 |   WBSE_dim = |        1 |   Diago_dim = |       22 |
                       *----------*              *----------*               *----------*
     Max diff =  0.381E-05
        
        0.30539692   0.40844187   0.40844187   0.40844188   0.46788904   0.47075832
        
     --------------------------------------------------------------------------------------------
     Tot. elapsed time 10h-13m-58.9s,  time spent in last iteration 04m-04.8s
     --------------------------------------------------------------------------------------------

                       *----------*              *----------*               *----------*
     #     Iteration = |       33 |   WBSE_dim = |        1 |   Diago_dim = |       23 |
                       *----------*              *----------*               *----------*
     Max diff =  0.205E-05
        
        0.30539692   0.40844187   0.40844187   0.40844188   0.46788700   0.47075832
        
     --------------------------------------------------------------------------------------------
     Tot. elapsed time 10h-18m-03.8s,  time spent in last iteration 04m-04.8s
     --------------------------------------------------------------------------------------------

                       *----------*              *----------*               *----------*
     #     Iteration = |       34 |   WBSE_dim = |        1 |   Diago_dim = |       24 |
                       *----------*              *----------*               *----------*
     Max diff =  0.662E-06
        
        0.30539692   0.40844187   0.40844187   0.40844188   0.46788633   0.47075832
        
     --------------------------------------------------------------------------------------------
     Tot. elapsed time 10h-22m-08.6s,  time spent in last iteration 04m-04.8s
     --------------------------------------------------------------------------------------------

                       *----------*              *----------*               *----------*
     #     Iteration = |       35 |   WBSE_dim = |        1 |   Diago_dim = |       25 |
                       *----------*              *----------*               *----------*
     Max diff =  0.351E-06
        
        0.30539692   0.40844187   0.40844187   0.40844188   0.46788598   0.47075832
        
     --------------------------------------------------------------------------------------------
     Tot. elapsed time 10h-26m-13.3s,  time spent in last iteration 04m-04.7s
     --------------------------------------------------------------------------------------------

                       *----------*              *----------*               *----------*
     #     Iteration = |       36 |   WBSE_dim = |        1 |   Diago_dim = |       26 |
                       *----------*              *----------*               *----------*
     Max diff =  0.253E-06
        
        0.30539692   0.40844187   0.40844187   0.40844188   0.46788573   0.47075832
        
     --------------------------------------------------------------------------------------------
     Tot. elapsed time 10h-30m-18.2s,  time spent in last iteration 04m-04.8s
     --------------------------------------------------------------------------------------------

                       *----------*              *----------*               *----------*
     #     Iteration = |       37 |   WBSE_dim = |        1 |   Diago_dim = |       27 |
                       *----------*              *----------*               *----------*
     Max diff =  0.138E-06
        
        0.30539692   0.40844187   0.40844187   0.40844188   0.46788559   0.47075832
        
     --------------------------------------------------------------------------------------------
     Tot. elapsed time 10h-34m-23.1s,  time spent in last iteration 04m-04.9s
     --------------------------------------------------------------------------------------------

                       *----------*              *----------*               *----------*
     #     Iteration = |       38 |   WBSE_dim = |        1 |   Diago_dim = |       28 |
                       *----------*              *----------*               *----------*
     Max diff =  0.845E-07
        
        0.30539692   0.40844187   0.40844187   0.40844188   0.46788551   0.47075832
        
     --------------------------------------------------------------------------------------------
     Tot. elapsed time 10h-38m-28.0s,  time spent in last iteration 04m-04.8s
     --------------------------------------------------------------------------------------------
      
     --------------------------------------------------------------------------------------------
     Database written in 06.8s               
     In location : ./west.wbse.david.save
     --------------------------------------------------------------------------------------------
       
     --------------------------------------------------------------------------------------------
     Convergence achieved !!! in       38 steps                          
     --------------------------------------------------------------------------------------------
 
     Wbse         :    10h33m CPU       10h38m WALL

     wbse_readin  :      8.41s CPU     15.69s WALL (       1 calls)
     wbse_fetch_n :      0.01s CPU      0.01s WALL (       1 calls)
     read_xml     :      0.69s CPU      4.10s WALL (       1 calls)
     init_vloc    :      0.12s CPU      0.12s WALL (       2 calls)
     fft          :      3.30s CPU      6.17s WALL (    1584 calls)
     fft_scatter  :   9176.90s CPU   9268.79s WALL (27575754 calls)
     v_of_rho     :      0.06s CPU      0.07s WALL (       1 calls)
     v_xc         :      0.06s CPU      0.06s WALL (       1 calls)
     v_h          :      0.00s CPU      0.00s WALL (       1 calls)
     read_wave    :      7.71s CPU     11.57s WALL (       1 calls)
     davcio       :      0.00s CPU      0.03s WALL (       2 calls)
     init_us_1    :      0.04s CPU      0.04s WALL (       2 calls)
     do_setup     :      0.68s CPU      0.73s WALL (       1 calls)
     init_pw_ar   :      0.36s CPU      0.40s WALL (       1 calls)
     init_at_1    :      0.00s CPU      0.00s WALL (       1 calls)
     exx_grid     :      0.00s CPU      0.00s WALL (       1 calls)
     exxinit      :      0.24s CPU      0.27s WALL (       1 calls)
     fftcw        :     93.79s CPU     95.04s WALL (  270143 calls)
     exx_div      :      0.00s CPU      0.00s WALL (       1 calls)
     storesqvc    :      0.00s CPU      0.00s WALL (       1 calls)
     wbse_dv_setu :      0.09s CPU      0.09s WALL (       1 calls)
     setup_dmuxc  :      0.01s CPU      0.01s WALL (       1 calls)
     chidiago     :  37995.90s CPU  38315.29s WALL (       1 calls)
     paramgs      :      6.22s CPU      6.26s WALL (      39 calls)
     west_apply_l :  37957.83s CPU  38271.17s WALL (     157 calls)
     wbse_calc_de :     16.85s CPU     16.97s WALL (     157 calls)
     fftw         :  20140.98s CPU  20291.63s WALL (20498077 calls)
     wbse_dv_of_d :      6.49s CPU      6.57s WALL (     157 calls)
     init_us_2    :      1.35s CPU      1.41s WALL (     157 calls)
     h_psi        :   4308.83s CPU   4364.54s WALL (     157 calls)
     h_psi:pot    :     17.99s CPU     18.17s WALL (     157 calls)
     vloc_psi     :     13.47s CPU     13.58s WALL (     157 calls)
     h_psi:calbec :      2.28s CPU      2.33s WALL (     157 calls)
     calbec       :      2.27s CPU      2.33s WALL (     157 calls)
     add_vuspsi   :      2.25s CPU      2.26s WALL (     157 calls)
     vexx         :   4290.69s CPU   4346.22s WALL (     157 calls)
     comm_buff    :     15.93s CPU     16.17s WALL (    5966 calls)
     fftc         :   2978.56s CPU   3012.16s WALL ( 6805950 calls)
     alphapc      :      8.68s CPU      8.80s WALL (     447 calls)
     build_hr     :      4.44s CPU      5.53s WALL (      39 calls)
     redistr_vr   :      0.00s CPU      0.00s WALL (      38 calls)
     update_vr    :     12.11s CPU     15.19s WALL (      38 calls)
     precd_ag     :      2.92s CPU      2.94s WALL (      38 calls)
     symm_hr      :      0.00s CPU      0.00s WALL (      38 calls)
     chidiago:las :      2.24s CPU      2.55s WALL (       4 calls)
     refresh_vr   :      2.48s CPU      2.84s WALL (       7 calls)
     plep_db      :      5.97s CPU      6.88s WALL (       1 calls)
 
     Wbse         :    10h33m CPU       10h38m WALL

 
   This run was terminated on:  20: 4: 5   4May2023            

=------------------------------------------------------------------------------=
   JOB DONE.
=------------------------------------------------------------------------------=
