MPI startup(): shm:dapl fabric is unknown or has been removed from the product, please use ofi or shm:ofi instead.

     Program WBSE_INIT v. 5.5.0 git rev. v5.5.0-44-g79ff716 starts on  3Sep2023 at 20: 2:51 

     This program is part of the open-source West suite
     for massively parallel calculations of excited states in materials; please cite
         "M. Govoni et al., J. Chem. Theory Comput. 11, 2680 (2015);
          URL http://www.west-code.org",
     in publications or presentations arising from this work.

     Based on the Quantum ESPRESSO v. 7.2

     I/O is Little Endian
 
     --------------------------------------------------------------------------------------------
     **MPI** Parallelization Status
     --------------------------------------------------------------------------------------------
                   160                   4             1             1            40
     --------------------------------------------------------------------------------------------
                     N         =         I      X      P      X      B      X      Z
                     ^                   ^             ^             ^             ^
                     |                   |             |             |             |
                   #rnk                  |             |             |             |
                                      #image           |             |             |
                                                     #pool           |             |
                                                                   #bgrp           |
                                                                                 #R&G
     --------------------------------------------------------------------------------------------
     **OPENMP** Parallelization Status
     #thr/rnk               =            1
     --------------------------------------------------------------------------------------------
     #prc = (rnk) * (thr) =          160
     --------------------------------------------------------------------------------------------

     --------------------------------------------------------------------------------------------
     I/O Summary : input_west
     --------------------------------------------------------------------------------------------
     qe_prefix : pwscf
     west_prefix : pwscf
     outdir : ./
     --------------------------------------------------------------------------------------------

     Reading xml data from directory:

     ./pwscf.save/
     EXX fraction changed:   0.15
     EXX Screening parameter changed:    0.0000000

     IMPORTANT: XC functional enforced from input :
     Exchange-correlation= PBE0
                           (   6   4   8   4   0   0   0)
     EXX-fraction              =        0.15
     Any further DFT definition will be discarded
     Please, verify this is what you really want

 
     Parallelization info
     --------------------
     sticks:   dense  smooth     PW     G-vecs:    dense   smooth      PW
     Min         350     350     86                22038    22038    2746
     Max         352     352     88                22048    22048    2760
     Sum       14071   14071   3505               881813   881813  110135
 
     Using Slab Decomposition
 

     --------------------------------------------------------------------------------------------
     I/O Summary : server_control
     --------------------------------------------------------------------------------------------
     document : {}
     --------------------------------------------------------------------------------------------

     --------------------------------------------------------------------------------------------
     I/O Summary : wbse_init_control
     --------------------------------------------------------------------------------------------
     wbse_init_calculation : S
     solver : TDDFT
     bse_method : PDEP
     n_pdep_eigen_to_use : 792
     localization : W
     wfc_from_qbox : qb_wfc
     bisection_info : bis_info
     chi_kernel : CHI
     overlap_thr : 0.001
     spin_channel : 0
     n_trunc_bands : 0
     --------------------------------------------------------------------------------------------
       ** WARNING : EXX use_ace          = F
       ** WARNING : EXX alpha            =       0.150000
       ** WARNING : EXX erfc_scrlen      =       0.000000
       ** WARNING : EXX gau_scrlen       =       0.000000
       ** WARNING : EXX ecutfock         =     240.000000
       ** WARNING : EXX exxdiv_treatment = gb
     EXX: q-point mesh:     1    1    1
     EXX: grid of k+q points same as grid of k-points

     EXX grid:   440907 G-vectors     FFT dimensions: ( 144, 144,  96)
       ** WARNING : EXX-exxdiv           =   -2736.947364
 
     --------------------------------------------------------------------------------------------
     System Overview
     --------------------------------------------------------------------------------------------
     gamma_only           =              T
     ecutwfc [Ry]         =      60.000000
     ecutrho [Ry]         =     240.000000
     omega [au^3]         =   1.404716E+04
     nbnd                 =            800
     nkstot               =              2
     nspin                =              2
     nelec                =     792.000000
     nelup                =     397.000000
     neldw                =     395.000000
     npol                 =              1
     lsda                 =              T
     noncolin             =              F
     lspinorb             =              F
     --------------------------------------------------------------------------------------------

     3DFFT grid
        s : ( 144, 144,  96)
        p : ( 144, 144,  96)

     Direct Lattice Cell [a.u.]
        a1 = (    29.1679227     0.0000000     0.0000000)
        a2 = (   -14.5839614    25.2601621     0.0000000)
        a3 = (     0.0000000     0.0000000    19.0654469)

     Reciprocal Lattice Cell [a.u.]
        b1 = (     0.2154142     0.1243695     0.0000000)
        b2 = (     0.0000000     0.2487389     0.0000000)
        b3 = (     0.0000000     0.0000000     0.3295588)
 

     Brillouin Zone sampling [cryst. coord.]
 
        k(000001) = (     0.0000000     0.0000000     0.0000000)
     Divergence =   1.948399E-01
 
     --------------------------------------------------------------------------------------------
     Parallelization for wann_local
     --------------------------------------------------------------------------------------------
     nglob                =            397
     nlevel               =              4
     Min nglob/nlevel     =             99
     Max nglob/nlevel     =            100
     --------------------------------------------------------------------------------------------
 
     --------------------------------------------------------------------------------------------
     Wannier localization
     --------------------------------------------------------------------------------------------
     in progress... |#                   | 005% :               01.6s (E)               32.5s (X)
     in progress... |##                  | 010% :               03.2s (E)               32.0s (X)
     in progress... |###                 | 015% :               04.2s (E)               28.1s (X)
     in progress... |####                | 020% :               05.7s (E)               28.5s (X)
     in progress... |#####               | 025% :               07.1s (E)               28.6s (X)
     in progress... |######              | 030% :               08.5s (E)               28.5s (X)
     in progress... |#######             | 035% :               09.8s (E)               28.2s (X)
     in progress... |########            | 040% :               11.2s (E)               28.2s (X)
     in progress... |#########           | 045% :               12.6s (E)               28.2s (X)
     in progress... |##########          | 050% :               14.4s (E)               28.9s (X)
     in progress... |###########         | 055% :               15.7s (E)               28.6s (X)
     in progress... |############        | 060% :               17.3s (E)               28.8s (X)
     in progress... |#############       | 065% :               18.8s (E)               28.9s (X)
     in progress... |##############      | 070% :               20.5s (E)               29.4s (X)
     in progress... |###############     | 075% :               22.0s (E)               29.4s (X)
     in progress... |################    | 080% :               23.7s (E)               29.7s (X)
     in progress... |#################   | 085% :               25.3s (E)               29.7s (X)
     in progress... |##################  | 090% :               26.8s (E)               29.7s (X)
     in progress... |################### | 095% :               28.2s (E)               29.7s (X)
     in progress... |####################| 100% :               29.7s (E)               29.7s (X)
     --------------------------------------------------------------------------------------------
 
     --------------------------------------------------------------------------------------------
     Wannier overlap
     --------------------------------------------------------------------------------------------
     in progress... |#                   | 005% :               00.6s (E)               12.8s (X)
     in progress... |##                  | 010% :               01.2s (E)               12.6s (X)
     in progress... |###                 | 015% :               01.6s (E)               11.1s (X)
     in progress... |####                | 020% :               02.2s (E)               11.3s (X)
     in progress... |#####               | 025% :               02.8s (E)               11.3s (X)
     in progress... |######              | 030% :               03.3s (E)               11.3s (X)
     in progress... |#######             | 035% :               03.9s (E)               11.2s (X)
     in progress... |########            | 040% :               04.4s (E)               11.0s (X)
     in progress... |#########           | 045% :               04.9s (E)               10.9s (X)
     in progress... |##########          | 050% :               05.5s (E)               11.1s (X)
     in progress... |###########         | 055% :               06.0s (E)               10.9s (X)
     in progress... |############        | 060% :               06.5s (E)               10.9s (X)
     in progress... |#############       | 065% :               07.1s (E)               10.9s (X)
     in progress... |##############      | 070% :               07.7s (E)               11.0s (X)
     in progress... |###############     | 075% :               08.1s (E)               10.9s (X)
     in progress... |################    | 080% :               08.7s (E)               10.9s (X)
     in progress... |#################   | 085% :               09.3s (E)               10.9s (X)
     in progress... |##################  | 090% :               09.8s (E)               10.9s (X)
     in progress... |################### | 095% :               10.3s (E)               10.9s (X)
     in progress... |####################| 100% :               10.9s (E)               10.9s (X)
     --------------------------------------------------------------------------------------------

     Writing overlap and rotation matrices to ./pwscf.wbse_init.save/o_and_u.1.dat
 
     --------------------------------------------------------------------------------------------
     Parallelization for n_pairs
     --------------------------------------------------------------------------------------------
     nglob                =           6482
     nlevel               =              4
     Min nglob/nlevel     =           1620
     Max nglob/nlevel     =           1621
     --------------------------------------------------------------------------------------------
 
     --------------------------------------------------------------------------------------------
     Applying CHI kernel with PDEP
     --------------------------------------------------------------------------------------------
     in progress... |#                   | 005% :               00.5s (E)               11.1s (X)
     in progress... |##                  | 010% :               00.9s (E)               09.4s (X)
     in progress... |###                 | 015% :               01.3s (E)               08.9s (X)
     in progress... |####                | 020% :               01.8s (E)               09.0s (X)
     in progress... |#####               | 025% :               02.1s (E)               08.7s (X)
     in progress... |######              | 030% :               02.5s (E)               08.5s (X)
     in progress... |#######             | 035% :               02.9s (E)               08.3s (X)
     in progress... |########            | 040% :               03.3s (E)               08.4s (X)
     in progress... |#########           | 045% :               03.7s (E)               08.3s (X)
     in progress... |##########          | 050% :               04.1s (E)               08.2s (X)
     in progress... |###########         | 055% :               04.5s (E)               08.3s (X)
     in progress... |############        | 060% :               04.9s (E)               08.2s (X)
     in progress... |#############       | 065% :               05.3s (E)               08.1s (X)
     in progress... |##############      | 070% :               05.8s (E)               08.3s (X)
     in progress... |###############     | 075% :               06.2s (E)               08.3s (X)
     in progress... |################    | 080% :               06.5s (E)               08.2s (X)
     in progress... |#################   | 085% :               07.0s (E)               08.2s (X)
     in progress... |##################  | 090% :               07.4s (E)               08.2s (X)
     in progress... |################### | 095% :               07.7s (E)               08.1s (X)
     in progress... |####################| 100% :               08.2s (E)               08.2s (X)
     --------------------------------------------------------------------------------------------
 
     --------------------------------------------------------------------------------------------
     Parallelization for wann_local
     --------------------------------------------------------------------------------------------
     nglob                =            395
     nlevel               =              4
     Min nglob/nlevel     =             98
     Max nglob/nlevel     =             99
     --------------------------------------------------------------------------------------------
 
     --------------------------------------------------------------------------------------------
     Wannier localization
     --------------------------------------------------------------------------------------------
     in progress... |#                   | 005% :               01.8s (E)               37.7s (X)
     in progress... |##                  | 010% :               03.6s (E)               36.8s (X)
     in progress... |###                 | 015% :               05.0s (E)               33.3s (X)
     in progress... |####                | 020% :               06.7s (E)               33.5s (X)
     in progress... |#####               | 025% :               08.3s (E)               33.4s (X)
     in progress... |######              | 030% :               09.9s (E)               33.0s (X)
     in progress... |#######             | 035% :               11.4s (E)               32.6s (X)
     in progress... |########            | 040% :               12.8s (E)               32.1s (X)
     in progress... |#########           | 045% :               14.2s (E)               31.6s (X)
     in progress... |##########          | 050% :               16.0s (E)               32.0s (X)
     in progress... |###########         | 055% :               17.2s (E)               31.4s (X)
     in progress... |############        | 060% :               18.8s (E)               31.4s (X)
     in progress... |#############       | 065% :               20.3s (E)               31.3s (X)
     in progress... |##############      | 070% :               21.7s (E)               31.1s (X)
     in progress... |###############     | 075% :               23.3s (E)               31.1s (X)
     in progress... |################    | 080% :               24.8s (E)               31.0s (X)
     in progress... |#################   | 085% :               26.3s (E)               31.0s (X)
     in progress... |##################  | 090% :               27.8s (E)               30.9s (X)
     in progress... |################### | 095% :               29.5s (E)               31.0s (X)
     in progress... |####################| 100% :               30.9s (E)               30.9s (X)
     --------------------------------------------------------------------------------------------
 
     --------------------------------------------------------------------------------------------
     Wannier overlap
     --------------------------------------------------------------------------------------------
     in progress... |#                   | 005% :               00.6s (E)               12.8s (X)
     in progress... |##                  | 010% :               01.2s (E)               12.6s (X)
     in progress... |###                 | 015% :               01.6s (E)               11.1s (X)
     in progress... |####                | 020% :               02.2s (E)               11.2s (X)
     in progress... |#####               | 025% :               02.8s (E)               11.3s (X)
     in progress... |######              | 030% :               03.3s (E)               11.2s (X)
     in progress... |#######             | 035% :               03.9s (E)               11.1s (X)
     in progress... |########            | 040% :               04.4s (E)               11.0s (X)
     in progress... |#########           | 045% :               04.9s (E)               10.8s (X)
     in progress... |##########          | 050% :               05.5s (E)               11.0s (X)
     in progress... |###########         | 055% :               05.9s (E)               10.8s (X)
     in progress... |############        | 060% :               06.5s (E)               10.8s (X)
     in progress... |#############       | 065% :               07.0s (E)               10.8s (X)
     in progress... |##############      | 070% :               07.5s (E)               10.8s (X)
     in progress... |###############     | 075% :               08.1s (E)               10.9s (X)
     in progress... |################    | 080% :               08.7s (E)               10.8s (X)
     in progress... |#################   | 085% :               09.2s (E)               10.8s (X)
     in progress... |##################  | 090% :               09.7s (E)               10.8s (X)
     in progress... |################### | 095% :               10.3s (E)               10.9s (X)
     in progress... |####################| 100% :               10.8s (E)               10.8s (X)
     --------------------------------------------------------------------------------------------

     Writing overlap and rotation matrices to ./pwscf.wbse_init.save/o_and_u.2.dat
 
     --------------------------------------------------------------------------------------------
     Parallelization for n_pairs
     --------------------------------------------------------------------------------------------
     nglob                =           6484
     nlevel               =              4
     Min nglob/nlevel     =           1621
     Max nglob/nlevel     =           1621
     --------------------------------------------------------------------------------------------
 
     --------------------------------------------------------------------------------------------
     Applying CHI kernel with PDEP
     --------------------------------------------------------------------------------------------
     in progress... |#                   | 005% :               00.3s (E)               07.0s (X)
     in progress... |##                  | 010% :               00.7s (E)               07.0s (X)
     in progress... |###                 | 015% :               01.1s (E)               07.5s (X)
     in progress... |####                | 020% :               01.4s (E)               07.4s (X)
     in progress... |#####               | 025% :               01.8s (E)               07.3s (X)
     in progress... |######              | 030% :               02.2s (E)               07.4s (X)
     in progress... |#######             | 035% :               02.6s (E)               07.6s (X)
     in progress... |########            | 040% :               03.0s (E)               07.5s (X)
     in progress... |#########           | 045% :               03.3s (E)               07.4s (X)
     in progress... |##########          | 050% :               03.8s (E)               07.7s (X)
     in progress... |###########         | 055% :               04.2s (E)               07.6s (X)
     in progress... |############        | 060% :               04.5s (E)               07.6s (X)
     in progress... |#############       | 065% :               05.0s (E)               07.7s (X)
     in progress... |##############      | 070% :               05.4s (E)               07.7s (X)
     in progress... |###############     | 075% :               05.7s (E)               07.6s (X)
     in progress... |################    | 080% :               06.2s (E)               07.7s (X)
     in progress... |#################   | 085% :               06.5s (E)               07.7s (X)
     in progress... |##################  | 090% :               06.9s (E)               07.6s (X)
     in progress... |################### | 095% :               07.4s (E)               07.8s (X)
     in progress... |####################| 100% :               07.7s (E)               07.7s (X)
     --------------------------------------------------------------------------------------------
     WBSE_INIT    :   5m57.88s CPU   6m 9.92s WALL

     wbse_init_re :      0.55s CPU      0.59s WALL (       1 calls)
     fetch_input  :      0.19s CPU      0.19s WALL (       2 calls)
     fft          :      0.02s CPU      0.03s WALL (      14 calls)
     fft_scatter  :     12.64s CPU     12.95s WALL (   47496 calls)
     init_vloc    :      0.08s CPU      0.08s WALL (       2 calls)
     init_us_1    :      0.00s CPU      0.00s WALL (       2 calls)
     v_of_rho     :      0.06s CPU      0.07s WALL (       1 calls)
     v_xc         :      0.06s CPU      0.07s WALL (       1 calls)
     v_h          :      0.00s CPU      0.00s WALL (       1 calls)
     do_setup     :      3.72s CPU      4.50s WALL (       1 calls)
     init_pw_ar   :      3.72s CPU      4.50s WALL (       1 calls)
     hinit0       :      0.05s CPU      0.06s WALL (       1 calls)
     davcio       :      0.00s CPU      0.32s WALL (       6 calls)
     exx_grid     :      0.00s CPU      0.00s WALL (       1 calls)
     exxinit      :      2.77s CPU      2.99s WALL (       1 calls)
     fftcw        :      0.34s CPU      0.34s WALL (     800 calls)
     exx_div      :      0.00s CPU      0.00s WALL (       1 calls)
     sqvc_init    :      0.00s CPU      0.00s WALL (       1 calls)
     local        :    343.04s CPU    346.45s WALL (       2 calls)
     rscatter_gri :      0.07s CPU      0.08s WALL (      12 calls)
     wann         :     84.06s CPU     85.24s WALL (       4 calls)
     fftw         :     23.90s CPU     24.35s WALL (   46682 calls)
     jade         :    258.48s CPU    260.58s WALL (       2 calls)
     tau          :      8.41s CPU     16.03s WALL (       2 calls)
     pdep_write   :      4.03s CPU     11.42s WALL (    3242 calls)
 
     WBSE_INIT    :   5m57.88s CPU   6m 9.92s WALL

 
   This run was terminated on:  20: 9: 1   3Sep2023            

=------------------------------------------------------------------------------=
   JOB DONE.
=------------------------------------------------------------------------------=
