
     Program Wbse v. 2.0.1 svn rev. 1002 starts on  3Jul2022 at 23:14:12 

     This program is part of the open-source West suite
     for massively parallel calculations of excited states in materials; please cite
         "M. Govoni et al., J. Chem. Theory Comput. 11, 2680 (2015);
          URL http://www.west-code.org", 
     in publications or presentations arising from this work.

     Based on the Quantum ESPRESSO v. 6.1 svn rev. 13369
       
     --------------------------------------------------------------------------------------------
     **MPI** Parallelization Status                                      
     --------------------------------------------------------------------------------------------
                   120                   1             1             1           120
     --------------------------------------------------------------------------------------------
                     N         =         I      X      P      X      B      X      Z
                     ^                   ^             ^             ^             ^
                     |                   |             |             |             |
                   #rnk                  |             |             |             |
                                      #image           |             |             |
                                                     #pool           |             |
                                                                   #bgrp           |
                                                                                 #R&G
     --------------------------------------------------------------------------------------------
     #prc =          120
     --------------------------------------------------------------------------------------------
       
     --------------------------------------------------------------------------------------------
     I/O Summary : input_west                                            
     --------------------------------------------------------------------------------------------
     qe_prefix               =          pwscf
     west_prefix             =           west
     outdir                  =             ./
     l_load_qbox_wfc         =              F
     qbox_ks_wfc_filename    =         qb.xml
     which_bse_method        =             FF
     --------------------------------------------------------------------------------------------
       
     --------------------------------------------------------------------------------------------
     I/O Summary : wbse_init                                             
     --------------------------------------------------------------------------------------------
     wbse_init_calculation   =              S
     n_pdep_eigen            =              1
     chi_kernel              =            CHI
     which_spin_channel      =              0
     l_use_localise_repr     =              F
     overlap_thr             =       0.000000
     l_use_bisection_thr     =              F
     qbox_bisec_wfc_filename =      qb.gs.xml
     --------------------------------------------------------------------------------------------
       
     --------------------------------------------------------------------------------------------
     I/O Summary : WBSE_control                                          
     --------------------------------------------------------------------------------------------
     wbse_diag_method        =          david
     wbse_calculation        =              S
     n_plep_eigen            =              4
     n_plep_times            =             10
     n_plep_maxiter          =          10000
     n_plep_read_from_file   =              0
     l_bse_calculation       =              F
     l_hybrid_calculation    =              T
     l_exx_fraction          =       0.180000
     l_h_ovlp_thr            =       0.000000
     l_h_loc                 =              F
     l_h_bis                 =              F
     l_h_qbox_bis_wfc_fname  =      qb.gs.xml
     if_random_init          =              F
     l_restart_step          =              0
     l_cg_diagonalization    =              F
     l_subspace              =              F
     n_trunc_bands           =              0
     l_sf_kernel             =              T
     l_alda0                 =              F
     sf_cut_1                =     500.000000
     sf_cut_2                =       0.000100
     l_tddft_force           =              F
     force_state             =              4
     snd_coeff               =       0.010000
     wbse_zv_alpha_mix       =       0.700000
     wbse_zv_nmix_wbse       =              4
     wbse_zv_scf_tr2         =       0.000000
     l_diag_term_only        =              F
     l_preconditioning       =              F
     l_pre_shift             =              F
     l_qp_correction         =              F
     spin_excitation         =        flipped
     trev_plep               =       0.001000
     trev_plep_rel           =       0.000100
     scissor_ope             =       0.000000
     eps_macro               =       1.000000
     --------------------------------------------------------------------------------------------

     Reading data from directory:
     ./pwscf.save

   Info: using nr1, nr2, nr3 values from input

   Info: using nr1, nr2, nr3 values from input

     IMPORTANT: XC functional enforced from input :
     Exchange-correlation      = PBE0 ( 6  4  8  4 0 0)
     EXX-fraction              =        0.25
     Any further DFT definition will be discarded
     Please, verify this is what you really want

 
     Parallelization info
     --------------------
     sticks:   dense  smooth     PW     G-vecs:    dense   smooth      PW
     Min          63      63     15                 4260     4260     524
     Max          66      66     18                 4274     4274     540
     Sum        7721    7721   1933               511971   511971   63989
 
     Generating pointlists ...
     new r_m :   0.0566 (alat units)  1.1401 (a.u.) for type    1
     new r_m :   0.0566 (alat units)  1.1401 (a.u.) for type    2
     EXX fraction changed:   0.18
     EXX Screening parameter changed:    0.0000000
     EXX Gau parameter changed:    0.0000000
       ** WARNING : EXX-alpha            =       0.180000
       ** WARNING : EXX-erfc_scrlen      =       0.000000
       ** WARNING : EXX-gau_scrlen       =       0.000000
       ** WARNING : EXX-ecutfock         =     120.000000
       ** WARNING : EXX-exxdiv_treatment = gb            
EXX: grid of k+q points same as grid of k-points
       ** WARNING : EXX-exxdiv           =   -1970.085306
       
     --------------------------------------------------------------------------------------------
     System Overview                                                     
     --------------------------------------------------------------------------------------------
     gamma_only           =              T
     ecutwfc [Ry]         =      60.000000
     omega [au^3]         =   8.151648E+03
     glob. #G             =          31995
     nbnd                 =            456
     nkstot               =              2
     nspin                =              2
     nelec                =     862.000000
     nelup                =     432.000000
     neldw                =     430.000000
     npol                 =              1
     lsda                 =              T
     noncolin             =              F
     lspinorb             =              F
     domag                =              F
     --------------------------------------------------------------------------------------------

     sFFT G-space:   255986 G-vectors     R-space: ( 100, 100, 100)
     dFFT G-space:   255986 G-vectors     R-space: ( 100, 100, 100)

     Cell [a.u.]          =      20.125583      0.000000      0.000000
                          =       0.000000     20.125583      0.000000
                          =       0.000000      0.000000     20.125583
      
     number of ks points=     2
                       cart. coord. in units 2pi/alat
        k(    1) = (   0.0000000   0.0000000   0.0000000), wk =   1.0000000
        k(    2) = (   0.0000000   0.0000000   0.0000000), wk =   1.0000000

                       cryst. coord.
        k(    1) = (   0.0000000   0.0000000   0.0000000), wk =   1.0000000
        k(    2) = (   0.0000000   0.0000000   0.0000000), wk =   1.0000000
 
     F. Gygi div      =   2.416794E-01
       
     --------------------------------------------------------------------------------------------
     Parallelization for hybrid_init_kernel                              
     --------------------------------------------------------------------------------------------
     nglob                =          93528
     nlevel               =              1
     Min nglob/nlevel     =          93528
     Max nglob/nlevel     =          93528
     --------------------------------------------------------------------------------------------
       
     --------------------------------------------------------------------------------------------
     Parallelization for nvecx                                           
     --------------------------------------------------------------------------------------------
     nglob                =             40
     nlevel               =              1
     Min nglob/nlevel     =             40
     Max nglob/nlevel     =             40
     --------------------------------------------------------------------------------------------
       
     --------------------------------------------------------------------------------------------
     Parallelization for band_paralel                                    
     --------------------------------------------------------------------------------------------
     nglob                =            432
     nlevel               =              1
     Min nglob/nlevel     =            432
     Max nglob/nlevel     =            432
     --------------------------------------------------------------------------------------------
       
     --------------------------------------------------------------------------------------------
     Parallelization for hybrid_kernel                                   
     --------------------------------------------------------------------------------------------
     nglob                =         186624
     nlevel               =              1
     Min nglob/nlevel     =         186624
     Max nglob/nlevel     =         186624
     --------------------------------------------------------------------------------------------

     [MEM] ----------------------------------------------------------
     [MEM] **Memory** analysis: QE
     [MEM] ----------------------------------------------------------
     [MEM] Allocated arrays           est. size (Mb)     dimensions
     [MEM] ----------------------------------------------------------
     [MEM] Kohn-Sham Wavefunctions       1.88 Mb     (    270,  456)
     [MEM] NL pseudopotentials           7.09 Mb     (    270, 1720)
     [MEM] Each V/rho on FFT grid        0.15 Mb     (  10000)
     [MEM] Each G-vector array           0.02 Mb     (   2132)
     [MEM] G-vector shells               0.01 Mb     (    789)
     [MEM] ----------------------------------------------------------
     [MEM] TOT                           9.14 Mb
     [MEM] ----------------------------------------------------------
     [MEM] 
     [MEM] ----------------------------------------------------------
     [MEM] **Memory** analysis: WBSE global
     [MEM] ----------------------------------------------------------
     [MEM] Allocated arrays           est. size (Mb)     dimensions
     [MEM] ----------------------------------------------------------
     [MEM] dvg_exc                      71.19 Mb     (    270,  432,   40)
     [MEM] dng_exc                      71.19 Mb     (    270,  432,   40)
     [MEM] hr_distr                      0.01 Mb     (     40,   40)
     [MEM] vr_distr                      0.01 Mb     (     40,   40)
     [MEM] ----------------------------------------------------------
     [MEM] TOT                         142.41 Mb
     [MEM] ----------------------------------------------------------
     [MEM] 
     [MEM] ----------------------------------------------------------
     [MEM] **Memory** analysis: WBSE temporary
     [MEM] ----------------------------------------------------------
     [MEM] Allocated arrays           est. size (Mb)     dimensions
     [MEM] ----------------------------------------------------------
     [MEM] dvpsi                         1.78 Mb     (    270,  432)
     [MEM] dpsi                          1.78 Mb     (    270,  432)
     [MEM] ----------------------------------------------------------
     [MEM] Total estimate                3.56 Mb
     [MEM] ----------------------------------------------------------
     Lowest energy electron-hole pairs are used as initial vectors ...
     Calculating the electron-hole pairs for initiating trial vectors ...

              1        57         2       432         1           0.215864012319
              2        58         2       432         2           0.216864406753
              3        49         2       431         1           0.218196213062
              4        50         2       431         2           0.219196607496
              5        59         2       432         3           0.284968478230
              6        60         2       432         4           0.285069721152
              7        61         2       432         5           0.287036407437
              8        51         2       431         3           0.287300678973
              9        52         2       431         4           0.287401921896
             10        53         2       431         5           0.289368608180
             11        62         2       432         6           0.289867159908
             12        63         2       432         7           0.289880684471
             13        64         2       432         8           0.291333361305
             14        54         2       431         6           0.292199360651
             15        55         2       431         7           0.292212885215
             16        56         2       431         8           0.293665562049
     Finished calculating the cv couples.
     Finished setting initial vectors.

                       *----------*              *----------*               *----------*
     #     Iteration = | starting |   WBSE_dim = |        4 |   Diago_dim = |        4 |  x 1/2
                       *----------*              *----------*               *----------*

                       *----------*              *----------*               *----------*
     #     Iteration = | starting |   WBSE_dim = |        4 |   Diago_dim = |        4 |  x 2/2
                       *----------*              *----------*               *----------*
     s-DIAGOX done in < 00.1s             
     --------------------------------------------------------------------------------------------
        
        0.04530494   0.09859051   0.10035255   0.15371757
        
     --------------------------------------------------------------------------------------------
     Tot. elapsed time 01h-00m-20.0s,  time spent in last iteration 01h-00m-20.0s
     --------------------------------------------------------------------------------------------

                       *----------*              *----------*               *----------*
     #     Iteration = |        1 |   WBSE_dim = |        4 |   Diago_dim = |        8 |
                       *----------*              *----------*               *----------*
     s-DIAGOX done in < 00.1s             
     --------------------------------------------------------------------------------------------
        
        0.03916864   0.09417175   0.09608079   0.15341626
        
     --------------------------------------------------------------------------------------------
     Tot. elapsed time 01h-30m-39.9s,  time spent in last iteration 30m-19.8s
     --------------------------------------------------------------------------------------------

                       *----------*              *----------*               *----------*
     #     Iteration = |        2 |   WBSE_dim = |        4 |   Diago_dim = |       12 |
                       *----------*              *----------*               *----------*
     s-DIAGOX done in < 00.1s             
     --------------------------------------------------------------------------------------------
        
        0.03327176   0.08949648   0.09149734   0.15321084
        
     --------------------------------------------------------------------------------------------
     Tot. elapsed time 02h-01m-01.1s,  time spent in last iteration 30m-21.1s
     --------------------------------------------------------------------------------------------

                       *----------*              *----------*               *----------*
     #     Iteration = |        3 |   WBSE_dim = |        4 |   Diago_dim = |       16 |
                       *----------*              *----------*               *----------*
     s-DIAGOX done in < 00.1s             
     --------------------------------------------------------------------------------------------
        
        0.02829153   0.08514582   0.08725242   0.15312692
        
     --------------------------------------------------------------------------------------------
     Tot. elapsed time 02h-31m-22.4s,  time spent in last iteration 30m-21.3s
     --------------------------------------------------------------------------------------------

                       *----------*              *----------*               *----------*
     #     Iteration = |        4 |   WBSE_dim = |        4 |   Diago_dim = |       20 |
                       *----------*              *----------*               *----------*
     s-DIAGOX done in < 00.1s             
     --------------------------------------------------------------------------------------------
        
        0.02418751   0.08119235   0.08340211   0.15305339
        
     --------------------------------------------------------------------------------------------
     Tot. elapsed time 03h-01m-41.7s,  time spent in last iteration 30m-19.2s
     --------------------------------------------------------------------------------------------

                       *----------*              *----------*               *----------*
     #     Iteration = |        5 |   WBSE_dim = |        4 |   Diago_dim = |       24 |
                       *----------*              *----------*               *----------*
     s-DIAGOX done in < 00.1s             
     --------------------------------------------------------------------------------------------
        
        0.02107653   0.07783629   0.08013978   0.15298307
        
     --------------------------------------------------------------------------------------------
     Tot. elapsed time 03h-32m-02.6s,  time spent in last iteration 30m-20.8s
     --------------------------------------------------------------------------------------------

                       *----------*              *----------*               *----------*
     #     Iteration = |        6 |   WBSE_dim = |        4 |   Diago_dim = |       28 |
                       *----------*              *----------*               *----------*
     s-DIAGOX done in < 00.1s             
     --------------------------------------------------------------------------------------------
        
        0.01871504   0.07496930   0.07735617   0.15292305
        
     --------------------------------------------------------------------------------------------
     Tot. elapsed time 04h-02m-25.0s,  time spent in last iteration 30m-22.4s
     --------------------------------------------------------------------------------------------

                       *----------*              *----------*               *----------*
     #     Iteration = |        7 |   WBSE_dim = |        4 |   Diago_dim = |       32 |
                       *----------*              *----------*               *----------*
     s-DIAGOX done in < 00.1s             
     --------------------------------------------------------------------------------------------
        
        0.01686594   0.07244589   0.07489497   0.15287416
        
     --------------------------------------------------------------------------------------------
     Tot. elapsed time 04h-32m-45.7s,  time spent in last iteration 30m-20.6s
     --------------------------------------------------------------------------------------------

                       *----------*              *----------*               *----------*
     #     Iteration = |        8 |   WBSE_dim = |        4 |   Diago_dim = |       36 |
                       *----------*              *----------*               *----------*
     s-DIAGOX done in < 00.1s             
     --------------------------------------------------------------------------------------------
        
        0.01536563   0.07016619   0.07266669   0.15283607
        
     --------------------------------------------------------------------------------------------
     Tot. elapsed time 05h-03m-06.8s,  time spent in last iteration 30m-21.1s
     --------------------------------------------------------------------------------------------

                       *----------*              *----------*               *----------*
     #     Iteration = |        9 |   WBSE_dim = |        4 |   Diago_dim = |       40 |
                       *----------*              *----------*               *----------*
     s-DIAGOX done in < 00.1s             
     --------------------------------------------------------------------------------------------
        
        0.01413651   0.06808445   0.07062186   0.15280546
        
     --------------------------------------------------------------------------------------------
     Tot. elapsed time 05h-33m-27.6s,  time spent in last iteration 30m-20.7s
     --------------------------------------------------------------------------------------------

       Refresh the basis set

                       *----------*              *----------*               *----------*
     #     Iteration = |       10 |   WBSE_dim = |        4 |   Diago_dim = |        8 |
                       *----------*              *----------*               *----------*
     s-DIAGOX done in < 00.1s             
     --------------------------------------------------------------------------------------------
        
        0.01358714   0.06710288   0.06965664   0.15279134
        
     --------------------------------------------------------------------------------------------
     Tot. elapsed time 06h-03m-52.2s,  time spent in last iteration 30m-23.1s
     --------------------------------------------------------------------------------------------

                       *----------*              *----------*               *----------*
     #     Iteration = |       11 |   WBSE_dim = |        3 |   Diago_dim = |       11 |
                       *----------*              *----------*               *----------*
     s-DIAGOX done in < 00.1s             
     --------------------------------------------------------------------------------------------
        
        0.01305673   0.06615132   0.06872266   0.15279069
        
     --------------------------------------------------------------------------------------------
     Tot. elapsed time 06h-26m-31.1s,  time spent in last iteration 22m-38.8s
     --------------------------------------------------------------------------------------------

                       *----------*              *----------*               *----------*
     #     Iteration = |       12 |   WBSE_dim = |        3 |   Diago_dim = |       14 |
                       *----------*              *----------*               *----------*
     s-DIAGOX done in < 00.1s             
     --------------------------------------------------------------------------------------------
        
        0.01256127   0.06524759   0.06783527   0.15279007
        
     --------------------------------------------------------------------------------------------
     Tot. elapsed time 06h-49m-16.4s,  time spent in last iteration 22m-45.2s
     --------------------------------------------------------------------------------------------

                       *----------*              *----------*               *----------*
     #     Iteration = |       13 |   WBSE_dim = |        3 |   Diago_dim = |       17 |
                       *----------*              *----------*               *----------*
     s-DIAGOX done in < 00.1s             
     --------------------------------------------------------------------------------------------
        
        0.01210350   0.06439467   0.06699752   0.15278946
        
     --------------------------------------------------------------------------------------------
     Tot. elapsed time 07h-12m-02.5s,  time spent in last iteration 22m-46.0s
     --------------------------------------------------------------------------------------------

                       *----------*              *----------*               *----------*
     #     Iteration = |       14 |   WBSE_dim = |        3 |   Diago_dim = |       20 |
                       *----------*              *----------*               *----------*
     s-DIAGOX done in < 00.1s             
     --------------------------------------------------------------------------------------------
        
        0.01168759   0.06359145   0.06620648   0.15278887
        
     --------------------------------------------------------------------------------------------
     Tot. elapsed time 07h-34m-49.0s,  time spent in last iteration 22m-46.5s
     --------------------------------------------------------------------------------------------

                       *----------*              *----------*               *----------*
     #     Iteration = |       15 |   WBSE_dim = |        3 |   Diago_dim = |       23 |
                       *----------*              *----------*               *----------*
     s-DIAGOX done in < 00.1s             
     --------------------------------------------------------------------------------------------
        
        0.01131874   0.06284073   0.06546524   0.15278830
        
     --------------------------------------------------------------------------------------------
     Tot. elapsed time 07h-57m-31.7s,  time spent in last iteration 22m-42.7s
     --------------------------------------------------------------------------------------------

                       *----------*              *----------*               *----------*
     #     Iteration = |       16 |   WBSE_dim = |        3 |   Diago_dim = |       26 |
                       *----------*              *----------*               *----------*
     s-DIAGOX done in < 00.1s             
     --------------------------------------------------------------------------------------------
        
        0.01100625   0.06215873   0.06479112   0.15278776
        
     --------------------------------------------------------------------------------------------
     Tot. elapsed time 08h-20m-11.8s,  time spent in last iteration 22m-40.1s
     --------------------------------------------------------------------------------------------

                       *----------*              *----------*               *----------*
     #     Iteration = |       17 |   WBSE_dim = |        3 |   Diago_dim = |       29 |
                       *----------*              *----------*               *----------*
     s-DIAGOX done in < 00.1s             
     --------------------------------------------------------------------------------------------
        
        0.01074345   0.06154813   0.06418497   0.15278725
        
     --------------------------------------------------------------------------------------------
     Tot. elapsed time 08h-42m-56.2s,  time spent in last iteration 22m-44.3s
     --------------------------------------------------------------------------------------------

                       *----------*              *----------*               *----------*
     #     Iteration = |       18 |   WBSE_dim = |        3 |   Diago_dim = |       32 |
                       *----------*              *----------*               *----------*
     s-DIAGOX done in < 00.1s             
     --------------------------------------------------------------------------------------------
        
        0.01053461   0.06103631   0.06367945   0.15278681
        
     --------------------------------------------------------------------------------------------
     Tot. elapsed time 09h-05m-41.1s,  time spent in last iteration 22m-44.9s
     --------------------------------------------------------------------------------------------

                       *----------*              *----------*               *----------*
     #     Iteration = |       19 |   WBSE_dim = |        3 |   Diago_dim = |       35 |
                       *----------*              *----------*               *----------*
     s-DIAGOX done in < 00.1s             
     --------------------------------------------------------------------------------------------
        
        0.01039179   0.06070749   0.06335413   0.15278653
        
     --------------------------------------------------------------------------------------------
     Tot. elapsed time 09h-28m-25.2s,  time spent in last iteration 22m-44.1s
     --------------------------------------------------------------------------------------------

                       *----------*              *----------*               *----------*
     #     Iteration = |       20 |   WBSE_dim = |        3 |   Diago_dim = |       38 |
                       *----------*              *----------*               *----------*
     s-DIAGOX done in < 00.1s             
     --------------------------------------------------------------------------------------------
        
        0.01016652   0.06015021   0.06279901   0.15278602
        
     --------------------------------------------------------------------------------------------
     Tot. elapsed time 09h-51m-04.9s,  time spent in last iteration 22m-39.6s
     --------------------------------------------------------------------------------------------

       Refresh the basis set

                       *----------*              *----------*               *----------*
     #     Iteration = |       21 |   WBSE_dim = |        3 |   Diago_dim = |        7 |
                       *----------*              *----------*               *----------*
     s-DIAGOX done in < 00.1s             
     --------------------------------------------------------------------------------------------
        
        0.01005995   0.05985212   0.06250255   0.15278573
        
     --------------------------------------------------------------------------------------------
     Tot. elapsed time 10h-13m-50.7s,  time spent in last iteration 22m-44.4s
     --------------------------------------------------------------------------------------------

                       *----------*              *----------*               *----------*
     #     Iteration = |       22 |   WBSE_dim = |        3 |   Diago_dim = |       10 |
                       *----------*              *----------*               *----------*
     s-DIAGOX done in < 00.1s             
     --------------------------------------------------------------------------------------------
        
        0.00998999   0.05964267   0.06229406   0.15278551
        
     --------------------------------------------------------------------------------------------
     Tot. elapsed time 10h-36m-33.5s,  time spent in last iteration 22m-42.7s
     --------------------------------------------------------------------------------------------

                       *----------*              *----------*               *----------*
     #     Iteration = |       23 |   WBSE_dim = |        3 |   Diago_dim = |       13 |
                       *----------*              *----------*               *----------*
     s-DIAGOX done in < 00.1s             
     --------------------------------------------------------------------------------------------
        
        0.00992413   0.05941517   0.06206737   0.15278523
        
     --------------------------------------------------------------------------------------------
     Tot. elapsed time 10h-59m-17.3s,  time spent in last iteration 22m-43.8s
     --------------------------------------------------------------------------------------------

                       *----------*              *----------*               *----------*
     #     Iteration = |       24 |   WBSE_dim = |        3 |   Diago_dim = |       16 |
                       *----------*              *----------*               *----------*
     s-DIAGOX done in < 00.1s             
     --------------------------------------------------------------------------------------------
        
        0.00986422   0.05918440   0.06183623   0.15278496
        
     --------------------------------------------------------------------------------------------
     Tot. elapsed time 11h-21m-55.8s,  time spent in last iteration 22m-38.5s
     --------------------------------------------------------------------------------------------

                       *----------*              *----------*               *----------*
     #     Iteration = |       25 |   WBSE_dim = |        3 |   Diago_dim = |       19 |
                       *----------*              *----------*               *----------*
     s-DIAGOX done in < 00.1s             
     --------------------------------------------------------------------------------------------
        
        0.00981286   0.05897102   0.06162259   0.15278468
        
     --------------------------------------------------------------------------------------------
     Tot. elapsed time 11h-44m-41.9s,  time spent in last iteration 22m-46.0s
     --------------------------------------------------------------------------------------------

                       *----------*              *----------*               *----------*
     #     Iteration = |       26 |   WBSE_dim = |        3 |   Diago_dim = |       22 |
                       *----------*              *----------*               *----------*
     s-DIAGOX done in < 00.1s             
     --------------------------------------------------------------------------------------------
        
        0.00976918   0.05877823   0.06142973   0.15278440
        
     --------------------------------------------------------------------------------------------
     Tot. elapsed time 12h-07m-29.6s,  time spent in last iteration 22m-47.7s
     --------------------------------------------------------------------------------------------

                       *----------*              *----------*               *----------*
     #     Iteration = |       27 |   WBSE_dim = |        3 |   Diago_dim = |       25 |
                       *----------*              *----------*               *----------*
     s-DIAGOX done in < 00.1s             
     --------------------------------------------------------------------------------------------
        
        0.00973451   0.05861738   0.06126888   0.15278419
        
     --------------------------------------------------------------------------------------------
     Tot. elapsed time 12h-30m-18.2s,  time spent in last iteration 22m-48.5s
     --------------------------------------------------------------------------------------------

                       *----------*              *----------*               *----------*
     #     Iteration = |       28 |   WBSE_dim = |        3 |   Diago_dim = |       28 |
                       *----------*              *----------*               *----------*
     s-DIAGOX done in < 00.1s             
     --------------------------------------------------------------------------------------------
        
        0.00970417   0.05846993   0.06112093   0.15278398
        
     --------------------------------------------------------------------------------------------
     Tot. elapsed time 12h-52m-57.4s,  time spent in last iteration 22m-39.2s
     --------------------------------------------------------------------------------------------

                       *----------*              *----------*               *----------*
     #     Iteration = |       29 |   WBSE_dim = |        3 |   Diago_dim = |       31 |
                       *----------*              *----------*               *----------*
     s-DIAGOX done in < 00.1s             
     --------------------------------------------------------------------------------------------
        
        0.00967789   0.05832754   0.06097793   0.15278374
        
     --------------------------------------------------------------------------------------------
     Tot. elapsed time 13h-15m-42.8s,  time spent in last iteration 22m-45.4s
     --------------------------------------------------------------------------------------------

                       *----------*              *----------*               *----------*
     #     Iteration = |       30 |   WBSE_dim = |        3 |   Diago_dim = |       34 |
                       *----------*              *----------*               *----------*
     s-DIAGOX done in < 00.1s             
     --------------------------------------------------------------------------------------------
        
        0.00965994   0.05822056   0.06087053   0.15278360
        
     --------------------------------------------------------------------------------------------
     Tot. elapsed time 13h-38m-29.6s,  time spent in last iteration 22m-46.7s
     --------------------------------------------------------------------------------------------

                       *----------*              *----------*               *----------*
     #     Iteration = |       31 |   WBSE_dim = |        3 |   Diago_dim = |       37 |
                       *----------*              *----------*               *----------*
     s-DIAGOX done in < 00.1s             
     --------------------------------------------------------------------------------------------
        
        0.00964532   0.05813092   0.06077998   0.15278344
        
     --------------------------------------------------------------------------------------------
     Tot. elapsed time 14h-01m-15.6s,  time spent in last iteration 22m-46.0s
     --------------------------------------------------------------------------------------------

                       *----------*              *----------*               *----------*
     #     Iteration = |       32 |   WBSE_dim = |        3 |   Diago_dim = |       40 |
                       *----------*              *----------*               *----------*
     s-DIAGOX done in < 00.1s             
     --------------------------------------------------------------------------------------------
        
        0.00961459   0.05792166   0.06056870   0.15278305
        
     --------------------------------------------------------------------------------------------
     Tot. elapsed time 14h-23m-55.5s,  time spent in last iteration 22m-39.8s
     --------------------------------------------------------------------------------------------

       Refresh the basis set

                       *----------*              *----------*               *----------*
     #     Iteration = |       33 |   WBSE_dim = |        3 |   Diago_dim = |        7 |
                       *----------*              *----------*               *----------*
     s-DIAGOX done in < 00.1s             
     --------------------------------------------------------------------------------------------
        
        0.00959942   0.05781218   0.06045789   0.15278284
        
     --------------------------------------------------------------------------------------------
     Tot. elapsed time 14h-46m-44.2s,  time spent in last iteration 22m-47.2s
     --------------------------------------------------------------------------------------------

                       *----------*              *----------*               *----------*
     #     Iteration = |       34 |   WBSE_dim = |        3 |   Diago_dim = |       10 |
                       *----------*              *----------*               *----------*
     s-DIAGOX done in < 00.1s             
     --------------------------------------------------------------------------------------------
        
        0.00959189   0.05775957   0.06040423   0.15278271
        
     --------------------------------------------------------------------------------------------
     Tot. elapsed time 15h-09m-28.4s,  time spent in last iteration 22m-44.1s
     --------------------------------------------------------------------------------------------

                       *----------*              *----------*               *----------*
     #     Iteration = |       35 |   WBSE_dim = |        3 |   Diago_dim = |       13 |
                       *----------*              *----------*               *----------*
     s-DIAGOX done in < 00.1s             
     --------------------------------------------------------------------------------------------
        
        0.00958565   0.05771427   0.06035841   0.15278260
        
     --------------------------------------------------------------------------------------------
     Tot. elapsed time 15h-32m-15.8s,  time spent in last iteration 22m-47.4s
     --------------------------------------------------------------------------------------------

                       *----------*              *----------*               *----------*
     #     Iteration = |       36 |   WBSE_dim = |        3 |   Diago_dim = |       16 |
                       *----------*              *----------*               *----------*
     s-DIAGOX done in < 00.1s             
     --------------------------------------------------------------------------------------------
        
        0.00957975   0.05767217   0.06031559   0.15278249
        
     --------------------------------------------------------------------------------------------
     Tot. elapsed time 15h-55m-05.5s,  time spent in last iteration 22m-49.6s
     --------------------------------------------------------------------------------------------

                       *----------*              *----------*               *----------*
     #     Iteration = |       37 |   WBSE_dim = |        3 |   Diago_dim = |       19 |
                       *----------*              *----------*               *----------*
     s-DIAGOX done in < 00.1s             
     --------------------------------------------------------------------------------------------
        
        0.00957382   0.05762882   0.06027145   0.15278236
        
     --------------------------------------------------------------------------------------------
     Tot. elapsed time 16h-18m-00.2s,  time spent in last iteration 22m-54.6s
     --------------------------------------------------------------------------------------------

                       *----------*              *----------*               *----------*
     #     Iteration = |       38 |   WBSE_dim = |        3 |   Diago_dim = |       22 |
                       *----------*              *----------*               *----------*
     s-DIAGOX done in < 00.1s             
     --------------------------------------------------------------------------------------------
        
        0.00956929   0.05759371   0.06023584   0.15278225
        
     --------------------------------------------------------------------------------------------
     Tot. elapsed time 16h-40m-55.6s,  time spent in last iteration 22m-55.4s
     --------------------------------------------------------------------------------------------

                       *----------*              *----------*               *----------*
     #     Iteration = |       39 |   WBSE_dim = |        3 |   Diago_dim = |       25 |
                       *----------*              *----------*               *----------*
     s-DIAGOX done in < 00.1s             
     --------------------------------------------------------------------------------------------
        
        0.00956514   0.05756129   0.06020268   0.15278214
        
     --------------------------------------------------------------------------------------------
     Tot. elapsed time 17h-03m-52.3s,  time spent in last iteration 22m-56.7s
     --------------------------------------------------------------------------------------------

                       *----------*              *----------*               *----------*
     #     Iteration = |       40 |   WBSE_dim = |        3 |   Diago_dim = |       28 |
                       *----------*              *----------*               *----------*
     s-DIAGOX done in < 00.1s             
     --------------------------------------------------------------------------------------------
        
        0.00956138   0.05753005   0.06017079   0.15278201
        
     --------------------------------------------------------------------------------------------
     Tot. elapsed time 17h-26m-41.4s,  time spent in last iteration 22m-49.1s
     --------------------------------------------------------------------------------------------

                       *----------*              *----------*               *----------*
     #     Iteration = |       41 |   WBSE_dim = |        3 |   Diago_dim = |       31 |
                       *----------*              *----------*               *----------*
     s-DIAGOX done in < 00.1s             
     --------------------------------------------------------------------------------------------
        
        0.00955830   0.05750308   0.06014316   0.15278190
        
     --------------------------------------------------------------------------------------------
     Tot. elapsed time 17h-49m-39.0s,  time spent in last iteration 22m-57.5s
     --------------------------------------------------------------------------------------------

                       *----------*              *----------*               *----------*
     #     Iteration = |       42 |   WBSE_dim = |        3 |   Diago_dim = |       34 |
                       *----------*              *----------*               *----------*
     s-DIAGOX done in < 00.1s             
     --------------------------------------------------------------------------------------------
        
        0.00955583   0.05748121   0.06012076   0.15278181
        
     --------------------------------------------------------------------------------------------
     Tot. elapsed time 18h-12m-38.1s,  time spent in last iteration 22m-59.1s
     --------------------------------------------------------------------------------------------

                       *----------*              *----------*               *----------*
     #     Iteration = |       43 |   WBSE_dim = |        3 |   Diago_dim = |       37 |
                       *----------*              *----------*               *----------*
     s-DIAGOX done in < 00.1s             
     --------------------------------------------------------------------------------------------
        
        0.00955405   0.05746582   0.06010495   0.15278174
        
     --------------------------------------------------------------------------------------------
     Tot. elapsed time 18h-35m-35.5s,  time spent in last iteration 22m-57.3s
     --------------------------------------------------------------------------------------------

                       *----------*              *----------*               *----------*
     #     Iteration = |       44 |   WBSE_dim = |        3 |   Diago_dim = |       40 |
                       *----------*              *----------*               *----------*
     s-DIAGOX done in < 00.1s             
     --------------------------------------------------------------------------------------------
        
        0.00955251   0.05745231   0.06009109   0.15278169
        
     --------------------------------------------------------------------------------------------
     Tot. elapsed time 18h-58m-31.1s,  time spent in last iteration 22m-55.6s
     --------------------------------------------------------------------------------------------

       Refresh the basis set

                       *----------*              *----------*               *----------*
     #     Iteration = |       45 |   WBSE_dim = |        3 |   Diago_dim = |        7 |
                       *----------*              *----------*               *----------*
     s-DIAGOX done in < 00.1s             
     --------------------------------------------------------------------------------------------
        
        0.00955142   0.05744229   0.06008081   0.15278164
        
     --------------------------------------------------------------------------------------------
     Tot. elapsed time 19h-21m-22.7s,  time spent in last iteration 22m-50.1s
     --------------------------------------------------------------------------------------------

                       *----------*              *----------*               *----------*
     #     Iteration = |       46 |   WBSE_dim = |        3 |   Diago_dim = |       10 |
                       *----------*              *----------*               *----------*
     s-DIAGOX done in < 00.1s             
     --------------------------------------------------------------------------------------------
        
        0.00955030   0.05743110   0.06006927   0.15278159
        
     --------------------------------------------------------------------------------------------
     Tot. elapsed time 19h-44m-18.4s,  time spent in last iteration 22m-55.6s
     --------------------------------------------------------------------------------------------

                       *----------*              *----------*               *----------*
     #     Iteration = |       47 |   WBSE_dim = |        3 |   Diago_dim = |       13 |
                       *----------*              *----------*               *----------*
     s-DIAGOX done in < 00.1s             
     --------------------------------------------------------------------------------------------
        
        0.00954918   0.05741846   0.06005630   0.15278152
        
     --------------------------------------------------------------------------------------------
     Tot. elapsed time 20h-07m-14.7s,  time spent in last iteration 22m-56.2s
     --------------------------------------------------------------------------------------------

                       *----------*              *----------*               *----------*
     #     Iteration = |       48 |   WBSE_dim = |        3 |   Diago_dim = |       16 |
                       *----------*              *----------*               *----------*
     s-DIAGOX done in < 00.1s             
     --------------------------------------------------------------------------------------------
        
        0.00954816   0.05740614   0.06004355   0.15278145
        
     --------------------------------------------------------------------------------------------
     Tot. elapsed time 20h-30m-11.0s,  time spent in last iteration 22m-56.3s
     --------------------------------------------------------------------------------------------

                       *----------*              *----------*               *----------*
     #     Iteration = |       49 |   WBSE_dim = |        3 |   Diago_dim = |       19 |
                       *----------*              *----------*               *----------*
     s-DIAGOX done in < 00.1s             
     --------------------------------------------------------------------------------------------
        
        0.00954727   0.05739434   0.06003139   0.15278138
        
     --------------------------------------------------------------------------------------------
     Tot. elapsed time 20h-53m-00.1s,  time spent in last iteration 22m-49.0s
     --------------------------------------------------------------------------------------------

                       *----------*              *----------*               *----------*
     #     Iteration = |       50 |   WBSE_dim = |        2 |   Diago_dim = |       21 |
                       *----------*              *----------*               *----------*
     s-DIAGOX done in < 00.1s             
     --------------------------------------------------------------------------------------------
        
        0.00954726   0.05738455   0.06002127   0.15278132
        
     --------------------------------------------------------------------------------------------
     Tot. elapsed time 21h-08m-21.1s,  time spent in last iteration 15m-20.9s
     --------------------------------------------------------------------------------------------

                       *----------*              *----------*               *----------*
     #     Iteration = |       51 |   WBSE_dim = |        2 |   Diago_dim = |       23 |
                       *----------*              *----------*               *----------*
     s-DIAGOX done in < 00.1s             
     --------------------------------------------------------------------------------------------
        
        0.00954726   0.05737632   0.06001278   0.15278126
        
     --------------------------------------------------------------------------------------------
     Tot. elapsed time 21h-23m-34.4s,  time spent in last iteration 15m-13.3s
     --------------------------------------------------------------------------------------------

                       *----------*              *----------*               *----------*
     #     Iteration = |       52 |   WBSE_dim = |        2 |   Diago_dim = |       25 |
                       *----------*              *----------*               *----------*
     s-DIAGOX done in < 00.1s             
     --------------------------------------------------------------------------------------------
        
        0.00954726   0.05736810   0.06000427   0.15278120
        
     --------------------------------------------------------------------------------------------
     Tot. elapsed time 21h-38m-54.2s,  time spent in last iteration 15m-19.7s
     --------------------------------------------------------------------------------------------

                       *----------*              *----------*               *----------*
     #     Iteration = |       53 |   WBSE_dim = |        2 |   Diago_dim = |       27 |
                       *----------*              *----------*               *----------*
     s-DIAGOX done in < 00.1s             
     --------------------------------------------------------------------------------------------
        
        0.00954726   0.05736150   0.05999743   0.15278115
        
     --------------------------------------------------------------------------------------------
     Tot. elapsed time 21h-54m-07.2s,  time spent in last iteration 15m-13.0s
     --------------------------------------------------------------------------------------------

                       *----------*              *----------*               *----------*
     #     Iteration = |       54 |   WBSE_dim = |        2 |   Diago_dim = |       29 |
                       *----------*              *----------*               *----------*
     s-DIAGOX done in < 00.1s             
     --------------------------------------------------------------------------------------------
        
        0.00954726   0.05735592   0.05999165   0.15278110
        
     --------------------------------------------------------------------------------------------
     Tot. elapsed time 22h-09m-28.2s,  time spent in last iteration 15m-20.9s
     --------------------------------------------------------------------------------------------
      
     --------------------------------------------------------------------------------------------
     Database written in 15.3s               
     In location : ./west.wbse.david.save
     --------------------------------------------------------------------------------------------
       
     --------------------------------------------------------------------------------------------
     Convergence achieved !!! in       54 steps                          
     --------------------------------------------------------------------------------------------
 
     Wbse         :    21h59m CPU       22h14m WALL

     wbse_readin  :    105.14s CPU    111.55s WALL (       1 calls)
     wbse_fetch_n :      0.01s CPU      0.01s WALL (       1 calls)
     read_xml     :      2.67s CPU      4.42s WALL (       1 calls)
     init_vloc    :      0.01s CPU      0.02s WALL (       2 calls)
     fft          :     12.76s CPU     14.49s WALL (    3364 calls)
     fft_scatter  :  52462.15s CPU  53130.87s WALL (******** calls)
     v_of_rho     :      0.11s CPU      0.12s WALL (       1 calls)
     v_xc         :      0.10s CPU      0.11s WALL (       1 calls)
     v_h          :      0.01s CPU      0.01s WALL (       1 calls)
     read_wave    :    102.46s CPU    107.11s WALL (       1 calls)
     davcio       :      0.35s CPU      2.66s WALL (    1745 calls)
     init_us_1    :      0.00s CPU      0.01s WALL (       2 calls)
     do_setup     :      0.58s CPU      0.67s WALL (       1 calls)
     init_pw_ar   :      0.49s CPU      0.57s WALL (       1 calls)
     init_at_1    :      0.00s CPU      0.00s WALL (       1 calls)
     exx_grid     :      0.00s CPU      0.00s WALL (       1 calls)
     exxinit      :      0.46s CPU      0.54s WALL (       1 calls)
     fftcw        :    971.94s CPU    982.72s WALL ( 2640331 calls)
     exx_div      :      0.00s CPU      0.00s WALL (       1 calls)
     storesqvc    :      0.00s CPU      0.00s WALL (       1 calls)
     wbse_dv_setu :      0.07s CPU      0.08s WALL (       1 calls)
     setup_dmuxc  :      0.01s CPU      0.01s WALL (       1 calls)
     gather_grid  :      0.00s CPU      0.00s WALL (       1 calls)
     write_cube   :      1.35s CPU      5.10s WALL (       1 calls)
     fftw         :  28349.01s CPU  28690.55s WALL (66067911 calls)
     chidiago     :  78875.15s CPU  79784.25s WALL (       1 calls)
     paramgs      :     16.92s CPU     17.01s WALL (      55 calls)
     west_apply_l :  78782.41s CPU  79664.03s WALL (     175 calls)
     wbse_calc_de :     62.06s CPU     63.39s WALL (     175 calls)
     wbse_dv_of_d :     11.63s CPU     12.17s WALL (     175 calls)
     init_us_2    :      1.00s CPU      1.45s WALL (     350 calls)
     h_psi_bgrp   :  38011.30s CPU  38441.44s WALL (     350 calls)
     h_psi        :  38011.30s CPU  38441.44s WALL (     350 calls)
     h_psi:pot    :     98.24s CPU    100.27s WALL (     350 calls)
     vloc_psi     :     60.48s CPU     61.19s WALL (     350 calls)
     h_psi:calbec :     21.31s CPU     22.21s WALL (     350 calls)
     calbec       :     21.30s CPU     22.21s WALL (     350 calls)
     add_vuspsi   :     16.45s CPU     16.86s WALL (     350 calls)
     vexx         :  37912.61s CPU  38340.72s WALL (     350 calls)
     comm_buff    :      4.52s CPU      5.03s WALL (   11550 calls)
     fftc         :  33189.51s CPU  33534.20s WALL (65016000 calls)
     alphapc      :     28.39s CPU     29.35s WALL (     684 calls)
     build_hr     :     11.39s CPU     17.74s WALL (      55 calls)
     diagox       :      0.02s CPU      0.08s WALL (      55 calls)
     redistr_vr   :      0.00s CPU      0.00s WALL (      54 calls)
     update_vr    :     30.84s CPU     46.71s WALL (      54 calls)
     symm_hr      :      0.00s CPU      0.00s WALL (      54 calls)
     chidiago:las :      4.45s CPU      5.95s WALL (       5 calls)
     refresh_vr   :      4.81s CPU      6.49s WALL (       9 calls)
     plep_db      :     13.09s CPU     15.31s WALL (       1 calls)
 
     Wbse         :    21h59m CPU       22h14m WALL

 
   This run was terminated on:  21:28:46   4Jul2022            

=------------------------------------------------------------------------------=
   JOB DONE.
=------------------------------------------------------------------------------=
