
     Program Wbsepp v. 2.0.1 svn rev. 1002 starts on 13Feb2023 at 16:38:31 

     This program is part of the open-source West suite
     for massively parallel calculations of excited states in materials; please cite
         "M. Govoni et al., J. Chem. Theory Comput. 11, 2680 (2015);
          URL http://www.west-code.org", 
     in publications or presentations arising from this work.

     Based on the Quantum ESPRESSO v. 6.1 svn rev. 13369
       
     --------------------------------------------------------------------------------------------
     **MPI** Parallelization Status                                      
     --------------------------------------------------------------------------------------------
                    28                   1             1             1            28
     --------------------------------------------------------------------------------------------
                     N         =         I      X      P      X      B      X      Z
                     ^                   ^             ^             ^             ^
                     |                   |             |             |             |
                   #rnk                  |             |             |             |
                                      #image           |             |             |
                                                     #pool           |             |
                                                                   #bgrp           |
                                                                                 #R&G
     --------------------------------------------------------------------------------------------
     #prc =           28
     --------------------------------------------------------------------------------------------
       
     --------------------------------------------------------------------------------------------
     I/O Summary : input_west                                            
     --------------------------------------------------------------------------------------------
     qe_prefix               =          pwscf
     west_prefix             =           west
     outdir                  =             ./
     l_load_qbox_wfc         =              F
     qbox_ks_wfc_filename    =         qb.xml
     --------------------------------------------------------------------------------------------
       
     --------------------------------------------------------------------------------------------
     I/O Summary : wbsepp_input                                          
     --------------------------------------------------------------------------------------------
     wbsepp_type                    =              1
     n_plep_read_from_file          =             10
     macropol_dfpt                  =              F
     l_spin_flipped                 =              F

     Reading data from directory:
     ./pwscf.save

   Info: using nr1, nr2, nr3 values from input

   Info: using nr1, nr2, nr3 values from input

     IMPORTANT: XC functional enforced from input :
     Exchange-correlation      = PBE0 ( 6  4  8  4 0 0)
     EXX-fraction              =        0.25
     Any further DFT definition will be discarded
     Please, verify this is what you really want

 
     Parallelization info
     --------------------
     sticks:   dense  smooth     PW     G-vecs:    dense   smooth      PW
     Min         274     274     68                18274    18274    2280
     Max         276     276     70                18288    18288    2290
     Sum        7721    7721   1933               511971   511971   63989
 
     Generating pointlists ...
     new r_m :   0.0582 (alat units)  1.1714 (a.u.) for type    1
     new r_m :   0.0756 (alat units)  1.5218 (a.u.) for type    2
     EXX fraction changed:   0.18
     EXX Screening parameter changed:    0.0000000
     EXX Gau parameter changed:    0.0000000
       ** WARNING : EXX-alpha            =       0.180000
       ** WARNING : EXX-erfc_scrlen      =       0.000000
       ** WARNING : EXX-gau_scrlen       =       0.000000
       ** WARNING : EXX-ecutfock         =     120.000000
       ** WARNING : EXX-exxdiv_treatment = gb            
EXX: grid of k+q points same as grid of k-points
       ** WARNING : EXX-exxdiv           =   -1970.085306
       
     --------------------------------------------------------------------------------------------
     System Overview                                                     
     --------------------------------------------------------------------------------------------
     gamma_only           =              T
     ecutwfc [Ry]         =      60.000000
     omega [au^3]         =   8.151648E+03
     glob. #G             =          31995
     nbnd                 =            456
     nkstot               =              2
     nspin                =              2
     nelec                =     860.000000
     nelup                =     431.000000
     neldw                =     429.000000
     npol                 =              1
     lsda                 =              T
     noncolin             =              F
     lspinorb             =              F
     domag                =              F
     --------------------------------------------------------------------------------------------

     sFFT G-space:   255986 G-vectors     R-space: ( 100, 100, 100)
     dFFT G-space:   255986 G-vectors     R-space: ( 100, 100, 100)

     Cell [a.u.]          =      20.125583      0.000000      0.000000
                          =       0.000000     20.125583      0.000000
                          =       0.000000      0.000000     20.125583
      
     number of ks points=     2
                       cart. coord. in units 2pi/alat
        k(    1) = (   0.0000000   0.0000000   0.0000000), wk =   1.0000000
        k(    2) = (   0.0000000   0.0000000   0.0000000), wk =   1.0000000

                       cryst. coord.
        k(    1) = (   0.0000000   0.0000000   0.0000000), wk =   1.0000000
        k(    2) = (   0.0000000   0.0000000   0.0000000), wk =   1.0000000
 
     F. Gygi div      =   2.416794E-01
       
     --------------------------------------------------------------------------------------------
     Parallelization for nvec                                            
     --------------------------------------------------------------------------------------------
     nglob                =             10
     nlevel               =              1
     Min nglob/nlevel     =             10
     Max nglob/nlevel     =             10
     --------------------------------------------------------------------------------------------
       
     --------------------------------------------------------------------------------------------
     Parallelization for band_paralel                                    
     --------------------------------------------------------------------------------------------
     nglob                =            431
     nlevel               =              1
     Min nglob/nlevel     =            431
     Max nglob/nlevel     =            431
     --------------------------------------------------------------------------------------------

     [MEM] ----------------------------------------------------------
     [MEM] **Memory** analysis: QE
     [MEM] ----------------------------------------------------------
     [MEM] Allocated arrays           est. size (Mb)     dimensions
     [MEM] ----------------------------------------------------------
     [MEM] Kohn-Sham Wavefunctions       7.95 Mb     (   1142,  456)
     [MEM] NL pseudopotentials          29.97 Mb     (   1142, 1720)
     [MEM] Each V/rho on FFT grid        0.61 Mb     (  40000)
     [MEM] Each G-vector array           0.07 Mb     (   9144)
     [MEM] G-vector shells               0.01 Mb     (   1645)
     [MEM] ----------------------------------------------------------
     [MEM] TOT                          38.61 Mb
     [MEM] ----------------------------------------------------------
     [MEM] 
     [MEM] ----------------------------------------------------------
     [MEM] **Memory** analysis: WBSE global
     [MEM] ----------------------------------------------------------
     [MEM] Allocated arrays           est. size (Mb)     dimensions
     [MEM] ----------------------------------------------------------
     [MEM] dvg_exc                      75.10 Mb     (   1142,  431,   10)
     [MEM] dng_exc                      75.10 Mb     (   1142,  431,   10)
     [MEM] hr_distr                      0.00 Mb     (      0,   10)
     [MEM] vr_distr                      0.00 Mb     (      0,   10)
     [MEM] ----------------------------------------------------------
     [MEM] TOT                         150.21 Mb
     [MEM] ----------------------------------------------------------
     [MEM] 
     [MEM] ----------------------------------------------------------
     [MEM] **Memory** analysis: WBSE temporary
     [MEM] ----------------------------------------------------------
     [MEM] Allocated arrays           est. size (Mb)     dimensions
     [MEM] ----------------------------------------------------------
     [MEM] dvpsi                         7.51 Mb     (   1142,  431)
     [MEM] dpsi                          7.51 Mb     (   1142,  431)
     [MEM] ----------------------------------------------------------
     [MEM] Total estimate               15.02 Mb
     [MEM] ----------------------------------------------------------
      
     --------------------------------------------------------------------------------------------
     Database read in 15.1s               
     In location : ./west.wbse.david.save
     Eigen. found :           10
     --------------------------------------------------------------------------------------------

     Calculation of the dipole in real space

     Dipole is shifted to the center of cell for the calculation of d0psi. 

      *----------*   THE PRINCIPLE PROJECTED COMPONENTS   *----------*

      #     Exciton : |        1 |   Excitation energy : |     0.083891

      OSCILLATOR STRENGTH : 

                XX             YY            ZZ            TOTAL

                   0.000007         0.000000         0.000003         0.000010

          SPIN     OCCUPIED STATES     UNOCCUPIED STATES     PROJECTION
             2         429                       1           0.998978

      #     Exciton : |        2 |   Excitation energy : |     0.088513

      OSCILLATOR STRENGTH : 

                XX             YY            ZZ            TOTAL

                   0.000746         0.000000         0.001254         0.002000

          SPIN     OCCUPIED STATES     UNOCCUPIED STATES     PROJECTION
             2         426                       1           0.995607

      #     Exciton : |        3 |   Excitation energy : |     0.097404

      OSCILLATOR STRENGTH : 

                XX             YY            ZZ            TOTAL

                   0.000142         0.000000         0.000036         0.000178

          SPIN     OCCUPIED STATES     UNOCCUPIED STATES     PROJECTION
             2         428                       1           0.998142

      #     Exciton : |        4 |   Excitation energy : |     0.103995

      OSCILLATOR STRENGTH : 

                XX             YY            ZZ            TOTAL

                   0.008366         0.001857         0.001078         0.011302

          SPIN     OCCUPIED STATES     UNOCCUPIED STATES     PROJECTION
             2         427                       1           0.987560
             2         428                       2           0.131683

      #     Exciton : |        5 |   Excitation energy : |     0.118296

      OSCILLATOR STRENGTH : 

                XX             YY            ZZ            TOTAL

                   0.000140         0.000002         0.000015         0.000156

          SPIN     OCCUPIED STATES     UNOCCUPIED STATES     PROJECTION
             2         429                       2           0.998617

      #     Exciton : |        6 |   Excitation energy : |     0.132430

      OSCILLATOR STRENGTH : 

                XX             YY            ZZ            TOTAL

                   0.000146         0.000000         0.000055         0.000201

          SPIN     OCCUPIED STATES     UNOCCUPIED STATES     PROJECTION
             2         427                       2           0.998536

      #     Exciton : |        7 |   Excitation energy : |     0.134833

      OSCILLATOR STRENGTH : 

                XX             YY            ZZ            TOTAL

                   0.002443         0.010120         0.007304         0.019868

          SPIN     OCCUPIED STATES     UNOCCUPIED STATES     PROJECTION
             2         425                       1           0.564006
             2         426                       2           0.810618

      #     Exciton : |        8 |   Excitation energy : |     0.136929

      OSCILLATOR STRENGTH : 

                XX             YY            ZZ            TOTAL

                   0.018329         0.001108         0.002721         0.022158

          SPIN     OCCUPIED STATES     UNOCCUPIED STATES     PROJECTION
             2         427                       1           0.127987
             2         428                       2           0.985897

      #     Exciton : |        9 |   Excitation energy : |     0.153619

      OSCILLATOR STRENGTH : 

                XX             YY            ZZ            TOTAL

                   0.002236         0.010878         0.014358         0.027473

          SPIN     OCCUPIED STATES     UNOCCUPIED STATES     PROJECTION
             2         425                       1           0.812946
             2         426                       2           0.556954

      #     Exciton : |       10 |   Excitation energy : |     0.177089

      OSCILLATOR STRENGTH : 

                XX             YY            ZZ            TOTAL

                   0.000491         0.000905         0.000049         0.001446

          SPIN     OCCUPIED STATES     UNOCCUPIED STATES     PROJECTION
             2         424                       1           0.992962
  0.000000000000000E+000  1.527120447614632E-002
  1.000000047497451E-003  1.551213174728183E-002
  2.000000094994903E-003  1.575897263309826E-002
  3.000000142492354E-003  1.601192840529888E-002
  4.000000189989805E-003  1.627120925244773E-002
  5.000000237487257E-003  1.653703477344481E-002
  6.000000284984708E-003  1.680963450410513E-002
  7.000000332482159E-003  1.708924847947029E-002
  8.000000379979610E-003  1.737612783472361E-002
  9.000000427477062E-003  1.767053544784761E-002
  1.000000047497451E-002  1.797274662745906E-002
  1.100000052247196E-002  1.828304984958487E-002
  1.200000056996942E-002  1.860174754750652E-002
  1.300000061746687E-002  1.892915695920476E-002
  1.400000066496432E-002  1.926561103738599E-002
  1.500000071246177E-002  1.961145942757225E-002
  1.600000075995922E-002  1.996706952029445E-002
  1.700000080745667E-002  2.033282758405145E-002
  1.800000085495412E-002  2.070913998639314E-002
  1.900000090245157E-002  2.109643451126528E-002
  2.000000094994903E-002  2.149516178162626E-002
  2.100000099744648E-002  2.190579679732652E-002
  2.200000104494393E-002  2.232884059934264E-002
  2.300000109244138E-002  2.276482207269847E-002
  2.400000113993883E-002  2.321429990180383E-002
  2.500000118743628E-002  2.367786469352073E-002
  2.600000123493373E-002  2.415614128505271E-002
  2.700000128243119E-002  2.464979125577705E-002
  2.800000132992864E-002  2.515951566443543E-002
  2.900000137742609E-002  2.568605803570955E-002
  3.000000142492354E-002  2.623020762318039E-002
  3.100000147242099E-002  2.679280297906106E-002
  3.200000151991844E-002  2.737473586496793E-002
  3.300000156741589E-002  2.797695554243125E-002
  3.400000161491334E-002  2.860047348693483E-002
  3.500000166241080E-002  2.924636857512165E-002
  3.600000170990825E-002  2.991579280153434E-002
  3.700000175740570E-002  3.060997758902495E-002
  3.800000180490315E-002  3.133024076594421E-002
  3.900000185240060E-002  3.207799429361349E-002
  4.000000189989805E-002  3.285475283964316E-002
  4.100000194739550E-002  3.366214330668067E-002
  4.200000199489295E-002  3.450191544250325E-002
  4.300000204239041E-002  3.537595367642957E-002
  4.400000208988786E-002  3.628629034930991E-002
  4.500000213738531E-002  3.723512053046055E-002
  4.600000218488276E-002  3.822481864554024E-002
  4.700000223238021E-002  3.925795717537316E-002
  4.800000227987766E-002  4.033732772810510E-002
  4.900000232737511E-002  4.146596483703654E-002
  5.000000237487257E-002  4.264717289542078E-002
  5.100000242237002E-002  4.388455670911857E-002
  5.200000246986747E-002  4.518205623021601E-002
  5.300000251736492E-002  4.654398613180624E-002
  5.400000256486237E-002  4.797508099869347E-002
  5.500000261235982E-002  4.948054704369186E-002
  5.600000265985727E-002  5.106612141758363E-002
  5.700000270735472E-002  5.273814036585724E-002
  5.800000275485218E-002  5.450361769999370E-002
  5.900000280234963E-002  5.637033529738253E-002
  6.000000284984708E-002  5.834694762212805E-002
  6.100000289734453E-002  6.044310256565402E-002
  6.200000294484198E-002  6.266958123128900E-002
  6.300000299233943E-002  6.503845961000147E-002
  6.400000303983688E-002  6.756329537571028E-002
  6.500000308733433E-002  7.025934319829848E-002
  6.600000313483179E-002  7.314380191170013E-002
  6.700000318232924E-002  7.623609638611681E-002
  6.800000322982669E-002  7.955819571759440E-002
  6.900000327732414E-002  8.313496685482549E-002
  7.000000332482159E-002  8.699455823388073E-002
  7.100000337231904E-002  9.116880016303741E-002
  7.200000341981649E-002  9.569359576587171E-002
  7.300000346731395E-002  0.100609255626014     
  7.400000351481140E-002  0.105960697317302     
  7.500000356230885E-002  0.111797383362859     
  7.600000360980630E-002  0.118172803459309     
  7.700000365730375E-002  0.125143217048176     
  7.800000370480120E-002  0.132765266485938     
  7.900000375229865E-002  0.141091974034186     
  8.000000379979610E-002  0.150166610101814     
  8.100000384729356E-002  0.160014091168517     
  8.200000389479101E-002  0.170630141913162     
  8.300000394228846E-002  0.181969698897640     
  8.400000398978591E-002  0.193938085537553     
  8.500000403728336E-002  0.206390950858473     
  8.600000408478081E-002  0.219150317201080     
  8.700000413227826E-002  0.232041648097690     
  8.800000417977571E-002  0.244948545594617     
  8.900000422727317E-002  0.257869605177923     
  9.000000427477062E-002  0.270954071825379     
  9.100000432226807E-002  0.284497814672144     
  9.200000436976552E-002  0.298898112751139     
  9.300000441726297E-002  0.314582884351578     
  9.400000446476042E-002  0.331935162626672     
  9.500000451225787E-002  0.351225853140317     
  9.600000455975533E-002  0.372555806493654     
  9.700000460725278E-002  0.395800973966845     
  9.800000465475023E-002  0.420555934515706     
  9.900000470224768E-002  0.446081567963550     
  0.100000004749745       0.471279663621535     
  0.101000004797243       0.494733622662581     
  0.102000004844740       0.514855948327402     
  0.103000004892237       0.530153704173372     
  0.104000004939735       0.539561102459636     
  0.105000004987232       0.542725120359547     
  0.106000005034730       0.540119712404818     
  0.107000005082227       0.532934136666607     
  0.108000005129725       0.522790167943559     
  0.109000005177222       0.511412673456339     
  0.110000005224720       0.500367902643012     
  0.111000005272217       0.490921530594769     
  0.112000005319715       0.484007354317396     
  0.113000005367212       0.480267515200148     
  0.114000005414709       0.480124229402730     
  0.115000005462207       0.483855828268878     
  0.116000005509704       0.491663750991517     
  0.117000005557202       0.503726433679833     
  0.118000005604699       0.520240248586291     
  0.119000005652197       0.541448398529705     
  0.120000005699694       0.567658077384498     
  0.121000005747192       0.599245766386429     
  0.122000005794689       0.636650425491276     
  0.123000005842187       0.680353671438107     
  0.124000005889684       0.730844037907787     
  0.125000005937181       0.788559344336995     
  0.126000005984679       0.853798260582436     
  0.127000006032176       0.926591111207303     
  0.128000006079674        1.00652328509066     
  0.129000006127171        1.09251582810483     
  0.130000006174669        1.18259074877535     
  0.131000006222166        1.27368401753564     
  0.132000006269664        1.36160818748390     
  0.133000006317161        1.44128399058669     
  0.134000006364658        1.50732001904508     
  0.135000006412156        1.55490129450158     
  0.136000006459653        1.58078427697782     
  0.137000006507151        1.58407970672176     
  0.138000006554648        1.56652909415837     
  0.139000006602146        1.53216056141082     
  0.140000006649643        1.48645562589920     
  0.141000006697141        1.43533178777981     
  0.142000006744638        1.38425585231579     
  0.143000006792136        1.33767117356200     
  0.144000006839633        1.29875211236277     
  0.145000006887130        1.26938550870024     
  0.146000006934628        1.25025001196080     
  0.147000006982125        1.24089560423269     
  0.148000007029623        1.23978334035112     
  0.149000007077120        1.24430804042982     
  0.150000007124618        1.25088280040995     
  0.151000007172115        1.25519625322767     
  0.152000007219613        1.25273005216190     
  0.153000007267110        1.23951781280398     
  0.154000007314608        1.21296149053878     
  0.155000007362105        1.17240109204683     
  0.156000007409602        1.11918209960629     
  0.157000007457100        1.05619045758071     
  0.158000007504597       0.987074515797577     
  0.159000007552095       0.915470685688079     
  0.160000007599592       0.844461947130844     
  0.161000007647090       0.776333591001606     
  0.162000007694587       0.712566302125641     
  0.163000007742085       0.653963434410248     
  0.164000007789582       0.600823818187190     
  0.165000007837079       0.553105843541894     
  0.166000007884577       0.510559016142995     
  0.167000007932074       0.472818208533775     
  0.168000007979572       0.439464834243953     
  0.169000008027069       0.410061988187685     
  0.170000008074567       0.384170539118797     
  0.171000008122064       0.361352372136425     
  0.172000008169562       0.341166619281486     
  0.173000008217059       0.323165145584953     
  0.174000008264557       0.306894253515696     
  0.175000008312054       0.291908969676110     
  0.176000008359551       0.277802322508980     
  0.177000008407049       0.264244136500970     
  0.178000008454546       0.251015452590414     
  0.179000008502044       0.238022455697591     
  0.180000008549541       0.225281828788181     
  0.181000008597039       0.212883342398989     
  0.182000008644536       0.200945200456511     
  0.183000008692034       0.189577264495665     
  0.184000008739531       0.178859618697785     
  0.185000008787028       0.168835854952799     
  0.186000008834526       0.159516189899441     
  0.187000008882023       0.150885122081284     
  0.188000008929521       0.142909878844743     
  0.189000008977018       0.135547705108668     
  0.190000009024516       0.128751347324613     
  0.191000009072013       0.122472791879769     
  0.192000009119511       0.116665597318692     
  0.193000009167008       0.111286206180006     
  0.194000009214506       0.106294568660474     
  0.195000009262003       0.101654329770552     
  0.196000009309500       9.733275652509309E-002
  0.197000009356998       9.330052249455580E-002
  0.198000009404495       8.953142431286379E-002
  0.199000009451993       8.600207557684009E-002
  0.200000009499490       8.269160444796624E-002
  0.201000009546988       7.958136912586418E-002
  0.202000009594485       7.665469788765077E-002
  0.203000009641983       7.389665593986899E-002
  0.204000009689480       7.129383880035189E-002
  0.205000009736978       6.883419058613877E-002
  0.206000009784475       6.650684496054533E-002
  0.207000009831972       6.430198629056606E-002
  0.208000009879470       6.221072860019262E-002
  0.209000009926967       6.022501006310040E-002
  0.210000009974465       5.833750099201964E-002
  0.211000010021962       5.654152351282105E-002
  0.212000010069460       5.483098133718584E-002
  0.213000010116957       5.320029825753265E-002
  0.214000010164455       5.164436417673361E-002
  0.215000010211952       5.015848765176887E-002
  0.216000010259449       4.873835407551802E-002
  0.217000010306947       4.737998874604020E-002
  0.218000010354444       4.607972418004402E-002
  0.219000010401942       4.483417111897517E-002
  0.220000010449439       4.364019275434702E-002
  0.221000010496937       4.249488176552211E-002
  0.222000010544434       4.139553981982686E-002
  0.223000010591932       4.033965923313265E-002
  0.224000010639429       3.932490653014742E-002
  0.225000010686927       3.834910767872844E-002
  0.226000010734424       3.741023480247628E-002
  0.227000010781921       3.650639420149324E-002
  0.228000010829419       3.563581553314530E-002
  0.229000010876916       3.479684202351842E-002
  0.230000010924414       3.398792159647535E-002
  0.231000010971911       3.320759882119572E-002
  0.232000011019409       3.245450759115277E-002
  0.233000011066906       3.172736445792666E-002
  0.234000011114404       3.102496255231257E-002
  0.235000011161901       3.034616603305391E-002
  0.236000011209399       2.968990501038416E-002
  0.237000011256896       2.905517089754086E-002
  0.238000011304393       2.844101214864221E-002
  0.239000011351891       2.784653034589491E-002
  0.240000011399388       2.727087660311960E-002
  0.241000011446886       2.671324825611238E-002
  0.242000011494383       2.617288581347201E-002
  0.243000011541881       2.564907014426762E-002
  0.244000011589378       2.514111988134833E-002
  0.245000011636876       2.464838902124470E-002
  0.246000011684373       2.417026470351768E-002
  0.247000011731870       2.370616515410364E-002
  0.248000011779368       2.325553777871045E-002
  0.249000011826865       2.281785739366198E-002
  0.250000011874363       2.239262458278691E-002
  0.251000011921860       2.197936417001837E-002
  0.252000011969358       2.157762379833014E-002
  0.253000012016855       2.118697260649431E-002
  0.254000012064353       2.080699999591683E-002
  0.255000012111850       2.043731448050114E-002
  0.256000012159348       2.007754261311379E-002
  0.257000012206845       1.972732798278881E-002
  0.258000012254342       1.938633027731493E-002
  0.259000012301840       1.905422440630829E-002
  0.260000012349337       1.873069968028789E-002
  0.261000012396835       1.841545904164680E-002
  0.262000012444332       1.810821834375224E-002
  0.263000012491830       1.780870567471684E-002
  0.264000012539327       1.751666072266383E-002
  0.265000012586825       1.723183417956448E-002
  0.266000012634322       1.695398718095812E-002
  0.267000012681819       1.668289077907719E-002
  0.268000012729317       1.641832544709277E-002
  0.269000012776814       1.616008061237237E-002
  0.270000012824312       1.590795421680326E-002
  0.271000012871809       1.566175230238167E-002
  0.272000012919307       1.542128862040357E-002
  0.273000012966804       1.518638426271628E-002
  0.274000013014302       1.495686731360370E-002
  0.275000013061799       1.473257252098200E-002
  0.276000013109297       1.451334098567857E-002
  0.277000013156794       1.429901986765473E-002
  0.278000013204291       1.408946210811370E-002
  0.279000013251789       1.388452616651027E-002
  0.280000013299286       1.368407577154659E-002
  0.281000013346784       1.348797968530262E-002
  0.282000013394281       1.329611147970775E-002
  0.283000013441779       1.310834932461433E-002
  0.284000013489276       1.292457578678362E-002
  0.285000013536774       1.274467763914114E-002
  0.286000013584271       1.256854567970066E-002
  0.287000013631769       1.239607455959605E-002
  0.288000013679266       1.222716261969663E-002
  0.289000013726763       1.206171173531586E-002
  0.290000013774261       1.189962716855439E-002
  0.291000013821758       1.174081742784834E-002
  0.292000013869256       1.158519413432032E-002
  0.293000013916753       1.143267189455633E-002
  0.294000013964251       1.128316817945515E-002
  0.295000014011748       1.113660320881862E-002
  0.296000014059246       1.099289984137162E-002
  0.297000014106743       1.085198346991972E-002
  0.298000014154240       1.071378192136983E-002
  0.299000014201738       1.057822536135611E-002
  0.300000014249235       1.044524620322834E-002
  0.301000014296733       1.031477902117475E-002
  0.302000014344230       1.018676046726453E-002
  0.303000014391728       1.006112919220774E-002
  0.304000014439225       9.937825769642228E-003
  0.305000014486723       9.816792623768148E-003
  0.306000014534220       9.697973960160720E-003
  0.307000014581718       9.581315699601819E-003
  0.308000014629215       9.466765414779716E-003
  0.309000014676712       9.354272269714947E-003
  0.310000014724210       9.243786961778046E-003
  0.311000014771707       9.135261666172456E-003
  0.312000014819205       9.028649982762779E-003
  0.313000014866702       8.923906885135158E-003
  0.314000014914200       8.820988671782708E-003
  0.315000014961697       8.719852919314664E-003
  0.316000015009195       8.620458437593397E-003
  0.317000015056692       8.522765226708529E-003
  0.318000015104190       8.426734435702181E-003
  0.319000015151687       8.332328322963913E-003
  0.320000015199184       8.239510218218208E-003
  0.321000015246682       8.148244486031287E-003
  0.322000015294179       8.058496490767940E-003
  0.323000015341677       7.970232562932469E-003
  0.324000015389174       7.883419966831366E-003
  0.325000015436672       7.798026869498381E-003
  0.326000015484169       7.714022310825674E-003
  0.327000015531667       7.631376174847633E-003
  0.328000015579164       7.550059162126476E-003
  0.329000015626661       7.470042763191399E-003
  0.330000015674159       7.391299232985313E-003
  0.331000015721656       7.313801566275563E-003
  0.332000015769154       7.237523473987028E-003
  0.333000015816651       7.162439360418126E-003
  0.334000015864149       7.088524301302098E-003
  0.335000015911646       7.015754022677736E-003
  0.336000015959144       6.944104880535439E-003
  0.337000016006641       6.873553841206154E-003
  0.338000016054139       6.804078462462164E-003
  0.339000016101636       6.735656875300269E-003
  0.340000016149133       6.668267766379182E-003
  0.341000016196631       6.601890361084346E-003
  0.342000016244128       6.536504407194538E-003
  0.343000016291626       6.472090159125849E-003
  0.344000016339123       6.408628362729756E-003
  0.345000016386621       6.346100240622995E-003
  0.346000016434118       6.284487478028026E-003
  0.347000016481616       6.223772209103765E-003
  0.348000016529113       6.163937003747225E-003
  0.349000016576611       6.104964854847524E-003
  0.350000016624108       6.046839165974564E-003
  0.351000016671605       5.989543739485444E-003
  0.352000016719103       5.933062765032444E-003
  0.353000016766600       5.877380808457057E-003
  0.354000016814098       5.822482801055323E-003
  0.355000016861595       5.768354029200224E-003
  0.356000016909093       5.714980124307618E-003
  0.357000016956590       5.662347053132733E-003
  0.358000017004088       5.610441108384758E-003
  0.359000017051585       5.559248899647638E-003
  0.360000017099082       5.508757344595683E-003
  0.361000017146580       5.458953660493030E-003
  0.362000017194077       5.409825355966512E-003
  0.363000017241575       5.361360223041879E-003
  0.364000017289072       5.313546329433751E-003
  0.365000017336570       5.266372011080074E-003
  0.366000017384067       5.219825864912229E-003
  0.367000017431565       5.173896741852285E-003
  0.368000017479062       5.128573740029283E-003
  0.369000017526560       5.083846198206685E-003
  0.370000017574057       5.039703689413524E-003
  0.371000017621554       4.996136014772020E-003
  0.372000017669052       4.953133197514757E-003
  0.373000017716549       4.910685477184772E-003
  0.374000017764047       4.868783304012164E-003
  0.375000017811544       4.827417333461102E-003
  0.376000017859042       4.786578420941331E-003
  0.377000017906539       4.746257616678511E-003
  0.378000017954037       4.706446160737934E-003
  0.379000018001534       4.667135478196414E-003
  0.380000018049031       4.628317174457271E-003
  0.381000018096529       4.589983030703592E-003
  0.382000018144026       4.552124999485130E-003
  0.383000018191524       4.514735200434294E-003
  0.384000018239021       4.477805916106996E-003
  0.385000018286519       4.441329587944140E-003
  0.386000018334016       4.405298812349797E-003
  0.387000018381514       4.369706336882185E-003
  0.388000018429011       4.334545056553787E-003
  0.389000018476509       4.299808010237009E-003
  0.390000018524006       4.265488377171939E-003
  0.391000018571503       4.231579473572932E-003
  0.392000018619001       4.198074749330778E-003
  0.393000018666498       4.164967784807419E-003
  0.394000018713996       4.132252287720245E-003
  0.395000018761493       4.099922090113070E-003
  0.396000018808991       4.067971145411113E-003
  0.397000018856488       4.036393525557245E-003
  0.398000018903986       4.005183418226982E-003
  0.399000018951483       3.974335124119772E-003
  0.400000018998981       3.943843054324129E-003
  0.401000019046478       3.913701727754375E-003
  0.402000019093975       3.883905768656747E-003
  0.403000019141473       3.854449904182706E-003
  0.404000019188970       3.825328962027423E-003
  0.405000019236468       3.796537868131405E-003
  0.406000019283965       3.768071644443352E-003
  0.407000019331463       3.739925406742387E-003
  0.408000019378960       3.712094362517849E-003
  0.409000019426458       3.684573808904914E-003
  0.410000019473955       3.657359130674380E-003
  0.411000019521452       3.630445798274970E-003
  0.412000019568950       3.603829365926607E-003
  0.413000019616447       3.577505469763140E-003
  0.414000019663945       3.551469826023051E-003
  0.415000019711442       3.525718229286740E-003
  0.416000019758940       3.500246550759001E-003
  0.417000019806437       3.475050736595394E-003
  0.418000019853935       3.450126806271199E-003
  0.419000019901432       3.425470850991749E-003
  0.420000019948930       3.401079032142915E-003
  0.421000019996427       3.376947579780603E-003
  0.422000020043924       3.353072791158136E-003
  0.423000020091422       3.329451029290442E-003
  0.424000020138919       3.306078721553982E-003
  0.425000020186417       3.282952358321425E-003
  0.426000020233914       3.260068491630067E-003
  0.427000020281412       3.237423733883050E-003
  0.428000020328909       3.215014756582469E-003
  0.429000020376407       3.192838289093440E-003
  0.430000020423904       3.170891117438314E-003
  0.431000020471402       3.149170083120153E-003
  0.432000020518899       3.127672081974681E-003
  0.433000020566396       3.106394063049924E-003
  0.434000020613894       3.085333027512762E-003
  0.435000020661391       3.064486027581673E-003
  0.436000020708889       3.043850165484935E-003
  0.437000020756386       3.023422592443612E-003
  0.438000020803884       3.003200507678635E-003
  0.439000020851381       2.983181157441331E-003
  0.440000020898879       2.963361834066774E-003
  0.441000020946376       2.943739875049335E-003
  0.442000020993873       2.924312662139852E-003
  0.443000021041371       2.905077620463815E-003
  0.444000021088868       2.886032217660047E-003
  0.445000021136366       2.867173963039300E-003
  0.446000021183863       2.848500406762259E-003
  0.447000021231361       2.830009139036447E-003
  0.448000021278858       2.811697789331523E-003
  0.449000021326356       2.793564025612495E-003
  0.450000021373853       2.775605553590388E-003
  0.451000021421351       2.757820115989908E-003
  0.452000021468848       2.740205491833664E-003
  0.453000021516345       2.722759495742513E-003
  0.454000021563843       2.705479977251627E-003
  0.455000021611340       2.688364820141872E-003
  0.456000021658838       2.671411941786106E-003
  0.457000021706335       2.654619292510012E-003
  0.458000021753833       2.637984854967111E-003
  0.459000021801330       2.621506643527585E-003
  0.460000021848828       2.605182703680563E-003
  0.461000021896325       2.589011111449532E-003
  0.462000021943823       2.572989972820549E-003
  0.463000021991320       2.557117423182926E-003
  0.464000022038817       2.541391626782081E-003
  0.465000022086315       2.525810776184260E-003
  0.466000022133812       2.510373091752819E-003
  0.467000022181310       2.495076821135800E-003
  0.468000022228807       2.479920238764509E-003
  0.469000022276305       2.464901645362839E-003
  0.470000022323802       2.450019367467054E-003
  0.471000022371300       2.435271756955811E-003
  0.472000022418797       2.420657190590142E-003
  0.473000022466294       2.406174069563164E-003
  0.474000022513792       2.391820819059299E-003
  0.475000022561289       2.377595887822740E-003
  0.476000022608787       2.363497747734982E-003
  0.477000022656284       2.349524893401166E-003
  0.478000022703782       2.335675841745047E-003
  0.479000022751279       2.321949131612374E-003
  0.480000022798777       2.308343323382481E-003
  0.481000022846274       2.294856998587903E-003
  0.482000022893772       2.281488759541810E-003
  0.483000022941269       2.268237228973105E-003
  0.484000022988766       2.255101049668967E-003
  0.485000023036264       2.242078884124706E-003
  0.486000023083761       2.229169414200731E-003
  0.487000023131259       2.216371340786478E-003
  0.488000023178756       2.203683383471127E-003
  0.489000023226254       2.191104280220978E-003
  0.490000023273751       2.178632787063284E-003
  0.491000023321249       2.166267677776455E-003
  0.492000023368746       2.154007743586425E-003
  0.493000023416243       2.141851792869090E-003
  0.494000023463741       2.129798650858649E-003
  0.495000023511238       2.117847159361734E-003
  0.496000023558736       2.105996176477181E-003
  0.497000023606233       2.094244576321323E-003
  0.498000023653731       2.082591248758686E-003
  0.499000023701228       2.071035099137958E-003
  0.500000023748726       2.059575048033111E-003
  0.501000023796223       2.048210030989578E-003
  0.502000023843721       2.036938998275348E-003
  0.503000023891218       2.025760914636896E-003
  0.504000023938715       2.014674759059815E-003
  0.505000023986213       2.003679524534070E-003
  0.506000024033710       1.992774217823754E-003
  0.507000024081208       1.981957859241262E-003
  0.508000024128705       1.971229482425770E-003
  0.509000024176203       1.960588134125946E-003
  0.510000024223700       1.950032873986779E-003
  0.511000024271198       1.939562774340454E-003
  0.512000024318695       1.929176920001176E-003
  0.513000024366193       1.918874408063861E-003
  0.514000024413690       1.908654347706607E-003
  0.515000024461187       1.898515859996874E-003
  0.516000024508685       1.888458077701282E-003
  0.517000024556182       1.878480145098953E-003
  0.518000024603680       1.868581217798331E-003
  0.519000024651177       1.858760462557388E-003
  0.520000024698675       1.849017057107164E-003
  0.521000024746172       1.839350189978557E-003
  0.522000024793670       1.829759060332296E-003
  0.523000024841167       1.820242877792041E-003
  0.524000024888664       1.810800862280531E-003
  0.525000024936162       1.801432243858724E-003
  0.526000024983659       1.792136262567861E-003
  0.527000025031157       1.782912168274404E-003
  0.528000025078654       1.773759220517777E-003
  0.529000025126152       1.764676688360853E-003
  0.530000025173649       1.755663850243142E-003
  0.531000025221147       1.746719993836614E-003
  0.532000025268644       1.737844415904095E-003
  0.533000025316142       1.729036422160213E-003
  0.534000025363639       1.720295327134804E-003
  0.535000025411136       1.711620454038758E-003
  0.536000025458634       1.703011134632240E-003
  0.537000025506131       1.694466709095243E-003
  0.538000025553629       1.685986525900424E-003
  0.539000025601126       1.677569941688178E-003
  0.540000025648624       1.669216321143911E-003
  0.541000025696121       1.660925036877447E-003
  0.542000025743619       1.652695469304559E-003
  0.543000025791116       1.644527006530553E-003
  0.544000025838614       1.636419044235878E-003
  0.545000025886111       1.628370985563719E-003
  0.546000025933608       1.620382241009533E-003
  0.547000025981106       1.612452228312493E-003
  0.548000026028603       1.604580372348795E-003
  0.549000026076101       1.596766105026801E-003
  0.550000026123598       1.589008865183973E-003
  0.551000026171096       1.581308098485574E-003
  0.552000026218593       1.573663257325085E-003
  0.553000026266091       1.566073800726323E-003
  0.554000026313588       1.558539194247212E-003
  0.555000026361085       1.551058909885188E-003
  0.556000026408583       1.543632425984191E-003
  0.557000026456080       1.536259227143237E-003
  0.558000026503578       1.528938804126505E-003
  0.559000026551075       1.521670653774946E-003
  0.560000026598573       1.514454278919364E-003
  0.561000026646070       1.507289188294942E-003
  0.562000026693568       1.500174896457196E-003
  0.563000026741065       1.493110923699315E-003
  0.564000026788563       1.486096795970879E-003
  0.565000026836060       1.479132044797910E-003
  0.566000026883557       1.472216207204240E-003
  0.567000026931055       1.465348825634182E-003
  0.568000026978552       1.458529447876455E-003
  0.569000027026050       1.451757626989360E-003
  0.570000027073547       1.445032921227176E-003
  0.571000027121045       1.438354893967753E-003
  0.572000027168542       1.431723113641283E-003
  0.573000027216040       1.425137153660221E-003
  0.574000027263537       1.418596592350342E-003
  0.575000027311035       1.412101012882912E-003
  0.576000027358532       1.405650003207940E-003
  0.577000027406029       1.399243155988515E-003
  0.578000027453527       1.392880068536184E-003
  0.579000027501024       1.386560342747369E-003
  0.580000027548522       1.380283585040794E-003
  0.581000027596019       1.374049406295904E-003
  0.582000027643517       1.367857421792273E-003
  0.583000027691014       1.361707251149957E-003
  0.584000027738512       1.355598518270797E-003
  0.585000027786009       1.349530851280649E-003
  0.586000027833506       1.343503882472513E-003
  0.587000027881004       1.337517248250563E-003
  0.588000027928501       1.331570589075054E-003
  0.589000027975999       1.325663549408076E-003
  0.590000028023496       1.319795777660174E-003
  0.591000028070994       1.313966926137778E-003
  0.592000028118491       1.308176650991462E-003
  0.593000028165989       1.302424612164996E-003
  0.594000028213486       1.296710473345191E-003
  0.595000028260984       1.291033901912511E-003
  0.596000028308481       1.285394568892451E-003
  0.597000028355978       1.279792148907652E-003
  0.598000028403476       1.274226320130756E-003
  0.599000028450973       1.268696764237981E-003
  0.600000028498471       1.263203166363401E-003
  0.601000028545968       1.257745215053919E-003
  0.602000028593466       1.252322602224929E-003
  0.603000028640963       1.246935023116646E-003
  0.604000028688461       1.241582176251096E-003
  0.605000028735958       1.236263763389754E-003
  0.606000028783455       1.230979489491820E-003
  0.607000028830953       1.225729062673121E-003
  0.608000028878450       1.220512194165628E-003
  0.609000028925948       1.215328598277582E-003
  0.610000028973445       1.210177992354205E-003
  0.611000029020943       1.205060096739007E-003
  0.612000029068440       1.199974634735661E-003
  0.613000029115938       1.194921332570442E-003
  0.614000029163435       1.189899919355230E-003
  0.615000029210933       1.184910127051043E-003
  0.616000029258430       1.179951690432126E-003
  0.617000029305927       1.175024347050553E-003
  0.618000029353425       1.170127837201351E-003
  0.619000029400922       1.165261903888145E-003
  0.620000029448420       1.160426292789286E-003
  0.621000029495917       1.155620752224488E-003
  0.622000029543415       1.150845033121943E-003
  0.623000029590912       1.146098888985914E-003
  0.624000029638410       1.141382075864801E-003
  0.625000029685907       1.136694352319659E-003
  0.626000029733405       1.132035479393181E-003
  0.627000029780902       1.127405220579120E-003
  0.628000029828399       1.122803341792155E-003
  0.629000029875897       1.118229611338181E-003
  0.630000029923394       1.113683799885034E-003
  0.631000029970892       1.109165680433626E-003
  0.632000030018389       1.104675028289493E-003
  0.633000030065887       1.100211621034751E-003
  0.634000030113384       1.095775238500445E-003
  0.635000030160882       1.091365662739289E-003
  0.636000030208379       1.086982677998797E-003
  0.637000030255876       1.082626070694788E-003
  0.638000030303374       1.078295629385262E-003
  0.639000030350871       1.073991144744648E-003
  0.640000030398369       1.069712409538409E-003
  0.641000030445866       1.065459218598004E-003
  0.642000030493364       1.061231368796200E-003
  0.643000030540861       1.057028659022721E-003
  0.644000030588359       1.052850890160248E-003
  0.645000030635856       1.048697865060741E-003
  0.646000030683354       1.044569388522092E-003
  0.647000030730851       1.040465267265104E-003
  0.648000030778348       1.036385309910783E-003
  0.649000030825846       1.032329326957943E-003
  0.650000030873343       1.028297130761121E-003
  0.651000030920841       1.024288535508794E-003
  0.652000030968338       1.020303357201893E-003
  0.653000031015836       1.016341413632609E-003
  0.654000031063333       1.012402524363494E-003
  0.655000031110831       1.008486510706833E-003
  0.656000031158328       1.004593195704317E-003
  0.657000031205826       1.000722404106968E-003
  0.658000031253323       9.968739623553535E-004
  0.659000031300820       9.930476985600572E-004
  0.660000031348318       9.892434424824182E-004
  0.661000031395815       9.854610255155280E-004
  0.662000031443313       9.817002806654805E-004
  0.663000031490810       9.779610425328751E-004
  0.664000031538308       9.742431472945666E-004
  0.665000031585805       9.705464326856577E-004
  0.666000031633303       9.668707379817324E-004
  0.667000031680800       9.632159039813244E-004
  0.668000031728297       9.595817729886192E-004
  0.669000031775795       9.559681887963837E-004
  0.670000031823292       9.523749966691231E-004
  0.671000031870790       9.488020433264575E-004
  0.672000031918287       9.452491769267212E-004
  0.673000031965785       9.417162470507718E-004
  0.674000032013282       9.382031046860179E-004
  0.675000032060780       9.347096022106503E-004
  0.676000032108277       9.312355933780838E-004
  0.677000032155775       9.277809333015979E-004
  0.678000032203272       9.243454784391808E-004
  0.679000032250769       9.209290865785667E-004
  0.680000032298267       9.175316168224716E-004
  0.681000032345764       9.141529295740156E-004
  0.682000032393262       9.107928865223363E-004
  0.683000032440759       9.074513506283881E-004
  0.684000032488257       9.041281861109203E-004
  0.685000032535754       9.008232584326414E-004
  0.686000032583252       8.975364342865561E-004
  0.687000032630749       8.942675815824778E-004
  0.688000032678246       8.910165694337161E-004
  0.689000032725744       8.877832681439309E-004
  0.690000032773241       8.845675491941554E-004
  0.691000032820739       8.813692852299844E-004
  0.692000032868236       8.781883500489237E-004
  0.693000032915734       8.750246185879005E-004
  0.694000032963231       8.718779669109316E-004
  0.695000033010729       8.687482721969474E-004
  0.696000033058226       8.656354127277680E-004
  0.697000033105724       8.625392678762320E-004
  0.698000033153221       8.594597180944730E-004
  0.699000033200718       8.563966449023440E-004
  0.700000033248216       8.533499308759850E-004
  0.701000033295713       8.503194596365352E-004
  0.702000033343211       8.473051158389835E-004
  0.703000033390708       8.443067851611600E-004
  0.704000033438206       8.413243542928619E-004
  0.705000033485703       8.383577109251169E-004
  0.706000033533201       8.354067437395753E-004
  0.707000033580698       8.324713423980370E-004
  0.708000033628196       8.295513975321066E-004
  0.709000033675693       8.266468007329728E-004
  0.710000033723190       8.237574445413178E-004
  0.711000033770688       8.208832224373478E-004
  0.712000033818185       8.180240288309450E-004
  0.713000033865683       8.151797590519418E-004
  0.714000033913180       8.123503093405123E-004
  0.715000033960678       8.095355768376806E-004
  0.716000034008175       8.067354595759457E-004
  0.717000034055673       8.039498564700188E-004
  0.718000034103170       8.011786673076738E-004
  0.719000034150667       7.984217927407071E-004
  0.720000034198165       7.956791342760078E-004
  0.721000034245662       7.929505942667347E-004
  0.722000034293160       7.902360759036002E-004
  0.723000034340657       7.875354832062572E-004
  0.724000034388155       7.848487210147912E-004
  0.725000034435652       7.821756949813128E-004
  0.726000034483150       7.795163115616516E-004
  0.727000034530647       7.768704780071476E-004
  0.728000034578145       7.742381023565421E-004
  0.729000034625642       7.716190934279642E-004
  0.730000034673139       7.690133608110115E-004
  0.731000034720637       7.664208148589264E-004
  0.732000034768134       7.638413666808627E-004
  0.733000034815632       7.612749281342456E-004
  0.734000034863129       7.587214118172203E-004
  0.735000034910627       7.561807310611896E-004
  0.736000034958124       7.536527999234397E-004
  0.737000035005622       7.511375331798519E-004
  0.738000035053119       7.486348463176998E-004
  0.739000035100617       7.461446555285308E-004
  0.740000035148114       7.436668777011297E-004
  0.741000035195611       7.412014304145661E-004
  0.742000035243109       7.387482319313203E-004
  0.743000035290606       7.363072011904910E-004
  0.744000035338104       7.338782578010805E-004
  0.745000035385601       7.314613220353577E-004
  0.746000035433099       7.290563148222981E-004
  0.747000035480596       7.266631577410993E-004
  0.748000035528094       7.242817730147711E-004
  0.749000035575591       7.219120835037987E-004
  0.750000035623088       7.195540126998803E-004
  0.751000035670586       7.172074847197333E-004
  0.752000035718083       7.148724242989749E-004
  0.753000035765581       7.125487567860709E-004
  0.754000035813078       7.102364081363518E-004
  0.755000035860576       7.079353049061000E-004
  0.756000035908073       7.056453742467027E-004
  0.757000035955571       7.033665438988705E-004
  0.758000036003068       7.010987421869225E-004
  0.759000036050566       6.988418980131359E-004
  0.760000036098063       6.965959408521587E-004
  0.761000036145560       6.943608007454854E-004
  0.762000036193058       6.921364082959961E-004
  0.763000036240555       6.899226946625551E-004
  0.764000036288053       6.877195915546716E-004
  0.765000036335550       6.855270312272192E-004
  0.766000036383048       6.833449464752145E-004
  0.767000036430545       6.811732706286551E-004
  0.768000036478043       6.790119375474129E-004
  0.769000036525540       6.768608816161868E-004
  0.770000036573038       6.747200377395093E-004
  0.771000036620535       6.725893413368093E-004
  0.772000036668032       6.704687283375304E-004
  0.773000036715530       6.683581351763013E-004
  0.774000036763027       6.662574987881613E-004
  0.775000036810525       6.641667566038374E-004
  0.776000036858022       6.620858465450728E-004
  0.777000036905520       6.600147070200089E-004
  0.778000036953017       6.579532769186156E-004
  0.779000037000515       6.559014956081719E-004
  0.780000037048012       6.538593029287985E-004
  0.781000037095509       6.518266391890352E-004
  0.782000037143007       6.498034451614695E-004
  0.783000037190504       6.477896620784116E-004
  0.784000037238002       6.457852316276165E-004
  0.785000037285499       6.437900959480519E-004
  0.786000037332997       6.418041976257137E-004
  0.787000037380494       6.398274796894849E-004
  0.788000037427992       6.378598856070397E-004
  0.789000037475489       6.359013592807923E-004
  0.790000037522987       6.339518450438890E-004
  0.791000037570484       6.320112876562430E-004
  0.792000037617981       6.300796323006121E-004
  0.793000037665479       6.281568245787186E-004
  0.794000037712976       6.262428105074103E-004
  0.795000037760474       6.243375365148624E-004
  0.796000037807971       6.224409494368208E-004
  0.797000037855469       6.205529965128837E-004
  0.798000037902966       6.186736253828253E-004
  0.799000037950464       6.168027840829555E-004
  0.800000037997961       6.149404210425209E-004
  0.801000038045458       6.130864850801411E-004
  0.802000038092956       6.112409254002864E-004
  0.803000038140453       6.094036915897886E-004
  0.804000038187951       6.075747336143912E-004
  0.805000038235448       6.057540018153353E-004
  0.806000038282946       6.039414469059807E-004
  0.807000038330443       6.021370199684633E-004
  0.808000038377941       6.003406724503867E-004
  0.809000038425438       5.985523561615497E-004
  0.810000038472936       5.967720232707056E-004
  0.811000038520433       5.949996263023583E-004
  0.812000038567930       5.932351181335890E-004
  0.813000038615428       5.914784519909179E-004
  0.814000038662925       5.897295814471969E-004
  0.815000038710423       5.879884604185360E-004
  0.816000038757920       5.862550431612600E-004
  0.817000038805418       5.845292842688982E-004
  0.818000038852915       5.828111386692035E-004
  0.819000038900413       5.811005616212034E-004
  0.820000038947910       5.793975087122814E-004
  0.821000038995408       5.777019358552868E-004
  0.822000039042905       5.760137992856770E-004
  0.823000039090402       5.743330555586854E-004
  0.824000039137900       5.726596615465217E-004
  0.825000039185397       5.709935744355986E-004
  0.826000039232895       5.693347517237877E-004
  0.827000039280392       5.676831512177029E-004
  0.828000039327890       5.660387310300119E-004
  0.829000039375387       5.644014495767741E-004
  0.830000039422885       5.627712655748073E-004
  0.831000039470382       5.611481380390786E-004
  0.832000039517879       5.595320262801231E-004
  0.833000039565377       5.579228899014895E-004
  0.834000039612874       5.563206887972091E-004
  0.835000039660372       5.547253831492920E-004
  0.836000039707869       5.531369334252486E-004
  0.837000039755367       5.515553003756349E-004
  0.838000039802864       5.499804450316225E-004
  0.839000039850362       5.484123287025942E-004
  0.840000039897859       5.468509129737619E-004
  0.841000039945357       5.452961597038100E-004
  0.842000039992854       5.437480310225602E-004
  0.843000040040351       5.422064893286618E-004
  0.844000040087849       5.406714972873032E-004
  0.845000040135346       5.391430178279468E-004
  0.846000040182844       5.376210141420867E-004
  0.847000040230341       5.361054496810273E-004
  0.848000040277839       5.345962881536859E-004
  0.849000040325336       5.330934935244151E-004
  0.850000040372834       5.315970300108469E-004
  0.851000040420331       5.301068620817590E-004
  0.852000040467829       5.286229544549615E-004
  0.853000040515326       5.271452720952046E-004
  0.854000040562823       5.256737802121054E-004
  0.855000040610321       5.242084442580970E-004
  0.856000040657818       5.227492299263967E-004
  0.857000040705316       5.212961031489936E-004
  0.858000040752813       5.198490300946565E-004
  0.859000040800311       5.184079771669613E-004
  0.860000040847808       5.169729110023358E-004
  0.861000040895306       5.155437984681265E-004
  0.862000040942803       5.141206066606815E-004
  0.863000040990300       5.127033029034531E-004
  0.864000041037798       5.112918547451183E-004
  0.865000041085295       5.098862299577184E-004
  0.866000041132793       5.084863965348143E-004
  0.867000041180290       5.070923226896629E-004
  0.868000041227788       5.057039768534078E-004
  0.869000041275285       5.043213276732886E-004
  0.870000041322783       5.029443440108688E-004
  0.871000041370280       5.015729949402776E-004
  0.872000041417778       5.002072497464711E-004
  0.873000041465275       4.988470779235093E-004
  0.874000041512772       4.974924491728487E-004
  0.875000041560270       4.961433334016529E-004
  0.876000041607767       4.947997007211165E-004
  0.877000041655265       4.934615214448085E-004
  0.878000041702762       4.921287660870280E-004
  0.879000041750260       4.908014053611779E-004
  0.880000041797757       4.894794101781523E-004
  0.881000041845255       4.881627516447402E-004
  0.882000041892752       4.868514010620440E-004
  0.883000041940250       4.855453299239123E-004
  0.884000041987747       4.842445099153881E-004
  0.885000042035244       4.829489129111715E-004
  0.886000042082742       4.816585109740963E-004
  0.887000042130239       4.803732763536218E-004
  0.888000042177737       4.790931814843371E-004
  0.889000042225234       4.778181989844817E-004
  0.890000042272732       4.765483016544774E-004
  0.891000042320229       4.752834624754754E-004
  0.892000042367727       4.740236546079169E-004
  0.893000042415224       4.727688513901066E-004
  0.894000042462721       4.715190263367987E-004
  0.895000042510219       4.702741531377982E-004
  0.896000042557716       4.690342056565728E-004
  0.897000042605214       4.677991579288787E-004
  0.898000042652711       4.665689841613994E-004
  0.899000042700209       4.653436587303960E-004
  0.900000042747706       4.641231561803713E-004
  0.901000042795204       4.629074512227445E-004
  0.902000042842701       4.616965187345397E-004
  0.903000042890199       4.604903337570852E-004
  0.904000042937696       4.592888714947253E-004
  0.905000042985193       4.580921073135442E-004
  0.906000043032691       4.569000167401002E-004
  0.907000043080188       4.557125754601732E-004
  0.908000043127686       4.545297593175222E-004
  0.909000043175183       4.533515443126549E-004
  0.910000043222681       4.521779066016081E-004
  0.911000043270178       4.510088224947394E-004
  0.912000043317676       4.498442684555296E-004
  0.913000043365173       4.486842210993960E-004
  0.914000043412670       4.475286571925163E-004
  0.915000043460168       4.463775536506642E-004
  0.916000043507665       4.452308875380533E-004
  0.917000043555163       4.440886360661933E-004
  0.918000043602660       4.429507765927561E-004
  0.919000043650158       4.418172866204511E-004
  0.920000043697655       4.406881437959123E-004
  0.921000043745153       4.395633259085933E-004
  0.922000043792650       4.384428108896739E-004
  0.923000043840148       4.373265768109759E-004
  0.924000043887645       4.362146018838881E-004
  0.925000043935142       4.351068644583012E-004
  0.926000043982640       4.340033430215528E-004
  0.927000044030137       4.329040161973807E-004
  0.928000044077635       4.318088627448859E-004
  0.929000044125132       4.307178615575056E-004
  0.930000044172630       4.296309916619938E-004
  0.931000044220127       4.285482322174119E-004
  0.932000044267625       4.274695625141281E-004
  0.933000044315122       4.263949619728259E-004
  0.934000044362620       4.253244101435196E-004
  0.935000044410117       4.242578867045814E-004
  0.936000044457614       4.231953714617748E-004
  0.937000044505112       4.221368443472967E-004
  0.938000044552609       4.210822854188287E-004
  0.939000044600107       4.200316748585968E-004
  0.940000044647604       4.189849929724375E-004
  0.941000044695102       4.179422201888750E-004
  0.942000044742599       4.169033370582038E-004
  0.943000044790097       4.158683242515805E-004
  0.944000044837594       4.148371625601232E-004
  0.945000044885091       4.138098328940195E-004
  0.946000044932589       4.127863162816407E-004
  0.947000044980086       4.117665938686652E-004
  0.948000045027584       4.107506469172083E-004
  0.949000045075081       4.097384568049607E-004
  0.950000045122579       4.087300050243329E-004
  0.951000045170076       4.077252731816090E-004
  0.952000045217574       4.067242429961055E-004
  0.953000045265071       4.057268962993391E-004
  0.954000045312569       4.047332150342014E-004
  0.955000045360066       4.037431812541392E-004
  0.956000045407563       4.027567771223440E-004
  0.957000045455061       4.017739849109468E-004
  0.958000045502558       4.007947870002204E-004
  0.959000045550056       3.998191658777888E-004
  0.960000045597553       3.988471041378426E-004
  0.961000045645051       3.978785844803616E-004
  0.962000045692548       3.969135897103440E-004
  0.963000045740046       3.959521027370421E-004
  0.964000045787543       3.949941065732039E-004
  0.965000045835041       3.940395843343223E-004
  0.966000045882538       3.930885192378899E-004
  0.967000045930035       3.921408946026596E-004
  0.968000045977533       3.911966938479128E-004
  0.969000046025030       3.902559004927328E-004
  0.970000046072528       3.893184981552842E-004
  0.971000046120025       3.883844705520990E-004
  0.972000046167523       3.874538014973684E-004
  0.973000046215020       3.865264749022406E-004
  0.974000046262518       3.856024747741241E-004
  0.975000046310015       3.846817852159975E-004
  0.976000046357512       3.837643904257247E-004
  0.977000046405010       3.828502746953753E-004
  0.978000046452507       3.819394224105524E-004
  0.979000046500005       3.810318180497237E-004
  0.980000046547502       3.801274461835595E-004
  0.981000046595000       3.792262914742768E-004
  0.982000046642497       3.783283386749867E-004
  0.983000046689995       3.774335726290498E-004
  0.984000046737492       3.765419782694351E-004
  0.985000046784990       3.756535406180845E-004
  0.986000046832487       3.747682447852837E-004
  0.987000046879984       3.738860759690366E-004
  0.988000046927482       3.730070194544462E-004
  0.989000046974979       3.721310606130998E-004
  0.990000047022477       3.712581849024597E-004
  0.991000047069974       3.703883778652588E-004
  0.992000047117472       3.695216251289011E-004
  0.993000047164969       3.686579124048668E-004
  0.994000047212467       3.677972254881231E-004
  0.995000047259964       3.669395502565388E-004
  0.996000047307462       3.660848726703050E-004
  0.997000047354959       3.652331787713585E-004
  0.998000047402456       3.643844546828122E-004
 
     Wbsepp       :    19.56s CPU        25.57s WALL

     wbsepp_readi :      3.04s CPU      5.30s WALL (       1 calls)
     wbsepp_fetch :      0.00s CPU      0.01s WALL (       1 calls)
     read_xml     :      1.32s CPU      2.20s WALL (       1 calls)
     init_vloc    :      0.03s CPU      0.03s WALL (       2 calls)
     fft          :      0.03s CPU      0.50s WALL (      19 calls)
     fft_scatter  :      0.42s CPU      0.44s WALL (    2199 calls)
     v_of_rho     :      0.08s CPU      0.08s WALL (       1 calls)
     v_xc         :      0.07s CPU      0.08s WALL (       1 calls)
     v_h          :      0.00s CPU      0.00s WALL (       1 calls)
     read_wave    :      1.72s CPU      3.08s WALL (       1 calls)
     davcio       :      0.01s CPU      0.15s WALL (      17 calls)
     init_us_1    :      0.01s CPU      0.01s WALL (       2 calls)
     do_setup     :      0.27s CPU      0.34s WALL (       1 calls)
     init_pw_ar   :      0.27s CPU      0.33s WALL (       1 calls)
     init_at_1    :      0.00s CPU      0.00s WALL (       1 calls)
     exx_grid     :      0.00s CPU      0.00s WALL (       1 calls)
     exxinit      :      0.22s CPU      0.27s WALL (       1 calls)
     fftcw        :      0.11s CPU      0.11s WALL (     456 calls)
     exx_div      :      0.00s CPU      0.00s WALL (       1 calls)
     storesqvc    :      0.00s CPU      0.00s WALL (       1 calls)
     eig_decompos :     16.24s CPU     19.92s WALL (       1 calls)
     plep_db      :     12.26s CPU     15.12s WALL (       1 calls)
     solve_e_psi  :      1.77s CPU      1.88s WALL (       1 calls)
     fftw         :      1.01s CPU      1.03s WALL (    1724 calls)
     alphapc      :      0.51s CPU      0.56s WALL (       6 calls)
 
     Wbsepp       :    19.56s CPU        25.57s WALL

 
   This run was terminated on:  16:38:57  13Feb2023            

=------------------------------------------------------------------------------=
   JOB DONE.
=------------------------------------------------------------------------------=
