
     Program Wbsepp v. 2.0.1 svn rev. 1002 starts on 22Mar2023 at 11:29: 3 

     This program is part of the open-source West suite
     for massively parallel calculations of excited states in materials; please cite
         "M. Govoni et al., J. Chem. Theory Comput. 11, 2680 (2015);
          URL http://www.west-code.org", 
     in publications or presentations arising from this work.

     Based on the Quantum ESPRESSO v. 6.1 svn rev. 13369
       
     --------------------------------------------------------------------------------------------
     **MPI** Parallelization Status                                      
     --------------------------------------------------------------------------------------------
                    28                   1             1             1            28
     --------------------------------------------------------------------------------------------
                     N         =         I      X      P      X      B      X      Z
                     ^                   ^             ^             ^             ^
                     |                   |             |             |             |
                   #rnk                  |             |             |             |
                                      #image           |             |             |
                                                     #pool           |             |
                                                                   #bgrp           |
                                                                                 #R&G
     --------------------------------------------------------------------------------------------
     #prc =           28
     --------------------------------------------------------------------------------------------
       
     --------------------------------------------------------------------------------------------
     I/O Summary : input_west                                            
     --------------------------------------------------------------------------------------------
     qe_prefix               =          pwscf
     west_prefix             =           west
     outdir                  =             ./
     l_load_qbox_wfc         =              F
     qbox_ks_wfc_filename    =         qb.xml
     --------------------------------------------------------------------------------------------
       
     --------------------------------------------------------------------------------------------
     I/O Summary : wbsepp_input                                          
     --------------------------------------------------------------------------------------------
     wbsepp_type                    =              1
     n_plep_read_from_file          =              1
     macropol_dfpt                  =              F
     l_spin_flipped                 =              F

     Reading data from directory:
     ./pwscf.save

   Info: using nr1, nr2, nr3 values from input

   Info: using nr1, nr2, nr3 values from input

     IMPORTANT: XC functional enforced from input :
     Exchange-correlation      = PBE0 ( 6  4  8  4 0 0)
     EXX-fraction              =        0.25
     Any further DFT definition will be discarded
     Please, verify this is what you really want

 
     Parallelization info
     --------------------
     sticks:   dense  smooth     PW     G-vecs:    dense   smooth      PW
     Min         384     384     95                30076    30076    3760
     Max         386     386     98                30080    30080    3770
     Sum       10773   10773   2709               842161   842161  105399
 
     EXX fraction changed:   0.36
     EXX Screening parameter changed:    0.0000000
     EXX Gau parameter changed:    0.0000000
       ** WARNING : EXX-alpha            =       0.360000
       ** WARNING : EXX-erfc_scrlen      =       0.000000
       ** WARNING : EXX-gau_scrlen       =       0.000000
       ** WARNING : EXX-ecutfock         =     120.000000
       ** WARNING : EXX-exxdiv_treatment = gb            
EXX: grid of k+q points same as grid of k-points
       ** WARNING : EXX-exxdiv           =   -2744.456626
       
     --------------------------------------------------------------------------------------------
     System Overview                                                     
     --------------------------------------------------------------------------------------------
     gamma_only           =              T
     ecutwfc [Ry]         =      60.000000
     omega [au^3]         =   1.340301E+04
     glob. #G             =          52700
     nbnd                 =           1064
     nkstot               =              1
     nspin                =              1
     nelec                =    1722.000000
     npol                 =              1
     lsda                 =              F
     noncolin             =              F
     lspinorb             =              F
     domag                =              F
     --------------------------------------------------------------------------------------------

     sFFT G-space:   421081 G-vectors     R-space: ( 120, 120, 120)
     dFFT G-space:   421081 G-vectors     R-space: ( 120, 120, 120)

     Cell [a.u.]          =      23.753857      0.000000      0.000000
                          =       0.000000     23.753857      0.000000
                          =       0.000000      0.000000     23.753857
      
     number of ks points=     1
                       cart. coord. in units 2pi/alat
        k(    1) = (   0.0000000   0.0000000   0.0000000), wk =   2.0000000

                       cryst. coord.
        k(    1) = (   0.0000000   0.0000000   0.0000000), wk =   2.0000000
 
     F. Gygi div      =   2.047642E-01
       
     --------------------------------------------------------------------------------------------
     Parallelization for nvec                                            
     --------------------------------------------------------------------------------------------
     nglob                =              1
     nlevel               =              1
     Min nglob/nlevel     =              1
     Max nglob/nlevel     =              1
     --------------------------------------------------------------------------------------------
       
     --------------------------------------------------------------------------------------------
     Parallelization for band_paralel                                    
     --------------------------------------------------------------------------------------------
     nglob                =            861
     nlevel               =              1
     Min nglob/nlevel     =            861
     Max nglob/nlevel     =            861
     --------------------------------------------------------------------------------------------

     [MEM] ----------------------------------------------------------
     [MEM] **Memory** analysis: QE
     [MEM] ----------------------------------------------------------
     [MEM] Allocated arrays           est. size (Mb)     dimensions
     [MEM] ----------------------------------------------------------
     [MEM] Kohn-Sham Wavefunctions      30.55 Mb     (   1882, 1064)
     [MEM] NL pseudopotentials          49.39 Mb     (   1882, 1720)
     [MEM] Each V/rho on FFT grid        1.10 Mb     (  72000)
     [MEM] Each G-vector array           0.11 Mb     (  15040)
     [MEM] G-vector shells               0.02 Mb     (   2312)
     [MEM] ----------------------------------------------------------
     [MEM] TOT                          81.18 Mb
     [MEM] ----------------------------------------------------------
     [MEM] 
     [MEM] ----------------------------------------------------------
     [MEM] **Memory** analysis: WBSE global
     [MEM] ----------------------------------------------------------
     [MEM] Allocated arrays           est. size (Mb)     dimensions
     [MEM] ----------------------------------------------------------
     [MEM] dvg_exc                      24.73 Mb     (   1882,  861,    1)
     [MEM] dng_exc                      24.73 Mb     (   1882,  861,    1)
     [MEM] hr_distr                      0.00 Mb     (      0,    1)
     [MEM] vr_distr                      0.00 Mb     (      0,    1)
     [MEM] ----------------------------------------------------------
     [MEM] TOT                          49.45 Mb
     [MEM] ----------------------------------------------------------
     [MEM] 
     [MEM] ----------------------------------------------------------
     [MEM] **Memory** analysis: WBSE temporary
     [MEM] ----------------------------------------------------------
     [MEM] Allocated arrays           est. size (Mb)     dimensions
     [MEM] ----------------------------------------------------------
     [MEM] dvpsi                        24.73 Mb     (   1882,  861)
     [MEM] dpsi                         24.73 Mb     (   1882,  861)
     [MEM] ----------------------------------------------------------
     [MEM] Total estimate               49.45 Mb
     [MEM] ----------------------------------------------------------
      
     --------------------------------------------------------------------------------------------
     Database read in 02.2s               
     In location : ./west.wbse.david.save
     Eigen. found :            1
     --------------------------------------------------------------------------------------------

     Calculation of the dipole in real space

     Dipole is shifted to the center of cell for the calculation of d0psi. 

      *----------*   THE PRINCIPLE PROJECTED COMPONENTS   *----------*

      #     Exciton : |        1 |   Excitation energy : |     0.204040

      OSCILLATOR STRENGTH : 

                XX             YY            ZZ            TOTAL

                   0.002803         0.002803         0.002803         0.008408

          SPIN     OCCUPIED STATES     UNOCCUPIED STATES     PROJECTION
             1         861                       1           0.996461
  0.000000000000000E+000  6.412893381300577E-004
  1.000000047497451E-003  6.476064486359725E-004
  2.000000094994903E-003  6.540172853627366E-004
  3.000000142492354E-003  6.605237101137470E-004
  4.000000189989805E-003  6.671276311131261E-004
  5.000000237487257E-003  6.738310044003891E-004
  6.000000284984708E-003  6.806358352741984E-004
  7.000000332482159E-003  6.875441797871898E-004
  8.000000379979610E-003  6.945581462939410E-004
  9.000000427477062E-003  7.016798970542568E-004
  1.000000047497451E-002  7.089116498940306E-004
  1.100000052247196E-002  7.162556799260639E-004
  1.200000056996942E-002  7.237143213333236E-004
  1.300000061746687E-002  7.312899692172371E-004
  1.400000066496432E-002  7.389850815137480E-004
  1.500000071246177E-002  7.468021809799874E-004
  1.600000075995922E-002  7.547438572545399E-004
  1.700000080745667E-002  7.628127689944445E-004
  1.800000085495412E-002  7.710116460921979E-004
  1.900000090245157E-002  7.793432919762114E-004
  2.000000094994903E-002  7.878105859983155E-004
  2.100000099744648E-002  7.964164859121024E-004
  2.200000104494393E-002  8.051640304460678E-004
  2.300000109244138E-002  8.140563419757166E-004
  2.400000113993883E-002  8.230966292990027E-004
  2.500000118743628E-002  8.322881905196885E-004
  2.600000123493373E-002  8.416344160434429E-004
  2.700000128243119E-002  8.511387916917363E-004
  2.800000132992864E-002  8.608049019388545E-004
  2.900000137742609E-002  8.706364332776111E-004
  3.000000142492354E-002  8.806371777196436E-004
  3.100000147242099E-002  8.908110364364633E-004
  3.200000151991844E-002  9.011620235477628E-004
  3.300000156741589E-002  9.116942700638150E-004
  3.400000161491334E-002  9.224120279891627E-004
  3.500000166241080E-002  9.333196745951743E-004
  3.600000170990825E-002  9.444217168694441E-004
  3.700000175740570E-002  9.557227961504435E-004
  3.800000180490315E-002  9.672276929562753E-004
  3.900000185240060E-002  9.789413320168713E-004
  4.000000189989805E-002  9.908687875194719E-004
  4.100000194739550E-002  1.003015288577768E-003
  4.200000199489295E-002  1.015386224935660E-003
  4.300000204239041E-002  1.027987152917188E-003
  4.400000208988786E-002  1.040823801634832E-003
  4.500000213738531E-002  1.053902079469080E-003
  4.600000218488276E-002  1.067228080832861E-003
  4.700000223238021E-002  1.080808093235225E-003
  4.800000227987766E-002  1.094648604659495E-003
  4.900000232737511E-002  1.108756311271943E-003
  5.000000237487257E-002  1.123138125478016E-003
  5.100000242237002E-002  1.137801184344097E-003
  5.200000246986747E-002  1.152752858403859E-003
  5.300000251736492E-002  1.168000760869376E-003
  5.400000256486237E-002  1.183552757268375E-003
  5.500000261235982E-002  1.199416975530252E-003
  5.600000265985727E-002  1.215601816544876E-003
  5.700000270735472E-002  1.232115965219628E-003
  5.800000275485218E-002  1.248968402061683E-003
  5.900000280234963E-002  1.266168415314205E-003
  6.000000284984708E-002  1.283725613676869E-003
  6.100000289734453E-002  1.301649939643052E-003
  6.200000294484198E-002  1.319951683488016E-003
  6.300000299233943E-002  1.338641497944611E-003
  6.400000303983688E-002  1.357730413605293E-003
  6.500000308733433E-002  1.377229855091782E-003
  6.600000313483179E-002  1.397151658036295E-003
  6.700000318232924E-002  1.417508086921179E-003
  6.800000322982669E-002  1.438311853826770E-003
  6.900000327732414E-002  1.459576138140640E-003
  7.000000332482159E-002  1.481314607284849E-003
  7.100000337231904E-002  1.503541438521640E-003
  7.200000341981649E-002  1.526271341902052E-003
  7.300000346731395E-002  1.549519584426270E-003
  7.400000351481140E-002  1.573302015489264E-003
  7.500000356230885E-002  1.597635093690269E-003
  7.600000360980630E-002  1.622535915090119E-003
  7.700000365730375E-002  1.648022243006296E-003
  7.800000370480120E-002  1.674112539441857E-003
  7.900000375229865E-002  1.700825998251211E-003
  8.000000379979610E-002  1.728182580153063E-003
  8.100000384729356E-002  1.756203049708755E-003
  8.200000389479101E-002  1.784909014392815E-003
  8.300000394228846E-002  1.814322965891763E-003
  8.400000398978591E-002  1.844468323777235E-003
  8.500000403728336E-002  1.875369481710343E-003
  8.600000408478081E-002  1.907051856345875E-003
  8.700000413227826E-002  1.939541939117694E-003
  8.800000417977571E-002  1.972867351100445E-003
  8.900000422727317E-002  2.007056901157646E-003
  9.000000427477062E-002  2.042140647602468E-003
  9.100000432226807E-002  2.078149963615126E-003
  9.200000436976552E-002  2.115117606680005E-003
  9.300000441726297E-002  2.153077792326452E-003
  9.400000446476042E-002  2.192066272479906E-003
  9.500000451225787E-002  2.232120418754716E-003
  9.600000455975533E-002  2.273279311047009E-003
  9.700000460725278E-002  2.315583831815302E-003
  9.800000465475023E-002  2.359076766468712E-003
  9.900000470224768E-002  2.403802910317657E-003
  0.100000004749745       2.449809182580265E-003
  0.101000004797243       2.497144747979719E-003
  0.102000004844740       2.545861146513627E-003
  0.103000004892237       2.596012432026930E-003
  0.104000004939735       2.647655320275030E-003
  0.105000004987232       2.700849347224468E-003
  0.106000005034730       2.755657038405059E-003
  0.107000005082227       2.812144090200654E-003
  0.108000005129725       2.870379564046256E-003
  0.109000005177222       2.930436094588035E-003
  0.110000005224720       2.992390112960632E-003
  0.111000005272217       3.056322086444176E-003
  0.112000005319715       3.122316775882737E-003
  0.113000005367212       3.190463512377842E-003
  0.114000005414709       3.260856494916670E-003
  0.115000005462207       3.333595110756225E-003
  0.116000005509704       3.408784280564134E-003
  0.117000005557202       3.486534830515726E-003
  0.118000005604699       3.566963893768246E-003
  0.119000005652197       3.650195343979028E-003
  0.120000005699694       3.736360263808434E-003
  0.121000005747192       3.825597451653721E-003
  0.122000005794689       3.918053970200796E-003
  0.123000005842187       4.013885740761609E-003
  0.124000005889684       4.113258187790821E-003
  0.125000005937181       4.216346938452399E-003
  0.126000005984679       4.323338582641571E-003
  0.127000006032176       4.434431499467958E-003
  0.128000006079674       4.549836756880572E-003
  0.129000006127171       4.669779091874817E-003
  0.130000006174669       4.794497979577583E-003
  0.131000006222166       4.924248800472240E-003
  0.132000006269664       5.059304116116639E-003
  0.133000006317161       5.199955064941951E-003
  0.134000006364658       5.346512891119136E-003
  0.135000006412156       5.499310621067311E-003
  0.136000006459653       5.658704903981988E-003
  0.137000006507151       5.825078034813921E-003
  0.138000006554648       5.998840180468689E-003
  0.139000006602146       6.180431832667529E-003
  0.140000006649643       6.370326513962741E-003
  0.141000006697141       6.569033766896577E-003
  0.142000006744638       6.777102460301509E-003
  0.143000006792136       6.995124451345202E-003
  0.144000006839633       7.223738647222772E-003
  0.145000006887130       7.463635516506938E-003
  0.146000006934628       7.715562107218899E-003
  0.147000006982125       7.980327636839363E-003
  0.148000007029623       8.258809728929470E-003
  0.149000007077120       8.551961382000175E-003
  0.150000007124618       8.860818769022845E-003
  0.151000007172115       9.186509980830437E-003
  0.152000007219613       9.530264843996017E-003
  0.153000007267110       9.893425964044418E-003
  0.154000007314608       1.027746116859200E-002
  0.155000007362105       1.068397755286372E-002
  0.156000007409602       1.111473736277729E-002
  0.157000007457100       1.157167598933613E-002
  0.158000007504597       1.205692239354576E-002
  0.159000007552095       1.257282233479332E-002
  0.160000007599592       1.312196483920480E-002
  0.161000007647090       1.370721241983595E-002
  0.162000007694587       1.433173564995750E-002
  0.163000007742085       1.499905279691107E-002
  0.164000007789582       1.571307535031845E-002
  0.165000007837079       1.647816042871791E-002
  0.166000007884577       1.729917122758248E-002
  0.167000007932074       1.818154688453679E-002
  0.168000007979572       1.913138339067713E-002
  0.169000008027069       2.015552747731866E-002
  0.170000008074567       2.126168576312372E-002
  0.171000008122064       2.245855186579653E-002
  0.172000008169562       2.375595467369266E-002
  0.173000008217059       2.516503154297297E-002
  0.174000008264557       2.669843083944415E-002
  0.175000008312054       2.837054897868667E-002
  0.176000008359551       3.019780791924903E-002
  0.177000008407049       3.219897989626501E-002
  0.178000008454546       3.439556697558107E-002
  0.179000008502044       3.681224363029438E-002
  0.180000008549541       3.947737076351662E-002
  0.181000008597039       4.242358903603435E-002
  0.182000008644536       4.568849736552166E-002
  0.183000008692034       4.931541800609382E-002
  0.184000008739531       5.335424103121648E-002
  0.185000008787028       5.786232570893001E-002
  0.186000008834526       6.290541011072226E-002
  0.187000008882023       6.855843715187773E-002
  0.188000008929521       7.490613597224673E-002
  0.189000008977018       8.204308912462406E-002
  0.190000009024516       9.007285111153988E-002
  0.191000009072013       9.910544189874831E-002
  0.192000009119511       0.109252201908931     
  0.193000009167008       0.120616561748195     
  0.194000009214506       0.133278800729453     
  0.195000009262003       0.147272509472397     
  0.196000009309500       0.162550620332773     
  0.197000009356998       0.178940252503445     
  0.198000009404495       0.196089321646084     
  0.199000009451993       0.213414944005307     
  0.200000009499490       0.230073893142096     
  0.201000009546988       0.244984950940916     
  0.202000009594485       0.256932781395440     
  0.203000009641983       0.264761427970335     
  0.204000009689480       0.267620583146280     
  0.205000009736978       0.265180735644406     
  0.206000009784475       0.257723714989101     
  0.207000009831972       0.246065007864593     
  0.208000009879470       0.231345416543114     
  0.209000009926967       0.214783719797480     
  0.210000009974465       0.197476900335513     
  0.211000010021962       0.180288939890296     
  0.212000010069460       0.163822919977000     
  0.213000010116957       0.148447605936704     
  0.214000010164455       0.134348173118305     
  0.215000010211952       0.121579941881451     
  0.216000010259449       0.110114369244839     
  0.217000010306947       9.987391568367679E-002
  0.218000010354444       9.075634568550119E-002
  0.219000010401942       8.265054552564084E-002
  0.220000010449439       7.544615694269720E-002
  0.221000010496937       6.903898914093343E-002
  0.222000010544434       6.333369371179415E-002
  0.223000010591932       5.824474727599994E-002
  0.224000010639429       5.369644147826873E-002
  0.225000010686927       4.962233101704255E-002
  0.226000010734424       4.596442008765638E-002
  0.227000010781921       4.267225535488624E-002
  0.228000010829419       3.970202168764712E-002
  0.229000010876916       3.701569203770950E-002
  0.230000010924414       3.458025559920030E-002
  0.231000010971911       3.236703236011007E-002
  0.232000011019409       3.035107314387243E-002
  0.233000011066906       2.851063952264170E-002
  0.234000011114404       2.682675583959339E-002
  0.235000011161901       2.528282492610660E-002
  0.236000011209399       2.386429927556978E-002
  0.237000011256896       2.255840003546304E-002
  0.238000011304393       2.135387696426770E-002
  0.239000011351891       2.024080333237761E-002
  0.240000011399388       1.921040055153381E-002
  0.241000011446886       1.825488805782835E-002
  0.242000011494383       1.736735463350267E-002
  0.243000011541881       1.654164792960735E-002
  0.244000011589378       1.577227944883688E-002
  0.245000011636876       1.505434267253307E-002
  0.246000011684373       1.438344237625168E-002
  0.247000011731870       1.375563348281898E-002
  0.248000011779368       1.316736805840349E-002
  0.249000011826865       1.261544927296365E-002
  0.250000011874363       1.209699132781909E-002
  0.251000011921860       1.160938450549062E-002
  0.252000011969358       1.115026462502449E-002
  0.253000012016855       1.071748629370989E-002
  0.254000012064353       1.030909943673914E-002
  0.255000012111850       9.923328662735582E-003
  0.256000012159348       9.558555087513947E-003
  0.257000012206845       9.213300292887994E-003
  0.258000012254342       8.886212143420110E-003
  0.259000012301840       8.576052223069291E-003
  0.260000012349337       8.281684686862727E-003
  0.261000012396835       8.002066350930533E-003
  0.262000012444332       7.736237868286179E-003
  0.263000012491830       7.483315858260328E-003
  0.264000012539327       7.242485875049811E-003
  0.265000012586825       7.012996115883669E-003
  0.266000012634322       6.794151782217863E-003
  0.267000012681819       6.585310018471431E-003
  0.268000012729317       6.385875362379717E-003
  0.269000012776814       6.195295649292915E-003
  0.270000012824312       6.013058319882419E-003
  0.271000012871809       5.838687086895600E-003
  0.272000012919307       5.671738921959177E-003
  0.273000012966804       5.511801328088299E-003
  0.274000013014302       5.358489867611961E-003
  0.275000013061799       5.211445918759217E-003
  0.276000013109297       5.070334637236510E-003
  0.277000013156794       4.934843101825381E-003
  0.278000013204291       4.804678625393952E-003
  0.279000013251789       4.679567214789768E-003
  0.280000013299286       4.559252164903956E-003
  0.281000013346784       4.443492773800306E-003
  0.282000013394281       4.332063167215979E-003
  0.283000013441779       4.224751221987599E-003
  0.284000013489276       4.121357579058524E-003
  0.285000013536774       4.021694737698309E-003
  0.286000013584271       3.925586223429468E-003
  0.287000013631769       3.832865822923462E-003
  0.288000013679266       3.743376879809007E-003
  0.289000013726763       3.656971645941802E-003
  0.290000013774261       3.573510683224523E-003
  0.291000013821758       3.492862311547281E-003
  0.292000013869256       3.414902098848493E-003
  0.293000013916753       3.339512389680309E-003
  0.294000013964251       3.266581869006549E-003
  0.295000014011748       3.196005158269159E-003
  0.296000014059246       3.127682441035522E-003
  0.297000014106743       3.061519115787089E-003
  0.298000014154240       2.997425473632800E-003
  0.299000014201738       2.935316398931558E-003
  0.300000014249235       2.875111090988744E-003
  0.301000014296733       2.816732805154872E-003
  0.302000014344230       2.760108611801613E-003
  0.303000014391728       2.705169171783407E-003
  0.304000014439225       2.651848527113147E-003
  0.305000014486723       2.600083905689282E-003
  0.306000014534220       2.549815539010331E-003
  0.307000014581718       2.500986491902300E-003
  0.308000014629215       2.453542503365667E-003
  0.309000014676712       2.407431837722424E-003
  0.310000014724210       2.362605145310776E-003
  0.311000014771707       2.319015332036125E-003
  0.312000014819205       2.276617437142672E-003
  0.313000014866702       2.235368518620620E-003
  0.314000014914200       2.195227545710274E-003
  0.315000014961697       2.156155298006605E-003
  0.316000015009195       2.118114270706411E-003
  0.317000015056692       2.081068585575581E-003
  0.318000015104190       2.044983907246258E-003
  0.319000015151687       2.009827364483320E-003
  0.320000015199184       1.975567476086735E-003
  0.321000015246682       1.942174081121235E-003
  0.322000015294179       1.909618273187615E-003
  0.323000015341677       1.877872338470960E-003
  0.324000015389174       1.846909697320376E-003
  0.325000015436672       1.816704849132578E-003
  0.326000015484169       1.787233320328010E-003
  0.327000015531667       1.758471615223232E-003
  0.328000015579164       1.730397169617165E-003
  0.329000015626661       1.702988306921596E-003
  0.330000015674159       1.676224196678136E-003
  0.331000015721656       1.650084815314727E-003
  0.332000015769154       1.624550909004880E-003
  0.333000015816651       1.599603958502124E-003
  0.334000015864149       1.575226145830762E-003
  0.335000015911646       1.551400322722027E-003
  0.336000015959144       1.528109980692080E-003
  0.337000016006641       1.505339222665173E-003
  0.338000016054139       1.483072736051626E-003
  0.339000016101636       1.461295767196154E-003
  0.340000016149133       1.439994097117568E-003
  0.341000016196631       1.419154018465918E-003
  0.342000016244128       1.398762313627885E-003
  0.343000016291626       1.378806233915620E-003
  0.344000016339123       1.359273479778270E-003
  0.345000016386621       1.340152181979290E-003
  0.346000016434118       1.321430883686100E-003
  0.347000016481616       1.303098523422016E-003
  0.348000016529113       1.285144418833385E-003
  0.349000016576611       1.267558251227771E-003
  0.350000016624108       1.250330050841670E-003
  0.351000016671605       1.233450182798752E-003
  0.352000016719103       1.216909333721940E-003
  0.353000016766600       1.200698498964816E-003
  0.354000016814098       1.184808970429873E-003
  0.355000016861595       1.169232324943048E-003
  0.356000016909093       1.153960413155714E-003
  0.357000016956590       1.138985348947022E-003
  0.358000017004088       1.124299499300997E-003
  0.359000017051585       1.109895474634279E-003
  0.360000017099082       1.095766119551751E-003
  0.361000017146580       1.081904504008605E-003
  0.362000017194077       1.068303914858551E-003
  0.363000017241575       1.054957847769059E-003
  0.364000017289072       1.041859999485546E-003
  0.365000017336570       1.029004260427416E-003
  0.366000017384067       1.016384707599813E-003
  0.367000017431565       1.003995597805813E-003
  0.368000017479062       9.918313611446069E-004
  0.369000017526560       9.798865947820013E-004
  0.370000017574057       9.681560569802960E-004
  0.371000017621554       9.566346613752886E-004
  0.372000017669052       9.453174714887908E-004
  0.373000017716549       9.341996954656656E-004
  0.374000017764047       9.232766810249527E-004
  0.375000017811544       9.125439106152059E-004
  0.376000017859042       9.019969967646613E-004
  0.377000017906539       8.916316776173486E-004
  0.378000017954037       8.814438126466997E-004
  0.379000018001534       8.714293785386504E-004
  0.380000018049031       8.615844652366177E-004
  0.381000018096529       8.519052721411371E-004
  0.382000018144026       8.423881044572856E-004
  0.383000018191524       8.330293696833702E-004
  0.384000018239021       8.238255742346793E-004
  0.385000018286519       8.147733201963919E-004
  0.386000018334016       8.058693022000436E-004
  0.387000018381514       7.971103044182047E-004
  0.388000018429011       7.884931976722892E-004
  0.389000018476509       7.800149366486643E-004
  0.390000018524006       7.716725572184487E-004
  0.391000018571503       7.634631738566189E-004
  0.392000018619001       7.553839771562379E-004
  0.393000018666498       7.474322314338331E-004
  0.394000018713996       7.396052724221188E-004
  0.395000018761493       7.319005050464504E-004
  0.396000018808991       7.243154012815540E-004
  0.397000018856488       7.168474980852438E-004
  0.398000018903986       7.094943954059829E-004
  0.399000018951483       7.022537542612897E-004
  0.400000018998981       6.951232948841288E-004
  0.401000019046478       6.881007949345549E-004
  0.402000019093975       6.811840877739956E-004
  0.403000019141473       6.743710607996857E-004
  0.404000019188970       6.676596538368688E-004
  0.405000019236468       6.610478575864852E-004
  0.406000019283965       6.545337121261794E-004
  0.407000019331463       6.481153054625363E-004
  0.408000019378960       6.417907721325630E-004
  0.409000019426458       6.355582918525117E-004
  0.410000019473955       6.294160882122189E-004
  0.411000019521452       6.233624274132230E-004
  0.412000019568950       6.173956170489890E-004
  0.413000019616447       6.115140049256449E-004
  0.414000019663945       6.057159779216993E-004
  0.415000019711442       5.999999608852764E-004
  0.416000019758940       5.943644155674671E-004
  0.417000019806437       5.888078395904462E-004
  0.418000019853935       5.833287654490741E-004
  0.419000019901432       5.779257595447453E-004
  0.420000019948930       5.725974212502965E-004
  0.421000019996427       5.673423820048453E-004
  0.422000020043924       5.621593044374650E-004
  0.423000020091422       5.570468815186550E-004
  0.424000020138919       5.520038357386013E-004
  0.425000020186417       5.470289183112677E-004
  0.426000020233914       5.421209084033937E-004
  0.427000020281412       5.372786123875132E-004
  0.428000020328909       5.325008631181416E-004
  0.429000020376407       5.277865192303176E-004
  0.430000020423904       5.231344644597102E-004
  0.431000020471402       5.185436069835413E-004
  0.432000020518899       5.140128787815957E-004
  0.433000020566396       5.095412350166246E-004
  0.434000020613894       5.051276534334725E-004
  0.435000020661391       5.007711337762843E-004
  0.436000020708889       4.964706972231714E-004
  0.437000020756386       4.922253858377486E-004
  0.438000020803884       4.880342620369599E-004
  0.439000020851381       4.838964080746519E-004
  0.440000020898879       4.798109255403583E-004
  0.441000020946376       4.757769348727896E-004
  0.442000020993873       4.717935748875356E-004
  0.443000021041371       4.678600023185094E-004
  0.444000021088868       4.639753913726779E-004
  0.445000021136366       4.601389332976388E-004
  0.446000021183863       4.563498359616275E-004
  0.447000021231361       4.526073234455417E-004
  0.448000021278858       4.489106356465961E-004
  0.449000021326356       4.452590278932300E-004
  0.450000021373853       4.416517705709011E-004
  0.451000021421351       4.380881487584209E-004
  0.452000021468848       4.345674618744881E-004
  0.453000021516345       4.310890233340984E-004
  0.454000021563843       4.276521602145159E-004
  0.455000021611340       4.242562129305024E-004
  0.456000021658838       4.209005349185134E-004
  0.457000021706335       4.175844923295803E-004
  0.458000021753833       4.143074637306033E-004
  0.459000021801330       4.110688398137982E-004
  0.460000021848828       4.078680231140390E-004
  0.461000021896325       4.047044277338547E-004
  0.462000021943823       4.015774790758445E-004
  0.463000021991320       3.984866135822826E-004
  0.464000022038817       3.954312784816930E-004
  0.465000022086315       3.924109315421827E-004
  0.466000022133812       3.894250408313281E-004
  0.467000022181310       3.864730844824156E-004
  0.468000022228807       3.835545504668452E-004
  0.469000022276305       3.806689363725143E-004
  0.470000022323802       3.778157491879992E-004
  0.471000022371300       3.749945050923647E-004
  0.472000022418797       3.722047292504338E-004
  0.473000022466294       3.694459556133556E-004
  0.474000022513792       3.667177267243159E-004
  0.475000022561289       3.640195935292395E-004
  0.476000022608787       3.613511151923375E-004
  0.477000022656284       3.587118589163607E-004
  0.478000022703782       3.561013997674190E-004
  0.479000022751279       3.535193205042376E-004
  0.480000022798777       3.509652114117216E-004
  0.481000022846274       3.484386701387033E-004
  0.482000022893772       3.459393015397552E-004
  0.483000022941269       3.434667175209513E-004
  0.484000022988766       3.410205368894651E-004
  0.485000023036264       3.386003852068938E-004
  0.486000023083761       3.362058946462083E-004
  0.487000023131259       3.338367038522196E-004
  0.488000023178756       3.314924578054715E-004
  0.489000023226254       3.291728076894568E-004
  0.490000023273751       3.268774107610696E-004
  0.491000023321249       3.246059302242002E-004
  0.492000023368746       3.223580351063887E-004
  0.493000023416243       3.201334001384514E-004
  0.494000023463741       3.179317056369984E-004
  0.495000023511238       3.157526373897651E-004
  0.496000023558736       3.135958865436780E-004
  0.497000023606233       3.114611494955833E-004
  0.498000023653731       3.093481277855641E-004
  0.499000023701228       3.072565279927785E-004
  0.500000023748726       3.051860616337478E-004
  0.501000023796223       3.031364450630331E-004
  0.502000023843721       3.011073993762325E-004
  0.503000023891218       2.990986503152397E-004
  0.504000023938715       2.971099281757034E-004
  0.505000023986213       2.951409677166287E-004
  0.506000024033710       2.931915080720647E-004
  0.507000024081208       2.912612926648232E-004
  0.508000024128705       2.893500691221753E-004
  0.509000024176203       2.874575891934744E-004
  0.510000024223700       2.855836086696552E-004
  0.511000024271198       2.837278873045607E-004
  0.512000024318695       2.818901887380488E-004
  0.513000024366193       2.800702804208341E-004
  0.514000024413690       2.782679335410184E-004
  0.515000024461187       2.764829229522695E-004
  0.516000024508685       2.747150271036028E-004
  0.517000024556182       2.729640279707279E-004
  0.518000024603680       2.712297109889183E-004
  0.519000024651177       2.695118649873681E-004
  0.520000024698675       2.678102821249947E-004
  0.521000024746172       2.661247578276554E-004
  0.522000024793670       2.644550907267384E-004
  0.523000024841167       2.628010825990983E-004
  0.524000024888664       2.611625383082966E-004
  0.525000024936162       2.595392657471223E-004
  0.526000024983659       2.579310757813540E-004
  0.527000025031157       2.563377821947378E-004
  0.528000025078654       2.547592016351477E-004
  0.529000025126152       2.531951535619027E-004
  0.530000025173649       2.516454601942090E-004
  0.531000025221147       2.501099464607027E-004
  0.532000025268644       2.485884399500649E-004
  0.533000025316142       2.470807708626829E-004
  0.534000025363639       2.455867719633335E-004
  0.535000025411136       2.441062785348629E-004
  0.536000025458634       2.426391283328393E-004
  0.537000025506131       2.411851615411550E-004
  0.538000025553629       2.397442207285564E-004
  0.539000025601126       2.383161508060775E-004
  0.540000025648624       2.369007989853581E-004
  0.541000025696121       2.354980147378236E-004
  0.542000025743619       2.341076497547082E-004
  0.543000025791116       2.327295579078990E-004
  0.544000025838614       2.313635952115847E-004
  0.545000025886111       2.300096197846879E-004
  0.546000025933608       2.286674918140639E-004
  0.547000025981106       2.273370735184474E-004
  0.548000026028603       2.260182291131307E-004
  0.549000026076101       2.247108247753554E-004
  0.550000026123598       2.234147286104027E-004
  0.551000026171096       2.221298106183640E-004
  0.552000026218593       2.208559426615792E-004
  0.553000026266091       2.195929984327237E-004
  0.554000026313588       2.183408534235339E-004
  0.555000026361085       2.170993848941517E-004
  0.556000026408583       2.158684718430786E-004
  0.557000026456080       2.146479949777225E-004
  0.558000026503578       2.134378366855246E-004
  0.559000026551075       2.122378810056550E-004
  0.560000026598573       2.110480136012612E-004
  0.561000026646070       2.098681217322606E-004
  0.562000026693568       2.086980942286618E-004
  0.563000026741065       2.075378214644052E-004
  0.564000026788563       2.063871953317106E-004
  0.565000026836060       2.052461092159195E-004
  0.566000026883557       2.041144579708238E-004
  0.567000026931055       2.029921378944673E-004
  0.568000026978552       2.018790467054118E-004
  0.569000027026050       2.007750835194570E-004
  0.570000027073547       1.996801488268035E-004
  0.571000027121045       1.985941444696502E-004
  0.572000027168542       1.975169736202173E-004
  0.573000027216040       1.964485407591837E-004
  0.574000027263537       1.953887516545312E-004
  0.575000027311035       1.943375133407877E-004
  0.576000027358532       1.932947340986583E-004
  0.577000027406029       1.922603234350384E-004
  0.578000027453527       1.912341920633994E-004
  0.579000027501024       1.902162518845390E-004
  0.580000027548522       1.892064159676898E-004
  0.581000027596019       1.882045985319764E-004
  0.582000027643517       1.872107149282154E-004
  0.583000027691014       1.862246816210507E-004
  0.584000027738512       1.852464161714164E-004
  0.585000027786009       1.842758372193214E-004
  0.586000027833506       1.833128644669477E-004
  0.587000027881004       1.823574186620580E-004
  0.588000027928501       1.814094215817034E-004
  0.589000027975999       1.804687960162274E-004
  0.590000028023496       1.795354657535590E-004
  0.591000028070994       1.786093555637884E-004
  0.592000028118491       1.776903911840209E-004
  0.593000028165989       1.767784993035026E-004
  0.594000028213486       1.758736075490111E-004
  0.595000028260984       1.749756444705089E-004
  0.596000028308481       1.740845395270502E-004
  0.597000028355978       1.732002230729396E-004
  0.598000028403476       1.723226263441353E-004
  0.599000028450973       1.714516814448921E-004
  0.600000028498471       1.705873213346413E-004
  0.601000028545968       1.697294798150994E-004
  0.602000028593466       1.688780915176043E-004
  0.603000028640963       1.680330918906726E-004
  0.604000028688461       1.671944171877739E-004
  0.605000028735958       1.663620044553178E-004
  0.606000028783455       1.655357915208502E-004
  0.607000028830953       1.647157169814527E-004
  0.608000028878450       1.639017201923444E-004
  0.609000028925948       1.630937412556783E-004
  0.610000028973445       1.622917210095311E-004
  0.611000029020943       1.614956010170823E-004
  0.612000029068440       1.607053235559776E-004
  0.613000029115938       1.599208316078741E-004
  0.614000029163435       1.591420688481641E-004
  0.615000029210933       1.583689796358727E-004
  0.616000029258430       1.576015090037267E-004
  0.617000029305927       1.568396026483919E-004
  0.618000029353425       1.560832069208746E-004
  0.619000029400922       1.553322688170840E-004
  0.620000029448420       1.545867359685548E-004
  0.621000029495917       1.538465566333225E-004
  0.622000029543415       1.531116796869541E-004
  0.623000029590912       1.523820546137251E-004
  0.624000029638410       1.516576314979461E-004
  0.625000029685907       1.509383610154311E-004
  0.626000029733405       1.502241944251081E-004
  0.627000029780902       1.495150835607674E-004
  0.628000029828399       1.488109808229469E-004
  0.629000029875897       1.481118391709493E-004
  0.630000029923394       1.474176121149912E-004
  0.631000029970892       1.467282537084803E-004
  0.632000030018389       1.460437185404183E-004
  0.633000030065887       1.453639617279277E-004
  0.634000030113384       1.446889389088999E-004
  0.635000030160882       1.440186062347626E-004
  0.636000030208379       1.433529203633636E-004
  0.637000030255876       1.426918384519698E-004
  0.638000030303374       1.420353181503790E-004
  0.639000030350871       1.413833175941413E-004
  0.640000030398369       1.407357953978905E-004
  0.641000030445866       1.400927106487807E-004
  0.642000030493364       1.394540229000286E-004
  0.643000030540861       1.388196921645575E-004
  0.644000030588359       1.381896789087433E-004
  0.645000030635856       1.375639440462587E-004
  0.646000030683354       1.369424489320147E-004
  0.647000030730851       1.363251553561982E-004
  0.648000030778348       1.357120255384027E-004
  0.649000030825846       1.351030221218515E-004
  0.650000030873343       1.344981081677114E-004
  0.651000030920841       1.338972471494946E-004
  0.652000030968338       1.333004029475489E-004
  0.653000031015836       1.327075398436326E-004
  0.654000031063333       1.321186225155745E-004
  0.655000031110831       1.315336160320155E-004
  0.656000031158328       1.309524858472327E-004
  0.657000031205826       1.303751977960422E-004
  0.658000031253323       1.298017180887810E-004
  0.659000031300820       1.292320133063656E-004
  0.660000031348318       1.286660503954264E-004
  0.661000031395815       1.281037966635164E-004
  0.662000031443313       1.275452197743931E-004
  0.663000031490810       1.269902877433719E-004
  0.664000031538308       1.264389689327505E-004
  0.665000031585805       1.258912320473020E-004
  0.666000031633303       1.253470461298368E-004
  0.667000031680800       1.248063805568309E-004
  0.668000031728297       1.242692050341204E-004
  0.669000031775795       1.237354895926604E-004
  0.670000031823292       1.232052045843477E-004
  0.671000031870790       1.226783206779056E-004
  0.672000031918287       1.221548088548307E-004
  0.673000031965785       1.216346404053995E-004
  0.674000032013282       1.211177869247346E-004
  0.675000032060780       1.206042203089292E-004
  0.676000032108277       1.200939127512290E-004
  0.677000032155775       1.195868367382705E-004
  0.678000032203272       1.190829650463745E-004
  0.679000032250769       1.185822707378945E-004
  0.680000032298267       1.180847271576183E-004
  0.681000032345764       1.175903079292224E-004
  0.682000032393262       1.170989869517785E-004
  0.683000032440759       1.166107383963105E-004
  0.684000032488257       1.161255367024019E-004
  0.685000032535754       1.156433565748524E-004
  0.686000032583252       1.151641729803829E-004
  0.687000032630749       1.146879611443882E-004
  0.688000032678246       1.142146965477365E-004
  0.689000032725744       1.137443549236152E-004
  0.690000032773241       1.132769122544218E-004
  0.691000032820739       1.128123447686994E-004
  0.692000032868236       1.123506289381162E-004
  0.693000032915734       1.118917414744884E-004
  0.694000032963231       1.114356593268446E-004
  0.695000033010729       1.109823596785334E-004
  0.696000033058226       1.105318199443705E-004
  0.697000033105724       1.100840177678277E-004
  0.698000033153221       1.096389310182603E-004
  0.699000033200718       1.091965377881749E-004
  0.700000033248216       1.087568163905346E-004
  0.701000033295713       1.083197453561028E-004
  0.702000033343211       1.078853034308239E-004
  0.703000033390708       1.074534695732408E-004
  0.704000033438206       1.070242229519484E-004
  0.705000033485703       1.065975429430829E-004
  0.706000033533201       1.061734091278454E-004
  0.707000033580698       1.057518012900607E-004
  0.708000033628196       1.053326994137693E-004
  0.709000033675693       1.049160836808531E-004
  0.710000033723190       1.045019344686935E-004
  0.711000033770688       1.040902323478624E-004
  0.712000033818185       1.036809580798441E-004
  0.713000033865683       1.032740926147893E-004
  0.714000033913180       1.028696170892995E-004
  0.715000033960678       1.024675128242411E-004
  0.716000034008175       1.020677613225909E-004
  0.717000034055673       1.016703442673090E-004
  0.718000034103170       1.012752435192422E-004
  0.719000034150667       1.008824411150551E-004
  0.720000034198165       1.004919192651890E-004
  0.721000034245662       1.001036603518491E-004
  0.722000034293160       9.971764692701841E-005
  0.723000034340657       9.933386171049821E-005
  0.724000034388155       9.895228758797527E-005
  0.725000034435652       9.857290760911474E-005
  0.726000034483150       9.819570498567871E-005
  0.727000034530647       9.782066308966970E-005
  0.728000034578145       9.744776545149898E-005
  0.729000034625642       9.707699575817956E-005
  0.730000034673139       9.670833785154268E-005
  0.731000034720637       9.634177572647827E-005
  0.732000034768134       9.597729352919873E-005
  0.733000034815632       9.561487555552540E-005
  0.734000034863129       9.525450624919784E-005
  0.735000034910627       9.489617020020517E-005
  0.736000034958124       9.453985214313967E-005
  0.737000035005622       9.418553695557143E-005
  0.738000035053119       9.383320965644471E-005
  0.739000035100617       9.348285540449512E-005
  0.740000035148114       9.313445949668737E-005
  0.741000035195611       9.278800736667340E-005
  0.742000035243109       9.244348458327052E-005
  0.743000035290606       9.210087684895922E-005
  0.744000035338104       9.176016999840065E-005
  0.745000035385601       9.142134999697290E-005
  0.746000035433099       9.108440293932645E-005
  0.747000035480596       9.074931504795807E-005
  0.748000035528094       9.041607267180297E-005
  0.749000035575591       9.008466228484518E-005
  0.750000035623088       8.975507048474570E-005
  0.751000035670586       8.942728399148790E-005
  0.752000035718083       8.910128964604052E-005
  0.753000035765581       8.877707440903761E-005
  0.754000035813078       8.845462535947506E-005
  0.755000035860576       8.813392969342384E-005
  0.756000035908073       8.781497472275963E-005
  0.757000035955571       8.749774787390810E-005
  0.758000036003068       8.718223668660645E-005
  0.759000036050566       8.686842881268037E-005
  0.760000036098063       8.655631201483628E-005
  0.761000036145560       8.624587416546884E-005
  0.762000036193058       8.593710324548344E-005
  0.763000036240555       8.562998734313325E-005
  0.764000036288053       8.532451465287088E-005
  0.765000036335550       8.502067347421442E-005
  0.766000036383048       8.471845221062735E-005
  0.767000036430545       8.441783936841267E-005
  0.768000036478043       8.411882355562036E-005
  0.769000036525540       8.382139348096879E-005
  0.770000036573038       8.352553795277895E-005
  0.771000036620535       8.323124587792234E-005
  0.772000036668032       8.293850626078134E-005
  0.773000036715530       8.264730820222265E-005
  0.774000036763027       8.235764089858320E-005
  0.775000036810525       8.206949364066845E-005
  0.776000036858022       8.178285581276309E-005
  0.777000036905520       8.149771689165347E-005
  0.778000036953017       8.121406644566241E-005
  0.779000037000515       8.093189413369524E-005
  0.780000037048012       8.065118970429780E-005
  0.781000037095509       8.037194299472565E-005
  0.782000037143007       8.009414393002461E-005
  0.783000037190504       7.981778252212232E-005
  0.784000037238002       7.954284886893085E-005
  0.785000037285499       7.926933315346010E-005
  0.786000037332997       7.899722564294168E-005
  0.787000037380494       7.872651668796354E-005
  0.788000037427992       7.845719672161473E-005
  0.789000037475489       7.818925625864056E-005
  0.790000037522987       7.792268589460773E-005
  0.791000037570484       7.765747630507937E-005
  0.792000037617981       7.739361824480006E-005
  0.793000037665479       7.713110254689032E-005
  0.794000037712976       7.686992012205068E-005
  0.795000037760474       7.661006195777534E-005
  0.796000037807971       7.635151911757484E-005
  0.797000037855469       7.609428274020819E-005
  0.798000037902966       7.583834403892367E-005
  0.799000037950464       7.558369430070902E-005
  0.800000037997961       7.533032488554987E-005
  0.801000038045458       7.507822722569735E-005
  0.802000038092956       7.482739282494399E-005
  0.803000038140453       7.457781325790816E-005
  0.804000038187951       7.432948016932664E-005
  0.805000038235448       7.408238527335589E-005
  0.806000038282946       7.383652035288093E-005
  0.807000038330443       7.359187725883241E-005
  0.808000038377941       7.334844790951180E-005
  0.809000038425438       7.310622428992397E-005
  0.810000038472936       7.286519845111784E-005
  0.811000038520433       7.262536250953441E-005
  0.812000038567930       7.238670864636230E-005
  0.813000038615428       7.214922910690080E-005
  0.814000038662925       7.191291619993008E-005
  0.815000038710423       7.167776229708873E-005
  0.816000038757920       7.144375983225832E-005
  0.817000038805418       7.121090130095500E-005
  0.818000038852915       7.097917925972803E-005
  0.819000038900413       7.074858632556519E-005
  0.820000038947910       7.051911517530486E-005
  0.821000038995408       7.029075854505478E-005
  0.822000039042905       7.006350922961745E-005
  0.823000039090402       6.983736008192196E-005
  0.824000039137900       6.961230401246216E-005
  0.825000039185397       6.938833398874136E-005
  0.826000039232895       6.916544303472304E-005
  0.827000039280392       6.894362423028783E-005
  0.828000039327890       6.872287071069660E-005
  0.829000039375387       6.850317566605949E-005
  0.830000039422885       6.828453234081096E-005
  0.831000039470382       6.806693403319054E-005
  0.832000039517879       6.785037409472950E-005
  0.833000039565377       6.763484592974317E-005
  0.834000039612874       6.742034299482895E-005
  0.835000039660372       6.720685879836971E-005
  0.836000039707869       6.699438690004290E-005
  0.837000039755367       6.678292091033497E-005
  0.838000039802864       6.657245449006109E-005
  0.839000039850362       6.636298134989036E-005
  0.840000039897859       6.615449524987594E-005
  0.841000039945357       6.594698999899062E-005
  0.842000039992854       6.574045945466728E-005
  0.843000040040351       6.553489752234453E-005
  0.844000040087849       6.533029815501715E-005
  0.845000040135346       6.512665535279161E-005
  0.846000040182844       6.492396316244626E-005
  0.847000040230341       6.472221567699645E-005
  0.848000040277839       6.452140703526421E-005
  0.849000040325336       6.432153142145278E-005
  0.850000040372834       6.412258306472563E-005
  0.851000040420331       6.392455623878999E-005
  0.852000040467829       6.372744526148503E-005
  0.853000040515326       6.353124449437424E-005
  0.854000040562823       6.333594834234244E-005
  0.855000040610321       6.314155125319700E-005
  0.856000040657818       6.294804771727328E-005
  0.857000040705316       6.275543226704444E-005
  0.858000040752813       6.256369947673526E-005
  0.859000040800311       6.237284396194019E-005
  0.860000040847808       6.218286037924548E-005
  0.861000040895306       6.199374342585522E-005
  0.862000040942803       6.180548783922149E-005
  0.863000040990300       6.161808839667833E-005
  0.864000041037798       6.143153991507959E-005
  0.865000041085295       6.124583725044077E-005
  0.866000041132793       6.106097529758435E-005
  0.867000041180290       6.087694898978916E-005
  0.868000041227788       6.069375329844324E-005
  0.869000041275285       6.051138323270043E-005
  0.870000041322783       6.032983383914058E-005
  0.871000041370280       6.014910020143325E-005
  0.872000041417778       5.996917744000501E-005
  0.873000041465275       5.979006071171015E-005
  0.874000041512772       5.961174520950488E-005
  0.875000041560270       5.943422616212489E-005
  0.876000041607767       5.925749883376626E-005
  0.877000041655265       5.908155852376975E-005
  0.878000041702762       5.890640056630827E-005
  0.879000041750260       5.873202033007757E-005
  0.880000041797757       5.855841321799040E-005
  0.881000041845255       5.838557466687336E-005
  0.882000041892752       5.821350014716727E-005
  0.883000041940250       5.804218516263053E-005
  0.884000041987747       5.787162525004538E-005
  0.885000042035244       5.770181597892735E-005
  0.886000042082742       5.753275295123763E-005
  0.887000042130239       5.736443180109829E-005
  0.888000042177737       5.719684819451066E-005
  0.889000042225234       5.702999782907624E-005
  0.890000042272732       5.686387643372079E-005
  0.891000042320229       5.669847976842096E-005
  0.892000042367727       5.653380362393389E-005
  0.893000042415224       5.636984382152944E-005
  0.894000042462721       5.620659621272516E-005
  0.895000042510219       5.604405667902398E-005
  0.896000042557716       5.588222113165454E-005
  0.897000042605214       5.572108551131402E-005
  0.898000042652711       5.556064578791379E-005
  0.899000042700209       5.540089796032739E-005
  0.900000042747706       5.524183805614125E-005
  0.901000042795204       5.508346213140764E-005
  0.902000042842701       5.492576627040044E-005
  0.903000042890199       5.476874658537303E-005
  0.904000042937696       5.461239921631879E-005
  0.905000042985193       5.445672033073397E-005
  0.906000043032691       5.430170612338286E-005
  0.907000043080188       5.414735281606526E-005
  0.908000043127686       5.399365665738646E-005
  0.909000043175183       5.384061392252921E-005
  0.910000043222681       5.368822091302826E-005
  0.911000043270178       5.353647395654684E-005
  0.912000043317676       5.338536940665553E-005
  0.913000043365173       5.323490364261330E-005
  0.914000043412670       5.308507306915059E-005
  0.915000043460168       5.293587411625466E-005
  0.916000043507665       5.278730323895698E-005
  0.917000043555163       5.263935691712265E-005
  0.918000043602660       5.249203165524205E-005
  0.919000043650158       5.234532398222431E-005
  0.920000043697655       5.219923045119301E-005
  0.921000043745153       5.205374763928371E-005
  0.922000043792650       5.190887214744350E-005
  0.923000043840148       5.176460060023258E-005
  0.924000043887645       5.162092964562763E-005
  0.925000043935142       5.147785595482718E-005
  0.926000043982640       5.133537622205888E-005
  0.927000044030137       5.119348716438850E-005
  0.928000044077635       5.105218552153098E-005
  0.929000044125132       5.091146805566309E-005
  0.930000044172630       5.077133155123810E-005
  0.931000044220127       5.063177281480200E-005
  0.932000044267625       5.049278867481175E-005
  0.933000044315122       5.035437598145501E-005
  0.934000044362620       5.021653160647182E-005
  0.935000044410117       5.007925244297784E-005
  0.936000044457614       4.994253540528933E-005
  0.937000044505112       4.980637742874980E-005
  0.938000044552609       4.967077546955830E-005
  0.939000044600107       4.953572650459941E-005
  0.940000044647604       4.940122753127470E-005
  0.941000044695102       4.926727556733591E-005
  0.942000044742599       4.913386765071968E-005
  0.943000044790097       4.900100083938385E-005
  0.944000044837594       4.886867221114527E-005
  0.945000044885091       4.873687886351918E-005
  0.946000044932589       4.860561791356014E-005
  0.947000044980086       4.847488649770426E-005
  0.948000045027584       4.834468177161326E-005
  0.949000045075081       4.821500091001963E-005
  0.950000045122579       4.808584110657349E-005
  0.951000045170076       4.795719957369076E-005
  0.952000045217574       4.782907354240283E-005
  0.953000045265071       4.770146026220756E-005
  0.954000045312569       4.757435700092166E-005
  0.955000045360066       4.744776104453458E-005
  0.956000045407563       4.732166969706362E-005
  0.957000045455061       4.719608028041036E-005
  0.958000045502558       4.707099013421863E-005
  0.959000045550056       4.694639661573354E-005
  0.960000045597553       4.682229709966194E-005
  0.961000045645051       4.669868897803422E-005
  0.962000045692548       4.657556966006733E-005
  0.963000045740046       4.645293657202892E-005
  0.964000045787543       4.633078715710303E-005
  0.965000045835041       4.620911887525678E-005
  0.966000045882538       4.608792920310830E-005
  0.967000045930035       4.596721563379603E-005
  0.968000045977533       4.584697567684905E-005
  0.969000046025030       4.572720685805862E-005
  0.970000046072528       4.560790671935101E-005
  0.971000046120025       4.548907281866136E-005
  0.972000046167523       4.537070272980870E-005
  0.973000046215020       4.525279404237225E-005
  0.974000046262518       4.513534436156860E-005
  0.975000046310015       4.501835130813023E-005
  0.976000046357512       4.490181251818505E-005
  0.977000046405010       4.478572564313693E-005
  0.978000046452507       4.467008834954748E-005
  0.979000046500005       4.455489831901880E-005
  0.980000046547502       4.444015324807725E-005
  0.981000046595000       4.432585084805839E-005
  0.982000046642497       4.421198884499285E-005
  0.983000046689995       4.409856497949323E-005
  0.984000046737492       4.398557700664211E-005
  0.985000046784990       4.387302269588088E-005
  0.986000046832487       4.376089983089982E-005
  0.987000046879984       4.364920620952891E-005
  0.988000046927482       4.353793964362973E-005
  0.989000046974979       4.342709795898842E-005
  0.990000047022477       4.331667899520934E-005
  0.991000047069974       4.320668060560993E-005
  0.992000047117472       4.309710065711635E-005
  0.993000047164969       4.298793703016008E-005
  0.994000047212467       4.287918761857554E-005
  0.995000047259964       4.277085032949836E-005
  0.996000047307462       4.266292308326486E-005
  0.997000047354959       4.255540381331216E-005
  0.998000047402456       4.244829046607938E-005
 
     Wbsepp       :    13.57s CPU        17.69s WALL

     wbsepp_readi :      3.64s CPU      6.65s WALL (       1 calls)
     wbsepp_fetch :      0.00s CPU      0.00s WALL (       1 calls)
     read_xml     :      0.97s CPU      2.00s WALL (       1 calls)
     init_vloc    :      0.04s CPU      0.04s WALL (       2 calls)
     fft          :      0.04s CPU      0.80s WALL (      11 calls)
     fft_scatter  :      0.82s CPU      0.84s WALL (    2267 calls)
     v_of_rho     :      0.06s CPU      0.07s WALL (       1 calls)
     v_xc         :      0.06s CPU      0.07s WALL (       1 calls)
     v_h          :      0.00s CPU      0.00s WALL (       1 calls)
     read_wave    :      2.67s CPU      4.64s WALL (       1 calls)
     davcio       :      0.00s CPU      0.14s WALL (       2 calls)
     init_us_1    :      0.05s CPU      0.05s WALL (       2 calls)
     do_setup     :      1.29s CPU      1.46s WALL (       1 calls)
     init_pw_ar   :      1.28s CPU      1.46s WALL (       1 calls)
     init_at_1    :      0.00s CPU      0.00s WALL (       1 calls)
     exx_grid     :      0.00s CPU      0.00s WALL (       1 calls)
     exxinit      :      1.15s CPU      1.29s WALL (       1 calls)
     fftcw        :      0.32s CPU      0.38s WALL (     532 calls)
     exx_div      :      0.00s CPU      0.00s WALL (       1 calls)
     storesqvc    :      0.00s CPU      0.00s WALL (       1 calls)
     eig_decompos :      8.64s CPU      9.56s WALL (       1 calls)
     plep_db      :      1.92s CPU      2.25s WALL (       1 calls)
     solve_e_psi  :      4.17s CPU      4.24s WALL (       1 calls)
     fftw         :      1.92s CPU      1.94s WALL (    1724 calls)
     alphapc      :      1.38s CPU      1.41s WALL (       3 calls)
 
     Wbsepp       :    13.57s CPU        17.69s WALL

 
   This run was terminated on:  11:29:21  22Mar2023            

=------------------------------------------------------------------------------=
   JOB DONE.
=------------------------------------------------------------------------------=
