MPI startup(): shm:dapl fabric is unknown or has been removed from the product, please use ofi or shm:ofi instead.

     Program WBSE_INIT v. 5.5.0 git rev. v5.5.0-44-g79ff716 starts on 24Aug2023 at  3:24: 8 

     This program is part of the open-source West suite
     for massively parallel calculations of excited states in materials; please cite
         "M. Govoni et al., J. Chem. Theory Comput. 11, 2680 (2015);
          URL http://www.west-code.org",
     in publications or presentations arising from this work.

     Based on the Quantum ESPRESSO v. 7.2

     I/O is Little Endian
 
     --------------------------------------------------------------------------------------------
     **MPI** Parallelization Status
     --------------------------------------------------------------------------------------------
                   112                   4             1             1            28
     --------------------------------------------------------------------------------------------
                     N         =         I      X      P      X      B      X      Z
                     ^                   ^             ^             ^             ^
                     |                   |             |             |             |
                   #rnk                  |             |             |             |
                                      #image           |             |             |
                                                     #pool           |             |
                                                                   #bgrp           |
                                                                                 #R&G
     --------------------------------------------------------------------------------------------
     **OPENMP** Parallelization Status
     #thr/rnk               =            1
     --------------------------------------------------------------------------------------------
     #prc = (rnk) * (thr) =          112
     --------------------------------------------------------------------------------------------

     --------------------------------------------------------------------------------------------
     I/O Summary : input_west
     --------------------------------------------------------------------------------------------
     qe_prefix : pwscf
     west_prefix : pwscf
     outdir : ./
     --------------------------------------------------------------------------------------------

     Reading xml data from directory:

     ./pwscf.save/
     EXX fraction changed:   0.18
     EXX Screening parameter changed:    0.0000000

     IMPORTANT: XC functional enforced from input :
     Exchange-correlation= PBE0
                           (   6   4   8   4   0   0   0)
     EXX-fraction              =        0.18
     Any further DFT definition will be discarded
     Please, verify this is what you really want

 
     Parallelization info
     --------------------
     sticks:   dense  smooth     PW     G-vecs:    dense   smooth      PW
     Min         274     274     68                18274    18274    2280
     Max         276     276     70                18288    18288    2290
     Sum        7721    7721   1933               511971   511971   63989
 
     Using Slab Decomposition
 

     --------------------------------------------------------------------------------------------
     I/O Summary : server_control
     --------------------------------------------------------------------------------------------
     document : {}
     --------------------------------------------------------------------------------------------

     --------------------------------------------------------------------------------------------
     I/O Summary : wbse_init_control
     --------------------------------------------------------------------------------------------
     wbse_init_calculation : S
     solver : TDDFT
     bse_method : PDEP
     n_pdep_eigen_to_use : 862
     localization : W
     wfc_from_qbox : qb_wfc
     bisection_info : bis_info
     chi_kernel : CHI
     overlap_thr : 0.001
     spin_channel : 0
     n_trunc_bands : 0
     --------------------------------------------------------------------------------------------
       ** WARNING : EXX use_ace          = F
       ** WARNING : EXX alpha            =       0.180000
       ** WARNING : EXX erfc_scrlen      =       0.000000
       ** WARNING : EXX gau_scrlen       =       0.000000
       ** WARNING : EXX ecutfock         =     240.000000
       ** WARNING : EXX exxdiv_treatment = gb
     EXX: q-point mesh:     1    1    1
     EXX: grid of k+q points same as grid of k-points

     EXX grid:   255986 G-vectors     FFT dimensions: ( 100, 100, 100)
       ** WARNING : EXX-exxdiv           =   -1970.085288
 
     --------------------------------------------------------------------------------------------
     System Overview
     --------------------------------------------------------------------------------------------
     gamma_only           =              T
     ecutwfc [Ry]         =      60.000000
     ecutrho [Ry]         =     240.000000
     omega [au^3]         =   8.151648E+03
     nbnd                 =            864
     nkstot               =              2
     nspin                =              2
     nelec                =     862.000000
     nelup                =     432.000000
     neldw                =     430.000000
     npol                 =              1
     lsda                 =              T
     noncolin             =              F
     lspinorb             =              F
     --------------------------------------------------------------------------------------------

     3DFFT grid
        s : ( 108, 108, 108)
        p : ( 108, 108, 108)

     Direct Lattice Cell [a.u.]
        a1 = (    20.1255832     0.0000000     0.0000000)
        a2 = (     0.0000000    20.1255832     0.0000000)
        a3 = (     0.0000000     0.0000000    20.1255832)

     Reciprocal Lattice Cell [a.u.]
        b1 = (     0.3121989     0.0000000     0.0000000)
        b2 = (     0.0000000     0.3121989     0.0000000)
        b3 = (     0.0000000     0.0000000     0.3121989)
 

     Brillouin Zone sampling [cryst. coord.]
 
        k(000001) = (     0.0000000     0.0000000     0.0000000)
     Divergence =   2.416794E-01
 
     --------------------------------------------------------------------------------------------
     Parallelization for wann_local
     --------------------------------------------------------------------------------------------
     nglob                =            432
     nlevel               =              4
     Min nglob/nlevel     =            108
     Max nglob/nlevel     =            108
     --------------------------------------------------------------------------------------------
 
     --------------------------------------------------------------------------------------------
     Wannier localization
     --------------------------------------------------------------------------------------------
     in progress... |#                   | 005% :               01.0s (E)               20.5s (X)
     in progress... |##                  | 010% :               02.0s (E)               20.1s (X)
     in progress... |###                 | 015% :               02.9s (E)               19.9s (X)
     in progress... |####                | 020% :               03.9s (E)               19.6s (X)
     in progress... |#####               | 025% :               04.8s (E)               19.3s (X)
     in progress... |######              | 030% :               05.7s (E)               19.0s (X)
     in progress... |#######             | 035% :               06.8s (E)               19.5s (X)
     in progress... |########            | 040% :               07.6s (E)               19.1s (X)
     in progress... |#########           | 045% :               08.6s (E)               19.3s (X)
     in progress... |##########          | 050% :               09.4s (E)               18.8s (X)
     in progress... |###########         | 055% :               10.3s (E)               18.9s (X)
     in progress... |############        | 060% :               11.2s (E)               18.8s (X)
     in progress... |#############       | 065% :               12.3s (E)               18.9s (X)
     in progress... |##############      | 070% :               13.3s (E)               19.0s (X)
     in progress... |###############     | 075% :               14.2s (E)               18.9s (X)
     in progress... |################    | 080% :               15.0s (E)               18.7s (X)
     in progress... |#################   | 085% :               16.0s (E)               18.8s (X)
     in progress... |##################  | 090% :               17.0s (E)               18.8s (X)
     in progress... |################### | 095% :               17.9s (E)               18.8s (X)
     in progress... |####################| 100% :               18.9s (E)               18.9s (X)
     --------------------------------------------------------------------------------------------
 
     --------------------------------------------------------------------------------------------
     Wannier overlap
     --------------------------------------------------------------------------------------------
     in progress... |#                   | 005% :               00.4s (E)               09.8s (X)
     in progress... |##                  | 010% :               00.9s (E)               09.7s (X)
     in progress... |###                 | 015% :               01.4s (E)               09.5s (X)
     in progress... |####                | 020% :               01.8s (E)               09.4s (X)
     in progress... |#####               | 025% :               02.3s (E)               09.2s (X)
     in progress... |######              | 030% :               02.7s (E)               09.1s (X)
     in progress... |#######             | 035% :               03.2s (E)               09.3s (X)
     in progress... |########            | 040% :               03.6s (E)               09.1s (X)
     in progress... |#########           | 045% :               04.1s (E)               09.2s (X)
     in progress... |##########          | 050% :               04.5s (E)               09.0s (X)
     in progress... |###########         | 055% :               04.9s (E)               09.0s (X)
     in progress... |############        | 060% :               05.4s (E)               09.0s (X)
     in progress... |#############       | 065% :               05.9s (E)               09.1s (X)
     in progress... |##############      | 070% :               06.3s (E)               09.1s (X)
     in progress... |###############     | 075% :               06.8s (E)               09.0s (X)
     in progress... |################    | 080% :               07.2s (E)               09.0s (X)
     in progress... |#################   | 085% :               07.6s (E)               09.0s (X)
     in progress... |##################  | 090% :               08.1s (E)               09.0s (X)
     in progress... |################### | 095% :               08.5s (E)               09.0s (X)
     in progress... |####################| 100% :               09.0s (E)               09.0s (X)
     --------------------------------------------------------------------------------------------

     Writing overlap and rotation matrices to ./pwscf.wbse_init.save/o_and_u.1.dat
 
     --------------------------------------------------------------------------------------------
     Parallelization for n_pairs
     --------------------------------------------------------------------------------------------
     nglob                =           6891
     nlevel               =              4
     Min nglob/nlevel     =           1722
     Max nglob/nlevel     =           1723
     --------------------------------------------------------------------------------------------
 
     --------------------------------------------------------------------------------------------
     Applying CHI kernel with PDEP
     --------------------------------------------------------------------------------------------
     in progress... |#                   | 005% :               00.3s (E)               07.1s (X)
     in progress... |##                  | 010% :               00.6s (E)               06.5s (X)
     in progress... |###                 | 015% :               01.1s (E)               07.5s (X)
     in progress... |####                | 020% :               01.4s (E)               07.0s (X)
     in progress... |#####               | 025% :               01.6s (E)               06.7s (X)
     in progress... |######              | 030% :               02.1s (E)               07.1s (X)
     in progress... |#######             | 035% :               02.4s (E)               06.9s (X)
     in progress... |########            | 040% :               02.7s (E)               06.7s (X)
     in progress... |#########           | 045% :               03.0s (E)               06.8s (X)
     in progress... |##########          | 050% :               03.3s (E)               06.7s (X)
     in progress... |###########         | 055% :               03.6s (E)               06.6s (X)
     in progress... |############        | 060% :               04.0s (E)               06.8s (X)
     in progress... |#############       | 065% :               04.4s (E)               06.8s (X)
     in progress... |##############      | 070% :               04.7s (E)               06.7s (X)
     in progress... |###############     | 075% :               05.1s (E)               06.8s (X)
     in progress... |################    | 080% :               05.4s (E)               06.8s (X)
     in progress... |#################   | 085% :               05.8s (E)               06.8s (X)
     in progress... |##################  | 090% :               06.1s (E)               06.8s (X)
     in progress... |################### | 095% :               06.4s (E)               06.7s (X)
     in progress... |####################| 100% :               07.0s (E)               07.0s (X)
     --------------------------------------------------------------------------------------------
 
     --------------------------------------------------------------------------------------------
     Parallelization for wann_local
     --------------------------------------------------------------------------------------------
     nglob                =            430
     nlevel               =              4
     Min nglob/nlevel     =            107
     Max nglob/nlevel     =            108
     --------------------------------------------------------------------------------------------
 
     --------------------------------------------------------------------------------------------
     Wannier localization
     --------------------------------------------------------------------------------------------
     in progress... |#                   | 005% :               01.0s (E)               20.8s (X)
     in progress... |##                  | 010% :               02.1s (E)               21.0s (X)
     in progress... |###                 | 015% :               03.0s (E)               20.5s (X)
     in progress... |####                | 020% :               04.0s (E)               20.0s (X)
     in progress... |#####               | 025% :               04.8s (E)               19.5s (X)
     in progress... |######              | 030% :               05.7s (E)               19.2s (X)
     in progress... |#######             | 035% :               06.6s (E)               19.0s (X)
     in progress... |########            | 040% :               07.8s (E)               19.5s (X)
     in progress... |#########           | 045% :               08.5s (E)               19.0s (X)
     in progress... |##########          | 050% :               09.6s (E)               19.2s (X)
     in progress... |###########         | 055% :               10.5s (E)               19.1s (X)
     in progress... |############        | 060% :               11.4s (E)               19.0s (X)
     in progress... |#############       | 065% :               12.4s (E)               19.2s (X)
     in progress... |##############      | 070% :               13.2s (E)               18.9s (X)
     in progress... |###############     | 075% :               14.1s (E)               18.8s (X)
     in progress... |################    | 080% :               15.1s (E)               18.9s (X)
     in progress... |#################   | 085% :               16.1s (E)               18.9s (X)
     in progress... |##################  | 090% :               16.9s (E)               18.8s (X)
     in progress... |################### | 095% :               17.8s (E)               18.8s (X)
     in progress... |####################| 100% :               18.7s (E)               18.7s (X)
     --------------------------------------------------------------------------------------------
 
     --------------------------------------------------------------------------------------------
     Wannier overlap
     --------------------------------------------------------------------------------------------
     in progress... |#                   | 005% :               01.5s (E)               30.2s (X)
     in progress... |##                  | 010% :               01.9s (E)               19.8s (X)
     in progress... |###                 | 015% :               02.4s (E)               16.3s (X)
     in progress... |####                | 020% :               02.8s (E)               14.4s (X)
     in progress... |#####               | 025% :               03.3s (E)               13.3s (X)
     in progress... |######              | 030% :               03.7s (E)               12.4s (X)
     in progress... |#######             | 035% :               04.1s (E)               11.8s (X)
     in progress... |########            | 040% :               04.6s (E)               11.6s (X)
     in progress... |#########           | 045% :               05.0s (E)               11.2s (X)
     in progress... |##########          | 050% :               05.5s (E)               11.0s (X)
     in progress... |###########         | 055% :               05.9s (E)               10.8s (X)
     in progress... |############        | 060% :               06.4s (E)               10.6s (X)
     in progress... |#############       | 065% :               06.9s (E)               10.6s (X)
     in progress... |##############      | 070% :               07.2s (E)               10.3s (X)
     in progress... |###############     | 075% :               07.7s (E)               10.2s (X)
     in progress... |################    | 080% :               08.1s (E)               10.2s (X)
     in progress... |#################   | 085% :               08.6s (E)               10.1s (X)
     in progress... |##################  | 090% :               09.0s (E)               10.0s (X)
     in progress... |################### | 095% :               09.5s (E)               10.0s (X)
     in progress... |####################| 100% :               09.9s (E)               09.9s (X)
     --------------------------------------------------------------------------------------------

     Writing overlap and rotation matrices to ./pwscf.wbse_init.save/o_and_u.2.dat
 
     --------------------------------------------------------------------------------------------
     Parallelization for n_pairs
     --------------------------------------------------------------------------------------------
     nglob                =           6887
     nlevel               =              4
     Min nglob/nlevel     =           1721
     Max nglob/nlevel     =           1722
     --------------------------------------------------------------------------------------------
 
     --------------------------------------------------------------------------------------------
     Applying CHI kernel with PDEP
     --------------------------------------------------------------------------------------------
     in progress... |#                   | 005% :               00.3s (E)               06.8s (X)
     in progress... |##                  | 010% :               00.6s (E)               06.2s (X)
     in progress... |###                 | 015% :               01.0s (E)               06.9s (X)
     in progress... |####                | 020% :               01.3s (E)               06.8s (X)
     in progress... |#####               | 025% :               01.6s (E)               06.5s (X)
     in progress... |######              | 030% :               02.0s (E)               06.8s (X)
     in progress... |#######             | 035% :               02.3s (E)               06.6s (X)
     in progress... |########            | 040% :               02.6s (E)               06.6s (X)
     in progress... |#########           | 045% :               03.1s (E)               06.8s (X)
     in progress... |##########          | 050% :               03.3s (E)               06.7s (X)
     in progress... |###########         | 055% :               03.8s (E)               06.9s (X)
     in progress... |############        | 060% :               04.0s (E)               06.8s (X)
     in progress... |#############       | 065% :               04.3s (E)               06.7s (X)
     in progress... |##############      | 070% :               04.7s (E)               06.8s (X)
     in progress... |###############     | 075% :               05.0s (E)               06.7s (X)
     in progress... |################    | 080% :               05.3s (E)               06.6s (X)
     in progress... |#################   | 085% :               05.7s (E)               06.7s (X)
     in progress... |##################  | 090% :               06.0s (E)               06.7s (X)
     in progress... |################### | 095% :               06.3s (E)               06.6s (X)
     in progress... |####################| 100% :               06.7s (E)               06.7s (X)
     --------------------------------------------------------------------------------------------
     WBSE_INIT    :   7m37.57s CPU   7m48.36s WALL

     wbse_init_re :      0.50s CPU      0.54s WALL (       1 calls)
     fetch_input  :      0.13s CPU      0.13s WALL (       2 calls)
     fft          :      0.02s CPU      0.02s WALL (      14 calls)
     fft_scatter  :     10.97s CPU     11.24s WALL (   55072 calls)
     init_vloc    :      0.02s CPU      0.02s WALL (       2 calls)
     init_us_1    :      0.00s CPU      0.00s WALL (       2 calls)
     v_of_rho     :      0.05s CPU      0.06s WALL (       1 calls)
     v_xc         :      0.05s CPU      0.06s WALL (       1 calls)
     v_h          :      0.00s CPU      0.00s WALL (       1 calls)
     do_setup     :      3.18s CPU      3.72s WALL (       1 calls)
     init_pw_ar   :      3.18s CPU      3.72s WALL (       1 calls)
     hinit0       :      0.03s CPU      0.03s WALL (       1 calls)
     davcio       :      0.00s CPU      0.11s WALL (       6 calls)
     exx_grid     :      0.00s CPU      0.00s WALL (       1 calls)
     exxinit      :      2.43s CPU      2.60s WALL (       1 calls)
     fftcw        :      0.34s CPU      0.35s WALL (     864 calls)
     exx_div      :      0.00s CPU      0.00s WALL (       1 calls)
     sqvc_init    :      0.00s CPU      0.00s WALL (       1 calls)
     local        :    447.10s CPU    449.39s WALL (       2 calls)
     rscatter_gri :      0.04s CPU      0.05s WALL (      12 calls)
     wann         :     55.90s CPU     56.78s WALL (       4 calls)
     fftw         :     28.66s CPU     29.26s WALL (   54194 calls)
     jade         :    390.78s CPU    392.10s WALL (       2 calls)
     tau          :      5.99s CPU     13.78s WALL (       2 calls)
     pdep_write   :      1.93s CPU      9.29s WALL (    3445 calls)
 
     WBSE_INIT    :   7m37.57s CPU   7m48.36s WALL

 
   This run was terminated on:   3:31:57  24Aug2023            

=------------------------------------------------------------------------------=
   JOB DONE.
=------------------------------------------------------------------------------=
