
     Program Wbse v. 2.0.1 svn rev. 1002 starts on 10May2023 at 16:22:13 

     This program is part of the open-source West suite
     for massively parallel calculations of excited states in materials; please cite
         "M. Govoni et al., J. Chem. Theory Comput. 11, 2680 (2015);
          URL http://www.west-code.org", 
     in publications or presentations arising from this work.

     Based on the Quantum ESPRESSO v. 6.1 svn rev. 13369
       
     --------------------------------------------------------------------------------------------
     **MPI** Parallelization Status                                      
     --------------------------------------------------------------------------------------------
                    80                   1             1             1            80
     --------------------------------------------------------------------------------------------
                     N         =         I      X      P      X      B      X      Z
                     ^                   ^             ^             ^             ^
                     |                   |             |             |             |
                   #rnk                  |             |             |             |
                                      #image           |             |             |
                                                     #pool           |             |
                                                                   #bgrp           |
                                                                                 #R&G
     --------------------------------------------------------------------------------------------
     **OPENMP** Parallelization Status
     #thr/rnk               =            1
     --------------------------------------------------------------------------------------------
     #prc = (rnk) * (thr) =           80
     --------------------------------------------------------------------------------------------
       
     --------------------------------------------------------------------------------------------
     I/O Summary : input_west                                            
     --------------------------------------------------------------------------------------------
     qe_prefix               =          pwscf
     west_prefix             =           west
     outdir                  =             ./
     l_load_qbox_wfc         =              F
     qbox_ks_wfc_filename    =         qb.xml
     which_bse_method        =             FF
     --------------------------------------------------------------------------------------------
       
     --------------------------------------------------------------------------------------------
     I/O Summary : wbse_init                                             
     --------------------------------------------------------------------------------------------
     wbse_init_calculation   =              S
     n_pdep_eigen            =              1
     chi_kernel              =            CHI
     which_spin_channel      =              0
     l_use_localise_repr     =              F
     overlap_thr             =       0.000000
     l_use_bisection_thr     =              F
     qbox_bisec_wfc_filename =      qb.gs.xml
     --------------------------------------------------------------------------------------------
       
     --------------------------------------------------------------------------------------------
     I/O Summary : WBSE_control                                          
     --------------------------------------------------------------------------------------------
     wbse_diag_method        =          david
     wbse_calculation        =              S
     n_plep_eigen            =              6
     n_plep_times            =              3
     n_plep_maxiter          =          10000
     n_plep_read_from_file   =              0
     l_bse_calculation       =              F
     l_hybrid_calculation    =              F
     l_exx_fraction          =       0.000000
     l_h_ovlp_thr            =       0.000000
     l_h_loc                 =              F
     l_h_bis                 =              F
     l_h_qbox_bis_wfc_fname  =      qb.gs.xml
     if_random_init          =              F
     l_restart_step          =              0
     l_cg_diagonalization    =              F
     l_subspace              =              T
     n_trunc_bands           =              0
     l_sf_kernel             =              F
     l_alda0                 =              F
     sf_cut_1                =    1000.000000
     sf_cut_2                =    1000.000000
     l_tddft_force           =              F
     force_state             =              1
     snd_coeff               =       0.050000
     wbse_zv_alpha_mix       =       0.700000
     wbse_zv_nmix_wbse       =              4
     wbse_zv_scf_tr2         =       0.000000
     wbse_acc                =              3
     wbse_acc_eig            =              T
     wbse_acc_force          =              T
     wbse_acc_cg_thr         =       0.000000
     wbse_acc_dav_thr        =       0.000000
     force_n_trunc_bands     =              0
     poor_of_ram             =              T
     poor_of_ram_drho2       =              T
     debug_mode              =              F
     print_sf_kernel         =              F
     l_diag_term_only        =              F
     l_preconditioning       =              T
     l_pre_shift             =              F
     l_qp_correction         =              F
     spin_excitation         =        singlet
     trev_plep               =       0.000000
     trev_plep_rel           =       1.000000
     scissor_ope             =       0.000000
     eps_macro               =       1.000000
     --------------------------------------------------------------------------------------------

     Reading data from directory:
     ./pwscf.save

   Info: using nr1, nr2, nr3 values from input

   Info: using nr1, nr2, nr3 values from input

     IMPORTANT: XC functional enforced from input :
     Exchange-correlation      = PBE ( 1  4  3  4 0 0)
     Any further DFT definition will be discarded
     Please, verify this is what you really want

 
     Parallelization info
     --------------------
     sticks:   dense  smooth     PW     G-vecs:    dense   smooth      PW
     Min         137     137     33                11046    11046    1378
     Max         140     140     36                11072    11072    1392
     Sum       11157   11157   2785               884571   884571  110699
 
     Generating pointlists ...
     new r_m :   0.0681 (alat units)  1.6455 (a.u.) for type    1
     new r_m :   0.0681 (alat units)  1.6455 (a.u.) for type    2
       
     --------------------------------------------------------------------------------------------
     System Overview                                                     
     --------------------------------------------------------------------------------------------
     gamma_only           =              T
     ecutwfc [Ry]         =      60.000000
     omega [au^3]         =   1.408605E+04
     glob. #G             =          55350
     nbnd                 =            900
     nkstot               =              2
     nspin                =              2
     nelec                =    1722.000000
     nelup                =     861.000000
     neldw                =     861.000000
     npol                 =              1
     lsda                 =              T
     noncolin             =              F
     lspinorb             =              F
     domag                =              F
     --------------------------------------------------------------------------------------------

     sFFT G-space:   442286 G-vectors     R-space: ( 120, 120, 120)
     dFFT G-space:   442286 G-vectors     R-space: ( 120, 120, 120)

     Cell [a.u.]          =      24.150700      0.000000      0.000000
                          =       0.000000     24.150700      0.000000
                          =       0.000000      0.000000     24.150700
      
     number of ks points=     2
                       cart. coord. in units 2pi/alat
        k(    1) = (   0.0000000   0.0000000   0.0000000), wk =   1.0000000
        k(    2) = (   0.0000000   0.0000000   0.0000000), wk =   1.0000000

                       cryst. coord.
        k(    1) = (   0.0000000   0.0000000   0.0000000), wk =   1.0000000
        k(    2) = (   0.0000000   0.0000000   0.0000000), wk =   1.0000000
 
     F. Gygi div      =   2.013995E-01
       
     --------------------------------------------------------------------------------------------
     Parallelization for nvecx                                           
     --------------------------------------------------------------------------------------------
     nglob                =             18
     nlevel               =              1
     Min nglob/nlevel     =             18
     Max nglob/nlevel     =             18
     --------------------------------------------------------------------------------------------
       
     --------------------------------------------------------------------------------------------
     Parallelization for band_group                                      
     --------------------------------------------------------------------------------------------
     nglob                =            861
     nlevel               =              1
     Min nglob/nlevel     =            861
     Max nglob/nlevel     =            861
     --------------------------------------------------------------------------------------------

     [MEM] ----------------------------------------------------------
     [MEM] **Memory** analysis: QE
     [MEM] ----------------------------------------------------------
     [MEM] Allocated arrays           est. size (Mb)     dimensions
     [MEM] ----------------------------------------------------------
     [MEM] Kohn-Sham Wavefunctions       9.49 Mb     (    691,  900)
     [MEM] NL pseudopotentials          18.14 Mb     (    691, 1720)
     [MEM] Each V/rho on FFT grid        0.44 Mb     (  28800)
     [MEM] Each G-vector array           0.04 Mb     (   5525)
     [MEM] G-vector shells               0.01 Mb     (   1677)
     [MEM] ----------------------------------------------------------
     [MEM] TOT                          28.12 Mb
     [MEM] ----------------------------------------------------------
     [MEM] 
     [MEM] ----------------------------------------------------------
     [MEM] **Memory** analysis: WBSE global
     [MEM] ----------------------------------------------------------
     [MEM] Allocated arrays           est. size (Mb)     dimensions
     [MEM] ----------------------------------------------------------
     [MEM] dvg_exc                     163.41 Mb     (    691,  861,   18)
     [MEM] dng_exc                     163.41 Mb     (    691,  861,   18)
     [MEM] hr_distr                      0.00 Mb     (     18,   18)
     [MEM] vr_distr                      0.00 Mb     (     18,   18)
     [MEM] ----------------------------------------------------------
     [MEM] TOT                         326.82 Mb
     [MEM] ----------------------------------------------------------
     [MEM] 
     [MEM] ----------------------------------------------------------
     [MEM] **Memory** analysis: WBSE temporary
     [MEM] ----------------------------------------------------------
     [MEM] Allocated arrays           est. size (Mb)     dimensions
     [MEM] ----------------------------------------------------------
     [MEM] dvpsi                         9.08 Mb     (    691,  861)
     [MEM] dpsi                          9.08 Mb     (    691,  861)
     [MEM] ----------------------------------------------------------
     [MEM] Total estimate               18.16 Mb
     [MEM] ----------------------------------------------------------
     Lowest energy electron-hole pairs are used as initial vectors ...
     Calculating the electron-hole pairs for initiating trial vectors ...

              1        57         2       861         1           0.159946079964
              2        57         1       861         1           0.159946141987
              3        58         2       861         2           0.266860139211
              4        59         2       861         3           0.266860164201
              5        60         2       861         4           0.266860173074
              6        58         1       861         2           0.266860186402
              7        59         1       861         3           0.266860190376
              8        60         1       861         4           0.266860221522
              9        61         2       861         5           0.288583346252
             10        62         2       861         6           0.288583349902
             11        61         1       861         5           0.288583381412
             12        62         1       861         6           0.288583389699
             13        63         2       861         7           0.304511281514
             14        63         1       861         7           0.304511323199
             15        64         2       861         8           0.319010980515
             16        64         1       861         8           0.319011019727
             17        49         2       860         1           0.337143017829
             18        41         2       859         1           0.337143019483
             19        33         2       858         1           0.337143021792
             20        49         1       860         1           0.337143135034
             21        41         1       859         1           0.337143137506
             22        33         1       858         1           0.337143141319
             23        25         2       857         1           0.358393954798
             24        17         2       856         1           0.358393961086
     Finished calculating the cv couples.
     Finished setting initial vectors.

                       *----------*              *----------*               *----------*
     #     Iteration = | starting |   WBSE_dim = |        6 |   Diago_dim = |        6 |  x 1/2
                       *----------*              *----------*               *----------*

                       *----------*              *----------*               *----------*
     #     Iteration = | starting |   WBSE_dim = |        6 |   Diago_dim = |        6 |  x 2/2
                       *----------*              *----------*               *----------*
        
        0.15719501   0.18277881   0.25130427   0.28522835   0.28522836   0.31915246
        
     --------------------------------------------------------------------------------------------
     Tot. elapsed time 46.1s,  time spent in last iteration 46.1s
     --------------------------------------------------------------------------------------------

                       *----------*              *----------*               *----------*
     #     Iteration = |        1 |   WBSE_dim = |        6 |   Diago_dim = |       12 |
                       *----------*              *----------*               *----------*
     Max diff =  0.209E-01
        
        0.15699761   0.17427503   0.24852238   0.27255942   0.27255943   0.29824468
        
     --------------------------------------------------------------------------------------------
     Tot. elapsed time 01m-16.3s,  time spent in last iteration 30.2s
     --------------------------------------------------------------------------------------------

                       *----------*              *----------*               *----------*
     #     Iteration = |        2 |   WBSE_dim = |        6 |   Diago_dim = |       18 |
                       *----------*              *----------*               *----------*
     Max diff =  0.346E-02
        
        0.15697642   0.17333368   0.24767703   0.26950302   0.26950303   0.29478172
        
     --------------------------------------------------------------------------------------------
     Tot. elapsed time 01m-48.2s,  time spent in last iteration 31.8s
     --------------------------------------------------------------------------------------------

       Refresh the basis set

                       *----------*              *----------*               *----------*
     #     Iteration = |        3 |   WBSE_dim = |        6 |   Diago_dim = |       12 |
                       *----------*              *----------*               *----------*
     Max diff =  0.140E-02
        
        0.15696784   0.17304341   0.24719117   0.26810208   0.26810209   0.29348914
        
     --------------------------------------------------------------------------------------------
     Tot. elapsed time 02m-22.0s,  time spent in last iteration 29.8s
     --------------------------------------------------------------------------------------------

                       *----------*              *----------*               *----------*
     #     Iteration = |        4 |   WBSE_dim = |        6 |   Diago_dim = |       18 |
                       *----------*              *----------*               *----------*
     Max diff =  0.173E-02
        
        0.15695924   0.17280323   0.24665587   0.26637127   0.26637128   0.29187362
        
     --------------------------------------------------------------------------------------------
     Tot. elapsed time 02m-53.9s,  time spent in last iteration 31.9s
     --------------------------------------------------------------------------------------------

       Refresh the basis set

                       *----------*              *----------*               *----------*
     #     Iteration = |        5 |   WBSE_dim = |        6 |   Diago_dim = |       12 |
                       *----------*              *----------*               *----------*
     Max diff =  0.112E-02
        
        0.15695488   0.17269802   0.24632329   0.26524911   0.26524913   0.29097993
        
     --------------------------------------------------------------------------------------------
     Tot. elapsed time 03m-27.4s,  time spent in last iteration 29.6s
     --------------------------------------------------------------------------------------------

                       *----------*              *----------*               *----------*
     #     Iteration = |        6 |   WBSE_dim = |        6 |   Diago_dim = |       18 |
                       *----------*              *----------*               *----------*
     Max diff =  0.998E-03
        
        0.15695166   0.17262366   0.24603441   0.26425092   0.26425094   0.29030804
        
     --------------------------------------------------------------------------------------------
     Tot. elapsed time 03m-59.5s,  time spent in last iteration 32.1s
     --------------------------------------------------------------------------------------------

       Refresh the basis set

                       *----------*              *----------*               *----------*
     #     Iteration = |        7 |   WBSE_dim = |        6 |   Diago_dim = |       12 |
                       *----------*              *----------*               *----------*
     Max diff =  0.809E-03
        
        0.15694913   0.17257802   0.24577705   0.26344185   0.26344187   0.28980282
        
     --------------------------------------------------------------------------------------------
     Tot. elapsed time 04m-33.1s,  time spent in last iteration 29.7s
     --------------------------------------------------------------------------------------------

                       *----------*              *----------*               *----------*
     #     Iteration = |        8 |   WBSE_dim = |        6 |   Diago_dim = |       18 |
                       *----------*              *----------*               *----------*
     Max diff =  0.884E-03
        
        0.15694675   0.17253703   0.24551561   0.26255790   0.26255792   0.28922729
        
     --------------------------------------------------------------------------------------------
     Tot. elapsed time 05m-05.4s,  time spent in last iteration 32.3s
     --------------------------------------------------------------------------------------------

       Refresh the basis set

                       *----------*              *----------*               *----------*
     #     Iteration = |        9 |   WBSE_dim = |        6 |   Diago_dim = |       12 |
                       *----------*              *----------*               *----------*
     Max diff =  0.797E-03
        
        0.15694482   0.17250779   0.24527818   0.26176130   0.26176132   0.28874530
        
     --------------------------------------------------------------------------------------------
     Tot. elapsed time 05m-38.9s,  time spent in last iteration 29.6s
     --------------------------------------------------------------------------------------------

                       *----------*              *----------*               *----------*
     #     Iteration = |       10 |   WBSE_dim = |        6 |   Diago_dim = |       18 |
                       *----------*              *----------*               *----------*
     Max diff =  0.681E-03
        
        0.15694334   0.17248675   0.24507116   0.26107996   0.26107998   0.28839108
        
     --------------------------------------------------------------------------------------------
     Tot. elapsed time 06m-10.9s,  time spent in last iteration 32.0s
     --------------------------------------------------------------------------------------------

       Refresh the basis set

                       *----------*              *----------*               *----------*
     #     Iteration = |       11 |   WBSE_dim = |        6 |   Diago_dim = |       12 |
                       *----------*              *----------*               *----------*
     Max diff =  0.631E-03
        
        0.15694211   0.17247025   0.24488131   0.26044943   0.26044945   0.28807860
        
     --------------------------------------------------------------------------------------------
     Tot. elapsed time 06m-44.7s,  time spent in last iteration 29.9s
     --------------------------------------------------------------------------------------------

                       *----------*              *----------*               *----------*
     #     Iteration = |       12 |   WBSE_dim = |        6 |   Diago_dim = |       18 |
                       *----------*              *----------*               *----------*
     Max diff =  0.685E-03
        
        0.15694091   0.17245470   0.24468738   0.25976445   0.25976447   0.28772149
        
     --------------------------------------------------------------------------------------------
     Tot. elapsed time 07m-16.8s,  time spent in last iteration 32.1s
     --------------------------------------------------------------------------------------------

       Refresh the basis set

                       *----------*              *----------*               *----------*
     #     Iteration = |       13 |   WBSE_dim = |        6 |   Diago_dim = |       12 |
                       *----------*              *----------*               *----------*
     Max diff =  0.640E-03
        
        0.15693991   0.17244233   0.24450979   0.25912432   0.25912434   0.28740653
        
     --------------------------------------------------------------------------------------------
     Tot. elapsed time 07m-50.3s,  time spent in last iteration 29.6s
     --------------------------------------------------------------------------------------------

                       *----------*              *----------*               *----------*
     #     Iteration = |       14 |   WBSE_dim = |        6 |   Diago_dim = |       18 |
                       *----------*              *----------*               *----------*
     Max diff =  0.551E-03
        
        0.15693914   0.17243300   0.24435499   0.25857292   0.25857293   0.28717141
        
     --------------------------------------------------------------------------------------------
     Tot. elapsed time 08m-22.6s,  time spent in last iteration 32.3s
     --------------------------------------------------------------------------------------------

       Refresh the basis set

                       *----------*              *----------*               *----------*
     #     Iteration = |       15 |   WBSE_dim = |        6 |   Diago_dim = |       12 |
                       *----------*              *----------*               *----------*
     Max diff =  0.520E-03
        
        0.15693848   0.17242523   0.24421222   0.25805289   0.25805291   0.28695817
        
     --------------------------------------------------------------------------------------------
     Tot. elapsed time 08m-56.2s,  time spent in last iteration 29.7s
     --------------------------------------------------------------------------------------------

                       *----------*              *----------*               *----------*
     #     Iteration = |       16 |   WBSE_dim = |        6 |   Diago_dim = |       18 |
                       *----------*              *----------*               *----------*
     Max diff =  0.566E-03
        
        0.15693783   0.17241775   0.24406555   0.25748696   0.25748697   0.28671278
        
     --------------------------------------------------------------------------------------------
     Tot. elapsed time 09m-28.2s,  time spent in last iteration 32.0s
     --------------------------------------------------------------------------------------------

       Refresh the basis set

                       *----------*              *----------*               *----------*
     #     Iteration = |       17 |   WBSE_dim = |        6 |   Diago_dim = |       12 |
                       *----------*              *----------*               *----------*
     Max diff =  0.536E-03
        
        0.15693729   0.17241150   0.24393072   0.25695112   0.25695113   0.28649169
        
     --------------------------------------------------------------------------------------------
     Tot. elapsed time 10m-02.0s,  time spent in last iteration 29.8s
     --------------------------------------------------------------------------------------------

                       *----------*              *----------*               *----------*
     #     Iteration = |       18 |   WBSE_dim = |        6 |   Diago_dim = |       18 |
                       *----------*              *----------*               *----------*
     Max diff =  0.465E-03
        
        0.15693686   0.17240660   0.24381332   0.25648572   0.25648574   0.28632431
        
     --------------------------------------------------------------------------------------------
     Tot. elapsed time 10m-34.1s,  time spent in last iteration 32.1s
     --------------------------------------------------------------------------------------------

       Refresh the basis set

                       *----------*              *----------*               *----------*
     #     Iteration = |       19 |   WBSE_dim = |        6 |   Diago_dim = |       12 |
                       *----------*              *----------*               *----------*
     Max diff =  0.443E-03
        
        0.15693649   0.17240240   0.24370454   0.25604230   0.25604232   0.28617025
        
     --------------------------------------------------------------------------------------------
     Tot. elapsed time 11m-07.8s,  time spent in last iteration 29.8s
     --------------------------------------------------------------------------------------------

                       *----------*              *----------*               *----------*
     #     Iteration = |       20 |   WBSE_dim = |        6 |   Diago_dim = |       18 |
                       *----------*              *----------*               *----------*
     Max diff =  0.484E-03
        
        0.15693612   0.17239830   0.24359177   0.25555862   0.25555864   0.28599191
        
     --------------------------------------------------------------------------------------------
     Tot. elapsed time 11m-39.9s,  time spent in last iteration 32.1s
     --------------------------------------------------------------------------------------------

       Refresh the basis set

                       *----------*              *----------*               *----------*
     #     Iteration = |       21 |   WBSE_dim = |        6 |   Diago_dim = |       12 |
                       *----------*              *----------*               *----------*
     Max diff =  0.461E-03
        
        0.15693581   0.17239478   0.24348754   0.25509724   0.25509726   0.28582918
        
     --------------------------------------------------------------------------------------------
     Tot. elapsed time 12m-13.6s,  time spent in last iteration 29.8s
     --------------------------------------------------------------------------------------------

                       *----------*              *----------*               *----------*
     #     Iteration = |       22 |   WBSE_dim = |        6 |   Diago_dim = |       18 |
                       *----------*              *----------*               *----------*
     Max diff =  0.402E-03
        
        0.15693557   0.17239197   0.24339660   0.25469519   0.25469521   0.28570503
        
     --------------------------------------------------------------------------------------------
     Tot. elapsed time 12m-45.8s,  time spent in last iteration 32.2s
     --------------------------------------------------------------------------------------------

       Refresh the basis set

                       *----------*              *----------*               *----------*
     #     Iteration = |       23 |   WBSE_dim = |        6 |   Diago_dim = |       12 |
                       *----------*              *----------*               *----------*
     Max diff =  0.385E-03
        
        0.15693535   0.17238951   0.24331192   0.25430988   0.25430989   0.28558971
        
     --------------------------------------------------------------------------------------------
     Tot. elapsed time 13m-19.5s,  time spent in last iteration 29.8s
     --------------------------------------------------------------------------------------------

                       *----------*              *----------*               *----------*
     #     Iteration = |       24 |   WBSE_dim = |        6 |   Diago_dim = |       18 |
                       *----------*              *----------*               *----------*
     Max diff =  0.421E-03
        
        0.15693514   0.17238709   0.24322358   0.25388906   0.25388908   0.28545564
        
     --------------------------------------------------------------------------------------------
     Tot. elapsed time 13m-51.6s,  time spent in last iteration 32.1s
     --------------------------------------------------------------------------------------------

       Refresh the basis set

                       *----------*              *----------*               *----------*
     #     Iteration = |       25 |   WBSE_dim = |        6 |   Diago_dim = |       12 |
                       *----------*              *----------*               *----------*
     Max diff =  0.403E-03
        
        0.15693496   0.17238499   0.24314153   0.25348605   0.25348606   0.28533232
        
     --------------------------------------------------------------------------------------------
     Tot. elapsed time 14m-26.2s,  time spent in last iteration 29.9s
     --------------------------------------------------------------------------------------------

                       *----------*              *----------*               *----------*
     #     Iteration = |       26 |   WBSE_dim = |        6 |   Diago_dim = |       18 |
                       *----------*              *----------*               *----------*
     Max diff =  0.351E-03
        
        0.15693482   0.17238330   0.24306983   0.25313463   0.25313465   0.28523781
        
     --------------------------------------------------------------------------------------------
     Tot. elapsed time 14m-58.2s,  time spent in last iteration 32.0s
     --------------------------------------------------------------------------------------------

       Refresh the basis set

                       *----------*              *----------*               *----------*
     #     Iteration = |       27 |   WBSE_dim = |        6 |   Diago_dim = |       12 |
                       *----------*              *----------*               *----------*
     Max diff =  0.338E-03
        
        0.15693470   0.17238180   0.24300284   0.25279681   0.25279683   0.28514950
        
     --------------------------------------------------------------------------------------------
     Tot. elapsed time 15m-31.9s,  time spent in last iteration 29.8s
     --------------------------------------------------------------------------------------------

                       *----------*              *----------*               *----------*
     #     Iteration = |       28 |   WBSE_dim = |        6 |   Diago_dim = |       18 |
                       *----------*              *----------*               *----------*
     Max diff =  0.369E-03
        
        0.15693457   0.17238032   0.24293282   0.25242769   0.25242771   0.28504653
        
     --------------------------------------------------------------------------------------------
     Tot. elapsed time 16m-04.1s,  time spent in last iteration 32.2s
     --------------------------------------------------------------------------------------------

       Refresh the basis set

                       *----------*              *----------*               *----------*
     #     Iteration = |       29 |   WBSE_dim = |        6 |   Diago_dim = |       12 |
                       *----------*              *----------*               *----------*
     Max diff =  0.354E-03
        
        0.15693446   0.17237902   0.24286759   0.25207339   0.25207340   0.28495126
        
     --------------------------------------------------------------------------------------------
     Tot. elapsed time 16m-37.8s,  time spent in last iteration 29.8s
     --------------------------------------------------------------------------------------------

                       *----------*              *----------*               *----------*
     #     Iteration = |       30 |   WBSE_dim = |        6 |   Diago_dim = |       18 |
                       *----------*              *----------*               *----------*
     Max diff =  0.309E-03
        
        0.15693438   0.17237797   0.24281056   0.25176454   0.25176456   0.28487803
        
     --------------------------------------------------------------------------------------------
     Tot. elapsed time 17m-09.9s,  time spent in last iteration 32.1s
     --------------------------------------------------------------------------------------------

       Refresh the basis set

                       *----------*              *----------*               *----------*
     #     Iteration = |       31 |   WBSE_dim = |        5 |   Diago_dim = |       11 |
                       *----------*              *----------*               *----------*
     Max diff =  0.297E-03
        
        0.15693438   0.17237703   0.24275718   0.25146712   0.25146714   0.28480931
        
     --------------------------------------------------------------------------------------------
     Tot. elapsed time 17m-38.7s,  time spent in last iteration 24.9s
     --------------------------------------------------------------------------------------------

                       *----------*              *----------*               *----------*
     #     Iteration = |       32 |   WBSE_dim = |        5 |   Diago_dim = |       16 |
                       *----------*              *----------*               *----------*
     Max diff =  0.325E-03
        
        0.15693438   0.17237610   0.24270133   0.25114213   0.25114214   0.28472901
        
     --------------------------------------------------------------------------------------------
     Tot. elapsed time 18m-05.4s,  time spent in last iteration 26.6s
     --------------------------------------------------------------------------------------------

       Refresh the basis set

                       *----------*              *----------*               *----------*
     #     Iteration = |       33 |   WBSE_dim = |        5 |   Diago_dim = |       11 |
                       *----------*              *----------*               *----------*
     Max diff =  0.312E-03
        
        0.15693438   0.17237529   0.24264922   0.25082975   0.25082976   0.28465439
        
     --------------------------------------------------------------------------------------------
     Tot. elapsed time 18m-34.2s,  time spent in last iteration 25.1s
     --------------------------------------------------------------------------------------------

                       *----------*              *----------*               *----------*
     #     Iteration = |       34 |   WBSE_dim = |        5 |   Diago_dim = |       16 |
                       *----------*              *----------*               *----------*
     Max diff =  0.272E-03
        
        0.15693438   0.17237462   0.24260365   0.25055763   0.25055765   0.28459692
        
     --------------------------------------------------------------------------------------------
     Tot. elapsed time 19m-01.0s,  time spent in last iteration 26.8s
     --------------------------------------------------------------------------------------------

       Refresh the basis set

                       *----------*              *----------*               *----------*
     #     Iteration = |       35 |   WBSE_dim = |        5 |   Diago_dim = |       11 |
                       *----------*              *----------*               *----------*
     Max diff =  0.262E-03
        
        0.15693438   0.17237403   0.24256093   0.25029528   0.25029530   0.28454281
        
     --------------------------------------------------------------------------------------------
     Tot. elapsed time 19m-29.6s,  time spent in last iteration 24.9s
     --------------------------------------------------------------------------------------------

                       *----------*              *----------*               *----------*
     #     Iteration = |       36 |   WBSE_dim = |        5 |   Diago_dim = |       16 |
                       *----------*              *----------*               *----------*
     Max diff =  0.287E-03
        
        0.15693438   0.17237344   0.24251623   0.25000867   0.25000869   0.28447949
        
     --------------------------------------------------------------------------------------------
     Tot. elapsed time 19m-56.2s,  time spent in last iteration 26.6s
     --------------------------------------------------------------------------------------------

       Refresh the basis set

                       *----------*              *----------*               *----------*
     #     Iteration = |       37 |   WBSE_dim = |        5 |   Diago_dim = |       11 |
                       *----------*              *----------*               *----------*
     Max diff =  0.276E-03
        
        0.15693438   0.17237292   0.24247447   0.24973295   0.24973297   0.28442045
        
     --------------------------------------------------------------------------------------------
     Tot. elapsed time 20m-24.9s,  time spent in last iteration 25.1s
     --------------------------------------------------------------------------------------------

                       *----------*              *----------*               *----------*
     #     Iteration = |       38 |   WBSE_dim = |        5 |   Diago_dim = |       16 |
                       *----------*              *----------*               *----------*
     Max diff =  0.240E-03
        
        0.15693438   0.17237250   0.24243794   0.24949296   0.24949298   0.28437491
        
     --------------------------------------------------------------------------------------------
     Tot. elapsed time 20m-51.6s,  time spent in last iteration 26.7s
     --------------------------------------------------------------------------------------------

       Refresh the basis set

                       *----------*              *----------*               *----------*
     #     Iteration = |       39 |   WBSE_dim = |        5 |   Diago_dim = |       11 |
                       *----------*              *----------*               *----------*
     Max diff =  0.232E-03
        
        0.15693438   0.17237212   0.24240366   0.24926141   0.24926143   0.28433193
        
     --------------------------------------------------------------------------------------------
     Tot. elapsed time 21m-20.2s,  time spent in last iteration 24.9s
     --------------------------------------------------------------------------------------------

                       *----------*              *----------*               *----------*
     #     Iteration = |       40 |   WBSE_dim = |        5 |   Diago_dim = |       16 |
                       *----------*              *----------*               *----------*
     Max diff =  0.253E-03
        
        0.15693438   0.17237174   0.24236778   0.24900853   0.24900855   0.28428157
        
     --------------------------------------------------------------------------------------------
     Tot. elapsed time 21m-47.1s,  time spent in last iteration 26.9s
     --------------------------------------------------------------------------------------------

       Refresh the basis set

                       *----------*              *----------*               *----------*
     #     Iteration = |       41 |   WBSE_dim = |        5 |   Diago_dim = |       11 |
                       *----------*              *----------*               *----------*
     Max diff =  0.243E-03
        
        0.15693438   0.17237140   0.24233424   0.24876513   0.24876514   0.28423451
        
     --------------------------------------------------------------------------------------------
     Tot. elapsed time 22m-15.7s,  time spent in last iteration 25.0s
     --------------------------------------------------------------------------------------------

                       *----------*              *----------*               *----------*
     #     Iteration = |       42 |   WBSE_dim = |        5 |   Diago_dim = |       16 |
                       *----------*              *----------*               *----------*
     Max diff =  0.212E-03
        
        0.15693438   0.17237113   0.24230489   0.24855344   0.24855346   0.28419817
        
     --------------------------------------------------------------------------------------------
     Tot. elapsed time 22m-42.4s,  time spent in last iteration 26.7s
     --------------------------------------------------------------------------------------------

       Refresh the basis set

                       *----------*              *----------*               *----------*
     #     Iteration = |       43 |   WBSE_dim = |        5 |   Diago_dim = |       11 |
                       *----------*              *----------*               *----------*
     Max diff =  0.204E-03
        
        0.15693438   0.17237089   0.24227734   0.24834909   0.24834911   0.28416380
        
     --------------------------------------------------------------------------------------------
     Tot. elapsed time 23m-11.0s,  time spent in last iteration 25.0s
     --------------------------------------------------------------------------------------------

                       *----------*              *----------*               *----------*
     #     Iteration = |       44 |   WBSE_dim = |        5 |   Diago_dim = |       16 |
                       *----------*              *----------*               *----------*
     Max diff =  0.223E-03
        
        0.15693438   0.17237064   0.24224849   0.24812601   0.24812602   0.28412351
        
     --------------------------------------------------------------------------------------------
     Tot. elapsed time 23m-37.7s,  time spent in last iteration 26.6s
     --------------------------------------------------------------------------------------------

       Refresh the basis set

                       *----------*              *----------*               *----------*
     #     Iteration = |       45 |   WBSE_dim = |        5 |   Diago_dim = |       11 |
                       *----------*              *----------*               *----------*
     Max diff =  0.215E-03
        
        0.15693438   0.17237043   0.24222149   0.24791121   0.24791123   0.28408579
        
     --------------------------------------------------------------------------------------------
     Tot. elapsed time 24m-06.2s,  time spent in last iteration 24.9s
     --------------------------------------------------------------------------------------------

                       *----------*              *----------*               *----------*
     #     Iteration = |       46 |   WBSE_dim = |        5 |   Diago_dim = |       16 |
                       *----------*              *----------*               *----------*
     Max diff =  0.187E-03
        
        0.15693438   0.17237025   0.24219788   0.24772456   0.24772457   0.28405663
        
     --------------------------------------------------------------------------------------------
     Tot. elapsed time 24m-33.0s,  time spent in last iteration 26.8s
     --------------------------------------------------------------------------------------------

       Refresh the basis set

                       *----------*              *----------*               *----------*
     #     Iteration = |       47 |   WBSE_dim = |        5 |   Diago_dim = |       11 |
                       *----------*              *----------*               *----------*
     Max diff =  0.180E-03
        
        0.15693438   0.17237009   0.24217569   0.24754431   0.24754432   0.28402902
        
     --------------------------------------------------------------------------------------------
     Tot. elapsed time 25m-01.6s,  time spent in last iteration 25.0s
     --------------------------------------------------------------------------------------------

                       *----------*              *----------*               *----------*
     #     Iteration = |       48 |   WBSE_dim = |        5 |   Diago_dim = |       16 |
                       *----------*              *----------*               *----------*
     Max diff =  0.197E-03
        
        0.15693438   0.17236994   0.24215246   0.24734761   0.24734763   0.28399664
        
     --------------------------------------------------------------------------------------------
     Tot. elapsed time 25m-28.3s,  time spent in last iteration 26.6s
     --------------------------------------------------------------------------------------------

       Refresh the basis set

                       *----------*              *----------*               *----------*
     #     Iteration = |       49 |   WBSE_dim = |        5 |   Diago_dim = |       11 |
                       *----------*              *----------*               *----------*
     Max diff =  0.189E-03
        
        0.15693438   0.17236980   0.24213070   0.24715818   0.24715820   0.28396627
        
     --------------------------------------------------------------------------------------------
     Tot. elapsed time 25m-56.7s,  time spent in last iteration 24.9s
     --------------------------------------------------------------------------------------------

                       *----------*              *----------*               *----------*
     #     Iteration = |       50 |   WBSE_dim = |        5 |   Diago_dim = |       16 |
                       *----------*              *----------*               *----------*
     Max diff =  0.164E-03
        
        0.15693438   0.17236968   0.24211168   0.24699370   0.24699372   0.28394279
        
     --------------------------------------------------------------------------------------------
     Tot. elapsed time 26m-23.6s,  time spent in last iteration 26.8s
     --------------------------------------------------------------------------------------------

       Refresh the basis set

                       *----------*              *----------*               *----------*
     #     Iteration = |       51 |   WBSE_dim = |        5 |   Diago_dim = |       11 |
                       *----------*              *----------*               *----------*
     Max diff =  0.159E-03
        
        0.15693438   0.17236958   0.24209380   0.24683482   0.24683484   0.28392053
        
     --------------------------------------------------------------------------------------------
     Tot. elapsed time 26m-52.1s,  time spent in last iteration 24.9s
     --------------------------------------------------------------------------------------------

                       *----------*              *----------*               *----------*
     #     Iteration = |       52 |   WBSE_dim = |        5 |   Diago_dim = |       16 |
                       *----------*              *----------*               *----------*
     Max diff =  0.173E-03
        
        0.15693438   0.17236948   0.24207506   0.24666152   0.24666153   0.28389442
        
     --------------------------------------------------------------------------------------------
     Tot. elapsed time 27m-18.8s,  time spent in last iteration 26.7s
     --------------------------------------------------------------------------------------------

       Refresh the basis set

                       *----------*              *----------*               *----------*
     #     Iteration = |       53 |   WBSE_dim = |        5 |   Diago_dim = |       11 |
                       *----------*              *----------*               *----------*
     Max diff =  0.167E-03
        
        0.15693438   0.17236939   0.24205752   0.24649459   0.24649461   0.28386990
        
     --------------------------------------------------------------------------------------------
     Tot. elapsed time 27m-47.4s,  time spent in last iteration 25.0s
     --------------------------------------------------------------------------------------------

                       *----------*              *----------*               *----------*
     #     Iteration = |       54 |   WBSE_dim = |        4 |   Diago_dim = |       15 |
                       *----------*              *----------*               *----------*
     Max diff =  0.145E-03
        
        0.15693438   0.17236939   0.24204217   0.24634975   0.24634977   0.28385094
        
     --------------------------------------------------------------------------------------------
     Tot. elapsed time 28m-09.0s,  time spent in last iteration 21.5s
     --------------------------------------------------------------------------------------------

       Refresh the basis set

                       *----------*              *----------*               *----------*
     #     Iteration = |       55 |   WBSE_dim = |        4 |   Diago_dim = |       10 |
                       *----------*              *----------*               *----------*
     Max diff =  0.140E-03
        
        0.15693438   0.17236939   0.24202774   0.24620982   0.24620984   0.28383294
        
     --------------------------------------------------------------------------------------------
     Tot. elapsed time 28m-32.7s,  time spent in last iteration 20.2s
     --------------------------------------------------------------------------------------------

                       *----------*              *----------*               *----------*
     #     Iteration = |       56 |   WBSE_dim = |        4 |   Diago_dim = |       14 |
                       *----------*              *----------*               *----------*
     Max diff =  0.153E-03
        
        0.15693438   0.17236939   0.24201263   0.24605724   0.24605726   0.28381183
        
     --------------------------------------------------------------------------------------------
     Tot. elapsed time 28m-54.2s,  time spent in last iteration 21.4s
     --------------------------------------------------------------------------------------------

                       *----------*              *----------*               *----------*
     #     Iteration = |       57 |   WBSE_dim = |        4 |   Diago_dim = |       18 |
                       *----------*              *----------*               *----------*
     Max diff =  0.371E-02
        
        0.15693438   0.17236939   0.24178631   0.24235081   0.24235083   0.28348539
        
     --------------------------------------------------------------------------------------------
     Tot. elapsed time 29m-16.5s,  time spent in last iteration 22.3s
     --------------------------------------------------------------------------------------------

       Refresh the basis set

                       *----------*              *----------*               *----------*
     #     Iteration = |       58 |   WBSE_dim = |        4 |   Diago_dim = |       10 |
                       *----------*              *----------*               *----------*
     Max diff =  0.352E-03
        
        0.15693438   0.17236939   0.24175512   0.24199865   0.24199866   0.28346519
        
     --------------------------------------------------------------------------------------------
     Tot. elapsed time 29m-40.5s,  time spent in last iteration 20.1s
     --------------------------------------------------------------------------------------------

                       *----------*              *----------*               *----------*
     #     Iteration = |       59 |   WBSE_dim = |        4 |   Diago_dim = |       14 |
                       *----------*              *----------*               *----------*
     Max diff =  0.130E-04
        
        0.15693438   0.17236939   0.24175462   0.24198562   0.24198563   0.28346437
        
     --------------------------------------------------------------------------------------------
     Tot. elapsed time 30m-01.9s,  time spent in last iteration 21.4s
     --------------------------------------------------------------------------------------------

                       *----------*              *----------*               *----------*
     #     Iteration = |       60 |   WBSE_dim = |        4 |   Diago_dim = |       18 |
                       *----------*              *----------*               *----------*
     Max diff =  0.217E-04
        
        0.15693438   0.17236939   0.24175433   0.24196392   0.24196393   0.28346289
        
     --------------------------------------------------------------------------------------------
     Tot. elapsed time 30m-24.1s,  time spent in last iteration 22.1s
     --------------------------------------------------------------------------------------------

       Refresh the basis set

                       *----------*              *----------*               *----------*
     #     Iteration = |       61 |   WBSE_dim = |        4 |   Diago_dim = |       10 |
                       *----------*              *----------*               *----------*
     Max diff =  0.184E-04
        
        0.15693438   0.17236939   0.24175406   0.24194553   0.24194555   0.28346172
        
     --------------------------------------------------------------------------------------------
     Tot. elapsed time 30m-48.3s,  time spent in last iteration 20.4s
     --------------------------------------------------------------------------------------------

                       *----------*              *----------*               *----------*
     #     Iteration = |       62 |   WBSE_dim = |        4 |   Diago_dim = |       14 |
                       *----------*              *----------*               *----------*
     Max diff =  0.963E-05
        
        0.15693438   0.17236939   0.24175365   0.24193590   0.24193591   0.28346123
        
     --------------------------------------------------------------------------------------------
     Tot. elapsed time 31m-09.7s,  time spent in last iteration 21.4s
     --------------------------------------------------------------------------------------------

                       *----------*              *----------*               *----------*
     #     Iteration = |       63 |   WBSE_dim = |        4 |   Diago_dim = |       18 |
                       *----------*              *----------*               *----------*
     Max diff =  0.758E-04
        
        0.15693438   0.17236939   0.24175022   0.24186014   0.24186015   0.28345836
        
     --------------------------------------------------------------------------------------------
     Tot. elapsed time 31m-31.9s,  time spent in last iteration 22.1s
     --------------------------------------------------------------------------------------------

       Refresh the basis set

                       *----------*              *----------*               *----------*
     #     Iteration = |       64 |   WBSE_dim = |        4 |   Diago_dim = |       10 |
                       *----------*              *----------*               *----------*
     Max diff =  0.359E-04
        
        0.15693438   0.17236939   0.24174946   0.24182426   0.24182427   0.28345723
        
     --------------------------------------------------------------------------------------------
     Tot. elapsed time 31m-55.9s,  time spent in last iteration 20.1s
     --------------------------------------------------------------------------------------------

                       *----------*              *----------*               *----------*
     #     Iteration = |       65 |   WBSE_dim = |        4 |   Diago_dim = |       14 |
                       *----------*              *----------*               *----------*
     Max diff =  0.388E-05
        
        0.15693438   0.17236939   0.24174941   0.24182037   0.24182039   0.28345713
        
     --------------------------------------------------------------------------------------------
     Tot. elapsed time 32m-17.5s,  time spent in last iteration 21.6s
     --------------------------------------------------------------------------------------------

                       *----------*              *----------*               *----------*
     #     Iteration = |       66 |   WBSE_dim = |        3 |   Diago_dim = |       17 |
                       *----------*              *----------*               *----------*
     Max diff =  0.495E-05
        
        0.15693438   0.17236939   0.24174941   0.24181542   0.24181543   0.28345694
        
     --------------------------------------------------------------------------------------------
     Tot. elapsed time 32m-34.5s,  time spent in last iteration 17.0s
     --------------------------------------------------------------------------------------------

       Refresh the basis set

                       *----------*              *----------*               *----------*
     #     Iteration = |       67 |   WBSE_dim = |        3 |   Diago_dim = |        9 |
                       *----------*              *----------*               *----------*
     Max diff =  0.345E-05
        
        0.15693438   0.17236939   0.24174941   0.24181196   0.24181198   0.28345680
        
     --------------------------------------------------------------------------------------------
     Tot. elapsed time 32m-53.7s,  time spent in last iteration 15.5s
     --------------------------------------------------------------------------------------------

                       *----------*              *----------*               *----------*
     #     Iteration = |       68 |   WBSE_dim = |        3 |   Diago_dim = |       12 |
                       *----------*              *----------*               *----------*
     Max diff =  0.303E-05
        
        0.15693438   0.17236939   0.24174941   0.24180894   0.24180895   0.28345673
        
     --------------------------------------------------------------------------------------------
     Tot. elapsed time 33m-10.0s,  time spent in last iteration 16.2s
     --------------------------------------------------------------------------------------------

                       *----------*              *----------*               *----------*
     #     Iteration = |       69 |   WBSE_dim = |        2 |   Diago_dim = |       14 |
                       *----------*              *----------*               *----------*
     Max diff =  0.120E-04
        
        0.15693438   0.17236939   0.24174941   0.24179693   0.24179695   0.28345673
        
     --------------------------------------------------------------------------------------------
     Tot. elapsed time 33m-21.6s,  time spent in last iteration 11.6s
     --------------------------------------------------------------------------------------------

                       *----------*              *----------*               *----------*
     #     Iteration = |       70 |   WBSE_dim = |        2 |   Diago_dim = |       16 |
                       *----------*              *----------*               *----------*
     Max diff =  0.153E-04
        
        0.15693438   0.17236939   0.24174941   0.24178167   0.24178168   0.28345673
        
     --------------------------------------------------------------------------------------------
     Tot. elapsed time 33m-33.6s,  time spent in last iteration 11.9s
     --------------------------------------------------------------------------------------------

                       *----------*              *----------*               *----------*
     #     Iteration = |       71 |   WBSE_dim = |        2 |   Diago_dim = |       18 |
                       *----------*              *----------*               *----------*
     Max diff =  0.123E-04
        
        0.15693438   0.17236939   0.24174941   0.24176935   0.24176937   0.28345673
        
     --------------------------------------------------------------------------------------------
     Tot. elapsed time 33m-45.8s,  time spent in last iteration 12.2s
     --------------------------------------------------------------------------------------------

       Refresh the basis set

                       *----------*              *----------*               *----------*
     #     Iteration = |       72 |   WBSE_dim = |        2 |   Diago_dim = |        8 |
                       *----------*              *----------*               *----------*
     Max diff =  0.645E-05
        
        0.15693438   0.17236939   0.24174941   0.24176290   0.24176291   0.28345673
        
     --------------------------------------------------------------------------------------------
     Tot. elapsed time 34m-00.5s,  time spent in last iteration 10.8s
     --------------------------------------------------------------------------------------------

                       *----------*              *----------*               *----------*
     #     Iteration = |       73 |   WBSE_dim = |        2 |   Diago_dim = |       10 |
                       *----------*              *----------*               *----------*
     Max diff =  0.306E-05
        
        0.15693438   0.17236939   0.24174941   0.24175984   0.24175986   0.28345673
        
     --------------------------------------------------------------------------------------------
     Tot. elapsed time 34m-11.7s,  time spent in last iteration 11.2s
     --------------------------------------------------------------------------------------------

                       *----------*              *----------*               *----------*
     #     Iteration = |       74 |   WBSE_dim = |        2 |   Diago_dim = |       12 |
                       *----------*              *----------*               *----------*
     Max diff =  0.153E-05
        
        0.15693438   0.17236939   0.24174941   0.24175831   0.24175833   0.28345673
        
     --------------------------------------------------------------------------------------------
     Tot. elapsed time 34m-23.1s,  time spent in last iteration 11.4s
     --------------------------------------------------------------------------------------------

                       *----------*              *----------*               *----------*
     #     Iteration = |       75 |   WBSE_dim = |        2 |   Diago_dim = |       14 |
                       *----------*              *----------*               *----------*
     Max diff =  0.530E-06
        
        0.15693438   0.17236939   0.24174941   0.24175778   0.24175780   0.28345673
        
     --------------------------------------------------------------------------------------------
     Tot. elapsed time 34m-34.8s,  time spent in last iteration 11.6s
     --------------------------------------------------------------------------------------------

                       *----------*              *----------*               *----------*
     #     Iteration = |       76 |   WBSE_dim = |        2 |   Diago_dim = |       16 |
                       *----------*              *----------*               *----------*
     Max diff =  0.744E-06
        
        0.15693438   0.17236939   0.24174941   0.24175704   0.24175705   0.28345673
        
     --------------------------------------------------------------------------------------------
     Tot. elapsed time 34m-46.7s,  time spent in last iteration 11.8s
     --------------------------------------------------------------------------------------------

                       *----------*              *----------*               *----------*
     #     Iteration = |       77 |   WBSE_dim = |        2 |   Diago_dim = |       18 |
                       *----------*              *----------*               *----------*
     Max diff =  0.277E-05
        
        0.15693438   0.17236939   0.24174941   0.24175427   0.24175429   0.28345673
        
     --------------------------------------------------------------------------------------------
     Tot. elapsed time 34m-58.7s,  time spent in last iteration 12.0s
     --------------------------------------------------------------------------------------------

       Refresh the basis set

                       *----------*              *----------*               *----------*
     #     Iteration = |       78 |   WBSE_dim = |        2 |   Diago_dim = |        8 |
                       *----------*              *----------*               *----------*
     Max diff =  0.106E-05
        
        0.15693438   0.17236939   0.24174941   0.24175321   0.24175322   0.28345673
        
     --------------------------------------------------------------------------------------------
     Tot. elapsed time 35m-13.5s,  time spent in last iteration 10.9s
     --------------------------------------------------------------------------------------------

                       *----------*              *----------*               *----------*
     #     Iteration = |       79 |   WBSE_dim = |        2 |   Diago_dim = |       10 |
                       *----------*              *----------*               *----------*
     Max diff =  0.570E-06
        
        0.15693438   0.17236939   0.24174941   0.24175264   0.24175265   0.28345673
        
     --------------------------------------------------------------------------------------------
     Tot. elapsed time 35m-24.7s,  time spent in last iteration 11.1s
     --------------------------------------------------------------------------------------------

                       *----------*              *----------*               *----------*
     #     Iteration = |       80 |   WBSE_dim = |        2 |   Diago_dim = |       12 |
                       *----------*              *----------*               *----------*
     Max diff =  0.270E-06
        
        0.15693438   0.17236939   0.24174941   0.24175237   0.24175238   0.28345673
        
     --------------------------------------------------------------------------------------------
     Tot. elapsed time 35m-36.1s,  time spent in last iteration 11.4s
     --------------------------------------------------------------------------------------------

                       *----------*              *----------*               *----------*
     #     Iteration = |       81 |   WBSE_dim = |        2 |   Diago_dim = |       14 |
                       *----------*              *----------*               *----------*
     Max diff =  0.297E-06
        
        0.15693438   0.17236939   0.24174941   0.24175207   0.24175209   0.28345673
        
     --------------------------------------------------------------------------------------------
     Tot. elapsed time 35m-47.8s,  time spent in last iteration 11.6s
     --------------------------------------------------------------------------------------------

                       *----------*              *----------*               *----------*
     #     Iteration = |       82 |   WBSE_dim = |        2 |   Diago_dim = |       16 |
                       *----------*              *----------*               *----------*
     Max diff =  0.537E-06
        
        0.15693438   0.17236939   0.24174941   0.24175154   0.24175155   0.28345673
        
     --------------------------------------------------------------------------------------------
     Tot. elapsed time 35m-59.6s,  time spent in last iteration 11.8s
     --------------------------------------------------------------------------------------------

                       *----------*              *----------*               *----------*
     #     Iteration = |       83 |   WBSE_dim = |        2 |   Diago_dim = |       18 |
                       *----------*              *----------*               *----------*
     Max diff =  0.439E-06
        
        0.15693438   0.17236939   0.24174941   0.24175110   0.24175111   0.28345673
        
     --------------------------------------------------------------------------------------------
     Tot. elapsed time 36m-11.6s,  time spent in last iteration 12.0s
     --------------------------------------------------------------------------------------------

       Refresh the basis set

                       *----------*              *----------*               *----------*
     #     Iteration = |       84 |   WBSE_dim = |        2 |   Diago_dim = |        8 |
                       *----------*              *----------*               *----------*
     Max diff =  0.278E-06
        
        0.15693438   0.17236939   0.24174941   0.24175082   0.24175083   0.28345673
        
     --------------------------------------------------------------------------------------------
     Tot. elapsed time 36m-26.2s,  time spent in last iteration 10.7s
     --------------------------------------------------------------------------------------------

                       *----------*              *----------*               *----------*
     #     Iteration = |       85 |   WBSE_dim = |        2 |   Diago_dim = |       10 |
                       *----------*              *----------*               *----------*
     Max diff =  0.239E-06
        
        0.15693438   0.17236939   0.24174941   0.24175058   0.24175060   0.28345673
        
     --------------------------------------------------------------------------------------------
     Tot. elapsed time 36m-37.6s,  time spent in last iteration 11.3s
     --------------------------------------------------------------------------------------------

                       *----------*              *----------*               *----------*
     #     Iteration = |       86 |   WBSE_dim = |        2 |   Diago_dim = |       12 |
                       *----------*              *----------*               *----------*
     Max diff =  0.146E-06
        
        0.15693438   0.17236939   0.24174941   0.24175043   0.24175045   0.28345673
        
     --------------------------------------------------------------------------------------------
     Tot. elapsed time 36m-49.3s,  time spent in last iteration 11.5s
     --------------------------------------------------------------------------------------------

                       *----------*              *----------*               *----------*
     #     Iteration = |       87 |   WBSE_dim = |        2 |   Diago_dim = |       14 |
                       *----------*              *----------*               *----------*
     Max diff =  0.146E-06
        
        0.15693438   0.17236939   0.24174941   0.24175029   0.24175030   0.28345673
        
     --------------------------------------------------------------------------------------------
     Tot. elapsed time 37m-00.9s,  time spent in last iteration 11.6s
     --------------------------------------------------------------------------------------------

                       *----------*              *----------*               *----------*
     #     Iteration = |       88 |   WBSE_dim = |        2 |   Diago_dim = |       16 |
                       *----------*              *----------*               *----------*
     Max diff =  0.248E-06
        
        0.15693438   0.17236939   0.24174941   0.24175004   0.24175006   0.28345673
        
     --------------------------------------------------------------------------------------------
     Tot. elapsed time 37m-12.8s,  time spent in last iteration 11.8s
     --------------------------------------------------------------------------------------------

                       *----------*              *----------*               *----------*
     #     Iteration = |       89 |   WBSE_dim = |        2 |   Diago_dim = |       18 |
                       *----------*              *----------*               *----------*
     Max diff =  0.196E-06
        
        0.15693438   0.17236939   0.24174941   0.24174985   0.24174986   0.28345673
        
     --------------------------------------------------------------------------------------------
     Tot. elapsed time 37m-24.8s,  time spent in last iteration 12.0s
     --------------------------------------------------------------------------------------------

       Refresh the basis set

                       *----------*              *----------*               *----------*
     #     Iteration = |       90 |   WBSE_dim = |        2 |   Diago_dim = |        8 |
                       *----------*              *----------*               *----------*
     Max diff =  0.104E-06
        
        0.15693438   0.17236939   0.24174941   0.24174974   0.24174976   0.28345673
        
     --------------------------------------------------------------------------------------------
     Tot. elapsed time 37m-39.4s,  time spent in last iteration 10.8s
     --------------------------------------------------------------------------------------------

                       *----------*              *----------*               *----------*
     #     Iteration = |       91 |   WBSE_dim = |        2 |   Diago_dim = |       10 |
                       *----------*              *----------*               *----------*
     Max diff =  0.118E-06
        
        0.15693438   0.17236939   0.24174941   0.24174962   0.24174964   0.28345673
        
     --------------------------------------------------------------------------------------------
     Tot. elapsed time 37m-50.6s,  time spent in last iteration 11.2s
     --------------------------------------------------------------------------------------------

                       *----------*              *----------*               *----------*
     #     Iteration = |       92 |   WBSE_dim = |        2 |   Diago_dim = |       12 |
                       *----------*              *----------*               *----------*
     Max diff =  0.979E-07
        
        0.15693438   0.17236939   0.24174941   0.24174953   0.24174954   0.28345673
        
     --------------------------------------------------------------------------------------------
     Tot. elapsed time 38m-02.2s,  time spent in last iteration 11.5s
     --------------------------------------------------------------------------------------------
      
     --------------------------------------------------------------------------------------------
     Database written in 43.0s               
     In location : ./west.wbse.david.save
     --------------------------------------------------------------------------------------------
       
     --------------------------------------------------------------------------------------------
     Convergence achieved !!! in       92 steps                          
     --------------------------------------------------------------------------------------------
 
     Wbse         : 37m 7.17s CPU    38m55.60s WALL

     wbse_readin  :      7.11s CPU      7.86s WALL (       1 calls)
     wbse_fetch_n :      0.00s CPU      0.00s WALL (       1 calls)
     read_xml     :      1.56s CPU      1.76s WALL (       1 calls)
     init_vloc    :      0.02s CPU      0.02s WALL (       2 calls)
     fft          :     10.64s CPU     10.95s WALL (    7853 calls)
     fft_scatter  :    767.93s CPU    776.63s WALL ( 2137893 calls)
     v_of_rho     :      0.04s CPU      0.05s WALL (       1 calls)
     v_xc         :      0.04s CPU      0.04s WALL (       1 calls)
     v_h          :      0.00s CPU      0.00s WALL (       1 calls)
     read_wave    :      5.55s CPU      6.10s WALL (       1 calls)
     davcio       :      0.60s CPU     21.58s WALL (    3257 calls)
     init_us_1    :      0.02s CPU      0.02s WALL (       2 calls)
     do_setup     :      0.05s CPU      0.07s WALL (       1 calls)
     init_pw_ar   :      0.05s CPU      0.06s WALL (       1 calls)
     init_at_1    :      0.00s CPU      0.00s WALL (       1 calls)
     storesqvc    :      0.00s CPU      0.00s WALL (       1 calls)
     wbse_dv_setu :      0.11s CPU      0.12s WALL (       1 calls)
     setup_dmuxc  :      0.02s CPU      0.02s WALL (       1 calls)
     chidiago     :   2219.69s CPU   2326.83s WALL (       1 calls)
     paramgs      :     96.30s CPU     97.21s WALL (      93 calls)
     west_apply_l :   1506.46s CPU   1533.43s WALL (     412 calls)
     wbse_calc_de :    397.19s CPU    406.64s WALL (     412 calls)
     fftw         :   1076.72s CPU   1087.52s WALL ( 2130040 calls)
     wbse_dv_of_d :     17.74s CPU     18.00s WALL (     412 calls)
     init_us_2    :      6.71s CPU      6.78s WALL (     824 calls)
     h_psi        :    544.90s CPU    551.55s WALL (     824 calls)
     h_psi:pot    :    539.58s CPU    546.17s WALL (     824 calls)
     vloc_psi     :    375.47s CPU    379.08s WALL (     824 calls)
     h_psi:calbec :     84.81s CPU     87.25s WALL (     824 calls)
     calbec       :     84.80s CPU     87.25s WALL (     824 calls)
     add_vuspsi   :     79.30s CPU     79.83s WALL (     824 calls)
     alphapc      :    369.56s CPU    375.35s WALL (    2424 calls)
     build_hr     :     62.65s CPU     73.30s WALL (      93 calls)
     redistr_vr   :      0.00s CPU      0.00s WALL (      92 calls)
     update_vr    :    139.75s CPU    170.11s WALL (      92 calls)
     precd_ag     :    126.39s CPU    134.16s WALL (      92 calls)
     symm_hr      :      0.00s CPU      0.00s WALL (      92 calls)
     chidiago:las :    114.84s CPU    130.35s WALL (      36 calls)
     refresh_vr   :    115.42s CPU    131.13s WALL (      71 calls)
     plep_db      :     37.58s CPU     43.07s WALL (       1 calls)
 
     Wbse         : 37m 7.17s CPU    38m55.60s WALL

 
   This run was terminated on:  17: 1: 9  10May2023            

=------------------------------------------------------------------------------=
   JOB DONE.
=------------------------------------------------------------------------------=
