MPI startup(): shm:dapl fabric is unknown or has been removed from the product, please use ofi or shm:ofi instead.

     Program WBSE v. 5.5.0 starts on 11Sep2023 at 11:13: 6 

     This program is part of the open-source West suite
     for massively parallel calculations of excited states in materials; please cite
         "M. Govoni et al., J. Chem. Theory Comput. 11, 2680 (2015);
          URL http://www.west-code.org",
     in publications or presentations arising from this work.

     Based on the Quantum ESPRESSO v. 7.2

     I/O is Little Endian
 
     --------------------------------------------------------------------------------------------
     **MPI** Parallelization Status
     --------------------------------------------------------------------------------------------
                   160                   1             1             4            40
     --------------------------------------------------------------------------------------------
                     N         =         I      X      P      X      B      X      Z
                     ^                   ^             ^             ^             ^
                     |                   |             |             |             |
                   #rnk                  |             |             |             |
                                      #image           |             |             |
                                                     #pool           |             |
                                                                   #bgrp           |
                                                                                 #R&G
     --------------------------------------------------------------------------------------------
     **OPENMP** Parallelization Status
     #thr/rnk               =            1
     --------------------------------------------------------------------------------------------
     #prc = (rnk) * (thr) =          160
     --------------------------------------------------------------------------------------------

     --------------------------------------------------------------------------------------------
     I/O Summary : input_west
     --------------------------------------------------------------------------------------------
     qe_prefix : pwscf
     west_prefix : pwscf
     outdir : ./
     --------------------------------------------------------------------------------------------

     Reading xml data from directory:

     ./pwscf.save/

     IMPORTANT: XC functional enforced from input :
     Exchange-correlation= PBE
                           (   1   4   3   4   0   0   0)
     Any further DFT definition will be discarded
     Please, verify this is what you really want

 
     Parallelization info
     --------------------
     sticks:   dense  smooth     PW     G-vecs:    dense   smooth      PW
     Min         345     345     86                30797    30797    3840
     Max         348     348     88                30812    30812    3848
     Sum       13909   13909   3489              1232177  1232177  153699
 
     Using Slab Decomposition
 

     --------------------------------------------------------------------------------------------
     I/O Summary : wbse_init_control
     --------------------------------------------------------------------------------------------
     wbse_init_calculation : S
     solver : TDDFT
     bse_method : PDEP
     n_pdep_eigen_to_use : 2046
     localization : N
     wfc_from_qbox : qb_wfc
     bisection_info : bis_info
     chi_kernel : CHI
     overlap_thr : 0.0
     spin_channel : 0
     n_trunc_bands : 0
     --------------------------------------------------------------------------------------------

     --------------------------------------------------------------------------------------------
     I/O Summary : wbse_control
     --------------------------------------------------------------------------------------------
     wbse_calculation : D
     qp_correction : 
     scissor_ope : 0.0
     n_liouville_eigen : 2
     n_liouville_times : 20
     n_liouville_maxiter : 1000
     n_liouville_read_from_file : 0
     trev_liouville : 1e-10
     trev_liouville_rel : 1e-08
     n_lanczos : 1000
     n_steps_write_restart : 100
     wbse_ipol : XX
     l_dipole_realspace : False
     wbse_epsinfty : 1.0
     spin_excitation : S
     l_preconditioning : True
     l_pre_shift : False
     l_spin_flip : False
     l_spin_flip_kernel : False
     l_spin_flip_alda0 : False
     l_print_spin_flip_kernel : False
     spin_flip_cut : 0.001
     l_forces : False
     forces_state : 1
     forces_zeq_cg_tr : 1e-10
     forces_zeq_n_cg_maxiter : 500
     ddvxc_fd_coeff : 0.01
     forces_inexact_krylov : 0
     forces_inexact_krylov_tr : 1e-16
     l_minimize_exx_if_active : False
     n_exx_lowrank : 1056
     l_reduce_io : True
     --------------------------------------------------------------------------------------------
 
     --------------------------------------------------------------------------------------------
     System Overview
     --------------------------------------------------------------------------------------------
     gamma_only           =              T
     ecutwfc [Ry]         =      60.000000
     ecutrho [Ry]         =     240.000000
     omega [au^3]         =   1.961784E+04
     nbnd                 =           1056
     nkstot               =              2
     nspin                =              2
     nelec                =    2046.000000
     nelup                =    1024.000000
     neldw                =    1022.000000
     npol                 =              1
     lsda                 =              T
     noncolin             =              F
     lspinorb             =              F
     --------------------------------------------------------------------------------------------

     3DFFT grid
        s : ( 135, 135, 135)
        p : ( 135, 135, 135)

     Direct Lattice Cell [a.u.]
        a1 = (    26.9701713     0.0000000     0.0000000)
        a2 = (     0.0000000    26.9701713     0.0000000)
        a3 = (     0.0000000     0.0000000    26.9701713)

     Reciprocal Lattice Cell [a.u.]
        b1 = (     0.2329679     0.0000000     0.0000000)
        b2 = (     0.0000000     0.2329679     0.0000000)
        b3 = (     0.0000000     0.0000000     0.2329679)
 

     Brillouin Zone sampling [cryst. coord.]
 
        k(000001) = (     0.0000000     0.0000000     0.0000000)
     Divergence =   1.803451E-01
 
     --------------------------------------------------------------------------------------------
     Parallelization for nvecx
     --------------------------------------------------------------------------------------------
     nglob                =             40
     nlevel               =              1
     Min nglob/nlevel     =             40
     Max nglob/nlevel     =             40
     --------------------------------------------------------------------------------------------
 
     --------------------------------------------------------------------------------------------
     Parallelization for nbndval
     --------------------------------------------------------------------------------------------
     nglob                =           1024
     nlevel               =              4
     Min nglob/nlevel     =            256
     Max nglob/nlevel     =            256
     --------------------------------------------------------------------------------------------

     [MEM] ----------------------------------------------------------
     [MEM] **Memory** analysis: QE
     [MEM] ----------------------------------------------------------
     [MEM] Allocated arrays           est. size (Mb)     dimensions
     [MEM] ----------------------------------------------------------
     [MEM] Kohn-Sham Wavefunctions      31.00 Mb     (   1924, 1056)
     [MEM] NL pseudopotentials         120.02 Mb     (   1924, 4088)
     [MEM] Each V/rho on FFT grid        1.11 Mb     (  72900)
     [MEM] Each G-vector array           0.12 Mb     (  15402)
     [MEM] G-vector shells               0.02 Mb     (   2859)
     [MEM] ----------------------------------------------------------
     [MEM] Total estimate              152.27 Mb
     [MEM] ----------------------------------------------------------
     [MEM]
     [MEM] ----------------------------------------------------------
     [MEM] **Memory** analysis: WBSE global
     [MEM] ----------------------------------------------------------
     [MEM] Allocated arrays           est. size (Mb)     dimensions
     [MEM] ----------------------------------------------------------
     [MEM] dvg_exc                     300.62 Mb     (   1924,  256,   40)
     [MEM] dng_exc                     300.62 Mb     (   1924,  256,   40)
     [MEM] hr_distr                      0.01 Mb     (     40,   40)
     [MEM] vr_distr                      0.01 Mb     (     40,   40)
     [MEM] ----------------------------------------------------------
     [MEM] Total estimate              601.27 Mb
     [MEM] ----------------------------------------------------------
     [MEM]
     [MEM] ----------------------------------------------------------
     [MEM] **Memory** analysis: WBSE temporary
     [MEM] ----------------------------------------------------------
     [MEM] Allocated arrays           est. size (Mb)     dimensions
     [MEM] ----------------------------------------------------------
     [MEM] dvpsi                        15.03 Mb     (   1924,  512)
     [MEM] dpsi                         15.03 Mb     (   1924,  512)
     [MEM] Liouville workspace           7.52 Mb     (   1924,  256)
     [MEM] ----------------------------------------------------------
     [MEM] Total estimate               37.58 Mb
     [MEM] ----------------------------------------------------------
 
     Using lowest energy electron-hole pairs as initial guess

                       *----------*              *----------*               *----------*
     #     Iteration = | starting |   WBSE_dim = |        2 |   Diago_dim = |        2 |
                       *----------*              *----------*               *----------*
     s-DIAGOX done in 00.1s with LAPACK
     --------------------------------------------------------------------------------------------
 
        0.19792   0.19793
 
     --------------------------------------------------------------------------------------------
     Tot. elapsed time 09.2s,  time spent in last iteration 09.2s
     --------------------------------------------------------------------------------------------

                       *----------*              *----------*               *----------*
     #     Iteration = |        1 |   WBSE_dim = |        2 |   Diago_dim = |        4 |
                       *----------*              *----------*               *----------*
     s-DIAGOX done in < 00.1s with LAPACK
     --------------------------------------------------------------------------------------------
     Max diff =  0.341E-01
 
        0.16387   0.16388
 
     --------------------------------------------------------------------------------------------
     Tot. elapsed time 17.7s,  time spent in last iteration 08.5s
     --------------------------------------------------------------------------------------------

                       *----------*              *----------*               *----------*
     #     Iteration = |        2 |   WBSE_dim = |        2 |   Diago_dim = |        6 |
                       *----------*              *----------*               *----------*
     s-DIAGOX done in < 00.1s with LAPACK
     --------------------------------------------------------------------------------------------
     Max diff =  0.580E-02
 
        0.15806   0.15807
 
     --------------------------------------------------------------------------------------------
     Tot. elapsed time 26.0s,  time spent in last iteration 08.2s
     --------------------------------------------------------------------------------------------

                       *----------*              *----------*               *----------*
     #     Iteration = |        3 |   WBSE_dim = |        2 |   Diago_dim = |        8 |
                       *----------*              *----------*               *----------*
     s-DIAGOX done in < 00.1s with LAPACK
     --------------------------------------------------------------------------------------------
     Max diff =  0.206E-02
 
        0.15601   0.15602
 
     --------------------------------------------------------------------------------------------
     Tot. elapsed time 33.8s,  time spent in last iteration 07.7s
     --------------------------------------------------------------------------------------------

                       *----------*              *----------*               *----------*
     #     Iteration = |        4 |   WBSE_dim = |        2 |   Diago_dim = |       10 |
                       *----------*              *----------*               *----------*
     s-DIAGOX done in < 00.1s with LAPACK
     --------------------------------------------------------------------------------------------
     Max diff =  0.866E-03
 
        0.15514   0.15515
 
     --------------------------------------------------------------------------------------------
     Tot. elapsed time 41.8s,  time spent in last iteration 08.0s
     --------------------------------------------------------------------------------------------

                       *----------*              *----------*               *----------*
     #     Iteration = |        5 |   WBSE_dim = |        2 |   Diago_dim = |       12 |
                       *----------*              *----------*               *----------*
     s-DIAGOX done in < 00.1s with LAPACK
     --------------------------------------------------------------------------------------------
     Max diff =  0.444E-03
 
        0.15470   0.15471
 
     --------------------------------------------------------------------------------------------
     Tot. elapsed time 50.0s,  time spent in last iteration 08.1s
     --------------------------------------------------------------------------------------------

                       *----------*              *----------*               *----------*
     #     Iteration = |        6 |   WBSE_dim = |        2 |   Diago_dim = |       14 |
                       *----------*              *----------*               *----------*
     s-DIAGOX done in < 00.1s with LAPACK
     --------------------------------------------------------------------------------------------
     Max diff =  0.250E-03
 
        0.15445   0.15446
 
     --------------------------------------------------------------------------------------------
     Tot. elapsed time 58.3s,  time spent in last iteration 08.3s
     --------------------------------------------------------------------------------------------

                       *----------*              *----------*               *----------*
     #     Iteration = |        7 |   WBSE_dim = |        2 |   Diago_dim = |       16 |
                       *----------*              *----------*               *----------*
     s-DIAGOX done in < 00.1s with LAPACK
     --------------------------------------------------------------------------------------------
     Max diff =  0.156E-03
 
        0.15429   0.15430
 
     --------------------------------------------------------------------------------------------
     Tot. elapsed time 01m-06.8s,  time spent in last iteration 08.4s
     --------------------------------------------------------------------------------------------

                       *----------*              *----------*               *----------*
     #     Iteration = |        8 |   WBSE_dim = |        2 |   Diago_dim = |       18 |
                       *----------*              *----------*               *----------*
     s-DIAGOX done in < 00.1s with LAPACK
     --------------------------------------------------------------------------------------------
     Max diff =  0.120E-03
 
        0.15417   0.15418
 
     --------------------------------------------------------------------------------------------
     Tot. elapsed time 01m-15.4s,  time spent in last iteration 08.5s
     --------------------------------------------------------------------------------------------

                       *----------*              *----------*               *----------*
     #     Iteration = |        9 |   WBSE_dim = |        2 |   Diago_dim = |       20 |
                       *----------*              *----------*               *----------*
     s-DIAGOX done in < 00.1s with LAPACK
     --------------------------------------------------------------------------------------------
     Max diff =  0.841E-04
 
        0.15409   0.15410
 
     --------------------------------------------------------------------------------------------
     Tot. elapsed time 01m-24.3s,  time spent in last iteration 08.8s
     --------------------------------------------------------------------------------------------

                       *----------*              *----------*               *----------*
     #     Iteration = |       10 |   WBSE_dim = |        2 |   Diago_dim = |       22 |
                       *----------*              *----------*               *----------*
     s-DIAGOX done in < 00.1s with LAPACK
     --------------------------------------------------------------------------------------------
     Max diff =  0.736E-04
 
        0.15401   0.15402
 
     --------------------------------------------------------------------------------------------
     Tot. elapsed time 01m-33.3s,  time spent in last iteration 08.9s
     --------------------------------------------------------------------------------------------

                       *----------*              *----------*               *----------*
     #     Iteration = |       11 |   WBSE_dim = |        2 |   Diago_dim = |       24 |
                       *----------*              *----------*               *----------*
     s-DIAGOX done in < 00.1s with LAPACK
     --------------------------------------------------------------------------------------------
     Max diff =  0.634E-04
 
        0.15395   0.15396
 
     --------------------------------------------------------------------------------------------
     Tot. elapsed time 01m-42.4s,  time spent in last iteration 09.1s
     --------------------------------------------------------------------------------------------

                       *----------*              *----------*               *----------*
     #     Iteration = |       12 |   WBSE_dim = |        2 |   Diago_dim = |       26 |
                       *----------*              *----------*               *----------*
     s-DIAGOX done in < 00.1s with LAPACK
     --------------------------------------------------------------------------------------------
     Max diff =  0.594E-04
 
        0.15389   0.15390
 
     --------------------------------------------------------------------------------------------
     Tot. elapsed time 01m-51.8s,  time spent in last iteration 09.3s
     --------------------------------------------------------------------------------------------

                       *----------*              *----------*               *----------*
     #     Iteration = |       13 |   WBSE_dim = |        2 |   Diago_dim = |       28 |
                       *----------*              *----------*               *----------*
     s-DIAGOX done in < 00.1s with LAPACK
     --------------------------------------------------------------------------------------------
     Max diff =  0.524E-04
 
        0.15384   0.15385
 
     --------------------------------------------------------------------------------------------
     Tot. elapsed time 02m-01.3s,  time spent in last iteration 09.4s
     --------------------------------------------------------------------------------------------

                       *----------*              *----------*               *----------*
     #     Iteration = |       14 |   WBSE_dim = |        2 |   Diago_dim = |       30 |
                       *----------*              *----------*               *----------*
     s-DIAGOX done in < 00.1s with LAPACK
     --------------------------------------------------------------------------------------------
     Max diff =  0.457E-04
 
        0.15379   0.15380
 
     --------------------------------------------------------------------------------------------
     Tot. elapsed time 02m-11.1s,  time spent in last iteration 09.8s
     --------------------------------------------------------------------------------------------

                       *----------*              *----------*               *----------*
     #     Iteration = |       15 |   WBSE_dim = |        2 |   Diago_dim = |       32 |
                       *----------*              *----------*               *----------*
     s-DIAGOX done in < 00.1s with LAPACK
     --------------------------------------------------------------------------------------------
     Max diff =  0.382E-04
 
        0.15375   0.15376
 
     --------------------------------------------------------------------------------------------
     Tot. elapsed time 02m-21.0s,  time spent in last iteration 09.9s
     --------------------------------------------------------------------------------------------

                       *----------*              *----------*               *----------*
     #     Iteration = |       16 |   WBSE_dim = |        2 |   Diago_dim = |       34 |
                       *----------*              *----------*               *----------*
     s-DIAGOX done in < 00.1s with LAPACK
     --------------------------------------------------------------------------------------------
     Max diff =  0.305E-04
 
        0.15372   0.15373
 
     --------------------------------------------------------------------------------------------
     Tot. elapsed time 02m-31.0s,  time spent in last iteration 09.9s
     --------------------------------------------------------------------------------------------

                       *----------*              *----------*               *----------*
     #     Iteration = |       17 |   WBSE_dim = |        2 |   Diago_dim = |       36 |
                       *----------*              *----------*               *----------*
     s-DIAGOX done in < 00.1s with LAPACK
     --------------------------------------------------------------------------------------------
     Max diff =  0.240E-04
 
        0.15370   0.15371
 
     --------------------------------------------------------------------------------------------
     Tot. elapsed time 02m-41.5s,  time spent in last iteration 10.4s
     --------------------------------------------------------------------------------------------

                       *----------*              *----------*               *----------*
     #     Iteration = |       18 |   WBSE_dim = |        2 |   Diago_dim = |       38 |
                       *----------*              *----------*               *----------*
     s-DIAGOX done in < 00.1s with LAPACK
     --------------------------------------------------------------------------------------------
     Max diff =  0.179E-04
 
        0.15368   0.15369
 
     --------------------------------------------------------------------------------------------
     Tot. elapsed time 02m-51.9s,  time spent in last iteration 10.4s
     --------------------------------------------------------------------------------------------

                       *----------*              *----------*               *----------*
     #     Iteration = |       19 |   WBSE_dim = |        2 |   Diago_dim = |       40 |
                       *----------*              *----------*               *----------*
     s-DIAGOX done in < 00.1s with LAPACK
     --------------------------------------------------------------------------------------------
     Max diff =  0.142E-04
 
        0.15367   0.15368
 
     --------------------------------------------------------------------------------------------
     Tot. elapsed time 03m-02.4s,  time spent in last iteration 10.5s
     --------------------------------------------------------------------------------------------

       Refresh the basis set

                       *----------*              *----------*               *----------*
     #     Iteration = |       20 |   WBSE_dim = |        2 |   Diago_dim = |        4 |
                       *----------*              *----------*               *----------*
     s-DIAGOX done in < 00.1s with LAPACK
     --------------------------------------------------------------------------------------------
     Max diff =  0.655E-05
 
        0.15366   0.15367
 
     --------------------------------------------------------------------------------------------
     Tot. elapsed time 03m-12.6s,  time spent in last iteration 07.5s
     --------------------------------------------------------------------------------------------

                       *----------*              *----------*               *----------*
     #     Iteration = |       21 |   WBSE_dim = |        2 |   Diago_dim = |        6 |
                       *----------*              *----------*               *----------*
     s-DIAGOX done in < 00.1s with LAPACK
     --------------------------------------------------------------------------------------------
     Max diff =  0.647E-05
 
        0.15365   0.15366
 
     --------------------------------------------------------------------------------------------
     Tot. elapsed time 03m-20.3s,  time spent in last iteration 07.6s
     --------------------------------------------------------------------------------------------

                       *----------*              *----------*               *----------*
     #     Iteration = |       22 |   WBSE_dim = |        2 |   Diago_dim = |        8 |
                       *----------*              *----------*               *----------*
     s-DIAGOX done in < 00.1s with LAPACK
     --------------------------------------------------------------------------------------------
     Max diff =  0.650E-05
 
        0.15365   0.15366
 
     --------------------------------------------------------------------------------------------
     Tot. elapsed time 03m-28.1s,  time spent in last iteration 07.7s
     --------------------------------------------------------------------------------------------

                       *----------*              *----------*               *----------*
     #     Iteration = |       23 |   WBSE_dim = |        2 |   Diago_dim = |       10 |
                       *----------*              *----------*               *----------*
     s-DIAGOX done in < 00.1s with LAPACK
     --------------------------------------------------------------------------------------------
     Max diff =  0.634E-05
 
        0.15364   0.15365
 
     --------------------------------------------------------------------------------------------
     Tot. elapsed time 03m-36.2s,  time spent in last iteration 08.0s
     --------------------------------------------------------------------------------------------

                       *----------*              *----------*               *----------*
     #     Iteration = |       24 |   WBSE_dim = |        2 |   Diago_dim = |       12 |
                       *----------*              *----------*               *----------*
     s-DIAGOX done in < 00.1s with LAPACK
     --------------------------------------------------------------------------------------------
     Max diff =  0.593E-05
 
        0.15364   0.15364
 
     --------------------------------------------------------------------------------------------
     Tot. elapsed time 03m-44.3s,  time spent in last iteration 08.1s
     --------------------------------------------------------------------------------------------

                       *----------*              *----------*               *----------*
     #     Iteration = |       25 |   WBSE_dim = |        2 |   Diago_dim = |       14 |
                       *----------*              *----------*               *----------*
     s-DIAGOX done in < 00.1s with LAPACK
     --------------------------------------------------------------------------------------------
     Max diff =  0.532E-05
 
        0.15363   0.15364
 
     --------------------------------------------------------------------------------------------
     Tot. elapsed time 03m-52.6s,  time spent in last iteration 08.3s
     --------------------------------------------------------------------------------------------

                       *----------*              *----------*               *----------*
     #     Iteration = |       26 |   WBSE_dim = |        2 |   Diago_dim = |       16 |
                       *----------*              *----------*               *----------*
     s-DIAGOX done in < 00.1s with LAPACK
     --------------------------------------------------------------------------------------------
     Max diff =  0.463E-05
 
        0.15363   0.15363
 
     --------------------------------------------------------------------------------------------
     Tot. elapsed time 04m-01.0s,  time spent in last iteration 08.4s
     --------------------------------------------------------------------------------------------

                       *----------*              *----------*               *----------*
     #     Iteration = |       27 |   WBSE_dim = |        2 |   Diago_dim = |       18 |
                       *----------*              *----------*               *----------*
     s-DIAGOX done in < 00.1s with LAPACK
     --------------------------------------------------------------------------------------------
     Max diff =  0.401E-05
 
        0.15362   0.15363
 
     --------------------------------------------------------------------------------------------
     Tot. elapsed time 04m-09.7s,  time spent in last iteration 08.6s
     --------------------------------------------------------------------------------------------

                       *----------*              *----------*               *----------*
     #     Iteration = |       28 |   WBSE_dim = |        2 |   Diago_dim = |       20 |
                       *----------*              *----------*               *----------*
     s-DIAGOX done in < 00.1s with LAPACK
     --------------------------------------------------------------------------------------------
     Max diff =  0.341E-05
 
        0.15362   0.15363
 
     --------------------------------------------------------------------------------------------
     Tot. elapsed time 04m-18.6s,  time spent in last iteration 08.8s
     --------------------------------------------------------------------------------------------

                       *----------*              *----------*               *----------*
     #     Iteration = |       29 |   WBSE_dim = |        2 |   Diago_dim = |       22 |
                       *----------*              *----------*               *----------*
     s-DIAGOX done in < 00.1s with LAPACK
     --------------------------------------------------------------------------------------------
     Max diff =  0.306E-05
 
        0.15361   0.15362
 
     --------------------------------------------------------------------------------------------
     Tot. elapsed time 04m-27.6s,  time spent in last iteration 08.9s
     --------------------------------------------------------------------------------------------

                       *----------*              *----------*               *----------*
     #     Iteration = |       30 |   WBSE_dim = |        2 |   Diago_dim = |       24 |
                       *----------*              *----------*               *----------*
     s-DIAGOX done in < 00.1s with LAPACK
     --------------------------------------------------------------------------------------------
     Max diff =  0.272E-05
 
        0.15361   0.15362
 
     --------------------------------------------------------------------------------------------
     Tot. elapsed time 04m-36.9s,  time spent in last iteration 09.2s
     --------------------------------------------------------------------------------------------

                       *----------*              *----------*               *----------*
     #     Iteration = |       31 |   WBSE_dim = |        2 |   Diago_dim = |       26 |
                       *----------*              *----------*               *----------*
     s-DIAGOX done in < 00.1s with LAPACK
     --------------------------------------------------------------------------------------------
     Max diff =  0.269E-05
 
        0.15361   0.15362
 
     --------------------------------------------------------------------------------------------
     Tot. elapsed time 04m-46.2s,  time spent in last iteration 09.3s
     --------------------------------------------------------------------------------------------

                       *----------*              *----------*               *----------*
     #     Iteration = |       32 |   WBSE_dim = |        2 |   Diago_dim = |       28 |
                       *----------*              *----------*               *----------*
     s-DIAGOX done in < 00.1s with LAPACK
     --------------------------------------------------------------------------------------------
     Max diff =  0.242E-05
 
        0.15361   0.15362
 
     --------------------------------------------------------------------------------------------
     Tot. elapsed time 04m-55.7s,  time spent in last iteration 09.5s
     --------------------------------------------------------------------------------------------

                       *----------*              *----------*               *----------*
     #     Iteration = |       33 |   WBSE_dim = |        2 |   Diago_dim = |       30 |
                       *----------*              *----------*               *----------*
     s-DIAGOX done in < 00.1s with LAPACK
     --------------------------------------------------------------------------------------------
     Max diff =  0.221E-05
 
        0.15360   0.15361
 
     --------------------------------------------------------------------------------------------
     Tot. elapsed time 05m-05.4s,  time spent in last iteration 09.7s
     --------------------------------------------------------------------------------------------

                       *----------*              *----------*               *----------*
     #     Iteration = |       34 |   WBSE_dim = |        2 |   Diago_dim = |       32 |
                       *----------*              *----------*               *----------*
     s-DIAGOX done in < 00.1s with LAPACK
     --------------------------------------------------------------------------------------------
     Max diff =  0.191E-05
 
        0.15360   0.15361
 
     --------------------------------------------------------------------------------------------
     Tot. elapsed time 05m-15.3s,  time spent in last iteration 09.7s
     --------------------------------------------------------------------------------------------

                       *----------*              *----------*               *----------*
     #     Iteration = |       35 |   WBSE_dim = |        2 |   Diago_dim = |       34 |
                       *----------*              *----------*               *----------*
     s-DIAGOX done in < 00.1s with LAPACK
     --------------------------------------------------------------------------------------------
     Max diff =  0.144E-05
 
        0.15360   0.15361
 
     --------------------------------------------------------------------------------------------
     Tot. elapsed time 05m-25.3s,  time spent in last iteration 10.0s
     --------------------------------------------------------------------------------------------

                       *----------*              *----------*               *----------*
     #     Iteration = |       36 |   WBSE_dim = |        2 |   Diago_dim = |       36 |
                       *----------*              *----------*               *----------*
     s-DIAGOX done in < 00.1s with LAPACK
     --------------------------------------------------------------------------------------------
     Max diff =  0.111E-05
 
        0.15360   0.15361
 
     --------------------------------------------------------------------------------------------
     Tot. elapsed time 05m-35.6s,  time spent in last iteration 10.2s
     --------------------------------------------------------------------------------------------

                       *----------*              *----------*               *----------*
     #     Iteration = |       37 |   WBSE_dim = |        2 |   Diago_dim = |       38 |
                       *----------*              *----------*               *----------*
     s-DIAGOX done in < 00.1s with LAPACK
     --------------------------------------------------------------------------------------------
     Max diff =  0.781E-06
 
        0.15360   0.15361
 
     --------------------------------------------------------------------------------------------
     Tot. elapsed time 05m-45.9s,  time spent in last iteration 10.3s
     --------------------------------------------------------------------------------------------

                       *----------*              *----------*               *----------*
     #     Iteration = |       38 |   WBSE_dim = |        2 |   Diago_dim = |       40 |
                       *----------*              *----------*               *----------*
     s-DIAGOX done in < 00.1s with LAPACK
     --------------------------------------------------------------------------------------------
     Max diff =  0.487E-06
 
        0.15360   0.15361
 
     --------------------------------------------------------------------------------------------
     Tot. elapsed time 05m-56.5s,  time spent in last iteration 10.5s
     --------------------------------------------------------------------------------------------

       Refresh the basis set

                       *----------*              *----------*               *----------*
     #     Iteration = |       39 |   WBSE_dim = |        2 |   Diago_dim = |        4 |
                       *----------*              *----------*               *----------*
     s-DIAGOX done in < 00.1s with LAPACK
     --------------------------------------------------------------------------------------------
     Max diff =  0.169E-06
 
        0.15360   0.15361
 
     --------------------------------------------------------------------------------------------
     Tot. elapsed time 06m-06.7s,  time spent in last iteration 07.5s
     --------------------------------------------------------------------------------------------

                       *----------*              *----------*               *----------*
     #     Iteration = |       40 |   WBSE_dim = |        2 |   Diago_dim = |        6 |
                       *----------*              *----------*               *----------*
     s-DIAGOX done in < 00.1s with LAPACK
     --------------------------------------------------------------------------------------------
     Max diff =  0.104E-06
 
        0.15360   0.15361
 
     --------------------------------------------------------------------------------------------
     Tot. elapsed time 06m-14.3s,  time spent in last iteration 07.6s
     --------------------------------------------------------------------------------------------

                       *----------*              *----------*               *----------*
     #     Iteration = |       41 |   WBSE_dim = |        2 |   Diago_dim = |        8 |
                       *----------*              *----------*               *----------*
     s-DIAGOX done in < 00.1s with LAPACK
     --------------------------------------------------------------------------------------------
     Max diff =  0.101E-06
 
        0.15360   0.15361
 
     --------------------------------------------------------------------------------------------
     Tot. elapsed time 06m-22.2s,  time spent in last iteration 07.8s
     --------------------------------------------------------------------------------------------

                       *----------*              *----------*               *----------*
     #     Iteration = |       42 |   WBSE_dim = |        2 |   Diago_dim = |       10 |
                       *----------*              *----------*               *----------*
     s-DIAGOX done in < 00.1s with LAPACK
     --------------------------------------------------------------------------------------------
     Max diff =  0.927E-07
 
        0.15360   0.15361
 
     --------------------------------------------------------------------------------------------
     Tot. elapsed time 06m-30.2s,  time spent in last iteration 07.9s
     --------------------------------------------------------------------------------------------

                       *----------*              *----------*               *----------*
     #     Iteration = |       43 |   WBSE_dim = |        2 |   Diago_dim = |       12 |
                       *----------*              *----------*               *----------*
     s-DIAGOX done in < 00.1s with LAPACK
     --------------------------------------------------------------------------------------------
     Max diff =  0.763E-07
 
        0.15360   0.15361
 
     --------------------------------------------------------------------------------------------
     Tot. elapsed time 06m-38.5s,  time spent in last iteration 08.3s
     --------------------------------------------------------------------------------------------

                       *----------*              *----------*               *----------*
     #     Iteration = |       44 |   WBSE_dim = |        2 |   Diago_dim = |       14 |
                       *----------*              *----------*               *----------*
     s-DIAGOX done in < 00.1s with LAPACK
     --------------------------------------------------------------------------------------------
     Max diff =  0.603E-07
 
        0.15360   0.15361
 
     --------------------------------------------------------------------------------------------
     Tot. elapsed time 06m-46.8s,  time spent in last iteration 08.3s
     --------------------------------------------------------------------------------------------

                       *----------*              *----------*               *----------*
     #     Iteration = |       45 |   WBSE_dim = |        2 |   Diago_dim = |       16 |
                       *----------*              *----------*               *----------*
     s-DIAGOX done in < 00.1s with LAPACK
     --------------------------------------------------------------------------------------------
     Max diff =  0.515E-07
 
        0.15360   0.15361
 
     --------------------------------------------------------------------------------------------
     Tot. elapsed time 06m-55.3s,  time spent in last iteration 08.4s
     --------------------------------------------------------------------------------------------

                       *----------*              *----------*               *----------*
     #     Iteration = |       46 |   WBSE_dim = |        2 |   Diago_dim = |       18 |
                       *----------*              *----------*               *----------*
     s-DIAGOX done in < 00.1s with LAPACK
     --------------------------------------------------------------------------------------------
     Max diff =  0.410E-07
 
        0.15360   0.15361
 
     --------------------------------------------------------------------------------------------
     Tot. elapsed time 07m-04.0s,  time spent in last iteration 08.6s
     --------------------------------------------------------------------------------------------

                       *----------*              *----------*               *----------*
     #     Iteration = |       47 |   WBSE_dim = |        2 |   Diago_dim = |       20 |
                       *----------*              *----------*               *----------*
     s-DIAGOX done in < 00.1s with LAPACK
     --------------------------------------------------------------------------------------------
     Max diff =  0.315E-07
 
        0.15360   0.15361
 
     --------------------------------------------------------------------------------------------
     Tot. elapsed time 07m-12.9s,  time spent in last iteration 08.8s
     --------------------------------------------------------------------------------------------

                       *----------*              *----------*               *----------*
     #     Iteration = |       48 |   WBSE_dim = |        2 |   Diago_dim = |       22 |
                       *----------*              *----------*               *----------*
     s-DIAGOX done in < 00.1s with LAPACK
     --------------------------------------------------------------------------------------------
     Max diff =  0.256E-07
 
        0.15360   0.15361
 
     --------------------------------------------------------------------------------------------
     Tot. elapsed time 07m-22.0s,  time spent in last iteration 09.1s
     --------------------------------------------------------------------------------------------

                       *----------*              *----------*               *----------*
     #     Iteration = |       49 |   WBSE_dim = |        2 |   Diago_dim = |       24 |
                       *----------*              *----------*               *----------*
     s-DIAGOX done in < 00.1s with LAPACK
     --------------------------------------------------------------------------------------------
     Max diff =  0.197E-07
 
        0.15360   0.15361
 
     --------------------------------------------------------------------------------------------
     Tot. elapsed time 07m-31.1s,  time spent in last iteration 09.1s
     --------------------------------------------------------------------------------------------

                       *----------*              *----------*               *----------*
     #     Iteration = |       50 |   WBSE_dim = |        2 |   Diago_dim = |       26 |
                       *----------*              *----------*               *----------*
     s-DIAGOX done in < 00.1s with LAPACK
     --------------------------------------------------------------------------------------------
     Max diff =  0.151E-07
 
        0.15360   0.15361
 
     --------------------------------------------------------------------------------------------
     Tot. elapsed time 07m-40.5s,  time spent in last iteration 09.3s
     --------------------------------------------------------------------------------------------

                       *----------*              *----------*               *----------*
     #     Iteration = |       51 |   WBSE_dim = |        2 |   Diago_dim = |       28 |
                       *----------*              *----------*               *----------*
     s-DIAGOX done in < 00.1s with LAPACK
     --------------------------------------------------------------------------------------------
     Max diff =  0.118E-07
 
        0.15360   0.15361
 
     --------------------------------------------------------------------------------------------
     Tot. elapsed time 07m-50.0s,  time spent in last iteration 09.4s
     --------------------------------------------------------------------------------------------

                       *----------*              *----------*               *----------*
     #     Iteration = |       52 |   WBSE_dim = |        2 |   Diago_dim = |       30 |
                       *----------*              *----------*               *----------*
     s-DIAGOX done in < 00.1s with LAPACK
     --------------------------------------------------------------------------------------------
     Max diff =  0.912E-08
 
        0.15360   0.15361
 
     --------------------------------------------------------------------------------------------
     Tot. elapsed time 07m-59.7s,  time spent in last iteration 09.6s
     --------------------------------------------------------------------------------------------

                       *----------*              *----------*               *----------*
     #     Iteration = |       53 |   WBSE_dim = |        2 |   Diago_dim = |       32 |
                       *----------*              *----------*               *----------*
     s-DIAGOX done in < 00.1s with LAPACK
     --------------------------------------------------------------------------------------------
     Max diff =  0.733E-08
 
        0.15360   0.15361
 
     --------------------------------------------------------------------------------------------
     Tot. elapsed time 08m-09.6s,  time spent in last iteration 09.8s
     --------------------------------------------------------------------------------------------

                       *----------*              *----------*               *----------*
     #     Iteration = |       54 |   WBSE_dim = |        2 |   Diago_dim = |       34 |
                       *----------*              *----------*               *----------*
     s-DIAGOX done in < 00.1s with LAPACK
     --------------------------------------------------------------------------------------------
     Max diff =  0.596E-08
 
        0.15360   0.15361
 
     --------------------------------------------------------------------------------------------
     Tot. elapsed time 08m-19.6s,  time spent in last iteration 10.0s
     --------------------------------------------------------------------------------------------

                       *----------*              *----------*               *----------*
     #     Iteration = |       55 |   WBSE_dim = |        2 |   Diago_dim = |       36 |
                       *----------*              *----------*               *----------*
     s-DIAGOX done in < 00.1s with LAPACK
     --------------------------------------------------------------------------------------------
     Max diff =  0.487E-08
 
        0.15360   0.15361
 
     --------------------------------------------------------------------------------------------
     Tot. elapsed time 08m-29.8s,  time spent in last iteration 10.1s
     --------------------------------------------------------------------------------------------

                       *----------*              *----------*               *----------*
     #     Iteration = |       56 |   WBSE_dim = |        2 |   Diago_dim = |       38 |
                       *----------*              *----------*               *----------*
     s-DIAGOX done in < 00.1s with LAPACK
     --------------------------------------------------------------------------------------------
     Max diff =  0.421E-08
 
        0.15360   0.15361
 
     --------------------------------------------------------------------------------------------
     Tot. elapsed time 08m-40.2s,  time spent in last iteration 10.4s
     --------------------------------------------------------------------------------------------

                       *----------*              *----------*               *----------*
     #     Iteration = |       57 |   WBSE_dim = |        2 |   Diago_dim = |       40 |
                       *----------*              *----------*               *----------*
     s-DIAGOX done in < 00.1s with LAPACK
     --------------------------------------------------------------------------------------------
     Max diff =  0.339E-08
 
        0.15360   0.15361
 
     --------------------------------------------------------------------------------------------
     Tot. elapsed time 08m-50.9s,  time spent in last iteration 10.6s
     --------------------------------------------------------------------------------------------

       Refresh the basis set

                       *----------*              *----------*               *----------*
     #     Iteration = |       58 |   WBSE_dim = |        2 |   Diago_dim = |        4 |
                       *----------*              *----------*               *----------*
     s-DIAGOX done in < 00.1s with LAPACK
     --------------------------------------------------------------------------------------------
     Max diff =  0.204E-08
 
        0.15360   0.15361
 
     --------------------------------------------------------------------------------------------
     Tot. elapsed time 09m-01.1s,  time spent in last iteration 07.4s
     --------------------------------------------------------------------------------------------

                       *----------*              *----------*               *----------*
     #     Iteration = |       59 |   WBSE_dim = |        2 |   Diago_dim = |        6 |
                       *----------*              *----------*               *----------*
     s-DIAGOX done in < 00.1s with LAPACK
     --------------------------------------------------------------------------------------------
     Max diff =  0.154E-08
 
        0.15360   0.15361
 
     --------------------------------------------------------------------------------------------
     Tot. elapsed time 09m-08.9s,  time spent in last iteration 07.7s
     --------------------------------------------------------------------------------------------

                       *----------*              *----------*               *----------*
     #     Iteration = |       60 |   WBSE_dim = |        2 |   Diago_dim = |        8 |
                       *----------*              *----------*               *----------*
     s-DIAGOX done in < 00.1s with LAPACK
     --------------------------------------------------------------------------------------------
     Max diff =  0.142E-08
 
        0.15360   0.15361
 
     --------------------------------------------------------------------------------------------
     Tot. elapsed time 09m-16.6s,  time spent in last iteration 07.7s
     --------------------------------------------------------------------------------------------

                       *----------*              *----------*               *----------*
     #     Iteration = |       61 |   WBSE_dim = |        2 |   Diago_dim = |       10 |
                       *----------*              *----------*               *----------*
     s-DIAGOX done in < 00.1s with LAPACK
     --------------------------------------------------------------------------------------------
     Max diff =  0.151E-08
 
        0.15360   0.15361
 
     --------------------------------------------------------------------------------------------
     Tot. elapsed time 09m-24.6s,  time spent in last iteration 07.9s
     --------------------------------------------------------------------------------------------

                       *----------*              *----------*               *----------*
     #     Iteration = |       62 |   WBSE_dim = |        2 |   Diago_dim = |       12 |
                       *----------*              *----------*               *----------*
     s-DIAGOX done in < 00.1s with LAPACK
     --------------------------------------------------------------------------------------------
     Max diff =  0.153E-08
 
        0.15360   0.15361
 
     --------------------------------------------------------------------------------------------
     Tot. elapsed time 09m-32.7s,  time spent in last iteration 08.1s
     --------------------------------------------------------------------------------------------

                       *----------*              *----------*               *----------*
     #     Iteration = |       63 |   WBSE_dim = |        2 |   Diago_dim = |       14 |
                       *----------*              *----------*               *----------*
     s-DIAGOX done in < 00.1s with LAPACK
     --------------------------------------------------------------------------------------------
     Max diff =  0.155E-08
 
        0.15360   0.15361
 
     --------------------------------------------------------------------------------------------
     Tot. elapsed time 09m-41.2s,  time spent in last iteration 08.4s
     --------------------------------------------------------------------------------------------

                       *----------*              *----------*               *----------*
     #     Iteration = |       64 |   WBSE_dim = |        2 |   Diago_dim = |       16 |
                       *----------*              *----------*               *----------*
     s-DIAGOX done in < 00.1s with LAPACK
     --------------------------------------------------------------------------------------------
     Max diff =  0.159E-08
 
        0.15360   0.15361
 
     --------------------------------------------------------------------------------------------
     Tot. elapsed time 09m-49.7s,  time spent in last iteration 08.4s
     --------------------------------------------------------------------------------------------

                       *----------*              *----------*               *----------*
     #     Iteration = |       65 |   WBSE_dim = |        2 |   Diago_dim = |       18 |
                       *----------*              *----------*               *----------*
     s-DIAGOX done in < 00.1s with LAPACK
     --------------------------------------------------------------------------------------------
     Max diff =  0.153E-08
 
        0.15360   0.15361
 
     --------------------------------------------------------------------------------------------
     Tot. elapsed time 09m-58.3s,  time spent in last iteration 08.6s
     --------------------------------------------------------------------------------------------

                       *----------*              *----------*               *----------*
     #     Iteration = |       66 |   WBSE_dim = |        2 |   Diago_dim = |       20 |
                       *----------*              *----------*               *----------*
     s-DIAGOX done in < 00.1s with LAPACK
     --------------------------------------------------------------------------------------------
     Max diff =  0.142E-08
 
        0.15360   0.15361
 
     --------------------------------------------------------------------------------------------
     Tot. elapsed time 10m-07.2s,  time spent in last iteration 08.8s
     --------------------------------------------------------------------------------------------

                       *----------*              *----------*               *----------*
     #     Iteration = |       67 |   WBSE_dim = |        2 |   Diago_dim = |       22 |
                       *----------*              *----------*               *----------*
     s-DIAGOX done in < 00.1s with LAPACK
     --------------------------------------------------------------------------------------------
     Max diff =  0.124E-08
 
        0.15360   0.15361
 
     --------------------------------------------------------------------------------------------
     Tot. elapsed time 10m-16.1s,  time spent in last iteration 08.9s
     --------------------------------------------------------------------------------------------

                       *----------*              *----------*               *----------*
     #     Iteration = |       68 |   WBSE_dim = |        2 |   Diago_dim = |       24 |
                       *----------*              *----------*               *----------*
     s-DIAGOX done in < 00.1s with LAPACK
     --------------------------------------------------------------------------------------------
     Max diff =  0.997E-09
 
        0.15360   0.15361
 
     --------------------------------------------------------------------------------------------
     Tot. elapsed time 10m-25.4s,  time spent in last iteration 09.2s
     --------------------------------------------------------------------------------------------

                       *----------*              *----------*               *----------*
     #     Iteration = |       69 |   WBSE_dim = |        2 |   Diago_dim = |       26 |
                       *----------*              *----------*               *----------*
     s-DIAGOX done in < 00.1s with LAPACK
     --------------------------------------------------------------------------------------------
     Max diff =  0.803E-09
 
        0.15360   0.15361
 
     --------------------------------------------------------------------------------------------
     Tot. elapsed time 10m-34.7s,  time spent in last iteration 09.3s
     --------------------------------------------------------------------------------------------

                       *----------*              *----------*               *----------*
     #     Iteration = |       70 |   WBSE_dim = |        2 |   Diago_dim = |       28 |
                       *----------*              *----------*               *----------*
     s-DIAGOX done in < 00.1s with LAPACK
     --------------------------------------------------------------------------------------------
     Max diff =  0.611E-09
 
        0.15360   0.15361
 
     --------------------------------------------------------------------------------------------
     Tot. elapsed time 10m-44.3s,  time spent in last iteration 09.5s
     --------------------------------------------------------------------------------------------

                       *----------*              *----------*               *----------*
     #     Iteration = |       71 |   WBSE_dim = |        2 |   Diago_dim = |       30 |
                       *----------*              *----------*               *----------*
     s-DIAGOX done in < 00.1s with LAPACK
     --------------------------------------------------------------------------------------------
     Max diff =  0.447E-09
 
        0.15360   0.15361
 
     --------------------------------------------------------------------------------------------
     Tot. elapsed time 10m-54.0s,  time spent in last iteration 09.7s
     --------------------------------------------------------------------------------------------

                       *----------*              *----------*               *----------*
     #     Iteration = |       72 |   WBSE_dim = |        2 |   Diago_dim = |       32 |
                       *----------*              *----------*               *----------*
     s-DIAGOX done in < 00.1s with LAPACK
     --------------------------------------------------------------------------------------------
     Max diff =  0.350E-09
 
        0.15360   0.15361
 
     --------------------------------------------------------------------------------------------
     Tot. elapsed time 11m-03.9s,  time spent in last iteration 09.8s
     --------------------------------------------------------------------------------------------

                       *----------*              *----------*               *----------*
     #     Iteration = |       73 |   WBSE_dim = |        2 |   Diago_dim = |       34 |
                       *----------*              *----------*               *----------*
     s-DIAGOX done in < 00.1s with LAPACK
     --------------------------------------------------------------------------------------------
     Max diff =  0.266E-09
 
        0.15360   0.15361
 
     --------------------------------------------------------------------------------------------
     Tot. elapsed time 11m-14.0s,  time spent in last iteration 10.1s
     --------------------------------------------------------------------------------------------

                       *----------*              *----------*               *----------*
     #     Iteration = |       74 |   WBSE_dim = |        2 |   Diago_dim = |       36 |
                       *----------*              *----------*               *----------*
     s-DIAGOX done in < 00.1s with LAPACK
     --------------------------------------------------------------------------------------------
     Max diff =  0.198E-09
 
        0.15360   0.15361
 
     --------------------------------------------------------------------------------------------
     Tot. elapsed time 11m-24.3s,  time spent in last iteration 10.2s
     --------------------------------------------------------------------------------------------

                       *----------*              *----------*               *----------*
     #     Iteration = |       75 |   WBSE_dim = |        2 |   Diago_dim = |       38 |
                       *----------*              *----------*               *----------*
     s-DIAGOX done in < 00.1s with LAPACK
     --------------------------------------------------------------------------------------------
     Max diff =  0.151E-09
 
        0.15360   0.15361
 
     --------------------------------------------------------------------------------------------
     Tot. elapsed time 11m-34.7s,  time spent in last iteration 10.3s
     --------------------------------------------------------------------------------------------

                       *----------*              *----------*               *----------*
     #     Iteration = |       76 |   WBSE_dim = |        2 |   Diago_dim = |       40 |
                       *----------*              *----------*               *----------*
     s-DIAGOX done in < 00.1s with LAPACK
     --------------------------------------------------------------------------------------------
     Max diff =  0.143E-09
 
        0.15360   0.15361
 
     --------------------------------------------------------------------------------------------
     Tot. elapsed time 11m-45.2s,  time spent in last iteration 10.5s
     --------------------------------------------------------------------------------------------

       Refresh the basis set

                       *----------*              *----------*               *----------*
     #     Iteration = |       77 |   WBSE_dim = |        2 |   Diago_dim = |        4 |
                       *----------*              *----------*               *----------*
     s-DIAGOX done in < 00.1s with LAPACK
     --------------------------------------------------------------------------------------------
     Max diff =  0.907E-10
 
        0.15360   0.15361
 
     --------------------------------------------------------------------------------------------
     Tot. elapsed time 11m-55.5s,  time spent in last iteration 07.5s
     --------------------------------------------------------------------------------------------
 
     --------------------------------------------------------------------------------------------
     SAVE written in 16.5s
     In location : ./pwscf.wbse.save
     --------------------------------------------------------------------------------------------
 
     --------------------------------------------------------------------------------------------
     Convergence achieved !!! in       77 steps
     --------------------------------------------------------------------------------------------
     WBSE         :  11m36.73s CPU  13m13.71s WALL

     wbse_readin  :      0.83s CPU      1.04s WALL (       1 calls)
     fetch_input  :      0.01s CPU      0.01s WALL (       2 calls)
     fft          :      5.56s CPU      5.60s WALL (    2826 calls)
     fft_scatter  :     74.40s CPU     75.45s WALL (  242442 calls)
     init_vloc    :      0.04s CPU      0.04s WALL (       2 calls)
     init_us_1    :      0.00s CPU      0.00s WALL (       2 calls)
     v_of_rho     :      0.08s CPU      0.09s WALL (       1 calls)
     v_xc         :      0.08s CPU      0.09s WALL (       1 calls)
     v_h          :      0.00s CPU      0.00s WALL (       1 calls)
     do_setup     :     32.52s CPU     59.51s WALL (       1 calls)
     init_pw_ar   :     32.52s CPU     59.51s WALL (       1 calls)
     hinit0       :      0.12s CPU      0.13s WALL (       1 calls)
     davcio       :      0.33s CPU     32.67s WALL (    1248 calls)
     sqvc_init    :      0.00s CPU      0.00s WALL (       1 calls)
     dv_setup     :      0.29s CPU      0.33s WALL (       1 calls)
     setup_dmuxc  :      0.06s CPU      0.07s WALL (       1 calls)
     setup_dgc    :      0.23s CPU      0.26s WALL (       1 calls)
     chidiago     :    663.09s CPU    732.80s WALL (       1 calls)
     vc_init      :      0.00s CPU      0.29s WALL (       1 calls)
     paramgs      :     61.21s CPU     62.48s WALL (      78 calls)
     liouv        :    437.83s CPU    465.85s WALL (     156 calls)
     calc_dens    :     86.04s CPU     94.69s WALL (     156 calls)
     fftw         :    178.50s CPU    180.53s WALL (  239616 calls)
     dv_drho      :     13.08s CPU     13.19s WALL (     156 calls)
     init_us_2    :     20.20s CPU     20.38s WALL (     312 calls)
     init_us_2:cp :     20.19s CPU     20.38s WALL (     312 calls)
     h_psi        :    206.59s CPU    209.11s WALL (     312 calls)
     h_psi:pot    :    205.38s CPU    207.40s WALL (     312 calls)
     vloc_psi     :     71.91s CPU     72.79s WALL (     312 calls)
     h_psi:calbec :     68.97s CPU     69.61s WALL (     312 calls)
     calbec       :     68.97s CPU     69.61s WALL (     312 calls)
     add_vuspsi   :     64.50s CPU     64.99s WALL (     312 calls)
     alphapc      :     70.41s CPU     71.08s WALL (     620 calls)
     build_hr     :     20.71s CPU     20.80s WALL (      78 calls)
     diagox       :      0.02s CPU      0.20s WALL (      78 calls)
     redistr_vr   :      0.07s CPU      0.07s WALL (      77 calls)
     update_vr    :     91.49s CPU    108.02s WALL (      77 calls)
     precd_ag     :      0.99s CPU      1.01s WALL (      77 calls)
     chidiago:las :      9.18s CPU     10.90s WALL (       5 calls)
     refresh_vr   :      9.69s CPU     11.60s WALL (       9 calls)
     plep_db      :      3.37s CPU     16.52s WALL (       1 calls)
     plep_write   :      3.03s CPU     14.01s WALL (       2 calls)
 
     WBSE         :  11m36.73s CPU  13m13.72s WALL

 
   This run was terminated on:  11:26:20  11Sep2023            

=------------------------------------------------------------------------------=
   JOB DONE.
=------------------------------------------------------------------------------=
