MPI startup(): shm:dapl fabric is unknown or has been removed from the product, please use ofi or shm:ofi instead.

     Program WBSE_INIT v. 5.5.0 git rev. v5.5.0-44-g79ff716 starts on  1Sep2023 at 14:55:15 

     This program is part of the open-source West suite
     for massively parallel calculations of excited states in materials; please cite
         "M. Govoni et al., J. Chem. Theory Comput. 11, 2680 (2015);
          URL http://www.west-code.org",
     in publications or presentations arising from this work.

     Based on the Quantum ESPRESSO v. 7.2

     I/O is Little Endian
 
     --------------------------------------------------------------------------------------------
     **MPI** Parallelization Status
     --------------------------------------------------------------------------------------------
                   112                   4             1             1            28
     --------------------------------------------------------------------------------------------
                     N         =         I      X      P      X      B      X      Z
                     ^                   ^             ^             ^             ^
                     |                   |             |             |             |
                   #rnk                  |             |             |             |
                                      #image           |             |             |
                                                     #pool           |             |
                                                                   #bgrp           |
                                                                                 #R&G
     --------------------------------------------------------------------------------------------
     **OPENMP** Parallelization Status
     #thr/rnk               =            1
     --------------------------------------------------------------------------------------------
     #prc = (rnk) * (thr) =          112
     --------------------------------------------------------------------------------------------

     --------------------------------------------------------------------------------------------
     I/O Summary : input_west
     --------------------------------------------------------------------------------------------
     qe_prefix : pwscf
     west_prefix : pwscf
     outdir : ./
     --------------------------------------------------------------------------------------------

     Reading xml data from directory:

     ./pwscf.save/
     EXX fraction changed:   0.15
     EXX Screening parameter changed:    0.0000000

     IMPORTANT: XC functional enforced from input :
     Exchange-correlation= PBE0
                           (   6   4   8   4   0   0   0)
     EXX-fraction              =        0.15
     Any further DFT definition will be discarded
     Please, verify this is what you really want

 
     Parallelization info
     --------------------
     sticks:   dense  smooth     PW     G-vecs:    dense   smooth      PW
     Min         501     501    123                31490    31490    3928
     Max         504     504    126                31496    31496    3938
     Sum       14071   14071   3505               881813   881813  110135
 
     Using Slab Decomposition
 

     --------------------------------------------------------------------------------------------
     I/O Summary : server_control
     --------------------------------------------------------------------------------------------
     document : {}
     --------------------------------------------------------------------------------------------

     --------------------------------------------------------------------------------------------
     I/O Summary : wbse_init_control
     --------------------------------------------------------------------------------------------
     wbse_init_calculation : S
     solver : TDDFT
     bse_method : PDEP
     n_pdep_eigen_to_use : 792
     localization : W
     wfc_from_qbox : qb_wfc
     bisection_info : bis_info
     chi_kernel : CHI
     overlap_thr : 0.001
     spin_channel : 0
     n_trunc_bands : 0
     --------------------------------------------------------------------------------------------
       ** WARNING : EXX use_ace          = F
       ** WARNING : EXX alpha            =       0.150000
       ** WARNING : EXX erfc_scrlen      =       0.000000
       ** WARNING : EXX gau_scrlen       =       0.000000
       ** WARNING : EXX ecutfock         =     240.000000
       ** WARNING : EXX exxdiv_treatment = gb
     EXX: q-point mesh:     1    1    1
     EXX: grid of k+q points same as grid of k-points

     EXX grid:   440907 G-vectors     FFT dimensions: ( 144, 144,  96)
       ** WARNING : EXX-exxdiv           =   -2736.947364
 
     --------------------------------------------------------------------------------------------
     System Overview
     --------------------------------------------------------------------------------------------
     gamma_only           =              T
     ecutwfc [Ry]         =      60.000000
     ecutrho [Ry]         =     240.000000
     omega [au^3]         =   1.404716E+04
     nbnd                 =            800
     nkstot               =              2
     nspin                =              2
     nelec                =     792.000000
     nelup                =     397.000000
     neldw                =     395.000000
     npol                 =              1
     lsda                 =              T
     noncolin             =              F
     lspinorb             =              F
     --------------------------------------------------------------------------------------------

     3DFFT grid
        s : ( 144, 144,  96)
        p : ( 144, 144,  96)

     Direct Lattice Cell [a.u.]
        a1 = (    29.1679227     0.0000000     0.0000000)
        a2 = (   -14.5839614    25.2601621     0.0000000)
        a3 = (     0.0000000     0.0000000    19.0654469)

     Reciprocal Lattice Cell [a.u.]
        b1 = (     0.2154142     0.1243695     0.0000000)
        b2 = (     0.0000000     0.2487389     0.0000000)
        b3 = (     0.0000000     0.0000000     0.3295588)
 

     Brillouin Zone sampling [cryst. coord.]
 
        k(000001) = (     0.0000000     0.0000000     0.0000000)
     Divergence =   1.948399E-01
 
     --------------------------------------------------------------------------------------------
     Parallelization for wann_local
     --------------------------------------------------------------------------------------------
     nglob                =            397
     nlevel               =              4
     Min nglob/nlevel     =             99
     Max nglob/nlevel     =            100
     --------------------------------------------------------------------------------------------
 
     --------------------------------------------------------------------------------------------
     Wannier localization
     --------------------------------------------------------------------------------------------
     in progress... |#                   | 005% :               02.4s (E)               49.9s (X)
     in progress... |##                  | 010% :               04.9s (E)               49.2s (X)
     in progress... |###                 | 015% :               06.4s (E)               43.3s (X)
     in progress... |####                | 020% :               08.7s (E)               43.9s (X)
     in progress... |#####               | 025% :               11.0s (E)               44.0s (X)
     in progress... |######              | 030% :               13.1s (E)               43.8s (X)
     in progress... |#######             | 035% :               15.2s (E)               43.4s (X)
     in progress... |########            | 040% :               17.2s (E)               43.0s (X)
     in progress... |#########           | 045% :               19.1s (E)               42.5s (X)
     in progress... |##########          | 050% :               21.5s (E)               43.1s (X)
     in progress... |###########         | 055% :               23.3s (E)               42.3s (X)
     in progress... |############        | 060% :               25.6s (E)               42.6s (X)
     in progress... |#############       | 065% :               27.6s (E)               42.5s (X)
     in progress... |##############      | 070% :               30.0s (E)               42.9s (X)
     in progress... |###############     | 075% :               31.8s (E)               42.4s (X)
     in progress... |################    | 080% :               34.1s (E)               42.7s (X)
     in progress... |#################   | 085% :               36.2s (E)               42.6s (X)
     in progress... |##################  | 090% :               38.3s (E)               42.5s (X)
     in progress... |################### | 095% :               40.3s (E)               42.4s (X)
     in progress... |####################| 100% :               42.3s (E)               42.3s (X)
     --------------------------------------------------------------------------------------------
 
     --------------------------------------------------------------------------------------------
     Wannier overlap
     --------------------------------------------------------------------------------------------
     in progress... |#                   | 005% :               04.5s (E)           01m-31.8s (X)
     in progress... |##                  | 010% :               05.5s (E)               55.9s (X)
     in progress... |###                 | 015% :               06.2s (E)               41.5s (X)
     in progress... |####                | 020% :               07.1s (E)               35.9s (X)
     in progress... |#####               | 025% :               08.1s (E)               32.4s (X)
     in progress... |######              | 030% :               08.9s (E)               29.9s (X)
     in progress... |#######             | 035% :               09.8s (E)               28.1s (X)
     in progress... |########            | 040% :               10.6s (E)               26.6s (X)
     in progress... |#########           | 045% :               11.4s (E)               25.4s (X)
     in progress... |##########          | 050% :               12.4s (E)               24.9s (X)
     in progress... |###########         | 055% :               13.1s (E)               23.9s (X)
     in progress... |############        | 060% :               14.0s (E)               23.4s (X)
     in progress... |#############       | 065% :               14.9s (E)               22.9s (X)
     in progress... |##############      | 070% :               15.9s (E)               22.7s (X)
     in progress... |###############     | 075% :               16.6s (E)               22.2s (X)
     in progress... |################    | 080% :               17.6s (E)               22.0s (X)
     in progress... |#################   | 085% :               18.5s (E)               21.7s (X)
     in progress... |##################  | 090% :               19.3s (E)               21.5s (X)
     in progress... |################### | 095% :               20.2s (E)               21.2s (X)
     in progress... |####################| 100% :               21.0s (E)               21.0s (X)
     --------------------------------------------------------------------------------------------

     Writing overlap and rotation matrices to ./pwscf.wbse_init.save/o_and_u.1.dat
 
     --------------------------------------------------------------------------------------------
     Parallelization for n_pairs
     --------------------------------------------------------------------------------------------
     nglob                =           6486
     nlevel               =              4
     Min nglob/nlevel     =           1621
     Max nglob/nlevel     =           1622
     --------------------------------------------------------------------------------------------
 
     --------------------------------------------------------------------------------------------
     Applying CHI kernel with PDEP
     --------------------------------------------------------------------------------------------
     in progress... |#                   | 005% :               00.5s (E)               10.8s (X)
     in progress... |##                  | 010% :               01.0s (E)               10.2s (X)
     in progress... |###                 | 015% :               01.5s (E)               10.1s (X)
     in progress... |####                | 020% :               02.0s (E)               10.4s (X)
     in progress... |#####               | 025% :               02.6s (E)               10.6s (X)
     in progress... |######              | 030% :               03.1s (E)               10.4s (X)
     in progress... |#######             | 035% :               03.7s (E)               10.6s (X)
     in progress... |########            | 040% :               04.3s (E)               10.9s (X)
     in progress... |#########           | 045% :               04.8s (E)               10.7s (X)
     in progress... |##########          | 050% :               05.4s (E)               10.8s (X)
     in progress... |###########         | 055% :               05.8s (E)               10.6s (X)
     in progress... |############        | 060% :               06.4s (E)               10.7s (X)
     in progress... |#############       | 065% :               07.0s (E)               10.8s (X)
     in progress... |##############      | 070% :               07.5s (E)               10.7s (X)
     in progress... |###############     | 075% :               07.9s (E)               10.6s (X)
     in progress... |################    | 080% :               08.6s (E)               10.8s (X)
     in progress... |#################   | 085% :               09.1s (E)               10.8s (X)
     in progress... |##################  | 090% :               09.7s (E)               10.8s (X)
     in progress... |################### | 095% :               10.2s (E)               10.7s (X)
     in progress... |####################| 100% :               10.7s (E)               10.7s (X)
     --------------------------------------------------------------------------------------------
 
     --------------------------------------------------------------------------------------------
     Parallelization for wann_local
     --------------------------------------------------------------------------------------------
     nglob                =            395
     nlevel               =              4
     Min nglob/nlevel     =             98
     Max nglob/nlevel     =             99
     --------------------------------------------------------------------------------------------
 
     --------------------------------------------------------------------------------------------
     Wannier localization
     --------------------------------------------------------------------------------------------
     in progress... |#                   | 005% :               02.5s (E)               50.5s (X)
     in progress... |##                  | 010% :               05.0s (E)               50.3s (X)
     in progress... |###                 | 015% :               06.6s (E)               44.3s (X)
     in progress... |####                | 020% :               08.9s (E)               44.9s (X)
     in progress... |#####               | 025% :               11.2s (E)               44.8s (X)
     in progress... |######              | 030% :               13.3s (E)               44.4s (X)
     in progress... |#######             | 035% :               15.4s (E)               44.0s (X)
     in progress... |########            | 040% :               17.4s (E)               43.5s (X)
     in progress... |#########           | 045% :               19.3s (E)               42.9s (X)
     in progress... |##########          | 050% :               21.7s (E)               43.4s (X)
     in progress... |###########         | 055% :               23.4s (E)               42.6s (X)
     in progress... |############        | 060% :               25.6s (E)               42.7s (X)
     in progress... |#############       | 065% :               27.8s (E)               42.8s (X)
     in progress... |##############      | 070% :               29.7s (E)               42.5s (X)
     in progress... |###############     | 075% :               31.9s (E)               42.6s (X)
     in progress... |################    | 080% :               33.9s (E)               42.4s (X)
     in progress... |#################   | 085% :               36.0s (E)               42.4s (X)
     in progress... |##################  | 090% :               38.1s (E)               42.4s (X)
     in progress... |################### | 095% :               40.4s (E)               42.5s (X)
     in progress... |####################| 100% :               42.3s (E)               42.3s (X)
     --------------------------------------------------------------------------------------------
 
     --------------------------------------------------------------------------------------------
     Wannier overlap
     --------------------------------------------------------------------------------------------
     in progress... |#                   | 005% :               04.7s (E)           01m-35.0s (X)
     in progress... |##                  | 010% :               05.7s (E)               57.5s (X)
     in progress... |###                 | 015% :               06.3s (E)               42.6s (X)
     in progress... |####                | 020% :               07.3s (E)               36.7s (X)
     in progress... |#####               | 025% :               08.2s (E)               33.0s (X)
     in progress... |######              | 030% :               09.1s (E)               30.4s (X)
     in progress... |#######             | 035% :               09.9s (E)               28.5s (X)
     in progress... |########            | 040% :               10.7s (E)               26.9s (X)
     in progress... |#########           | 045% :               11.5s (E)               25.7s (X)
     in progress... |##########          | 050% :               12.5s (E)               25.1s (X)
     in progress... |###########         | 055% :               13.2s (E)               24.1s (X)
     in progress... |############        | 060% :               14.2s (E)               23.6s (X)
     in progress... |#############       | 065% :               15.0s (E)               23.1s (X)
     in progress... |##############      | 070% :               15.8s (E)               22.6s (X)
     in progress... |###############     | 075% :               16.7s (E)               22.3s (X)
     in progress... |################    | 080% :               17.5s (E)               21.9s (X)
     in progress... |#################   | 085% :               18.4s (E)               21.7s (X)
     in progress... |##################  | 090% :               19.3s (E)               21.4s (X)
     in progress... |################### | 095% :               20.2s (E)               21.3s (X)
     in progress... |####################| 100% :               21.0s (E)               21.0s (X)
     --------------------------------------------------------------------------------------------

     Writing overlap and rotation matrices to ./pwscf.wbse_init.save/o_and_u.2.dat
 
     --------------------------------------------------------------------------------------------
     Parallelization for n_pairs
     --------------------------------------------------------------------------------------------
     nglob                =           6502
     nlevel               =              4
     Min nglob/nlevel     =           1625
     Max nglob/nlevel     =           1626
     --------------------------------------------------------------------------------------------
 
     --------------------------------------------------------------------------------------------
     Applying CHI kernel with PDEP
     --------------------------------------------------------------------------------------------
     in progress... |#                   | 005% :               00.6s (E)               12.9s (X)
     in progress... |##                  | 010% :               01.0s (E)               10.9s (X)
     in progress... |###                 | 015% :               01.6s (E)               10.9s (X)
     in progress... |####                | 020% :               02.1s (E)               10.5s (X)
     in progress... |#####               | 025% :               02.7s (E)               10.8s (X)
     in progress... |######              | 030% :               03.1s (E)               10.6s (X)
     in progress... |#######             | 035% :               03.6s (E)               10.4s (X)
     in progress... |########            | 040% :               04.2s (E)               10.6s (X)
     in progress... |#########           | 045% :               04.7s (E)               10.5s (X)
     in progress... |##########          | 050% :               05.1s (E)               10.3s (X)
     in progress... |###########         | 055% :               05.7s (E)               10.5s (X)
     in progress... |############        | 060% :               06.2s (E)               10.4s (X)
     in progress... |#############       | 065% :               06.8s (E)               10.5s (X)
     in progress... |##############      | 070% :               07.2s (E)               10.4s (X)
     in progress... |###############     | 075% :               07.7s (E)               10.3s (X)
     in progress... |################    | 080% :               08.3s (E)               10.4s (X)
     in progress... |#################   | 085% :               08.8s (E)               10.4s (X)
     in progress... |##################  | 090% :               09.4s (E)               10.5s (X)
     in progress... |################### | 095% :               09.9s (E)               10.4s (X)
     in progress... |####################| 100% :               10.3s (E)               10.3s (X)
     --------------------------------------------------------------------------------------------
     WBSE_INIT    :   7m48.54s CPU   8m 1.36s WALL

     wbse_init_re :      0.68s CPU      0.80s WALL (       1 calls)
     fetch_input  :      0.07s CPU      0.07s WALL (       2 calls)
     fft          :      0.03s CPU      0.04s WALL (      14 calls)
     fft_scatter  :     28.37s CPU     28.75s WALL (   47508 calls)
     init_vloc    :      0.13s CPU      0.13s WALL (       2 calls)
     init_us_1    :      0.00s CPU      0.00s WALL (       2 calls)
     v_of_rho     :      0.11s CPU      0.12s WALL (       1 calls)
     v_xc         :      0.10s CPU      0.11s WALL (       1 calls)
     v_h          :      0.00s CPU      0.00s WALL (       1 calls)
     do_setup     :      6.05s CPU      7.33s WALL (       1 calls)
     init_pw_ar   :      6.05s CPU      7.33s WALL (       1 calls)
     hinit0       :      0.10s CPU      0.10s WALL (       1 calls)
     davcio       :      0.00s CPU      0.75s WALL (       6 calls)
     exx_grid     :      0.00s CPU      0.00s WALL (       1 calls)
     exxinit      :      4.55s CPU      4.83s WALL (       1 calls)
     fftcw        :      0.79s CPU      0.80s WALL (     800 calls)
     exx_div      :      0.00s CPU      0.00s WALL (       1 calls)
     sqvc_init    :      0.00s CPU      0.00s WALL (       1 calls)
     local        :    449.05s CPU    451.12s WALL (       2 calls)
     rscatter_gri :      0.07s CPU      0.08s WALL (      12 calls)
     wann         :    130.44s CPU    131.39s WALL (       4 calls)
     fftw         :     55.23s CPU     56.03s WALL (   46694 calls)
     jade         :    317.95s CPU    318.82s WALL (       2 calls)
     tau          :     11.94s CPU     21.16s WALL (       2 calls)
     pdep_write   :      3.65s CPU     12.24s WALL (    3248 calls)
 
     WBSE_INIT    :   7m48.55s CPU   8m 1.37s WALL

 
   This run was terminated on:  15: 3:16   1Sep2023            

=------------------------------------------------------------------------------=
   JOB DONE.
=------------------------------------------------------------------------------=
