
     Program Wbsepp v. 2.0.1 svn rev. 1002 starts on 18Jun2023 at 13:13:56 

     This program is part of the open-source West suite
     for massively parallel calculations of excited states in materials; please cite
         "M. Govoni et al., J. Chem. Theory Comput. 11, 2680 (2015);
          URL http://www.west-code.org", 
     in publications or presentations arising from this work.

     Based on the Quantum ESPRESSO v. 6.1 svn rev. 13369
       
     --------------------------------------------------------------------------------------------
     **MPI** Parallelization Status                                      
     --------------------------------------------------------------------------------------------
                    20                   1             1             1            20
     --------------------------------------------------------------------------------------------
                     N         =         I      X      P      X      B      X      Z
                     ^                   ^             ^             ^             ^
                     |                   |             |             |             |
                   #rnk                  |             |             |             |
                                      #image           |             |             |
                                                     #pool           |             |
                                                                   #bgrp           |
                                                                                 #R&G
     --------------------------------------------------------------------------------------------
     #prc =           20
     --------------------------------------------------------------------------------------------
       
     --------------------------------------------------------------------------------------------
     I/O Summary : input_west                                            
     --------------------------------------------------------------------------------------------
     qe_prefix               =          pwscf
     west_prefix             =           west
     outdir                  =             ./
     l_load_qbox_wfc         =              F
     qbox_ks_wfc_filename    =         qb.xml
     --------------------------------------------------------------------------------------------
       
     --------------------------------------------------------------------------------------------
     I/O Summary : wbsepp_input                                          
     --------------------------------------------------------------------------------------------
     wbsepp_type                    =              1
     n_plep_read_from_file          =              2
     macropol_dfpt                  =              F
     l_spin_flipped                 =              F

     Reading data from directory:
     ./pwscf.save

   Info: using nr1, nr2, nr3 values from input

   Info: using nr1, nr2, nr3 values from input

     IMPORTANT: XC functional enforced from input :
     Exchange-correlation      = PBE ( 1  4  3  4 0 0)
     Any further DFT definition will be discarded
     Please, verify this is what you really want

 
     Parallelization info
     --------------------
     sticks:   dense  smooth     PW     G-vecs:    dense   smooth      PW
     Min         556     556    137                44225    44225    5530
     Max         559     559    140                44234    44234    5540
     Sum       11157   11157   2785               884571   884571  110699
 
       
     --------------------------------------------------------------------------------------------
     System Overview                                                     
     --------------------------------------------------------------------------------------------
     gamma_only           =              T
     ecutwfc [Ry]         =      60.000000
     omega [au^3]         =   1.408605E+04
     glob. #G             =          55350
     nbnd                 =            900
     nkstot               =              1
     nspin                =              1
     nelec                =    1722.000000
     npol                 =              1
     lsda                 =              F
     noncolin             =              F
     lspinorb             =              F
     domag                =              F
     --------------------------------------------------------------------------------------------

     sFFT G-space:   442286 G-vectors     R-space: ( 120, 120, 120)
     dFFT G-space:   442286 G-vectors     R-space: ( 120, 120, 120)

     Cell [a.u.]          =      24.150700      0.000000      0.000000
                          =       0.000000     24.150700      0.000000
                          =       0.000000      0.000000     24.150700
      
     number of ks points=     1
                       cart. coord. in units 2pi/alat
        k(    1) = (   0.0000000   0.0000000   0.0000000), wk =   2.0000000

                       cryst. coord.
        k(    1) = (   0.0000000   0.0000000   0.0000000), wk =   2.0000000
 
     F. Gygi div      =   2.013995E-01
       
     --------------------------------------------------------------------------------------------
     Parallelization for nvec                                            
     --------------------------------------------------------------------------------------------
     nglob                =              2
     nlevel               =              1
     Min nglob/nlevel     =              2
     Max nglob/nlevel     =              2
     --------------------------------------------------------------------------------------------
       
     --------------------------------------------------------------------------------------------
     Parallelization for band_paralel                                    
     --------------------------------------------------------------------------------------------
     nglob                =            861
     nlevel               =              1
     Min nglob/nlevel     =            861
     Max nglob/nlevel     =            861
     --------------------------------------------------------------------------------------------

     [MEM] ----------------------------------------------------------
     [MEM] **Memory** analysis: QE
     [MEM] ----------------------------------------------------------
     [MEM] Allocated arrays           est. size (Mb)     dimensions
     [MEM] ----------------------------------------------------------
     [MEM] Kohn-Sham Wavefunctions      38.00 Mb     (   2767,  900)
     [MEM] NL pseudopotentials          72.62 Mb     (   2767, 1720)
     [MEM] Each V/rho on FFT grid        1.32 Mb     (  86400)
     [MEM] Each G-vector array           0.17 Mb     (  22117)
     [MEM] G-vector shells               0.02 Mb     (   2608)
     [MEM] ----------------------------------------------------------
     [MEM] TOT                         112.13 Mb
     [MEM] ----------------------------------------------------------
     [MEM] 
     [MEM] ----------------------------------------------------------
     [MEM] **Memory** analysis: WBSE global
     [MEM] ----------------------------------------------------------
     [MEM] Allocated arrays           est. size (Mb)     dimensions
     [MEM] ----------------------------------------------------------
     [MEM] dvg_exc                      72.70 Mb     (   2767,  861,    2)
     [MEM] dng_exc                      72.70 Mb     (   2767,  861,    2)
     [MEM] hr_distr                      0.00 Mb     (      0,    2)
     [MEM] vr_distr                      0.00 Mb     (      0,    2)
     [MEM] ----------------------------------------------------------
     [MEM] TOT                         145.41 Mb
     [MEM] ----------------------------------------------------------
     [MEM] 
     [MEM] ----------------------------------------------------------
     [MEM] **Memory** analysis: WBSE temporary
     [MEM] ----------------------------------------------------------
     [MEM] Allocated arrays           est. size (Mb)     dimensions
     [MEM] ----------------------------------------------------------
     [MEM] dvpsi                        36.35 Mb     (   2767,  861)
     [MEM] dpsi                         36.35 Mb     (   2767,  861)
     [MEM] ----------------------------------------------------------
     [MEM] Total estimate               72.70 Mb
     [MEM] ----------------------------------------------------------
      
     --------------------------------------------------------------------------------------------
     Database read in 04.5s               
     In location : ./west.wbse.david.save
     Eigen. found :            2
     --------------------------------------------------------------------------------------------

      *----------*   THE PRINCIPLE PROJECTED COMPONENTS   *----------*

      #     Exciton : |        1 |   Excitation energy : |     0.136376

          SPIN     OCCUPIED STATES     UNOCCUPIED STATES     PROJECTION
             1         861                       1           0.991032

      #     Exciton : |        2 |   Excitation energy : |     0.239518

          SPIN     OCCUPIED STATES     UNOCCUPIED STATES     PROJECTION
             1         861                       2           0.975503
             1         861                       8           0.194211
 
     Wbsepp       :     7.88s CPU        10.21s WALL

     wbsepp_readi :      3.18s CPU      4.61s WALL (       1 calls)
     wbsepp_fetch :      0.00s CPU      0.00s WALL (       1 calls)
     read_xml     :      0.99s CPU      1.31s WALL (       1 calls)
     init_vloc    :      0.05s CPU      0.05s WALL (       2 calls)
     fft          :      0.04s CPU      0.05s WALL (      11 calls)
     fft_scatter  :      0.03s CPU      0.03s WALL (      11 calls)
     v_of_rho     :      0.07s CPU      0.07s WALL (       1 calls)
     v_xc         :      0.06s CPU      0.07s WALL (       1 calls)
     v_h          :      0.00s CPU      0.00s WALL (       1 calls)
     read_wave    :      2.19s CPU      3.29s WALL (       1 calls)
     davcio       :      0.00s CPU      0.10s WALL (       2 calls)
     init_us_1    :      0.07s CPU      0.07s WALL (       2 calls)
     do_setup     :      0.19s CPU      0.22s WALL (       1 calls)
     init_pw_ar   :      0.17s CPU      0.20s WALL (       1 calls)
     init_at_1    :      0.00s CPU      0.00s WALL (       1 calls)
     storesqvc    :      0.00s CPU      0.00s WALL (       1 calls)
     eig_decompos :      4.50s CPU      5.37s WALL (       1 calls)
     plep_db      :      3.87s CPU      4.50s WALL (       1 calls)
 
     Wbsepp       :     7.88s CPU        10.21s WALL

 
   This run was terminated on:  13:14: 6  18Jun2023            

=------------------------------------------------------------------------------=
   JOB DONE.
=------------------------------------------------------------------------------=
