
     Program Wbsepp v. 2.0.1 starts on 27Jan2023 at  9: 0:51 

     This program is part of the open-source West suite
     for massively parallel calculations of excited states in materials; please cite
         "M. Govoni et al., J. Chem. Theory Comput. 11, 2680 (2015);
          URL http://www.west-code.org", 
     in publications or presentations arising from this work.

     Based on the Quantum ESPRESSO v. 6.1 svn rev. 13369
       
     --------------------------------------------------------------------------------------------
     **MPI** Parallelization Status                                      
     --------------------------------------------------------------------------------------------
                    48                   1             1             1            48
     --------------------------------------------------------------------------------------------
                     N         =         I      X      P      X      B      X      Z
                     ^                   ^             ^             ^             ^
                     |                   |             |             |             |
                   #rnk                  |             |             |             |
                                      #image           |             |             |
                                                     #pool           |             |
                                                                   #bgrp           |
                                                                                 #R&G
     --------------------------------------------------------------------------------------------
     **OPENMP** Parallelization Status
     #thr/rnk               =            1
     --------------------------------------------------------------------------------------------
     #prc = (rnk) * (thr) =           48
     --------------------------------------------------------------------------------------------
       
     --------------------------------------------------------------------------------------------
     I/O Summary : input_west                                            
     --------------------------------------------------------------------------------------------
     qe_prefix               =          pwscf
     west_prefix             =           west
     outdir                  =             ./
     l_load_qbox_wfc         =              F
     qbox_ks_wfc_filename    =         qb.xml
     --------------------------------------------------------------------------------------------
       
     --------------------------------------------------------------------------------------------
     I/O Summary : wbsepp_input                                          
     --------------------------------------------------------------------------------------------
     wbsepp_type                    =              1
     n_plep_read_from_file          =             10
     macropol_dfpt                  =              F
     l_spin_flipped                 =              F

     Reading data from directory:
     ./pwscf.save

   Info: using nr1, nr2, nr3 values from input

   Info: using nr1, nr2, nr3 values from input

     IMPORTANT: XC functional enforced from input :
     Exchange-correlation      = PBE ( 1  4  3  4 0 0)
     Any further DFT definition will be discarded
     Please, verify this is what you really want

 
     Parallelization info
     --------------------
     sticks:   dense  smooth     PW     G-vecs:    dense   smooth      PW
     Min         451     451    112                50120    50120    6260
     Max         454     454    114                50130    50130    6274
     Sum       21701   21701   5417              2406107  2406107  300707
 
     Generating pointlists ...
     new r_m :   0.0350 (alat units)  1.1804 (a.u.) for type    1
     new r_m :   0.0455 (alat units)  1.5355 (a.u.) for type    2
       
     --------------------------------------------------------------------------------------------
     System Overview                                                     
     --------------------------------------------------------------------------------------------
     gamma_only           =              T
     ecutwfc [Ry]         =      60.000000
     omega [au^3]         =   3.831609E+04
     glob. #G             =         150354
     nbnd                 =           2016
     nkstot               =              2
     nspin                =              2
     nelec                =    3996.000000
     nelup                =    1999.000000
     neldw                =    1997.000000
     npol                 =              1
     lsda                 =              T
     noncolin             =              F
     lspinorb             =              F
     domag                =              F
     --------------------------------------------------------------------------------------------

     sFFT G-space:  1203054 G-vectors     R-space: ( 180, 180, 180)
     dFFT G-space:  1203054 G-vectors     R-space: ( 180, 180, 180)

     Cell [a.u.]          =      33.712714      0.000000      0.000000
                          =       0.000000     33.712714      0.000000
                          =       0.000000      0.000000     33.712714
      
     number of ks points=     2
                       cart. coord. in units 2pi/alat
        k(    1) = (   0.0000000   0.0000000   0.0000000), wk =   1.0000000
        k(    2) = (   0.0000000   0.0000000   0.0000000), wk =   1.0000000

                       cryst. coord.
        k(    1) = (   0.0000000   0.0000000   0.0000000), wk =   1.0000000
        k(    2) = (   0.0000000   0.0000000   0.0000000), wk =   1.0000000
 
     F. Gygi div      =   1.442761E-01
       
     --------------------------------------------------------------------------------------------
     Parallelization for nvec                                            
     --------------------------------------------------------------------------------------------
     nglob                =             10
     nlevel               =              1
     Min nglob/nlevel     =             10
     Max nglob/nlevel     =             10
     --------------------------------------------------------------------------------------------
       
     --------------------------------------------------------------------------------------------
     Parallelization for band_paralel                                    
     --------------------------------------------------------------------------------------------
     nglob                =           1999
     nlevel               =              1
     Min nglob/nlevel     =           1999
     Max nglob/nlevel     =           1999
     --------------------------------------------------------------------------------------------

     [MEM] ----------------------------------------------------------
     [MEM] **Memory** analysis: QE
     [MEM] ----------------------------------------------------------
     [MEM] Allocated arrays           est. size (Mb)     dimensions
     [MEM] ----------------------------------------------------------
     [MEM] Kohn-Sham Wavefunctions      96.44 Mb     (   3135, 2016)
     [MEM] NL pseudopotentials         382.31 Mb     (   3135, 7992)
     [MEM] Each V/rho on FFT grid        1.98 Mb     ( 129600)
     [MEM] Each G-vector array           0.19 Mb     (  25064)
     [MEM] G-vector shells               0.03 Mb     (   4386)
     [MEM] ----------------------------------------------------------
     [MEM] TOT                         480.95 Mb
     [MEM] ----------------------------------------------------------
     [MEM] 
     [MEM] ----------------------------------------------------------
     [MEM] **Memory** analysis: WBSE global
     [MEM] ----------------------------------------------------------
     [MEM] Allocated arrays           est. size (Mb)     dimensions
     [MEM] ----------------------------------------------------------
     [MEM] dvg_exc                     956.25 Mb     (   3135, 1999,   10)
     [MEM] dng_exc                     956.25 Mb     (   3135, 1999,   10)
     [MEM] hr_distr                      0.00 Mb     (      0,   10)
     [MEM] vr_distr                      0.00 Mb     (      0,   10)
     [MEM] ----------------------------------------------------------
     [MEM] TOT                        1912.50 Mb
     [MEM] ----------------------------------------------------------
     [MEM] 
     [MEM] ----------------------------------------------------------
     [MEM] **Memory** analysis: WBSE temporary
     [MEM] ----------------------------------------------------------
     [MEM] Allocated arrays           est. size (Mb)     dimensions
     [MEM] ----------------------------------------------------------
     [MEM] dvpsi                        95.62 Mb     (   3135, 1999)
     [MEM] dpsi                         95.62 Mb     (   3135, 1999)
     [MEM] ----------------------------------------------------------
     [MEM] Total estimate              191.25 Mb
     [MEM] ----------------------------------------------------------
      
     --------------------------------------------------------------------------------------------
     Database read in 04m-41.6s           
     In location : ./west.wbse.david.save
     Eigen. found :           10
     --------------------------------------------------------------------------------------------

     Calculation of the dipole in real space

     Dipole is shifted to the center of cell for the calculation of d0psi. 

      *----------*   THE PRINCIPLE PROJECTED COMPONENTS   *----------*

      #     Exciton : |        1 |   Excitation energy : |     0.048627

      OSCILLATOR STRENGTH : 

                XX             YY            ZZ            TOTAL

                   0.000003         0.000000         0.000003         0.000006

          SPIN     OCCUPIED STATES     UNOCCUPIED STATES     PROJECTION
             2        1997                       1           0.999923

      #     Exciton : |        2 |   Excitation energy : |     0.051287

      OSCILLATOR STRENGTH : 

                XX             YY            ZZ            TOTAL

                   0.000005         0.000000         0.000005         0.000009

          SPIN     OCCUPIED STATES     UNOCCUPIED STATES     PROJECTION
             2        1996                       1           0.999599

      #     Exciton : |        3 |   Excitation energy : |     0.054037

      OSCILLATOR STRENGTH : 

                XX             YY            ZZ            TOTAL

                   0.000099         0.000212         0.000100         0.000412

          SPIN     OCCUPIED STATES     UNOCCUPIED STATES     PROJECTION
             2        1995                       1           0.984656
             2        1996                       2           0.149253

      #     Exciton : |        4 |   Excitation energy : |     0.060837

      OSCILLATOR STRENGTH : 

                XX             YY            ZZ            TOTAL

                   0.000000         0.000008         0.000000         0.000008

          SPIN     OCCUPIED STATES     UNOCCUPIED STATES     PROJECTION
             2        1997                       2           0.997767

      #     Exciton : |        5 |   Excitation energy : |     0.064200

      OSCILLATOR STRENGTH : 

                XX             YY            ZZ            TOTAL

                   0.000007         0.000000         0.000007         0.000014

          SPIN     OCCUPIED STATES     UNOCCUPIED STATES     PROJECTION
             2        1995                       2           0.999579

      #     Exciton : |        6 |   Excitation energy : |     0.065499

      OSCILLATOR STRENGTH : 

                XX             YY            ZZ            TOTAL

                   0.000231         0.000127         0.000230         0.000589

          SPIN     OCCUPIED STATES     UNOCCUPIED STATES     PROJECTION
             2        1995                       1           0.141285
             2        1996                       2           0.981601

      #     Exciton : |        7 |   Excitation energy : |     0.076774

      OSCILLATOR STRENGTH : 

                XX             YY            ZZ            TOTAL

                   0.000256         0.000000         0.000263         0.000519

          SPIN     OCCUPIED STATES     UNOCCUPIED STATES     PROJECTION
             2        1994                       1           0.998394

      #     Exciton : |        8 |   Excitation energy : |     0.080470

      OSCILLATOR STRENGTH : 

                XX             YY            ZZ            TOTAL

                   0.000046         0.000554         0.000048         0.000647

          SPIN     OCCUPIED STATES     UNOCCUPIED STATES     PROJECTION
             2        1992                       1           0.464941
             2        1993                       1           0.881402

      #     Exciton : |        9 |   Excitation energy : |     0.081322

      OSCILLATOR STRENGTH : 

                XX             YY            ZZ            TOTAL

                   0.000241         0.001009         0.000250         0.001500

          SPIN     OCCUPIED STATES     UNOCCUPIED STATES     PROJECTION
             2        1992                       1           0.884096
             2        1993                       1           0.457525

      #     Exciton : |       10 |   Excitation energy : |     0.081950

      OSCILLATOR STRENGTH : 

                XX             YY            ZZ            TOTAL

                   0.000006         0.000000         0.000006         0.000012

          SPIN     OCCUPIED STATES     UNOCCUPIED STATES     PROJECTION
             2        1991                       1           0.999854
  0.000000000000000E+000  2.202830615660093E-003
  1.000000047497451E-003  2.265805452229461E-003
  2.000000094994903E-003  2.331574181534354E-003
  3.000000142492354E-003  2.400307915928362E-003
  4.000000189989805E-003  2.472191316889398E-003
  5.000000237487257E-003  2.547423922693303E-003
  6.000000284984708E-003  2.626221631859321E-003
  7.000000332482159E-003  2.708818363661880E-003
  8.000000379979610E-003  2.795467920313300E-003
  9.000000427477062E-003  2.886446079303420E-003
  1.000000047497451E-002  2.982052948941471E-003
  1.100000052247196E-002  3.082615625510014E-003
  1.200000056996942E-002  3.188491196762414E-003
  1.300000061746687E-002  3.300070143955239E-003
  1.400000066496432E-002  3.417780203420515E-003
  1.500000071246177E-002  3.542090759105011E-003
  1.600000075995922E-002  3.673517849835310E-003
  1.700000080745667E-002  3.812629889659694E-003
  1.800000085495412E-002  3.960054216877058E-003
  1.900000090245157E-002  4.116484607751009E-003
  2.000000094994903E-002  4.282689914936261E-003
  2.100000099744648E-002  4.459524018860956E-003
  2.200000104494393E-002  4.647937313258217E-003
  2.300000109244138E-002  4.848989984200518E-003
  2.400000113993883E-002  5.063867385651281E-003
  2.500000118743628E-002  5.293897863605119E-003
  2.600000123493373E-002  5.540573434500183E-003
  2.700000128243119E-002  5.805573779608862E-003
  2.800000132992864E-002  6.090794071185743E-003
  2.900000137742609E-002  6.398377190234316E-003
  3.000000142492354E-002  6.730750915813663E-003
  3.100000147242099E-002  7.090670638205610E-003
  3.200000151991844E-002  7.481268034194044E-003
  3.300000156741589E-002  7.906105879791054E-003
  3.400000161491334E-002  8.369238665666455E-003
  3.500000166241080E-002  8.875277771585938E-003
  3.600000170990825E-002  9.429458420064577E-003
  3.700000175740570E-002  1.003770313394774E-002
  3.800000180490315E-002  1.070667250644544E-002
  3.900000185240060E-002  1.144378815965121E-002
  4.000000189989805E-002  1.225720414057692E-002
  4.100000194739550E-002  1.315569109766592E-002
  4.200000199489295E-002  1.414838230856730E-002
  4.300000204239041E-002  1.524431316315729E-002
  4.400000208988786E-002  1.645166972885635E-002
  4.500000213738531E-002  1.777665565920578E-002
  4.600000218488276E-002  1.922190547020985E-002
  4.700000223238021E-002  2.078444338921379E-002
  4.800000227987766E-002  2.245335309662484E-002
  4.900000232737511E-002  2.420763214711979E-002
  5.000000237487257E-002  2.601515455822453E-002
  5.100000242237002E-002  2.783409085392680E-002
  5.200000246986747E-002  2.961810495887415E-002
  5.300000251736492E-002  3.132560211246047E-002
  5.400000256486237E-002  3.293113279803356E-002
  5.500000261235982E-002  3.443479214438616E-002
  5.600000265985727E-002  3.586500308611981E-002
  5.700000270735472E-002  3.727250496326490E-002
  5.800000275485218E-002  3.871735593329115E-002
  5.900000280234963E-002  4.025352810865253E-002
  6.000000284984708E-002  4.191575932853427E-002
  6.100000289734453E-002  4.371168529899426E-002
  6.200000294484198E-002  4.562072595556517E-002
  6.300000299233943E-002  4.760042024253340E-002
  6.400000303983688E-002  4.960006082660372E-002
  6.500000308733433E-002  5.157942188477899E-002
  6.600000313483179E-002  5.352730471578789E-002
  6.700000318232924E-002  5.547275062230560E-002
  6.800000322982669E-002  5.748356492330738E-002
  6.900000327732414E-002  5.965201590139216E-002
  7.000000332482159E-002  6.207271980746698E-002
  7.100000337231904E-002  6.481938294222375E-002
  7.200000341981649E-002  6.792516426111371E-002
  7.300000346731395E-002  7.136853484523323E-002
  7.400000351481140E-002  7.506489232725137E-002
  7.500000356230885E-002  7.886410838432754E-002
  7.600000360980630E-002  8.255463907253152E-002
  7.700000365730375E-002  8.587510903901138E-002
  7.800000370480120E-002  8.853467776138679E-002
  7.900000375229865E-002  9.024405779375971E-002
  8.000000379979610E-002  9.075774694307481E-002
  8.100000384729356E-002  8.992206426967517E-002
  8.200000389479101E-002  8.771464461690621E-002
  8.300000394228846E-002  8.425736450594637E-002
  8.400000398978591E-002  7.979329143156476E-002
  8.500000403728336E-002  7.463522443824100E-002
  8.600000408478081E-002  6.910601690563484E-002
  8.700000413227826E-002  6.349063980154958E-002
  8.800000417977571E-002  5.800987511760208E-002
  8.900000422727317E-002  5.281456511448639E-002
  9.000000427477062E-002  4.799342363090627E-002
  9.100000432226807E-002  4.358684080485813E-002
  9.200000436976552E-002  3.960131456820029E-002
  9.300000441726297E-002  3.602174739768947E-002
  9.400000446476042E-002  3.282074053755251E-002
  9.500000451225787E-002  2.996504604019131E-002
  9.600000455975533E-002  2.741973911810997E-002
  9.700000460725278E-002  2.515073024554815E-002
  9.800000465475023E-002  2.312614616934488E-002
  9.900000470224768E-002  2.131698033952716E-002
  0.100000004749745       1.969729456609321E-002
  0.101000004797243       1.824416038924622E-002
  0.102000004844740       1.693746128843511E-002
  0.103000004892237       1.575963077129855E-002
  0.104000004939735       1.469537102813156E-002
  0.105000004987232       1.373137743316239E-002
  0.106000005034730       1.285608210171533E-002
  0.107000005082227       1.205942241286398E-002
  0.108000005129725       1.133263614541974E-002
  0.109000005177222       1.066808250793541E-002
  0.110000005224720       1.005908713328208E-002
  0.111000005272217       9.499808587349700E-003
  0.112000005319715       8.985123817152668E-003
  0.113000005367212       8.510530056259930E-003
  0.114000005414709       8.072060906430046E-003
  0.115000005462207       7.666214559616242E-003
  0.116000005509704       7.289892377690633E-003
  0.117000005557202       6.940346288714461E-003
  0.118000005604699       6.615133678823420E-003
  0.119000005652197       6.312078654166059E-003
  0.120000005699694       6.029238717506825E-003
  0.121000005747192       5.764876050516727E-003
  0.122000005794689       5.517432717682362E-003
  0.123000005842187       5.285509213712326E-003
  0.124000005889684       5.067845865838256E-003
  0.125000005937181       4.863306677855212E-003
  0.126000005984679       4.670865266241210E-003
  0.127000006032176       4.489592592095040E-003
  0.128000006079674       4.318646237536404E-003
  0.129000006127171       4.157261012987578E-003
  0.130000006174669       4.004740713556759E-003
  0.131000006222166       3.860450869541138E-003
  0.132000006269664       3.723812358677630E-003
  0.133000006317161       3.594295766871667E-003
  0.134000006364658       3.471416400298319E-003
  0.135000006412156       3.354729865469305E-003
  0.136000006459653       3.243828145489581E-003
  0.137000006507151       3.138336110618027E-003
  0.138000006554648       3.037908409673217E-003
  0.139000006602146       2.942226696017372E-003
  0.140000006649643       2.850997148001215E-003
  0.141000006697141       2.763948249020395E-003
  0.142000006744638       2.680828796855075E-003
  0.143000006792136       2.601406115851176E-003
  0.144000006839633       2.525464448849716E-003
  0.145000006887130       2.452803508659413E-003
  0.146000006934628       2.383237171364884E-003
  0.147000006982125       2.316592295925078E-003
  0.148000007029623       2.252707656392282E-003
  0.149000007077120       2.191432974711875E-003
  0.150000007124618       2.132628043481594E-003
  0.151000007172115       2.076161929285915E-003
  0.152000007219613       2.021912248301180E-003
  0.153000007267110       1.969764506811852E-003
  0.154000007314608       1.919611500105874E-003
  0.155000007362105       1.871352763943327E-003
  0.156000007409602       1.824894073430709E-003
  0.157000007457100       1.780146984694793E-003
  0.158000007504597       1.737028415245032E-003
  0.159000007552095       1.695460259350406E-003
  0.160000007599592       1.655369035142798E-003
  0.161000007647090       1.616685560500858E-003
  0.162000007694587       1.579344655071277E-003
  0.163000007742085       1.543284866053345E-003
  0.164000007789582       1.508448215611651E-003
  0.165000007837079       1.474779967994449E-003
  0.166000007884577       1.442228414624718E-003
  0.167000007932074       1.410744675599963E-003
  0.168000007979572       1.380282516187826E-003
  0.169000008027069       1.350798177039543E-003
  0.170000008074567       1.322250216964231E-003
  0.171000008122064       1.294599367215268E-003
  0.172000008169562       1.267808396337334E-003
  0.173000008217059       1.241841984709956E-003
  0.174000008264557       1.216666608002014E-003
  0.175000008312054       1.192250428822338E-003
  0.176000008359551       1.168563195915292E-003
  0.177000008407049       1.145576150307716E-003
  0.178000008454546       1.123261937865552E-003
  0.179000008502044       1.101594527765386E-003
  0.180000008549541       1.080549136428641E-003
  0.181000008597039       1.060102156504614E-003
  0.182000008644536       1.040231090523409E-003
  0.183000008692034       1.020914488871510E-003
  0.184000008739531       1.002131891771425E-003
  0.185000008787028       9.838637749729970E-004
  0.186000008834526       9.660914988877501E-004
  0.187000008882023       9.487972609192605E-004
  0.188000008929521       9.319640507623082E-004
  0.189000008977018       9.155756084615338E-004
  0.190000009024516       8.996163850367717E-004
  0.191000009072013       8.840715054972370E-004
  0.192000009119511       8.689267340804653E-004
  0.193000009167008       8.541684415644746E-004
  0.194000009214506       8.397835745131120E-004
  0.195000009262003       8.257596263250917E-004
  0.196000009309500       8.120846099669068E-004
  0.197000009356998       7.987470322786557E-004
  0.198000009404495       7.857358697499935E-004
  0.199000009451993       7.730405456708908E-004
  0.200000009499490       7.606509085687910E-004
  0.201000009546988       7.485572118500799E-004
  0.202000009594485       7.367500945696418E-004
  0.203000009641983       7.252205632576420E-004
  0.204000009689480       7.139599747376524E-004
  0.205000009736978       7.029600198748097E-004
  0.206000009784475       6.922127081969313E-004
  0.207000009831972       6.817103533354216E-004
  0.208000009879470       6.714455592364107E-004
  0.209000009926967       6.614112070959202E-004
  0.210000009974465       6.516004429759308E-004
  0.211000010021962       6.420066660611104E-004
  0.212000010069460       6.326235175186001E-004
  0.213000010116957       6.234448699257310E-004
  0.214000010164455       6.144648172328233E-004
  0.215000010211952       6.056776652303429E-004
  0.216000010259449       5.970779224916590E-004
  0.217000010306947       5.886602917644784E-004
  0.218000010354444       5.804196617857360E-004
  0.219000010401942       5.723510994962986E-004
  0.220000010449439       5.644498426333216E-004
  0.221000010496937       5.567112926794642E-004
  0.222000010544434       5.491310081494486E-004
  0.223000010591932       5.417046981956435E-004
  0.224000010639429       5.344282165154627E-004
  0.225000010686927       5.272975555444028E-004
  0.226000010734424       5.203088409195209E-004
  0.227000010781921       5.134583261990474E-004
  0.228000010829419       5.067423878246832E-004
  0.229000010876916       5.001575203139133E-004
  0.230000010924414       4.937003316704127E-004
  0.231000010971911       4.873675390013071E-004
  0.232000011019409       4.811559643307028E-004
  0.233000011066906       4.750625305995015E-004
  0.234000011114404       4.690842578420857E-004
  0.235000011161901       4.632182595309918E-004
  0.236000011209399       4.574617390811869E-004
  0.237000011256896       4.518119865060328E-004
  0.238000011304393       4.462663752174599E-004
  0.239000011351891       4.408223589632855E-004
  0.240000011399388       4.354774688949994E-004
  0.241000011446886       4.302293107597002E-004
  0.242000011494383       4.250755622102124E-004
  0.243000011541881       4.200139702277311E-004
  0.244000011589378       4.150423486516441E-004
  0.245000011636876       4.101585758114703E-004
  0.246000011684373       4.053605922561134E-004
  0.247000011731870       4.006463985758874E-004
  0.248000011779368       3.960140533130081E-004
  0.249000011826865       3.914616709564637E-004
  0.250000011874363       3.869874200173934E-004
  0.251000011921860       3.825895211812997E-004
  0.252000011969358       3.782662455336080E-004
  0.253000012016855       3.740159128552627E-004
  0.254000012064353       3.698368899852203E-004
  0.255000012111850       3.657275892468507E-004
  0.256000012159348       3.616864669354152E-004
  0.257000012206845       3.577120218639236E-004
  0.258000012254342       3.538027939648094E-004
  0.259000012301840       3.499573629449873E-004
  0.260000012349337       3.461743469919758E-004
  0.261000012396835       3.424524015288801E-004
  0.262000012444332       3.387902180161377E-004
  0.263000012491830       3.351865227980295E-004
  0.264000012539327       3.316400759920540E-004
  0.265000012586825       3.281496704193555E-004
  0.266000012634322       3.247141305744765E-004
  0.267000012681819       3.213323116327951E-004
  0.268000012729317       3.180030984940757E-004
  0.269000012776814       3.147254048606407E-004
  0.270000012824312       3.114981723487372E-004
  0.271000012871809       3.083203696317399E-004
  0.272000012919307       3.051909916138917E-004
  0.273000012966804       3.021090586333448E-004
  0.274000013014302       2.990736156933214E-004
  0.275000013061799       2.960837317202628E-004
  0.276000013109297       2.931384988478922E-004
  0.277000013156794       2.902370317261592E-004
  0.278000013204291       2.873784668540838E-004
  0.279000013251789       2.845619619355595E-004
  0.280000013299286       2.817866952572148E-004
  0.281000013346784       2.790518650874767E-004
  0.282000013394281       2.763566890960125E-004
  0.283000013441779       2.737004037927627E-004
  0.284000013489276       2.710822639858158E-004
  0.285000013536774       2.685015422574019E-004
  0.286000013584271       2.659575284573179E-004
  0.287000013631769       2.634495292131242E-004
  0.288000013679266       2.609768674564800E-004
  0.289000013726763       2.585388819650144E-004
  0.290000013774261       2.561349269191503E-004
  0.291000013821758       2.537643714733294E-004
  0.292000013869256       2.514265993411029E-004
  0.293000013916753       2.491210083935782E-004
  0.294000013964251       2.468470102707341E-004
  0.295000014011748       2.446040300051328E-004
  0.296000014059246       2.423915056575800E-004
  0.297000014106743       2.402088879643022E-004
  0.298000014154240       2.380556399952238E-004
  0.299000014201738       2.359312368229506E-004
  0.300000014249235       2.338351652020745E-004
  0.301000014296733       2.317669232584356E-004
  0.302000014344230       2.297260201879874E-004
  0.303000014391728       2.277119759649302E-004
  0.304000014439225       2.257243210587851E-004
  0.305000014486723       2.237625961600990E-004
  0.306000014534220       2.218263519144800E-004
  0.307000014581718       2.199151486646748E-004
  0.308000014629215       2.180285562004129E-004
  0.309000014676712       2.161661535157491E-004
  0.310000014724210       2.143275285736503E-004
  0.311000014771707       2.125122780775798E-004
  0.312000014819205       2.107200072498418E-004
  0.313000014866702       2.089503296164595E-004
  0.314000014914200       2.072028667983660E-004
  0.315000014961697       2.054772483086985E-004
  0.316000015009195       2.037731113559921E-004
  0.317000015056692       2.020901006530777E-004
  0.318000015104190       2.004278682314956E-004
  0.319000015151687       1.987860732612442E-004
  0.320000015199184       1.971643818756888E-004
  0.321000015246682       1.955624670014615E-004
  0.322000015294179       1.939800081931921E-004
  0.323000015341677       1.924166914729120E-004
  0.324000015389174       1.908722091739810E-004
  0.325000015436672       1.893462597893936E-004
  0.326000015484169       1.878385478243220E-004
  0.327000015531667       1.863487836527636E-004
  0.328000015579164       1.848766833781615E-004
  0.329000015626661       1.834219686978734E-004
  0.330000015674159       1.819843667713670E-004
  0.331000015721656       1.805636100920264E-004
  0.332000015769154       1.791594363624557E-004
  0.333000015816651       1.777715883731716E-004
  0.334000015864149       1.763998138845809E-004
  0.335000015911646       1.750438655121400E-004
  0.336000015959144       1.737035006145999E-004
  0.337000016006641       1.723784811852424E-004
  0.338000016054139       1.710685737460149E-004
  0.339000016101636       1.697735492444779E-004
  0.340000016149133       1.684931829534779E-004
  0.341000016196631       1.672272543734659E-004
  0.342000016244128       1.659755471373796E-004
  0.343000016291626       1.647378489180150E-004
  0.344000016339123       1.635139513378113E-004
  0.345000016386621       1.623036498809789E-004
  0.346000016434118       1.611067438079001E-004
  0.347000016481616       1.599230360717365E-004
  0.348000016529113       1.587523332371769E-004
  0.349000016576611       1.575944454012660E-004
  0.350000016624108       1.564491861162486E-004
  0.351000016671605       1.553163723143758E-004
  0.352000016719103       1.541958242346131E-004
  0.353000016766600       1.530873653511961E-004
  0.354000016814098       1.519908223039828E-004
  0.355000016861595       1.509060248305476E-004
  0.356000016909093       1.498328056999707E-004
  0.357000016956590       1.487710006482722E-004
  0.358000017004088       1.477204483154465E-004
  0.359000017051585       1.466809901840497E-004
  0.360000017099082       1.456524705192978E-004
  0.361000017146580       1.446347363106332E-004
  0.362000017194077       1.436276372147177E-004
  0.363000017241575       1.426310254998131E-004
  0.364000017289072       1.416447559915109E-004
  0.365000017336570       1.406686860197735E-004
  0.366000017384067       1.397026753672506E-004
  0.367000017431565       1.387465862188364E-004
  0.368000017479062       1.378002831124335E-004
  0.369000017526560       1.368636328908903E-004
  0.370000017574057       1.359365046550801E-004
  0.371000017621554       1.350187697180915E-004
  0.372000017669052       1.341103015604993E-004
  0.373000017716549       1.332109757866878E-004
  0.374000017764047       1.323206700821973E-004
  0.375000017811544       1.314392641720676E-004
  0.376000017859042       1.305666397801505E-004
  0.377000017906539       1.297026805893672E-004
  0.378000017954037       1.288472722028843E-004
  0.379000018001534       1.280003021061854E-004
  0.380000018049031       1.271616596300133E-004
  0.381000018096529       1.263312359141616E-004
  0.382000018144026       1.255089238720922E-004
  0.383000018191524       1.246946181563581E-004
  0.384000018239021       1.238882151248103E-004
  0.385000018286519       1.230896128075683E-004
  0.386000018334016       1.222987108747350E-004
  0.387000018381514       1.215154106048371E-004
  0.388000018429011       1.207396148539707E-004
  0.389000018476509       1.199712280256370E-004
  0.390000018524006       1.192101560412478E-004
  0.391000018571503       1.184563063112856E-004
  0.392000018619001       1.177095877071009E-004
  0.393000018666498       1.169699105333310E-004
  0.394000018713996       1.162371865009244E-004
  0.395000018761493       1.155113287007563E-004
  0.396000018808991       1.147922515778195E-004
  0.397000018856488       1.140798709059770E-004
  0.398000018903986       1.133741037632623E-004
  0.399000018951483       1.126748685077140E-004
  0.400000018998981       1.119820847537310E-004
  0.401000019046478       1.112956733489360E-004
  0.402000019093975       1.106155563515347E-004
  0.403000019141473       1.099416570081589E-004
  0.404000019188970       1.092738997321806E-004
  0.405000019236468       1.086122100824873E-004
  0.406000019283965       1.079565147427064E-004
  0.407000019331463       1.073067415008674E-004
  0.408000019378960       1.066628192294929E-004
  0.409000019426458       1.060246778661064E-004
  0.410000019473955       1.053922483941477E-004
  0.411000019521452       1.047654628242875E-004
  0.412000019568950       1.041442541761281E-004
  0.413000019616447       1.035285564602860E-004
  0.414000019663945       1.029183046608424E-004
  0.415000019711442       1.023134347181570E-004
  0.416000019758940       1.017138835120342E-004
  0.417000019806437       1.011195888452335E-004
  0.418000019853935       1.005304894273180E-004
  0.419000019901432       9.994652485883049E-005
  0.420000019948930       9.936763561579189E-005
  0.421000019996427       9.879376303451262E-005
  0.422000020043924       9.822484929671130E-005
  0.423000020091422       9.766083741493255E-005
  0.424000020138919       9.710167121825759E-005
  0.425000020186417       9.654729533830100E-005
  0.426000020233914       9.599765519548657E-005
  0.427000020281412       9.545269698559662E-005
  0.428000020328909       9.491236766658795E-005
  0.429000020376407       9.437661494566877E-005
  0.430000020423904       9.384538726663066E-005
  0.431000020471402       9.331863379742970E-005
  0.432000020518899       9.279630441801121E-005
  0.433000020566396       9.227834970837284E-005
  0.434000020613894       9.176472093686043E-005
  0.435000020661391       9.125537004869177E-005
  0.436000020708889       9.075024965470263E-005
  0.437000020756386       9.024931302031103E-005
  0.438000020803884       8.975251405469408E-005
  0.439000020851381       8.925980730017331E-005
  0.440000020898879       8.877114792180335E-005
  0.441000020946376       8.828649169716039E-005
  0.442000020993873       8.780579500632495E-005
  0.443000021041371       8.732901482205560E-005
  0.444000021088868       8.685610870014919E-005
  0.445000021136366       8.638703476998351E-005
  0.446000021183863       8.592175172523827E-005
  0.447000021231361       8.546021881479129E-005
  0.448000021278858       8.500239583378502E-005
  0.449000021326356       8.454824311486078E-005
  0.450000021373853       8.409772151955656E-005
  0.451000021421351       8.365079242986501E-005
  0.452000021468848       8.320741773994827E-005
  0.453000021516345       8.276755984800651E-005
  0.454000021563843       8.233118164829629E-005
  0.455000021611340       8.189824652329647E-005
  0.456000021658838       8.146871833601781E-005
  0.457000021706335       8.104256142245373E-005
  0.458000021753833       8.061974058416907E-005
  0.459000021801330       8.020022108102391E-005
  0.460000021848828       7.978396862402996E-005
  0.461000021896325       7.937094936833623E-005
  0.462000021943823       7.896112990634202E-005
  0.463000021991320       7.855447726093388E-005
  0.464000022038817       7.815095887884448E-005
  0.465000022086315       7.775054262413068E-005
  0.466000022133812       7.735319677176852E-005
  0.467000022181310       7.695889000136245E-005
  0.468000022228807       7.656759139096672E-005
  0.469000022276305       7.617927041101672E-005
  0.470000022323802       7.579389691836773E-005
  0.471000022371300       7.541144115043907E-005
  0.472000022418797       7.503187371946185E-005
  0.473000022466294       7.465516560682740E-005
  0.474000022513792       7.428128815753551E-005
  0.475000022561289       7.391021307473921E-005
  0.476000022608787       7.354191241438544E-005
  0.477000022656284       7.317635857994855E-005
  0.478000022703782       7.281352431725565E-005
  0.479000022751279       7.245338270940147E-005
  0.480000022798777       7.209590717175133E-005
  0.481000022846274       7.174107144702996E-005
  0.482000022893772       7.138884960049526E-005
  0.483000022941269       7.103921601519442E-005
  0.484000022988766       7.069214538730169E-005
  0.485000023036264       7.034761272153546E-005
  0.486000023083761       7.000559332665359E-005
  0.487000023131259       6.966606281102515E-005
  0.488000023178756       6.932899707827746E-005
  0.489000023226254       6.899437232301657E-005
  0.490000023273751       6.866216502661992E-005
  0.491000023321249       6.833235195310003E-005
  0.492000023368746       6.800491014503739E-005
  0.493000023416243       6.767981691958166E-005
  0.494000023463741       6.735704986451963E-005
  0.495000023511238       6.703658683440872E-005
  0.496000023558736       6.671840594677479E-005
  0.497000023606233       6.640248557837305E-005
  0.498000023653731       6.608880436151085E-005
  0.499000023701228       6.577734118043124E-005
  0.500000023748726       6.546807516775602E-005
  0.501000023796223       6.516098570098727E-005
  0.502000023843721       6.485605239906640E-005
  0.503000023891218       6.455325511898926E-005
  0.504000023938715       6.425257395247660E-005
  0.505000023986213       6.395398922269886E-005
  0.506000024033710       6.365748148105387E-005
  0.507000024081208       6.336303150399711E-005
  0.508000024128705       6.307062028992303E-005
  0.509000024176203       6.278022905609665E-005
  0.510000024223700       6.249183923563472E-005
  0.511000024271198       6.220543247453517E-005
  0.512000024318695       6.192099062875431E-005
  0.513000024366193       6.163849576133061E-005
  0.514000024413690       6.135793013955448E-005
  0.515000024461187       6.107927623218299E-005
  0.516000024508685       6.080251670669886E-005
  0.517000024556182       6.052763442661282E-005
  0.518000024603680       6.025461244880865E-005
  0.519000024651177       5.998343402093014E-005
  0.520000024698675       5.971408257880898E-005
  0.521000024746172       5.944654174393316E-005
  0.522000024793670       5.918079532095507E-005
  0.523000024841167       5.891682729523839E-005
  0.524000024888664       5.865462183044338E-005
  0.525000024936162       5.839416326614957E-005
  0.526000024983659       5.813543611551557E-005
  0.527000025031157       5.787842506297493E-005
  0.528000025078654       5.762311496196772E-005
  0.529000025126152       5.736949083270702E-005
  0.530000025173649       5.711753785997989E-005
  0.531000025221147       5.686724139098197E-005
  0.532000025268644       5.661858693318530E-005
  0.533000025316142       5.637156015223882E-005
  0.534000025363639       5.612614686990071E-005
  0.535000025411136       5.588233306200239E-005
  0.536000025458634       5.564010485644327E-005
  0.537000025506131       5.539944853121610E-005
  0.538000025553629       5.516035051246187E-005
  0.539000025601126       5.492279737255435E-005
  0.540000025648624       5.468677582821334E-005
  0.541000025696121       5.445227273864624E-005
  0.542000025743619       5.421927510371755E-005
  0.543000025791116       5.398777006214568E-005
  0.544000025838614       5.375774488972672E-005
  0.545000025886111       5.352918699758470E-005
  0.546000025933608       5.330208393044775E-005
  0.547000025981106       5.307642336494996E-005
  0.548000026028603       5.285219310795823E-005
  0.549000026076101       5.262938109492400E-005
  0.550000026123598       5.240797538825910E-005
  0.551000026171096       5.218796417573560E-005
  0.552000026218593       5.196933576890910E-005
  0.553000026266091       5.175207860156515E-005
  0.554000026313588       5.153618122818827E-005
  0.555000026361085       5.132163232245348E-005
  0.556000026408583       5.110842067573960E-005
  0.557000026456080       5.089653519566423E-005
  0.558000026503578       5.068596490463999E-005
  0.559000026551075       5.047669893845158E-005
  0.560000026598573       5.026872654485339E-005
  0.561000026646070       5.006203708218733E-005
  0.562000026693568       4.985662001802059E-005
  0.563000026741065       4.965246492780274E-005
  0.564000026788563       4.944956149354232E-005
  0.565000026836060       4.924789950250210E-005
  0.566000026883557       4.904746884591310E-005
  0.567000026931055       4.884825951770686E-005
  0.568000026978552       4.865026161326567E-005
  0.569000027026050       4.845346532819054E-005
  0.570000027073547       4.825786095708664E-005
  0.571000027121045       4.806343889236578E-005
  0.572000027168542       4.787018962306586E-005
  0.573000027216040       4.767810373368684E-005
  0.574000027263537       4.748717190304305E-005
  0.575000027311035       4.729738490313167E-005
  0.576000027358532       4.710873359801680E-005
  0.577000027406029       4.692120894272938E-005
  0.578000027453527       4.673480198218209E-005
  0.579000027501024       4.654950385009969E-005
  0.580000027548522       4.636530576796382E-005
  0.581000027596019       4.618219904397265E-005
  0.582000027643517       4.600017507201483E-005
  0.583000027691014       4.581922533065752E-005
  0.584000027738512       4.563934138214842E-005
  0.585000027786009       4.546051487143139E-005
  0.586000027833506       4.528273752517571E-005
  0.587000027881004       4.510600115081842E-005
  0.588000027928501       4.493029763561994E-005
  0.589000027975999       4.475561894573235E-005
  0.590000028023496       4.458195712528049E-005
  0.591000028070994       4.440930429545538E-005
  0.592000028118491       4.423765265362009E-005
  0.593000028165989       4.406699447242752E-005
  0.594000028213486       4.389732209895022E-005
  0.595000028260984       4.372862795382177E-005
  0.596000028308481       4.356090453038989E-005
  0.597000028355978       4.339414439388070E-005
  0.598000028403476       4.322834018057435E-005
  0.599000028450973       4.306348459699155E-005
  0.600000028498471       4.289957041909091E-005
  0.601000028545968       4.273659049147714E-005
  0.602000028593466       4.257453772661955E-005
  0.603000028640963       4.241340510408109E-005
  0.604000028688461       4.225318566975744E-005
  0.605000028735958       4.209387253512630E-005
  0.606000028783455       4.193545887650642E-005
  0.607000028830953       4.177793793432652E-005
  0.608000028878450       4.162130301240372E-005
  0.609000028925948       4.146554747723145E-005
  0.610000028973445       4.131066475727671E-005
  0.611000029020943       4.115664834228643E-005
  0.612000029068440       4.100349178260300E-005
  0.613000029115938       4.085118868848853E-005
  0.614000029163435       4.069973272945809E-005
  0.615000029210933       4.054911763362134E-005
  0.616000029258430       4.039933718703298E-005
  0.617000029305927       4.025038523305132E-005
  0.618000029353425       4.010225567170527E-005
  0.619000029400922       3.995494245906945E-005
  0.620000029448420       3.980843960664725E-005
  0.621000029495917       3.966274118076191E-005
  0.622000029543415       3.951784130195531E-005
  0.623000029590912       3.937373414439451E-005
  0.624000029638410       3.923041393528576E-005
  0.625000029685907       3.908787495429605E-005
  0.626000029733405       3.894611153298197E-005
  0.627000029780902       3.880511805422584E-005
  0.628000029828399       3.866488895167894E-005
  0.629000029875897       3.852541870921179E-005
  0.630000029923394       3.838670186037137E-005
  0.631000029970892       3.824873298784521E-005
  0.632000030018389       3.811150672293210E-005
  0.633000030065887       3.797501774501954E-005
  0.634000030113384       3.783926078106774E-005
  0.635000030160882       3.770423060509999E-005
  0.636000030208379       3.756992203769946E-005
  0.637000030255876       3.743632994551219E-005
  0.638000030303374       3.730344924075638E-005
  0.639000030350871       3.717127488073767E-005
  0.640000030398369       3.703980186737043E-005
  0.641000030445866       3.690902524670498E-005
  0.642000030493364       3.677894010846074E-005
  0.643000030540861       3.664954158556494E-005
  0.644000030588359       3.652082485369722E-005
  0.645000030635856       3.639278513083966E-005
  0.646000030683354       3.626541767683234E-005
  0.647000030730851       3.613871779293449E-005
  0.648000030778348       3.601268082139083E-005
  0.649000030825846       3.588730214500323E-005
  0.650000030873343       3.576257718670768E-005
  0.651000030920841       3.563850140915627E-005
  0.652000030968338       3.551507031430434E-005
  0.653000031015836       3.539227944300262E-005
  0.654000031063333       3.527012437459420E-005
  0.655000031110831       3.514860072651649E-005
  0.656000031158328       3.502770415390791E-005
  0.657000031205826       3.490743034921934E-005
  0.658000031253323       3.478777504183017E-005
  0.659000031300820       3.466873399766905E-005
  0.660000031348318       3.455030301883907E-005
  0.661000031395815       3.443247794324755E-005
  0.662000031443313       3.431525464424009E-005
  0.663000031490810       3.419862903023907E-005
  0.664000031538308       3.408259704438647E-005
  0.665000031585805       3.396715466419084E-005
  0.666000031633303       3.385229790117853E-005
  0.667000031680800       3.373802280054895E-005
  0.668000031728297       3.362432544083403E-005
  0.669000031775795       3.351120193356158E-005
  0.670000031823292       3.339864842292264E-005
  0.671000031870790       3.328666108544280E-005
  0.672000031918287       3.317523612965726E-005
  0.673000031965785       3.306436979578976E-005
  0.674000032013282       3.295405835543531E-005
  0.675000032060780       3.284429811124651E-005
  0.676000032108277       3.273508539662357E-005
  0.677000032155775       3.262641657540799E-005
  0.678000032203272       3.251828804157973E-005
  0.679000032250769       3.241069621895787E-005
  0.680000032298267       3.230363756090483E-005
  0.681000032345764       3.219710855003387E-005
  0.682000032393262       3.209110569792014E-005
  0.683000032440759       3.198562554481483E-005
  0.684000032488257       3.188066465936284E-005
  0.685000032535754       3.177621963832350E-005
  0.686000032583252       3.167228710629463E-005
  0.687000032630749       3.156886371543963E-005
  0.688000032678246       3.146594614521779E-005
  0.689000032725744       3.136353110211764E-005
  0.690000032773241       3.126161531939327E-005
  0.691000032820739       3.116019555680377E-005
  0.692000032868236       3.105926860035553E-005
  0.693000032915734       3.095883126204748E-005
  0.694000032963231       3.085888037961924E-005
  0.695000033010729       3.075941281630203E-005
  0.696000033058226       3.066042546057257E-005
  0.697000033105724       3.056191522590947E-005
  0.698000033153221       3.046387905055264E-005
  0.699000033200718       3.036631389726522E-005
  0.700000033248216       3.026921675309822E-005
  0.701000033295713       3.017258462915780E-005
  0.702000033343211       3.007641456037520E-005
  0.703000033390708       2.998070360527910E-005
  0.704000033438206       2.988544884577064E-005
  0.705000033485703       2.979064738690089E-005
  0.706000033533201       2.969629635665079E-005
  0.707000033580698       2.960239290571350E-005
  0.708000033628196       2.950893420727925E-005
  0.709000033675693       2.941591745682242E-005
  0.710000033723190       2.932333987189107E-005
  0.711000033770688       2.923119869189882E-005
  0.712000033818185       2.913949117791888E-005
  0.713000033865683       2.904821461248046E-005
  0.714000033913180       2.895736629936736E-005
  0.715000033960678       2.886694356341875E-005
  0.716000034008175       2.877694375033219E-005
  0.717000034055673       2.868736422646870E-005
  0.718000034103170       2.859820237866005E-005
  0.719000034150667       2.850945561401807E-005
  0.720000034198165       2.842112135974605E-005
  0.721000034245662       2.833319706295223E-005
  0.722000034293160       2.824568019046524E-005
  0.723000034340657       2.815856822865154E-005
  0.724000034388155       2.807185868323492E-005
  0.725000034435652       2.798554907911778E-005
  0.726000034483150       2.789963696020451E-005
  0.727000034530647       2.781411988922662E-005
  0.728000034578145       2.772899544756985E-005
  0.729000034625642       2.764426123510305E-005
  0.730000034673139       2.755991487000894E-005
  0.731000034720637       2.747595398861666E-005
  0.732000034768134       2.739237624523608E-005
  0.733000034815632       2.730917931199395E-005
  0.734000034863129       2.722636087867165E-005
  0.735000034910627       2.714391865254482E-005
  0.736000034958124       2.706185035822459E-005
  0.737000035005622       2.698015373750051E-005
  0.738000035053119       2.689882654918510E-005
  0.739000035100617       2.681786656896016E-005
  0.740000035148114       2.673727158922453E-005
  0.741000035195611       2.665703941894362E-005
  0.742000035243109       2.657716788350035E-005
  0.743000035290606       2.649765482454779E-005
  0.744000035338104       2.641849809986327E-005
  0.745000035385601       2.633969558320404E-005
  0.746000035433099       2.626124516416441E-005
  0.747000035480596       2.618314474803439E-005
  0.748000035528094       2.610539225565987E-005
  0.749000035575591       2.602798562330405E-005
  0.750000035623088       2.595092280251060E-005
  0.751000035670586       2.587420175996799E-005
  0.752000035718083       2.579782047737527E-005
  0.753000035765581       2.572177695130942E-005
  0.754000035813078       2.564606919309377E-005
  0.755000035860576       2.557069522866805E-005
  0.756000035908073       2.549565309845954E-005
  0.757000035955571       2.542094085725578E-005
  0.758000036003068       2.534655657407835E-005
  0.759000036050566       2.527249833205813E-005
  0.760000036098063       2.519876422831170E-005
  0.761000036145560       2.512535237381910E-005
  0.762000036193058       2.505226089330278E-005
  0.763000036240555       2.497948792510777E-005
  0.764000036288053       2.490703162108312E-005
  0.765000036335550       2.483489014646450E-005
  0.766000036383048       2.476306167975800E-005
  0.767000036430545       2.469154441262514E-005
  0.768000036478043       2.462033654976893E-005
  0.769000036525540       2.454943630882126E-005
  0.770000036573038       2.447884192023125E-005
  0.771000036620535       2.440855162715480E-005
  0.772000036668032       2.433856368534528E-005
  0.773000036715530       2.426887636304525E-005
  0.774000036763027       2.419948794087929E-005
  0.775000036810525       2.413039671174792E-005
  0.776000036858022       2.406160098072258E-005
  0.777000036905520       2.399309906494158E-005
  0.778000036953017       2.392488929350722E-005
  0.779000037000515       2.385697000738380E-005
  0.780000037048012       2.378933955929675E-005
  0.781000037095509       2.372199631363265E-005
  0.782000037143007       2.365493864634038E-005
  0.783000037190504       2.358816494483310E-005
  0.784000037238002       2.352167360789130E-005
  0.785000037285499       2.345546304556677E-005
  0.786000037332997       2.338953167908749E-005
  0.787000037380494       2.332387794076353E-005
  0.788000037427992       2.325850027389376E-005
  0.789000037475489       2.319339713267361E-005
  0.790000037522987       2.312856698210360E-005
  0.791000037570484       2.306400829789887E-005
  0.792000037617981       2.299971956639952E-005
  0.793000037665479       2.293569928448187E-005
  0.794000037712976       2.287194595947057E-005
  0.795000037760474       2.280845810905154E-005
  0.796000037807971       2.274523426118578E-005
  0.797000037855469       2.268227295402405E-005
  0.798000037902966       2.261957273582228E-005
  0.799000037950464       2.255713216485790E-005
  0.800000037997961       2.249494980934689E-005
  0.801000038045458       2.243302424736171E-005
  0.802000038092956       2.237135406674999E-005
  0.803000038140453       2.230993786505395E-005
  0.804000038187951       2.224877424943064E-005
  0.805000038235448       2.218786183657299E-005
  0.806000038282946       2.212719925263154E-005
  0.807000038330443       2.206678513313694E-005
  0.808000038377941       2.200661812292318E-005
  0.809000038425438       2.194669687605161E-005
  0.810000038472936       2.188702005573562E-005
  0.811000038520433       2.182758633426604E-005
  0.812000038567930       2.176839439293731E-005
  0.813000038615428       2.170944292197425E-005
  0.814000038662925       2.165073062045961E-005
  0.815000038710423       2.159225619626230E-005
  0.816000038757920       2.153401836596622E-005
  0.817000038805418       2.147601585479984E-005
  0.818000038852915       2.141824739656642E-005
  0.819000038900413       2.136071173357488E-005
  0.820000038947910       2.130340761657131E-005
  0.821000038995408       2.124633380467116E-005
  0.822000039042905       2.118948906529200E-005
  0.823000039090402       2.113287217408700E-005
  0.824000039137900       2.107648191487896E-005
  0.825000039185397       2.102031707959493E-005
  0.826000039232895       2.096437646820156E-005
  0.827000039280392       2.090865888864095E-005
  0.828000039327890       2.085316315676711E-005
  0.829000039375387       2.079788809628301E-005
  0.830000039422885       2.074283253867826E-005
  0.831000039470382       2.068799532316735E-005
  0.832000039517879       2.063337529662837E-005
  0.833000039565377       2.057897131354243E-005
  0.834000039612874       2.052478223593358E-005
  0.835000039660372       2.047080693330926E-005
  0.836000039707869       2.041704428260131E-005
  0.837000039755367       2.036349316810755E-005
  0.838000039802864       2.031015248143389E-005
  0.839000039850362       2.025702112143692E-005
  0.840000039897859       2.020409799416711E-005
  0.841000039945357       2.015138201281242E-005
  0.842000039992854       2.009887209764255E-005
  0.843000040040351       2.004656717595359E-005
  0.844000040087849       1.999446618201323E-005
  0.845000040135346       1.994256805700648E-005
  0.846000040182844       1.989087174898181E-005
  0.847000040230341       1.983937621279786E-005
  0.848000040277839       1.978808041007059E-005
  0.849000040325336       1.973698330912092E-005
  0.850000040372834       1.968608388492285E-005
  0.851000040420331       1.963538111905199E-005
  0.852000040467829       1.958487399963468E-005
  0.853000040515326       1.953456152129741E-005
  0.854000040562823       1.948444268511682E-005
  0.855000040610321       1.943451649857009E-005
  0.856000040657818       1.938478197548578E-005
  0.857000040705316       1.933523813599512E-005
  0.858000040752813       1.928588400648374E-005
  0.859000040800311       1.923671861954380E-005
  0.860000040847808       1.918774101392660E-005
  0.861000040895306       1.913895023449555E-005
  0.862000040942803       1.909034533217960E-005
  0.863000040990300       1.904192536392710E-005
  0.864000041037798       1.899368939265999E-005
  0.865000041085295       1.894563648722847E-005
  0.866000041132793       1.889776572236610E-005
  0.867000041180290       1.885007617864514E-005
  0.868000041227788       1.880256694243248E-005
  0.869000041275285       1.875523710584584E-005
  0.870000041322783       1.870808576671035E-005
  0.871000041370280       1.866111202851563E-005
  0.872000041417778       1.861431500037304E-005
  0.873000041465275       1.856769379697353E-005
  0.874000041512772       1.852124753854572E-005
  0.875000041560270       1.847497535081438E-005
  0.876000041607767       1.842887636495926E-005
  0.877000041655265       1.838294971757434E-005
  0.878000041702762       1.833719455062736E-005
  0.879000041750260       1.829161001141969E-005
  0.880000041797757       1.824619525254670E-005
  0.881000041845255       1.820094943185826E-005
  0.882000041892752       1.815587171241973E-005
  0.883000041940250       1.811096126247325E-005
  0.884000041987747       1.806621725539937E-005
  0.885000042035244       1.802163886967896E-005
  0.886000042082742       1.797722528885553E-005
  0.887000042130239       1.793297570149780E-005
  0.888000042177737       1.788888930116269E-005
  0.889000042225234       1.784496528635847E-005
  0.890000042272732       1.780120286050843E-005
  0.891000042320229       1.775760123191465E-005
  0.892000042367727       1.771415961372227E-005
  0.893000042415224       1.767087722388393E-005
  0.894000042462721       1.762775328512455E-005
  0.895000042510219       1.758478702490650E-005
  0.896000042557716       1.754197767539490E-005
  0.897000042605214       1.749932447342335E-005
  0.898000042652711       1.745682666045993E-005
  0.899000042700209       1.741448348257340E-005
  0.900000042747706       1.737229419039983E-005
  0.901000042795204       1.733025803910939E-005
  0.902000042842701       1.728837428837345E-005
  0.903000042890199       1.724664220233203E-005
  0.904000042937696       1.720506104956143E-005
  0.905000042985193       1.716363010304218E-005
  0.906000043032691       1.712234864012725E-005
  0.907000043080188       1.708121594251053E-005
  0.908000043127686       1.704023129619561E-005
  0.909000043175183       1.699939399146472E-005
  0.910000043222681       1.695870332284804E-005
  0.911000043270178       1.691815858909322E-005
  0.912000043317676       1.687775909313517E-005
  0.913000043365173       1.683750414206604E-005
  0.914000043412670       1.679739304710556E-005
  0.915000043460168       1.675742512357153E-005
  0.916000043507665       1.671759969085063E-005
  0.917000043555163       1.667791607236940E-005
  0.918000043602660       1.663837359556551E-005
  0.919000043650158       1.659897159185924E-005
  0.920000043697655       1.655970939662527E-005
  0.921000043745153       1.652058634916458E-005
  0.922000043792650       1.648160179267666E-005
  0.923000043840148       1.644275507423196E-005
  0.924000043887645       1.640404554474455E-005
  0.925000043935142       1.636547255894494E-005
  0.926000043982640       1.632703547535325E-005
  0.927000044030137       1.628873365625250E-005
  0.928000044077635       1.625056646766214E-005
  0.929000044125132       1.621253327931185E-005
  0.930000044172630       1.617463346461548E-005
  0.931000044220127       1.613686640064522E-005
  0.932000044267625       1.609923146810605E-005
  0.933000044315122       1.606172805131031E-005
  0.934000044362620       1.602435553815251E-005
  0.935000044410117       1.598711332008436E-005
  0.936000044457614       1.595000079208999E-005
  0.937000044505112       1.591301735266135E-005
  0.938000044552609       1.587616240377388E-005
  0.939000044600107       1.583943535086228E-005
  0.940000044647604       1.580283560279653E-005
  0.941000044695102       1.576636257185813E-005
  0.942000044742599       1.573001567371647E-005
  0.943000044790097       1.569379432740542E-005
  0.944000044837594       1.565769795530014E-005
  0.945000044885091       1.562172598309400E-005
  0.946000044932589       1.558587783977578E-005
  0.947000044980086       1.555015295760694E-005
  0.948000045027584       1.551455077209921E-005
  0.949000045075081       1.547907072199222E-005
  0.950000045122579       1.544371224923143E-005
  0.951000045170076       1.540847479894613E-005
  0.952000045217574       1.537335781942769E-005
  0.953000045265071       1.533836076210798E-005
  0.954000045312569       1.530348308153790E-005
  0.955000045360066       1.526872423536615E-005
  0.956000045407563       1.523408368431812E-005
  0.957000045455061       1.519956089217500E-005
  0.958000045502558       1.516515532575298E-005
  0.959000045550056       1.513086645488271E-005
  0.960000045597553       1.509669375238881E-005
  0.961000045645051       1.506263669406966E-005
  0.962000045692548       1.502869475867726E-005
  0.963000045740046       1.499486742789729E-005
  0.964000045787543       1.496115418632930E-005
  0.965000045835041       1.492755452146710E-005
  0.966000045882538       1.489406792367926E-005
  0.967000045930035       1.486069388618981E-005
  0.968000045977533       1.482743190505900E-005
  0.969000046025030       1.479428147916433E-005
  0.970000046072528       1.476124211018166E-005
  0.971000046120025       1.472831330256644E-005
  0.972000046167523       1.469549456353518E-005
  0.973000046215020       1.466278540304696E-005
  0.974000046262518       1.463018533378517E-005
  0.975000046310015       1.459769387113934E-005
  0.976000046357512       1.456531053318710E-005
  0.977000046405010       1.453303484067636E-005
  0.978000046452507       1.450086631700753E-005
  0.979000046500005       1.446880448821594E-005
  0.980000046547502       1.443684888295438E-005
  0.981000046595000       1.440499903247575E-005
  0.982000046642497       1.437325447061589E-005
  0.983000046689995       1.434161473377651E-005
  0.984000046737492       1.431007936090827E-005
  0.985000046784990       1.427864789349395E-005
  0.986000046832487       1.424731987553183E-005
  0.987000046879984       1.421609485351908E-005
  0.988000046927482       1.418497237643542E-005
  0.989000046974979       1.415395199572676E-005
  0.990000047022477       1.412303326528907E-005
  0.991000047069974       1.409221574145235E-005
  0.992000047117472       1.406149898296467E-005
  0.993000047164969       1.403088255097640E-005
  0.994000047212467       1.400036600902454E-005
  0.995000047259964       1.396994892301713E-005
  0.996000047307462       1.393963086121783E-005
  0.997000047354959       1.390941139423059E-005
  0.998000047402456       1.387929009498445E-005
 
     Wbsepp       :  5m38.18s CPU     6m19.29s WALL

     wbsepp_readi :     34.64s CPU     42.83s WALL (       1 calls)
     wbsepp_fetch :      0.00s CPU      0.01s WALL (       1 calls)
     read_xml     :      8.57s CPU      8.99s WALL (       1 calls)
     init_vloc    :      0.05s CPU      0.05s WALL (       2 calls)
     fft          :      0.09s CPU      0.14s WALL (      19 calls)
     fft_scatter  :      5.50s CPU      5.58s WALL (    8015 calls)
     v_of_rho     :      0.17s CPU      0.18s WALL (       1 calls)
     v_xc         :      0.16s CPU      0.17s WALL (       1 calls)
     v_h          :      0.01s CPU      0.01s WALL (       1 calls)
     read_wave    :     26.07s CPU     33.82s WALL (       1 calls)
     davcio       :      0.01s CPU      4.23s WALL (      15 calls)
     init_us_1    :      0.01s CPU      0.01s WALL (       2 calls)
     do_setup     :      0.34s CPU      0.77s WALL (       1 calls)
     init_pw_ar   :      0.28s CPU      0.71s WALL (       1 calls)
     init_at_1    :      0.00s CPU      0.00s WALL (       1 calls)
     storesqvc    :      0.00s CPU      0.00s WALL (       1 calls)
     eig_decompos :    303.20s CPU    335.68s WALL (       1 calls)
     plep_db      :    254.07s CPU    281.66s WALL (       1 calls)
     solve_e_psi  :     39.02s CPU     40.31s WALL (       1 calls)
     fftw         :     10.65s CPU     10.82s WALL (    7996 calls)
     alphapc      :     14.52s CPU     14.74s WALL (       6 calls)
 
     Wbsepp       :  5m38.18s CPU     6m19.29s WALL

 
   This run was terminated on:   9: 7:10  27Jan2023            

=------------------------------------------------------------------------------=
   JOB DONE.
=------------------------------------------------------------------------------=
