
     Program Wbse v. 2.0.1 svn rev. 1002 starts on  5Jul2022 at 21:32:47 

     This program is part of the open-source West suite
     for massively parallel calculations of excited states in materials; please cite
         "M. Govoni et al., J. Chem. Theory Comput. 11, 2680 (2015);
          URL http://www.west-code.org", 
     in publications or presentations arising from this work.

     Based on the Quantum ESPRESSO v. 6.1 svn rev. 13369
       
     --------------------------------------------------------------------------------------------
     **MPI** Parallelization Status                                      
     --------------------------------------------------------------------------------------------
                   120                   1             1             1           120
     --------------------------------------------------------------------------------------------
                     N         =         I      X      P      X      B      X      Z
                     ^                   ^             ^             ^             ^
                     |                   |             |             |             |
                   #rnk                  |             |             |             |
                                      #image           |             |             |
                                                     #pool           |             |
                                                                   #bgrp           |
                                                                                 #R&G
     --------------------------------------------------------------------------------------------
     #prc =          120
     --------------------------------------------------------------------------------------------
       
     --------------------------------------------------------------------------------------------
     I/O Summary : input_west                                            
     --------------------------------------------------------------------------------------------
     qe_prefix               =          pwscf
     west_prefix             =           west
     outdir                  =             ./
     l_load_qbox_wfc         =              F
     qbox_ks_wfc_filename    =         qb.xml
     which_bse_method        =             FF
     --------------------------------------------------------------------------------------------
       
     --------------------------------------------------------------------------------------------
     I/O Summary : wbse_init                                             
     --------------------------------------------------------------------------------------------
     wbse_init_calculation   =              S
     n_pdep_eigen            =              1
     chi_kernel              =            CHI
     which_spin_channel      =              0
     l_use_localise_repr     =              F
     overlap_thr             =       0.000000
     l_use_bisection_thr     =              F
     qbox_bisec_wfc_filename =      qb.gs.xml
     --------------------------------------------------------------------------------------------
       
     --------------------------------------------------------------------------------------------
     I/O Summary : WBSE_control                                          
     --------------------------------------------------------------------------------------------
     wbse_diag_method        =          david
     wbse_calculation        =              S
     n_plep_eigen            =              4
     n_plep_times            =             10
     n_plep_maxiter          =          10000
     n_plep_read_from_file   =              0
     l_bse_calculation       =              F
     l_hybrid_calculation    =              T
     l_exx_fraction          =       0.180000
     l_h_ovlp_thr            =       0.000000
     l_h_loc                 =              F
     l_h_bis                 =              F
     l_h_qbox_bis_wfc_fname  =      qb.gs.xml
     if_random_init          =              F
     l_restart_step          =              0
     l_cg_diagonalization    =              F
     l_subspace              =              F
     n_trunc_bands           =              0
     l_sf_kernel             =              T
     l_alda0                 =              F
     sf_cut_1                =     500.000000
     sf_cut_2                =       0.000100
     l_tddft_force           =              F
     force_state             =              4
     snd_coeff               =       0.010000
     wbse_zv_alpha_mix       =       0.700000
     wbse_zv_nmix_wbse       =              4
     wbse_zv_scf_tr2         =       0.000000
     l_diag_term_only        =              F
     l_preconditioning       =              F
     l_pre_shift             =              F
     l_qp_correction         =              F
     spin_excitation         =        flipped
     trev_plep               =       0.001000
     trev_plep_rel           =       0.000100
     scissor_ope             =       0.000000
     eps_macro               =       1.000000
     --------------------------------------------------------------------------------------------

     Reading data from directory:
     ./pwscf.save

   Info: using nr1, nr2, nr3 values from input

   Info: using nr1, nr2, nr3 values from input

     IMPORTANT: XC functional enforced from input :
     Exchange-correlation      = PBE0 ( 6  4  8  4 0 0)
     EXX-fraction              =        0.25
     Any further DFT definition will be discarded
     Please, verify this is what you really want

 
     Parallelization info
     --------------------
     sticks:   dense  smooth     PW     G-vecs:    dense   smooth      PW
     Min          63      63     15                 4260     4260     524
     Max          66      66     18                 4274     4274     540
     Sum        7721    7721   1933               511971   511971   63989
 
     Generating pointlists ...
     new r_m :   0.0565 (alat units)  1.1374 (a.u.) for type    1
     new r_m :   0.0565 (alat units)  1.1374 (a.u.) for type    2
     EXX fraction changed:   0.18
     EXX Screening parameter changed:    0.0000000
     EXX Gau parameter changed:    0.0000000
       ** WARNING : EXX-alpha            =       0.180000
       ** WARNING : EXX-erfc_scrlen      =       0.000000
       ** WARNING : EXX-gau_scrlen       =       0.000000
       ** WARNING : EXX-ecutfock         =     120.000000
       ** WARNING : EXX-exxdiv_treatment = gb            
EXX: grid of k+q points same as grid of k-points
       ** WARNING : EXX-exxdiv           =   -1970.085306
       
     --------------------------------------------------------------------------------------------
     System Overview                                                     
     --------------------------------------------------------------------------------------------
     gamma_only           =              T
     ecutwfc [Ry]         =      60.000000
     omega [au^3]         =   8.151648E+03
     glob. #G             =          31995
     nbnd                 =            456
     nkstot               =              2
     nspin                =              2
     nelec                =     862.000000
     nelup                =     432.000000
     neldw                =     430.000000
     npol                 =              1
     lsda                 =              T
     noncolin             =              F
     lspinorb             =              F
     domag                =              F
     --------------------------------------------------------------------------------------------

     sFFT G-space:   255986 G-vectors     R-space: ( 100, 100, 100)
     dFFT G-space:   255986 G-vectors     R-space: ( 100, 100, 100)

     Cell [a.u.]          =      20.125583      0.000000      0.000000
                          =       0.000000     20.125583      0.000000
                          =       0.000000      0.000000     20.125583
      
     number of ks points=     2
                       cart. coord. in units 2pi/alat
        k(    1) = (   0.0000000   0.0000000   0.0000000), wk =   1.0000000
        k(    2) = (   0.0000000   0.0000000   0.0000000), wk =   1.0000000

                       cryst. coord.
        k(    1) = (   0.0000000   0.0000000   0.0000000), wk =   1.0000000
        k(    2) = (   0.0000000   0.0000000   0.0000000), wk =   1.0000000
 
     F. Gygi div      =   2.416794E-01
       
     --------------------------------------------------------------------------------------------
     Parallelization for hybrid_init_kernel                              
     --------------------------------------------------------------------------------------------
     nglob                =          93528
     nlevel               =              1
     Min nglob/nlevel     =          93528
     Max nglob/nlevel     =          93528
     --------------------------------------------------------------------------------------------
       
     --------------------------------------------------------------------------------------------
     Parallelization for nvecx                                           
     --------------------------------------------------------------------------------------------
     nglob                =             40
     nlevel               =              1
     Min nglob/nlevel     =             40
     Max nglob/nlevel     =             40
     --------------------------------------------------------------------------------------------
       
     --------------------------------------------------------------------------------------------
     Parallelization for band_paralel                                    
     --------------------------------------------------------------------------------------------
     nglob                =            432
     nlevel               =              1
     Min nglob/nlevel     =            432
     Max nglob/nlevel     =            432
     --------------------------------------------------------------------------------------------
       
     --------------------------------------------------------------------------------------------
     Parallelization for hybrid_kernel                                   
     --------------------------------------------------------------------------------------------
     nglob                =         186624
     nlevel               =              1
     Min nglob/nlevel     =         186624
     Max nglob/nlevel     =         186624
     --------------------------------------------------------------------------------------------

     [MEM] ----------------------------------------------------------
     [MEM] **Memory** analysis: QE
     [MEM] ----------------------------------------------------------
     [MEM] Allocated arrays           est. size (Mb)     dimensions
     [MEM] ----------------------------------------------------------
     [MEM] Kohn-Sham Wavefunctions       1.88 Mb     (    270,  456)
     [MEM] NL pseudopotentials           7.09 Mb     (    270, 1720)
     [MEM] Each V/rho on FFT grid        0.15 Mb     (  10000)
     [MEM] Each G-vector array           0.02 Mb     (   2132)
     [MEM] G-vector shells               0.01 Mb     (    789)
     [MEM] ----------------------------------------------------------
     [MEM] TOT                           9.14 Mb
     [MEM] ----------------------------------------------------------
     [MEM] 
     [MEM] ----------------------------------------------------------
     [MEM] **Memory** analysis: WBSE global
     [MEM] ----------------------------------------------------------
     [MEM] Allocated arrays           est. size (Mb)     dimensions
     [MEM] ----------------------------------------------------------
     [MEM] dvg_exc                      71.19 Mb     (    270,  432,   40)
     [MEM] dng_exc                      71.19 Mb     (    270,  432,   40)
     [MEM] hr_distr                      0.01 Mb     (     40,   40)
     [MEM] vr_distr                      0.01 Mb     (     40,   40)
     [MEM] ----------------------------------------------------------
     [MEM] TOT                         142.41 Mb
     [MEM] ----------------------------------------------------------
     [MEM] 
     [MEM] ----------------------------------------------------------
     [MEM] **Memory** analysis: WBSE temporary
     [MEM] ----------------------------------------------------------
     [MEM] Allocated arrays           est. size (Mb)     dimensions
     [MEM] ----------------------------------------------------------
     [MEM] dvpsi                         1.78 Mb     (    270,  432)
     [MEM] dpsi                          1.78 Mb     (    270,  432)
     [MEM] ----------------------------------------------------------
     [MEM] Total estimate                3.56 Mb
     [MEM] ----------------------------------------------------------
     Lowest energy electron-hole pairs are used as initial vectors ...
     Calculating the electron-hole pairs for initiating trial vectors ...

              1        57         2       432         1           0.207366444025
              2        58         2       432         2           0.214313699556
              3        49         2       431         1           0.223607596939
              4        50         2       431         2           0.230554852470
              5        59         2       432         3           0.278251465564
              6        60         2       432         4           0.278895085139
              7        61         2       432         5           0.280480761843
              8        62         2       432         6           0.283425731975
              9        63         2       432         7           0.283670028108
             10        64         2       432         8           0.284836956835
             11        51         2       431         3           0.294492618478
             12        52         2       431         4           0.295136238053
             13        53         2       431         5           0.296721914757
             14        41         2       430         1           0.297754007876
             15        54         2       431         6           0.299666884889
             16        57         1       430         1           0.299896922417
     Finished calculating the cv couples.
     Finished setting initial vectors.

                       *----------*              *----------*               *----------*
     #     Iteration = | starting |   WBSE_dim = |        4 |   Diago_dim = |        4 |  x 1/2
                       *----------*              *----------*               *----------*

                       *----------*              *----------*               *----------*
     #     Iteration = | starting |   WBSE_dim = |        4 |   Diago_dim = |        4 |  x 2/2
                       *----------*              *----------*               *----------*
     s-DIAGOX done in < 00.1s             
     --------------------------------------------------------------------------------------------
        
        0.04583420   0.09248959   0.10691933   0.15699789
        
     --------------------------------------------------------------------------------------------
     Tot. elapsed time 01h-00m-47.0s,  time spent in last iteration 01h-00m-47.0s
     --------------------------------------------------------------------------------------------

                       *----------*              *----------*               *----------*
     #     Iteration = |        1 |   WBSE_dim = |        4 |   Diago_dim = |        8 |
                       *----------*              *----------*               *----------*
     s-DIAGOX done in < 00.1s             
     --------------------------------------------------------------------------------------------
        
        0.03973878   0.08795809   0.10293693   0.15655423
        
     --------------------------------------------------------------------------------------------
     Tot. elapsed time 01h-31m-19.2s,  time spent in last iteration 30m-32.2s
     --------------------------------------------------------------------------------------------

                       *----------*              *----------*               *----------*
     #     Iteration = |        2 |   WBSE_dim = |        4 |   Diago_dim = |       12 |
                       *----------*              *----------*               *----------*
     s-DIAGOX done in < 00.1s             
     --------------------------------------------------------------------------------------------
        
        0.03381870   0.08295333   0.09867704   0.15617030
        
     --------------------------------------------------------------------------------------------
     Tot. elapsed time 02h-01m-51.7s,  time spent in last iteration 30m-32.4s
     --------------------------------------------------------------------------------------------

                       *----------*              *----------*               *----------*
     #     Iteration = |        3 |   WBSE_dim = |        4 |   Diago_dim = |       16 |
                       *----------*              *----------*               *----------*
     s-DIAGOX done in < 00.1s             
     --------------------------------------------------------------------------------------------
        
        0.02875270   0.07828860   0.09471715   0.15594198
        
     --------------------------------------------------------------------------------------------
     Tot. elapsed time 02h-32m-23.8s,  time spent in last iteration 30m-32.0s
     --------------------------------------------------------------------------------------------

                       *----------*              *----------*               *----------*
     #     Iteration = |        4 |   WBSE_dim = |        4 |   Diago_dim = |       20 |
                       *----------*              *----------*               *----------*
     s-DIAGOX done in < 00.1s             
     --------------------------------------------------------------------------------------------
        
        0.02460017   0.07405837   0.09113152   0.15575174
        
     --------------------------------------------------------------------------------------------
     Tot. elapsed time 03h-02m-55.0s,  time spent in last iteration 30m-31.1s
     --------------------------------------------------------------------------------------------

                       *----------*              *----------*               *----------*
     #     Iteration = |        5 |   WBSE_dim = |        4 |   Diago_dim = |       24 |
                       *----------*              *----------*               *----------*
     s-DIAGOX done in < 00.1s             
     --------------------------------------------------------------------------------------------
        
        0.02144342   0.07045757   0.08808354   0.15558105
        
     --------------------------------------------------------------------------------------------
     Tot. elapsed time 03h-33m-27.2s,  time spent in last iteration 30m-32.1s
     --------------------------------------------------------------------------------------------

                       *----------*              *----------*               *----------*
     #     Iteration = |        6 |   WBSE_dim = |        4 |   Diago_dim = |       28 |
                       *----------*              *----------*               *----------*
     s-DIAGOX done in < 00.1s             
     --------------------------------------------------------------------------------------------
        
        0.01903586   0.06739657   0.08547214   0.15543317
        
     --------------------------------------------------------------------------------------------
     Tot. elapsed time 04h-03m-58.8s,  time spent in last iteration 30m-31.5s
     --------------------------------------------------------------------------------------------

                       *----------*              *----------*               *----------*
     #     Iteration = |        7 |   WBSE_dim = |        4 |   Diago_dim = |       32 |
                       *----------*              *----------*               *----------*
     s-DIAGOX done in < 00.1s             
     --------------------------------------------------------------------------------------------
        
        0.01714464   0.06470701   0.08314845   0.15530587
        
     --------------------------------------------------------------------------------------------
     Tot. elapsed time 04h-34m-30.4s,  time spent in last iteration 30m-31.5s
     --------------------------------------------------------------------------------------------

                       *----------*              *----------*               *----------*
     #     Iteration = |        8 |   WBSE_dim = |        4 |   Diago_dim = |       36 |
                       *----------*              *----------*               *----------*
     s-DIAGOX done in < 00.1s             
     --------------------------------------------------------------------------------------------
        
        0.01560674   0.06229664   0.08103140   0.15519598
        
     --------------------------------------------------------------------------------------------
     Tot. elapsed time 05h-05m-01.9s,  time spent in last iteration 30m-31.4s
     --------------------------------------------------------------------------------------------

                       *----------*              *----------*               *----------*
     #     Iteration = |        9 |   WBSE_dim = |        4 |   Diago_dim = |       40 |
                       *----------*              *----------*               *----------*
     s-DIAGOX done in < 00.1s             
     --------------------------------------------------------------------------------------------
        
        0.01434439   0.06010802   0.07907970   0.15509851
        
     --------------------------------------------------------------------------------------------
     Tot. elapsed time 05h-35m-34.2s,  time spent in last iteration 30m-32.2s
     --------------------------------------------------------------------------------------------

       Refresh the basis set

                       *----------*              *----------*               *----------*
     #     Iteration = |       10 |   WBSE_dim = |        4 |   Diago_dim = |        8 |
                       *----------*              *----------*               *----------*
     s-DIAGOX done in < 00.1s             
     --------------------------------------------------------------------------------------------
        
        0.01377916   0.05907830   0.07815553   0.15505250
        
     --------------------------------------------------------------------------------------------
     Tot. elapsed time 06h-06m-05.5s,  time spent in last iteration 30m-29.8s
     --------------------------------------------------------------------------------------------

                       *----------*              *----------*               *----------*
     #     Iteration = |       11 |   WBSE_dim = |        4 |   Diago_dim = |       12 |
                       *----------*              *----------*               *----------*
     s-DIAGOX done in < 00.1s             
     --------------------------------------------------------------------------------------------
        
        0.01323259   0.05808053   0.07725875   0.15500673
        
     --------------------------------------------------------------------------------------------
     Tot. elapsed time 06h-36m-35.1s,  time spent in last iteration 30m-29.5s
     --------------------------------------------------------------------------------------------

                       *----------*              *----------*               *----------*
     #     Iteration = |       12 |   WBSE_dim = |        4 |   Diago_dim = |       16 |
                       *----------*              *----------*               *----------*
     s-DIAGOX done in < 00.1s             
     --------------------------------------------------------------------------------------------
        
        0.01272096   0.05713277   0.07640413   0.15496144
        
     --------------------------------------------------------------------------------------------
     Tot. elapsed time 07h-07m-04.6s,  time spent in last iteration 30m-29.4s
     --------------------------------------------------------------------------------------------

                       *----------*              *----------*               *----------*
     #     Iteration = |       13 |   WBSE_dim = |        4 |   Diago_dim = |       20 |
                       *----------*              *----------*               *----------*
     s-DIAGOX done in < 00.1s             
     --------------------------------------------------------------------------------------------
        
        0.01224768   0.05624112   0.07559589   0.15491743
        
     --------------------------------------------------------------------------------------------
     Tot. elapsed time 07h-37m-37.2s,  time spent in last iteration 30m-32.5s
     --------------------------------------------------------------------------------------------

                       *----------*              *----------*               *----------*
     #     Iteration = |       14 |   WBSE_dim = |        4 |   Diago_dim = |       24 |
                       *----------*              *----------*               *----------*
     s-DIAGOX done in < 00.1s             
     --------------------------------------------------------------------------------------------
        
        0.01181744   0.05540338   0.07483046   0.15487529
        
     --------------------------------------------------------------------------------------------
     Tot. elapsed time 08h-08m-09.4s,  time spent in last iteration 30m-32.1s
     --------------------------------------------------------------------------------------------

                       *----------*              *----------*               *----------*
     #     Iteration = |       15 |   WBSE_dim = |        4 |   Diago_dim = |       28 |
                       *----------*              *----------*               *----------*
     s-DIAGOX done in < 00.1s             
     --------------------------------------------------------------------------------------------
        
        0.01143509   0.05462433   0.07411050   0.15483567
        
     --------------------------------------------------------------------------------------------
     Tot. elapsed time 08h-38m-39.5s,  time spent in last iteration 30m-30.1s
     --------------------------------------------------------------------------------------------

                       *----------*              *----------*               *----------*
     #     Iteration = |       16 |   WBSE_dim = |        4 |   Diago_dim = |       32 |
                       *----------*              *----------*               *----------*
     s-DIAGOX done in < 00.1s             
     --------------------------------------------------------------------------------------------
        
        0.01110906   0.05391879   0.07345200   0.15479703
        
     --------------------------------------------------------------------------------------------
     Tot. elapsed time 09h-09m-11.3s,  time spent in last iteration 30m-31.7s
     --------------------------------------------------------------------------------------------

                       *----------*              *----------*               *----------*
     #     Iteration = |       17 |   WBSE_dim = |        4 |   Diago_dim = |       36 |
                       *----------*              *----------*               *----------*
     s-DIAGOX done in < 00.1s             
     --------------------------------------------------------------------------------------------
        
        0.01083595   0.05328991   0.07285852   0.15475528
        
     --------------------------------------------------------------------------------------------
     Tot. elapsed time 09h-39m-43.7s,  time spent in last iteration 30m-32.4s
     --------------------------------------------------------------------------------------------

                       *----------*              *----------*               *----------*
     #     Iteration = |       18 |   WBSE_dim = |        4 |   Diago_dim = |       40 |
                       *----------*              *----------*               *----------*
     s-DIAGOX done in < 00.1s             
     --------------------------------------------------------------------------------------------
        
        0.01062024   0.05277482   0.07235943   0.15471825
        
     --------------------------------------------------------------------------------------------
     Tot. elapsed time 10h-10m-16.9s,  time spent in last iteration 30m-33.1s
     --------------------------------------------------------------------------------------------

       Refresh the basis set

                       *----------*              *----------*               *----------*
     #     Iteration = |       19 |   WBSE_dim = |        4 |   Diago_dim = |        8 |
                       *----------*              *----------*               *----------*
     s-DIAGOX done in < 00.1s             
     --------------------------------------------------------------------------------------------
        
        0.01053114   0.05256918   0.07216296   0.15470403
        
     --------------------------------------------------------------------------------------------
     Tot. elapsed time 10h-40m-56.4s,  time spent in last iteration 30m-38.0s
     --------------------------------------------------------------------------------------------

                       *----------*              *----------*               *----------*
     #     Iteration = |       20 |   WBSE_dim = |        3 |   Diago_dim = |       11 |
                       *----------*              *----------*               *----------*
     s-DIAGOX done in < 00.1s             
     --------------------------------------------------------------------------------------------
        
        0.01040475   0.05226780   0.07187495   0.15469151
        
     --------------------------------------------------------------------------------------------
     Tot. elapsed time 11h-03m-48.6s,  time spent in last iteration 22m-52.1s
     --------------------------------------------------------------------------------------------

                       *----------*              *----------*               *----------*
     #     Iteration = |       21 |   WBSE_dim = |        3 |   Diago_dim = |       14 |
                       *----------*              *----------*               *----------*
     s-DIAGOX done in < 00.1s             
     --------------------------------------------------------------------------------------------
        
        0.01027708   0.05193353   0.07155017   0.15467719
        
     --------------------------------------------------------------------------------------------
     Tot. elapsed time 11h-26m-45.3s,  time spent in last iteration 22m-56.6s
     --------------------------------------------------------------------------------------------

                       *----------*              *----------*               *----------*
     #     Iteration = |       22 |   WBSE_dim = |        3 |   Diago_dim = |       17 |
                       *----------*              *----------*               *----------*
     s-DIAGOX done in < 00.1s             
     --------------------------------------------------------------------------------------------
        
        0.01016444   0.05161327   0.07123486   0.15466290
        
     --------------------------------------------------------------------------------------------
     Tot. elapsed time 11h-49m-41.2s,  time spent in last iteration 22m-55.9s
     --------------------------------------------------------------------------------------------

                       *----------*              *----------*               *----------*
     #     Iteration = |       23 |   WBSE_dim = |        3 |   Diago_dim = |       20 |
                       *----------*              *----------*               *----------*
     s-DIAGOX done in < 00.1s             
     --------------------------------------------------------------------------------------------
        
        0.01007032   0.05132239   0.07094492   0.15464911
        
     --------------------------------------------------------------------------------------------
     Tot. elapsed time 12h-12m-36.4s,  time spent in last iteration 22m-55.1s
     --------------------------------------------------------------------------------------------

                       *----------*              *----------*               *----------*
     #     Iteration = |       24 |   WBSE_dim = |        3 |   Diago_dim = |       23 |
                       *----------*              *----------*               *----------*
     s-DIAGOX done in < 00.1s             
     --------------------------------------------------------------------------------------------
        
        0.00999419   0.05106734   0.07068725   0.15463606
        
     --------------------------------------------------------------------------------------------
     Tot. elapsed time 12h-35m-30.3s,  time spent in last iteration 22m-53.9s
     --------------------------------------------------------------------------------------------

                       *----------*              *----------*               *----------*
     #     Iteration = |       25 |   WBSE_dim = |        3 |   Diago_dim = |       26 |
                       *----------*              *----------*               *----------*
     s-DIAGOX done in < 00.1s             
     --------------------------------------------------------------------------------------------
        
        0.00993427   0.05085261   0.07046898   0.15462407
        
     --------------------------------------------------------------------------------------------
     Tot. elapsed time 12h-58m-32.7s,  time spent in last iteration 23m-02.3s
     --------------------------------------------------------------------------------------------

                       *----------*              *----------*               *----------*
     #     Iteration = |       26 |   WBSE_dim = |        3 |   Diago_dim = |       29 |
                       *----------*              *----------*               *----------*
     s-DIAGOX done in < 00.1s             
     --------------------------------------------------------------------------------------------
        
        0.00988573   0.05066642   0.07027836   0.15461269
        
     --------------------------------------------------------------------------------------------
     Tot. elapsed time 13h-21m-36.4s,  time spent in last iteration 23m-03.6s
     --------------------------------------------------------------------------------------------

                       *----------*              *----------*               *----------*
     #     Iteration = |       27 |   WBSE_dim = |        3 |   Diago_dim = |       32 |
                       *----------*              *----------*               *----------*
     s-DIAGOX done in < 00.1s             
     --------------------------------------------------------------------------------------------
        
        0.00984751   0.05051444   0.07012154   0.15460254
        
     --------------------------------------------------------------------------------------------
     Tot. elapsed time 13h-44m-38.3s,  time spent in last iteration 23m-01.8s
     --------------------------------------------------------------------------------------------

                       *----------*              *----------*               *----------*
     #     Iteration = |       28 |   WBSE_dim = |        3 |   Diago_dim = |       35 |
                       *----------*              *----------*               *----------*
     s-DIAGOX done in < 00.1s             
     --------------------------------------------------------------------------------------------
        
        0.00975619   0.05015090   0.06975269   0.15457386
        
     --------------------------------------------------------------------------------------------
     Tot. elapsed time 14h-07m-33.7s,  time spent in last iteration 22m-55.4s
     --------------------------------------------------------------------------------------------

                       *----------*              *----------*               *----------*
     #     Iteration = |       29 |   WBSE_dim = |        4 |   Diago_dim = |       39 |
                       *----------*              *----------*               *----------*
     s-DIAGOX done in < 00.1s             
     --------------------------------------------------------------------------------------------
        
        0.00968065   0.04978783   0.06935576   0.15453007
        
     --------------------------------------------------------------------------------------------
     Tot. elapsed time 14h-38m-14.1s,  time spent in last iteration 30m-40.4s
     --------------------------------------------------------------------------------------------

       Refresh the basis set

                       *----------*              *----------*               *----------*
     #     Iteration = |       30 |   WBSE_dim = |        4 |   Diago_dim = |        8 |
                       *----------*              *----------*               *----------*
     s-DIAGOX done in < 00.1s             
     --------------------------------------------------------------------------------------------
        
        0.00965407   0.04964231   0.06919018   0.15450948
        
     --------------------------------------------------------------------------------------------
     Tot. elapsed time 15h-08m-53.3s,  time spent in last iteration 30m-37.6s
     --------------------------------------------------------------------------------------------

                       *----------*              *----------*               *----------*
     #     Iteration = |       31 |   WBSE_dim = |        4 |   Diago_dim = |       12 |
                       *----------*              *----------*               *----------*
     s-DIAGOX done in < 00.1s             
     --------------------------------------------------------------------------------------------
        
        0.00963510   0.04953785   0.06907267   0.15449372
        
     --------------------------------------------------------------------------------------------
     Tot. elapsed time 15h-39m-28.7s,  time spent in last iteration 30m-35.3s
     --------------------------------------------------------------------------------------------

                       *----------*              *----------*               *----------*
     #     Iteration = |       32 |   WBSE_dim = |        4 |   Diago_dim = |       16 |
                       *----------*              *----------*               *----------*
     s-DIAGOX done in < 00.1s             
     --------------------------------------------------------------------------------------------
        
        0.00962496   0.04948066   0.06900765   0.15447863
        
     --------------------------------------------------------------------------------------------
     Tot. elapsed time 16h-10m-06.1s,  time spent in last iteration 30m-37.4s
     --------------------------------------------------------------------------------------------

                       *----------*              *----------*               *----------*
     #     Iteration = |       33 |   WBSE_dim = |        3 |   Diago_dim = |       19 |
                       *----------*              *----------*               *----------*
     s-DIAGOX done in < 00.1s             
     --------------------------------------------------------------------------------------------
        
        0.00961673   0.04943264   0.06895265   0.15447311
        
     --------------------------------------------------------------------------------------------
     Tot. elapsed time 16h-33m-04.7s,  time spent in last iteration 22m-58.6s
     --------------------------------------------------------------------------------------------

                       *----------*              *----------*               *----------*
     #     Iteration = |       34 |   WBSE_dim = |        3 |   Diago_dim = |       22 |
                       *----------*              *----------*               *----------*
     s-DIAGOX done in < 00.1s             
     --------------------------------------------------------------------------------------------
        
        0.00961003   0.04939302   0.06890694   0.15446823
        
     --------------------------------------------------------------------------------------------
     Tot. elapsed time 16h-56m-04.0s,  time spent in last iteration 22m-59.2s
     --------------------------------------------------------------------------------------------

                       *----------*              *----------*               *----------*
     #     Iteration = |       35 |   WBSE_dim = |        3 |   Diago_dim = |       25 |
                       *----------*              *----------*               *----------*
     s-DIAGOX done in < 00.1s             
     --------------------------------------------------------------------------------------------
        
        0.00960391   0.04935553   0.06886330   0.15446328
        
     --------------------------------------------------------------------------------------------
     Tot. elapsed time 17h-19m-01.1s,  time spent in last iteration 22m-57.0s
     --------------------------------------------------------------------------------------------

                       *----------*              *----------*               *----------*
     #     Iteration = |       36 |   WBSE_dim = |        3 |   Diago_dim = |       28 |
                       *----------*              *----------*               *----------*
     s-DIAGOX done in < 00.1s             
     --------------------------------------------------------------------------------------------
        
        0.00959817   0.04932100   0.06882275   0.15445842
        
     --------------------------------------------------------------------------------------------
     Tot. elapsed time 17h-41m-58.8s,  time spent in last iteration 22m-57.6s
     --------------------------------------------------------------------------------------------

                       *----------*              *----------*               *----------*
     #     Iteration = |       37 |   WBSE_dim = |        3 |   Diago_dim = |       31 |
                       *----------*              *----------*               *----------*
     s-DIAGOX done in < 00.1s             
     --------------------------------------------------------------------------------------------
        
        0.00959400   0.04929496   0.06879205   0.15445439
        
     --------------------------------------------------------------------------------------------
     Tot. elapsed time 18h-04m-52.6s,  time spent in last iteration 22m-53.8s
     --------------------------------------------------------------------------------------------

                       *----------*              *----------*               *----------*
     #     Iteration = |       38 |   WBSE_dim = |        3 |   Diago_dim = |       34 |
                       *----------*              *----------*               *----------*
     s-DIAGOX done in < 00.1s             
     --------------------------------------------------------------------------------------------
        
        0.00959090   0.04927271   0.06876485   0.15445060
        
     --------------------------------------------------------------------------------------------
     Tot. elapsed time 18h-27m-50.4s,  time spent in last iteration 22m-57.7s
     --------------------------------------------------------------------------------------------

                       *----------*              *----------*               *----------*
     #     Iteration = |       39 |   WBSE_dim = |        3 |   Diago_dim = |       37 |
                       *----------*              *----------*               *----------*
     s-DIAGOX done in < 00.1s             
     --------------------------------------------------------------------------------------------
        
        0.00958857   0.04925607   0.06874429   0.15444737
        
     --------------------------------------------------------------------------------------------
     Tot. elapsed time 18h-50m-48.3s,  time spent in last iteration 22m-57.9s
     --------------------------------------------------------------------------------------------

                       *----------*              *----------*               *----------*
     #     Iteration = |       40 |   WBSE_dim = |        3 |   Diago_dim = |       40 |
                       *----------*              *----------*               *----------*
     s-DIAGOX done in < 00.1s             
     --------------------------------------------------------------------------------------------
        
        0.00958668   0.04924400   0.06872962   0.15444472
        
     --------------------------------------------------------------------------------------------
     Tot. elapsed time 19h-13m-45.6s,  time spent in last iteration 22m-57.3s
     --------------------------------------------------------------------------------------------

       Refresh the basis set

                       *----------*              *----------*               *----------*
     #     Iteration = |       41 |   WBSE_dim = |        3 |   Diago_dim = |        7 |
                       *----------*              *----------*               *----------*
     s-DIAGOX done in < 00.1s             
     --------------------------------------------------------------------------------------------
        
        0.00958547   0.04923612   0.06871997   0.15444298
        
     --------------------------------------------------------------------------------------------
     Tot. elapsed time 19h-36m-37.4s,  time spent in last iteration 22m-50.3s
     --------------------------------------------------------------------------------------------

                       *----------*              *----------*               *----------*
     #     Iteration = |       42 |   WBSE_dim = |        3 |   Diago_dim = |       10 |
                       *----------*              *----------*               *----------*
     s-DIAGOX done in < 00.1s             
     --------------------------------------------------------------------------------------------
        
        0.00958417   0.04922668   0.06870818   0.15444091
        
     --------------------------------------------------------------------------------------------
     Tot. elapsed time 19h-59m-33.6s,  time spent in last iteration 22m-56.1s
     --------------------------------------------------------------------------------------------

                       *----------*              *----------*               *----------*
     #     Iteration = |       43 |   WBSE_dim = |        3 |   Diago_dim = |       13 |
                       *----------*              *----------*               *----------*
     s-DIAGOX done in < 00.1s             
     --------------------------------------------------------------------------------------------
        
        0.00958259   0.04921458   0.06869310   0.15443823
        
     --------------------------------------------------------------------------------------------
     Tot. elapsed time 20h-22m-27.6s,  time spent in last iteration 22m-53.9s
     --------------------------------------------------------------------------------------------

                       *----------*              *----------*               *----------*
     #     Iteration = |       44 |   WBSE_dim = |        3 |   Diago_dim = |       16 |
                       *----------*              *----------*               *----------*
     s-DIAGOX done in < 00.1s             
     --------------------------------------------------------------------------------------------
        
        0.00958097   0.04920216   0.06867765   0.15443547
        
     --------------------------------------------------------------------------------------------
     Tot. elapsed time 20h-45m-21.9s,  time spent in last iteration 22m-54.3s
     --------------------------------------------------------------------------------------------

                       *----------*              *----------*               *----------*
     #     Iteration = |       45 |   WBSE_dim = |        3 |   Diago_dim = |       19 |
                       *----------*              *----------*               *----------*
     s-DIAGOX done in < 00.1s             
     --------------------------------------------------------------------------------------------
        
        0.00957942   0.04918928   0.06866139   0.15443252
        
     --------------------------------------------------------------------------------------------
     Tot. elapsed time 21h-08m-09.5s,  time spent in last iteration 22m-47.6s
     --------------------------------------------------------------------------------------------

                       *----------*              *----------*               *----------*
     #     Iteration = |       46 |   WBSE_dim = |        3 |   Diago_dim = |       22 |
                       *----------*              *----------*               *----------*
     s-DIAGOX done in < 00.1s             
     --------------------------------------------------------------------------------------------
        
        0.00957802   0.04917628   0.06864478   0.15442928
        
     --------------------------------------------------------------------------------------------
     Tot. elapsed time 21h-31m-05.9s,  time spent in last iteration 22m-56.3s
     --------------------------------------------------------------------------------------------

                       *----------*              *----------*               *----------*
     #     Iteration = |       47 |   WBSE_dim = |        3 |   Diago_dim = |       25 |
                       *----------*              *----------*               *----------*
     s-DIAGOX done in < 00.1s             
     --------------------------------------------------------------------------------------------
        
        0.00957689   0.04916525   0.06863045   0.15442621
        
     --------------------------------------------------------------------------------------------
     Tot. elapsed time 21h-54m-02.0s,  time spent in last iteration 22m-56.0s
     --------------------------------------------------------------------------------------------

                       *----------*              *----------*               *----------*
     #     Iteration = |       48 |   WBSE_dim = |        3 |   Diago_dim = |       28 |
                       *----------*              *----------*               *----------*
     s-DIAGOX done in < 00.1s             
     --------------------------------------------------------------------------------------------
        
        0.00957597   0.04915618   0.06861869   0.15442341
        
     --------------------------------------------------------------------------------------------
     Tot. elapsed time 22h-16m-59.2s,  time spent in last iteration 22m-57.1s
     --------------------------------------------------------------------------------------------

                       *----------*              *----------*               *----------*
     #     Iteration = |       49 |   WBSE_dim = |        2 |   Diago_dim = |       30 |
                       *----------*              *----------*               *----------*
     s-DIAGOX done in < 00.1s             
     --------------------------------------------------------------------------------------------
        
        0.00957594   0.04914826   0.06860847   0.15442071
        
     --------------------------------------------------------------------------------------------
     Tot. elapsed time 22h-32m-13.1s,  time spent in last iteration 15m-13.8s
     --------------------------------------------------------------------------------------------

                       *----------*              *----------*               *----------*
     #     Iteration = |       50 |   WBSE_dim = |        2 |   Diago_dim = |       32 |
                       *----------*              *----------*               *----------*
     s-DIAGOX done in < 00.1s             
     --------------------------------------------------------------------------------------------
        
        0.00957591   0.04913874   0.06859592   0.15441683
        
     --------------------------------------------------------------------------------------------
     Tot. elapsed time 22h-47m-34.3s,  time spent in last iteration 15m-21.1s
     --------------------------------------------------------------------------------------------

                       *----------*              *----------*               *----------*
     #     Iteration = |       51 |   WBSE_dim = |        2 |   Diago_dim = |       34 |
                       *----------*              *----------*               *----------*
     s-DIAGOX done in < 00.1s             
     --------------------------------------------------------------------------------------------
        
        0.00957588   0.04912979   0.06858345   0.15441227
        
     --------------------------------------------------------------------------------------------
     Tot. elapsed time 23h-02m-47.3s,  time spent in last iteration 15m-13.0s
     --------------------------------------------------------------------------------------------

                       *----------*              *----------*               *----------*
     #     Iteration = |       52 |   WBSE_dim = |        2 |   Diago_dim = |       36 |
                       *----------*              *----------*               *----------*
     s-DIAGOX done in < 00.1s             
     --------------------------------------------------------------------------------------------
        
        0.00957583   0.04910915   0.06855362   0.15439768
        
     --------------------------------------------------------------------------------------------
     Tot. elapsed time 23h-18m-10.6s,  time spent in last iteration 15m-23.2s
     --------------------------------------------------------------------------------------------

                       *----------*              *----------*               *----------*
     #     Iteration = |       53 |   WBSE_dim = |        2 |   Diago_dim = |       38 |
                       *----------*              *----------*               *----------*
     s-DIAGOX done in < 00.1s             
     --------------------------------------------------------------------------------------------
        
        0.00957581   0.04910199   0.06854277   0.15439055
        
     --------------------------------------------------------------------------------------------
     Tot. elapsed time 23h-33m-27.6s,  time spent in last iteration 15m-17.0s
     --------------------------------------------------------------------------------------------

                       *----------*              *----------*               *----------*
     #     Iteration = |       54 |   WBSE_dim = |        2 |   Diago_dim = |       40 |
                       *----------*              *----------*               *----------*
     s-DIAGOX done in < 00.1s             
     --------------------------------------------------------------------------------------------
        
        0.00957581   0.04909835   0.06853726   0.15438625
        
     --------------------------------------------------------------------------------------------
     Tot. elapsed time 23h-48m-53.2s,  time spent in last iteration 15m-25.6s
     --------------------------------------------------------------------------------------------
      
     --------------------------------------------------------------------------------------------
     Database written in 15.3s               
     In location : ./west.wbse.david.save
     --------------------------------------------------------------------------------------------
       
     --------------------------------------------------------------------------------------------
     Convergence achieved !!! in       54 steps                          
     --------------------------------------------------------------------------------------------
 
     Wbse         :    23h35m CPU       23h52m WALL

     wbse_readin  :      6.12s CPU     10.91s WALL (       1 calls)
     wbse_fetch_n :      0.00s CPU      0.01s WALL (       1 calls)
     read_xml     :      2.54s CPU      4.20s WALL (       1 calls)
     init_vloc    :      0.01s CPU      0.01s WALL (       2 calls)
     fft          :     13.40s CPU     15.22s WALL (    3592 calls)
     fft_scatter  :  55718.40s CPU  56418.02s WALL (******** calls)
     v_of_rho     :      0.06s CPU      0.06s WALL (       1 calls)
     v_xc         :      0.06s CPU      0.06s WALL (       1 calls)
     v_h          :      0.00s CPU      0.00s WALL (       1 calls)
     read_wave    :      3.57s CPU      6.70s WALL (       1 calls)
     davcio       :      0.30s CPU      2.71s WALL (    1865 calls)
     init_us_1    :      0.02s CPU      0.02s WALL (       2 calls)
     do_setup     :      0.50s CPU      0.53s WALL (       1 calls)
     init_pw_ar   :      0.50s CPU      0.53s WALL (       1 calls)
     init_at_1    :      0.00s CPU      0.00s WALL (       1 calls)
     exx_grid     :      0.00s CPU      0.00s WALL (       1 calls)
     exxinit      :      0.46s CPU      0.49s WALL (       1 calls)
     fftcw        :   1054.98s CPU   1066.63s WALL ( 2821351 calls)
     exx_div      :      0.00s CPU      0.00s WALL (       1 calls)
     storesqvc    :      0.00s CPU      0.00s WALL (       1 calls)
     wbse_dv_setu :      0.07s CPU      0.08s WALL (       1 calls)
     setup_dmuxc  :      0.01s CPU      0.01s WALL (       1 calls)
     gather_grid  :      0.00s CPU      0.00s WALL (       1 calls)
     write_cube   :      1.24s CPU      4.80s WALL (       1 calls)
     fftw         :  29846.25s CPU  30197.23s WALL (70572747 calls)
     chidiago     :  84768.07s CPU  85749.46s WALL (       1 calls)
     paramgs      :     18.89s CPU     19.01s WALL (      55 calls)
     west_apply_l :  84670.31s CPU  85623.24s WALL (     187 calls)
     wbse_calc_de :     67.38s CPU     68.69s WALL (     187 calls)
     wbse_dv_of_d :     12.41s CPU     13.04s WALL (     187 calls)
     init_us_2    :      1.04s CPU      1.55s WALL (     374 calls)
     h_psi_bgrp   :  40758.96s CPU  41225.88s WALL (     374 calls)
     h_psi        :  40758.96s CPU  41225.88s WALL (     374 calls)
     h_psi:pot    :    103.78s CPU    105.66s WALL (     374 calls)
     vloc_psi     :     65.50s CPU     66.19s WALL (     374 calls)
     h_psi:calbec :     20.94s CPU     21.72s WALL (     374 calls)
     calbec       :     20.94s CPU     21.72s WALL (     374 calls)
     add_vuspsi   :     17.32s CPU     17.74s WALL (     374 calls)
     vexx         :  40654.73s CPU  41119.76s WALL (     374 calls)
     comm_buff    :      4.76s CPU      5.33s WALL (   12342 calls)
     fftc         :  35576.91s CPU  35958.48s WALL (69474240 calls)
     alphapc      :     31.32s CPU     32.32s WALL (     732 calls)
     build_hr     :     12.00s CPU     18.27s WALL (      55 calls)
     diagox       :      0.02s CPU      0.04s WALL (      55 calls)
     redistr_vr   :      0.00s CPU      0.00s WALL (      54 calls)
     update_vr    :     32.37s CPU     48.39s WALL (      54 calls)
     symm_hr      :      0.00s CPU      0.00s WALL (      54 calls)
     chidiago:las :      4.37s CPU      5.97s WALL (       5 calls)
     refresh_vr   :      4.82s CPU      6.59s WALL (       9 calls)
     plep_db      :     12.61s CPU     15.33s WALL (       1 calls)
 
     Wbse         :    23h35m CPU       23h52m WALL

 
   This run was terminated on:  21:25: 1   6Jul2022            

=------------------------------------------------------------------------------=
   JOB DONE.
=------------------------------------------------------------------------------=
