
     Program Wbse v. 2.0.1 svn rev. 1002 starts on 27Feb2023 at 11:46: 0 

     This program is part of the open-source West suite
     for massively parallel calculations of excited states in materials; please cite
         "M. Govoni et al., J. Chem. Theory Comput. 11, 2680 (2015);
          URL http://www.west-code.org", 
     in publications or presentations arising from this work.

     Based on the Quantum ESPRESSO v. 6.1 svn rev. 13369
       
     --------------------------------------------------------------------------------------------
     **MPI** Parallelization Status                                      
     --------------------------------------------------------------------------------------------
                   168                   1             1             6            28
     --------------------------------------------------------------------------------------------
                     N         =         I      X      P      X      B      X      Z
                     ^                   ^             ^             ^             ^
                     |                   |             |             |             |
                   #rnk                  |             |             |             |
                                      #image           |             |             |
                                                     #pool           |             |
                                                                   #bgrp           |
                                                                                 #R&G
     --------------------------------------------------------------------------------------------
     **OPENMP** Parallelization Status
     #thr/rnk               =            1
     --------------------------------------------------------------------------------------------
     #prc = (rnk) * (thr) =          168
     --------------------------------------------------------------------------------------------
       
     --------------------------------------------------------------------------------------------
     I/O Summary : input_west                                            
     --------------------------------------------------------------------------------------------
     qe_prefix               =          pwscf
     west_prefix             =           west
     outdir                  =             ./
     l_load_qbox_wfc         =              F
     qbox_ks_wfc_filename    =         qb.xml
     which_bse_method        =             FF
     --------------------------------------------------------------------------------------------
       
     --------------------------------------------------------------------------------------------
     I/O Summary : wbse_init                                             
     --------------------------------------------------------------------------------------------
     wbse_init_calculation   =              S
     n_pdep_eigen            =              1
     chi_kernel              =            CHI
     which_spin_channel      =              0
     l_use_localise_repr     =              F
     overlap_thr             =       0.000000
     l_use_bisection_thr     =              F
     qbox_bisec_wfc_filename =      qb.gs.xml
     --------------------------------------------------------------------------------------------
       
     --------------------------------------------------------------------------------------------
     I/O Summary : WBSE_control                                          
     --------------------------------------------------------------------------------------------
     wbse_diag_method        =          david
     wbse_calculation        =              S
     n_plep_eigen            =             10
     n_plep_times            =              4
     n_plep_maxiter          =          10000
     n_plep_read_from_file   =              0
     l_bse_calculation       =              F
     l_hybrid_calculation    =              T
     l_exx_fraction          =       0.180000
     l_h_ovlp_thr            =       0.000000
     l_h_loc                 =              F
     l_h_bis                 =              F
     l_h_qbox_bis_wfc_fname  =      qb.gs.xml
     if_random_init          =              F
     l_restart_step          =              0
     l_cg_diagonalization    =              F
     l_subspace              =              T
     n_trunc_bands           =              0
     l_sf_kernel             =              F
     l_alda0                 =              F
     sf_cut_1                =    1000.000000
     sf_cut_2                =    1000.000000
     l_tddft_force           =              F
     force_state             =              8
     snd_coeff               =       0.050000
     wbse_zv_alpha_mix       =       0.700000
     wbse_zv_nmix_wbse       =              4
     wbse_zv_scf_tr2         =       0.000000
     wbse_acc                =              3
     wbse_acc_eig            =              T
     wbse_acc_force          =              T
     wbse_acc_cg_thr         =       0.000000
     wbse_acc_dav_thr        =       0.000000
     force_n_trunc_bands     =              0
     poor_of_ram             =              F
     poor_of_ram_drho2       =              F
     debug_mode              =              F
     print_sf_kernel         =              F
     l_diag_term_only        =              F
     l_preconditioning       =              T
     l_pre_shift             =              F
     l_qp_correction         =              F
     spin_excitation         =        singlet
     trev_plep               =       0.000001
     trev_plep_rel           =       1.000000
     scissor_ope             =       0.000000
     eps_macro               =       1.000000
     --------------------------------------------------------------------------------------------

     Reading data from directory:
     ./pwscf.save

   Info: using nr1, nr2, nr3 values from input

   Info: using nr1, nr2, nr3 values from input

     IMPORTANT: XC functional enforced from input :
     Exchange-correlation      = PBE0 ( 6  4  8  4 0 0)
     EXX-fraction              =        0.25
     Any further DFT definition will be discarded
     Please, verify this is what you really want

 
     Parallelization info
     --------------------
     sticks:   dense  smooth     PW     G-vecs:    dense   smooth      PW
     Min         274     274     68                18274    18274    2280
     Max         276     276     70                18288    18288    2290
     Sum        7721    7721   1933               511971   511971   63989
 
     Generating pointlists ...
     new r_m :   0.0586 (alat units)  1.1787 (a.u.) for type    1
     new r_m :   0.0767 (alat units)  1.5439 (a.u.) for type    2
     EXX fraction changed:   0.18
     EXX Screening parameter changed:    0.0000000
     EXX Gau parameter changed:    0.0000000
       ** WARNING : EXX-alpha            =       0.180000
       ** WARNING : EXX-erfc_scrlen      =       0.000000
       ** WARNING : EXX-gau_scrlen       =       0.000000
       ** WARNING : EXX-ecutfock         =     120.000000
       ** WARNING : EXX-exxdiv_treatment = gb            
       ** start_exx() done
       ** weights() done
EXX: grid of k+q points same as grid of k-points
       ** exx_grid_init() done
       ** exx_div_check() done
       ** exxinit() done
       ** WARNING : EXX-exxdiv           =   -1970.085306
       
     --------------------------------------------------------------------------------------------
     System Overview                                                     
     --------------------------------------------------------------------------------------------
     gamma_only           =              T
     ecutwfc [Ry]         =      60.000000
     omega [au^3]         =   8.151648E+03
     glob. #G             =          31995
     nbnd                 =            456
     nkstot               =              2
     nspin                =              2
     nelec                =     860.000000
     nelup                =     431.000000
     neldw                =     429.000000
     npol                 =              1
     lsda                 =              T
     noncolin             =              F
     lspinorb             =              F
     domag                =              F
     --------------------------------------------------------------------------------------------

     sFFT G-space:   255986 G-vectors     R-space: ( 100, 100, 100)
     dFFT G-space:   255986 G-vectors     R-space: ( 100, 100, 100)

     Cell [a.u.]          =      20.125583      0.000000      0.000000
                          =       0.000000     20.125583      0.000000
                          =       0.000000      0.000000     20.125583
      
     number of ks points=     2
                       cart. coord. in units 2pi/alat
        k(    1) = (   0.0000000   0.0000000   0.0000000), wk =   1.0000000
        k(    2) = (   0.0000000   0.0000000   0.0000000), wk =   1.0000000

                       cryst. coord.
        k(    1) = (   0.0000000   0.0000000   0.0000000), wk =   1.0000000
        k(    2) = (   0.0000000   0.0000000   0.0000000), wk =   1.0000000
 
     F. Gygi div      =   2.416794E-01
       
     --------------------------------------------------------------------------------------------
     Parallelization for nvecx                                           
     --------------------------------------------------------------------------------------------
     nglob                =             40
     nlevel               =              1
     Min nglob/nlevel     =             40
     Max nglob/nlevel     =             40
     --------------------------------------------------------------------------------------------
       
     --------------------------------------------------------------------------------------------
     Parallelization for band_group                                      
     --------------------------------------------------------------------------------------------
     nglob                =            431
     nlevel               =              6
     Min nglob/nlevel     =             71
     Max nglob/nlevel     =             72
     --------------------------------------------------------------------------------------------

     [MEM] ----------------------------------------------------------
     [MEM] **Memory** analysis: QE
     [MEM] ----------------------------------------------------------
     [MEM] Allocated arrays           est. size (Mb)     dimensions
     [MEM] ----------------------------------------------------------
     [MEM] Kohn-Sham Wavefunctions       7.95 Mb     (   1142,  456)
     [MEM] NL pseudopotentials          29.97 Mb     (   1142, 1720)
     [MEM] Each V/rho on FFT grid        0.61 Mb     (  40000)
     [MEM] Each G-vector array           0.07 Mb     (   9144)
     [MEM] G-vector shells               0.01 Mb     (   1645)
     [MEM] ----------------------------------------------------------
     [MEM] TOT                          38.61 Mb
     [MEM] ----------------------------------------------------------
     [MEM] 
     [MEM] ----------------------------------------------------------
     [MEM] **Memory** analysis: WBSE global
     [MEM] ----------------------------------------------------------
     [MEM] Allocated arrays           est. size (Mb)     dimensions
     [MEM] ----------------------------------------------------------
     [MEM] dvg_exc                     300.42 Mb     (   1142,  431,   40)
     [MEM] dng_exc                     300.42 Mb     (   1142,  431,   40)
     [MEM] hr_distr                      0.01 Mb     (     40,   40)
     [MEM] vr_distr                      0.01 Mb     (     40,   40)
     [MEM] ----------------------------------------------------------
     [MEM] TOT                         600.86 Mb
     [MEM] ----------------------------------------------------------
     [MEM] 
     [MEM] ----------------------------------------------------------
     [MEM] **Memory** analysis: WBSE temporary
     [MEM] ----------------------------------------------------------
     [MEM] Allocated arrays           est. size (Mb)     dimensions
     [MEM] ----------------------------------------------------------
     [MEM] dvpsi                         7.51 Mb     (   1142,  431)
     [MEM] dpsi                          7.51 Mb     (   1142,  431)
     [MEM] ----------------------------------------------------------
     [MEM] Total estimate               15.02 Mb
     [MEM] ----------------------------------------------------------
     --------------------------------------------------------------------------------------------
     Tot. elapsed time < 00.1s,  time spent in build_hybrid_tau < 00.1s
     --------------------------------------------------------------------------------------------
     Lowest energy electron-hole pairs are used as initial vectors ...
     Calculating the electron-hole pairs for initiating trial vectors ...

              1        57         2       429         1           0.142056566418
              2        58         2       429         2           0.142056566472
              3        49         2       428         1           0.157195731085
              4        50         2       428         2           0.157195731139
              5        41         2       427         1           0.157195731192
              6        42         2       427         2           0.157195731246
              7        33         2       426         1           0.189333624556
              8        34         2       426         2           0.189333624609
              9        25         2       425         1           0.189333624686
             10        26         2       425         2           0.189333624739
             11        17         2       424         1           0.242471949911
             12        18         2       424         2           0.242471949965
             13         9         2       423         1           0.242471950084
             14        10         2       423         2           0.242471950138
             15         1         2       422         1           0.243950739780
             16         2         2       422         2           0.243950739834
             17        57         1       431         1           0.381127971646
             18        58         1       431         2           0.381127971733
             19        49         1       430         1           0.381127971834
             20        50         1       430         2           0.381127971922
             21        59         1       431         3           0.381708324717
             22        51         1       430         3           0.381708324906
             23        60         1       431         4           0.382509272911
             24        61         1       431         5           0.382509272960
             25        52         1       430         4           0.382509273100
             26        53         1       430         5           0.382509273148
             27        62         1       431         6           0.385169776064
             28        54         1       430         6           0.385169776252
             29        59         2       429         3           0.420265069404
             30        60         2       429         4           0.420265069461
             31        41         1       429         1           0.420267564987
             32        42         1       429         2           0.420267565074
             33        43         1       429         3           0.420847918058
             34        61         2       429         5           0.420917818567
             35        62         2       429         6           0.421511444302
             36        63         2       429         7           0.421511444365
             37        44         1       429         4           0.421648866252
             38        45         1       429         5           0.421648866301
             39        63         1       431         7           0.424212476755
             40        64         1       431         8           0.424212476822
     Finished calculating the cv couples.
     Finished setting initial vectors.

                       *----------*              *----------*               *----------*
     #     Iteration = | starting |   WBSE_dim = |       10 |   Diago_dim = |       10 |  x 1/2
                       *----------*              *----------*               *----------*

                       *----------*              *----------*               *----------*
     #     Iteration = | starting |   WBSE_dim = |       10 |   Diago_dim = |       10 |  x 2/2
                       *----------*              *----------*               *----------*
        
        0.09971900   0.09971900   0.11236855   0.11692027   0.11692027   0.13128554
        0.14466716   0.15751313   0.15751313   0.21307265
        
     --------------------------------------------------------------------------------------------
     Tot. elapsed time 30m-33.5s,  time spent in last iteration 30m-33.5s
     --------------------------------------------------------------------------------------------

                       *----------*              *----------*               *----------*
     #     Iteration = |        1 |   WBSE_dim = |       10 |   Diago_dim = |       20 |
                       *----------*              *----------*               *----------*
     Max diff =  0.477E-01
        
        0.09936155   0.09936155   0.11217354   0.11456319   0.11456319   0.12613307
        0.13073431   0.14079853   0.14079853   0.16538468
        
     --------------------------------------------------------------------------------------------
     Tot. elapsed time 45m-10.4s,  time spent in last iteration 14m-36.8s
     --------------------------------------------------------------------------------------------

                       *----------*              *----------*               *----------*
     #     Iteration = |        2 |   WBSE_dim = |       10 |   Diago_dim = |       30 |
                       *----------*              *----------*               *----------*
     Max diff =  0.639E-02
        
        0.09922209   0.09922210   0.11206887   0.11411941   0.11411941   0.12399293
        0.13042055   0.13819016   0.13819016   0.15899721
        
     --------------------------------------------------------------------------------------------
     Tot. elapsed time 59m-47.9s,  time spent in last iteration 14m-37.5s
     --------------------------------------------------------------------------------------------

                       *----------*              *----------*               *----------*
     #     Iteration = |        3 |   WBSE_dim = |       10 |   Diago_dim = |       40 |
                       *----------*              *----------*               *----------*
     Max diff =  0.198E-02
        
        0.09913571   0.09913571   0.11199793   0.11393658   0.11393658   0.12327778
        0.13018790   0.13731334   0.13731334   0.15701894
        
     --------------------------------------------------------------------------------------------
     Tot. elapsed time 01h-14m-25.9s,  time spent in last iteration 14m-37.9s
     --------------------------------------------------------------------------------------------

       Refresh the basis set

                       *----------*              *----------*               *----------*
     #     Iteration = |        4 |   WBSE_dim = |       10 |   Diago_dim = |       20 |
                       *----------*              *----------*               *----------*
     Max diff =  0.458E-03
        
        0.09910162   0.09910162   0.11197361   0.11388204   0.11388204   0.12309808
        0.13008796   0.13707416   0.13707416   0.15656095
        
     --------------------------------------------------------------------------------------------
     Tot. elapsed time 01h-29m-03.0s,  time spent in last iteration 14m-35.1s
     --------------------------------------------------------------------------------------------

                       *----------*              *----------*               *----------*
     #     Iteration = |        5 |   WBSE_dim = |       10 |   Diago_dim = |       30 |
                       *----------*              *----------*               *----------*
     Max diff =  0.250E-03
        
        0.09907122   0.09907122   0.11195425   0.11383655   0.11383655   0.12298957
        0.12999524   0.13688225   0.13688225   0.15631080
        
     --------------------------------------------------------------------------------------------
     Tot. elapsed time 01h-43m-39.1s,  time spent in last iteration 14m-36.0s
     --------------------------------------------------------------------------------------------

                       *----------*              *----------*               *----------*
     #     Iteration = |        6 |   WBSE_dim = |       10 |   Diago_dim = |       40 |
                       *----------*              *----------*               *----------*
     Max diff =  0.165E-03
        
        0.09904685   0.09904686   0.11194005   0.11379849   0.11379849   0.12291114
        0.12991838   0.13671733   0.13671733   0.15617483
        
     --------------------------------------------------------------------------------------------
     Tot. elapsed time 01h-58m-16.1s,  time spent in last iteration 14m-37.0s
     --------------------------------------------------------------------------------------------

       Refresh the basis set

                       *----------*              *----------*               *----------*
     #     Iteration = |        7 |   WBSE_dim = |       10 |   Diago_dim = |       20 |
                       *----------*              *----------*               *----------*
     Max diff =  0.713E-04
        
        0.09903534   0.09903534   0.11193438   0.11378376   0.11378376   0.12288065
        0.12987575   0.13664602   0.13664602   0.15613556
        
     --------------------------------------------------------------------------------------------
     Tot. elapsed time 02h-12m-53.0s,  time spent in last iteration 14m-34.9s
     --------------------------------------------------------------------------------------------

                       *----------*              *----------*               *----------*
     #     Iteration = |        8 |   WBSE_dim = |       10 |   Diago_dim = |       30 |
                       *----------*              *----------*               *----------*
     Max diff =  0.538E-04
        
        0.09902827   0.09902828   0.11192898   0.11377470   0.11377470   0.12285756
        0.12984021   0.13659223   0.13659223   0.15611487
        
     --------------------------------------------------------------------------------------------
     Tot. elapsed time 02h-27m-29.6s,  time spent in last iteration 14m-36.5s
     --------------------------------------------------------------------------------------------

                       *----------*              *----------*               *----------*
     #     Iteration = |        9 |   WBSE_dim = |       10 |   Diago_dim = |       40 |
                       *----------*              *----------*               *----------*
     Max diff =  0.642E-04
        
        0.09902368   0.09902368   0.11192563   0.11376707   0.11376707   0.12282812
        0.12981301   0.13652803   0.13652803   0.15609750
        
     --------------------------------------------------------------------------------------------
     Tot. elapsed time 02h-42m-08.6s,  time spent in last iteration 14m-39.0s
     --------------------------------------------------------------------------------------------

       Refresh the basis set

                       *----------*              *----------*               *----------*
     #     Iteration = |       10 |   WBSE_dim = |       10 |   Diago_dim = |       20 |
                       *----------*              *----------*               *----------*
     Max diff =  0.403E-04
        
        0.09902116   0.09902116   0.11192384   0.11376265   0.11376265   0.12281104
        0.12979599   0.13648770   0.13648770   0.15608842
        
     --------------------------------------------------------------------------------------------
     Tot. elapsed time 02h-56m-48.7s,  time spent in last iteration 14m-38.1s
     --------------------------------------------------------------------------------------------

                       *----------*              *----------*               *----------*
     #     Iteration = |       11 |   WBSE_dim = |       10 |   Diago_dim = |       30 |
                       *----------*              *----------*               *----------*
     Max diff =  0.255E-04
        
        0.09901857   0.09901857   0.11192211   0.11375928   0.11375928   0.12280230
        0.12977827   0.13646216   0.13646216   0.15608211
        
     --------------------------------------------------------------------------------------------
     Tot. elapsed time 03h-11m-27.6s,  time spent in last iteration 14m-38.8s
     --------------------------------------------------------------------------------------------

                       *----------*              *----------*               *----------*
     #     Iteration = |       12 |   WBSE_dim = |       10 |   Diago_dim = |       40 |
                       *----------*              *----------*               *----------*
     Max diff =  0.264E-04
        
        0.09901628   0.09901628   0.11192102   0.11375583   0.11375583   0.12279440
        0.12976162   0.13643579   0.13643579   0.15607389
        
     --------------------------------------------------------------------------------------------
     Tot. elapsed time 03h-26m-07.4s,  time spent in last iteration 14m-39.8s
     --------------------------------------------------------------------------------------------

       Refresh the basis set

                       *----------*              *----------*               *----------*
     #     Iteration = |       13 |   WBSE_dim = |       10 |   Diago_dim = |       20 |
                       *----------*              *----------*               *----------*
     Max diff =  0.194E-04
        
        0.09901494   0.09901494   0.11192034   0.11375361   0.11375361   0.12278880
        0.12975010   0.13641643   0.13641643   0.15606812
        
     --------------------------------------------------------------------------------------------
     Tot. elapsed time 03h-40m-48.1s,  time spent in last iteration 14m-38.7s
     --------------------------------------------------------------------------------------------

                       *----------*              *----------*               *----------*
     #     Iteration = |       14 |   WBSE_dim = |        9 |   Diago_dim = |       29 |
                       *----------*              *----------*               *----------*
     Max diff =  0.151E-04
        
        0.09901410   0.09901410   0.11192034   0.11375213   0.11375213   0.12278424
        0.12974061   0.13640131   0.13640131   0.15606449
        
     --------------------------------------------------------------------------------------------
     Tot. elapsed time 03h-53m-59.1s,  time spent in last iteration 13m-11.0s
     --------------------------------------------------------------------------------------------

                       *----------*              *----------*               *----------*
     #     Iteration = |       15 |   WBSE_dim = |        7 |   Diago_dim = |       36 |
                       *----------*              *----------*               *----------*
     Max diff =  0.170E-04
        
        0.09901410   0.09901410   0.11192034   0.11375086   0.11375086   0.12277886
        0.12973345   0.13638427   0.13638427   0.15606033
        
     --------------------------------------------------------------------------------------------
     Tot. elapsed time 04h-04m-15.7s,  time spent in last iteration 10m-16.5s
     --------------------------------------------------------------------------------------------

       Refresh the basis set

                       *----------*              *----------*               *----------*
     #     Iteration = |       16 |   WBSE_dim = |        7 |   Diago_dim = |       17 |
                       *----------*              *----------*               *----------*
     Max diff =  0.129E-04
        
        0.09901409   0.09901410   0.11192034   0.11374996   0.11374996   0.12277518
        0.12972820   0.13637139   0.13637139   0.15605699
        
     --------------------------------------------------------------------------------------------
     Tot. elapsed time 04h-14m-31.8s,  time spent in last iteration 10m-14.2s
     --------------------------------------------------------------------------------------------

                       *----------*              *----------*               *----------*
     #     Iteration = |       17 |   WBSE_dim = |        5 |   Diago_dim = |       22 |
                       *----------*              *----------*               *----------*
     Max diff =  0.908E-05
        
        0.09901409   0.09901410   0.11192034   0.11374996   0.11374996   0.12277304
        0.12972253   0.13636231   0.13636231   0.15605437
        
     --------------------------------------------------------------------------------------------
     Tot. elapsed time 04h-21m-51.2s,  time spent in last iteration 07m-19.3s
     --------------------------------------------------------------------------------------------

                       *----------*              *----------*               *----------*
     #     Iteration = |       18 |   WBSE_dim = |        5 |   Diago_dim = |       27 |
                       *----------*              *----------*               *----------*
     Max diff =  0.841E-05
        
        0.09901409   0.09901410   0.11192034   0.11374996   0.11374996   0.12277133
        0.12971743   0.13635390   0.13635390   0.15605122
        
     --------------------------------------------------------------------------------------------
     Tot. elapsed time 04h-29m-45.0s,  time spent in last iteration 07m-53.7s
     --------------------------------------------------------------------------------------------

                       *----------*              *----------*               *----------*
     #     Iteration = |       19 |   WBSE_dim = |        5 |   Diago_dim = |       32 |
                       *----------*              *----------*               *----------*
     Max diff =  0.330E-04
        
        0.09901409   0.09901410   0.11192034   0.11374996   0.11374996   0.12276581
        0.12970258   0.13632095   0.13632095   0.15603668
        
     --------------------------------------------------------------------------------------------
     Tot. elapsed time 04h-37m-02.4s,  time spent in last iteration 07m-17.4s
     --------------------------------------------------------------------------------------------

                       *----------*              *----------*               *----------*
     #     Iteration = |       20 |   WBSE_dim = |        5 |   Diago_dim = |       37 |
                       *----------*              *----------*               *----------*
     Max diff =  0.110E-04
        
        0.09901409   0.09901410   0.11192034   0.11374996   0.11374996   0.12276418
        0.12969683   0.13630998   0.13630998   0.15603105
        
     --------------------------------------------------------------------------------------------
     Tot. elapsed time 04h-44m-51.1s,  time spent in last iteration 07m-48.6s
     --------------------------------------------------------------------------------------------

       Refresh the basis set

                       *----------*              *----------*               *----------*
     #     Iteration = |       21 |   WBSE_dim = |        5 |   Diago_dim = |       15 |
                       *----------*              *----------*               *----------*
     Max diff =  0.251E-05
        
        0.09901409   0.09901410   0.11192034   0.11374996   0.11374996   0.12276383
        0.12969532   0.13630747   0.13630747   0.15602978
        
     --------------------------------------------------------------------------------------------
     Tot. elapsed time 04h-52m-10.9s,  time spent in last iteration 07m-17.8s
     --------------------------------------------------------------------------------------------

                       *----------*              *----------*               *----------*
     #     Iteration = |       22 |   WBSE_dim = |        4 |   Diago_dim = |       19 |
                       *----------*              *----------*               *----------*
     Max diff =  0.993E-06
        
        0.09901409   0.09901410   0.11192034   0.11374996   0.11374996   0.12276383
        0.12969475   0.13630647   0.13630647   0.15602926
        
     --------------------------------------------------------------------------------------------
     Tot. elapsed time 04h-58m-32.6s,  time spent in last iteration 06m-21.6s
     --------------------------------------------------------------------------------------------
      
     --------------------------------------------------------------------------------------------
     Database written in 20.1s               
     In location : ./west.wbse.david.save
     --------------------------------------------------------------------------------------------
       
     --------------------------------------------------------------------------------------------
     Convergence achieved !!! in       22 steps                          
     --------------------------------------------------------------------------------------------
 
     Wbse         :     4h55m CPU        4h59m WALL

     wbse_readin  :      9.05s CPU     11.23s WALL (       1 calls)
     wbse_fetch_n :      0.01s CPU      0.02s WALL (       1 calls)
     read_xml     :      1.41s CPU      2.10s WALL (       1 calls)
     init_vloc    :      0.03s CPU      0.03s WALL (       2 calls)
     fft          :      5.69s CPU      6.17s WALL (    3863 calls)
     fft_scatter  :   5432.65s CPU   5496.59s WALL (25942951 calls)
     v_of_rho     :      0.08s CPU      0.08s WALL (       1 calls)
     v_xc         :      0.07s CPU      0.08s WALL (       1 calls)
     v_h          :      0.00s CPU      0.00s WALL (       1 calls)
     read_wave    :      7.63s CPU      9.11s WALL (       1 calls)
     davcio       :      0.19s CPU      8.90s WALL (    1553 calls)
     init_us_1    :      0.00s CPU      0.01s WALL (       2 calls)
     do_setup     :      0.37s CPU      0.42s WALL (       1 calls)
     init_pw_ar   :      0.37s CPU      0.42s WALL (       1 calls)
     init_at_1    :      0.00s CPU      0.00s WALL (       1 calls)
     exx_grid     :      0.00s CPU      0.00s WALL (       1 calls)
     exxinit      :      0.31s CPU      0.36s WALL (       1 calls)
     fftcw        :    158.14s CPU    160.14s WALL (  509496 calls)
     exx_div      :      0.00s CPU      0.00s WALL (       1 calls)
     storesqvc    :      0.00s CPU      0.00s WALL (       1 calls)
     wbse_dv_setu :      0.17s CPU      0.18s WALL (       1 calls)
     setup_dmuxc  :      0.03s CPU      0.03s WALL (       1 calls)
     chidiago     :  17716.77s CPU  17933.49s WALL (       1 calls)
     build_hybrid :     83.48s CPU     84.39s WALL (       1 calls)
     fftw         :   7130.53s CPU   7192.60s WALL (12892664 calls)
     paramgs      :     13.95s CPU     14.03s WALL (      23 calls)
     west_apply_l :  17547.63s CPU  17750.91s WALL (     202 calls)
     wbse_calc_de :     19.13s CPU     21.71s WALL (     202 calls)
     wbse_dv_of_d :     11.20s CPU     11.43s WALL (     202 calls)
     init_us_2    :      6.01s CPU      6.15s WALL (     404 calls)
     h_psi        :   6688.09s CPU   6778.47s WALL (     404 calls)
     h_psi:pot    :     34.92s CPU     35.30s WALL (     404 calls)
     vloc_psi     :     17.02s CPU     17.22s WALL (     404 calls)
     h_psi:calbec :      9.22s CPU      9.36s WALL (     404 calls)
     calbec       :      9.22s CPU      9.36s WALL (     404 calls)
     add_vuspsi   :      8.68s CPU      8.71s WALL (     404 calls)
     vexx         :   6652.87s CPU   6742.87s WALL (     404 calls)
     comm_buff    :     27.60s CPU     28.13s WALL (   13332 calls)
     fftc         :   4863.43s CPU   4917.42s WALL (12536928 calls)
     alphapc      :     17.10s CPU     17.40s WALL (    1132 calls)
     build_hr     :      8.70s CPU      9.62s WALL (      23 calls)
     redistr_vr   :      0.00s CPU      0.00s WALL (      22 calls)
     update_vr    :     16.40s CPU     19.52s WALL (      22 calls)
     precd_ag     :      5.87s CPU      8.05s WALL (      22 calls)
     symm_hr      :      0.00s CPU      0.00s WALL (      22 calls)
     chidiago:las :     10.69s CPU     11.75s WALL (       7 calls)
     refresh_vr   :     10.49s CPU     11.61s WALL (      13 calls)
     plep_db      :     17.70s CPU     20.13s WALL (       1 calls)
 
     Wbse         :     4h55m CPU        4h59m WALL

 
   This run was terminated on:  16:45: 6  27Feb2023            

=------------------------------------------------------------------------------=
   JOB DONE.
=------------------------------------------------------------------------------=
