
     Program Wbsepp v. 2.0.1 svn rev. 1002 starts on 10May2023 at 11:59:17 

     This program is part of the open-source West suite
     for massively parallel calculations of excited states in materials; please cite
         "M. Govoni et al., J. Chem. Theory Comput. 11, 2680 (2015);
          URL http://www.west-code.org", 
     in publications or presentations arising from this work.

     Based on the Quantum ESPRESSO v. 6.1 svn rev. 13369
       
     --------------------------------------------------------------------------------------------
     **MPI** Parallelization Status                                      
     --------------------------------------------------------------------------------------------
                    20                   1             1             1            20
     --------------------------------------------------------------------------------------------
                     N         =         I      X      P      X      B      X      Z
                     ^                   ^             ^             ^             ^
                     |                   |             |             |             |
                   #rnk                  |             |             |             |
                                      #image           |             |             |
                                                     #pool           |             |
                                                                   #bgrp           |
                                                                                 #R&G
     --------------------------------------------------------------------------------------------
     #prc =           20
     --------------------------------------------------------------------------------------------
       
     --------------------------------------------------------------------------------------------
     I/O Summary : input_west                                            
     --------------------------------------------------------------------------------------------
     qe_prefix               =          pwscf
     west_prefix             =           west
     outdir                  =             ./
     l_load_qbox_wfc         =              F
     qbox_ks_wfc_filename    =         qb.xml
     --------------------------------------------------------------------------------------------
       
     --------------------------------------------------------------------------------------------
     I/O Summary : wbsepp_input                                          
     --------------------------------------------------------------------------------------------
     wbsepp_type                    =              1
     n_plep_read_from_file          =              6
     macropol_dfpt                  =              F
     l_spin_flipped                 =              F

     Reading data from directory:
     ./pwscf.save

   Info: using nr1, nr2, nr3 values from input

   Info: using nr1, nr2, nr3 values from input

     IMPORTANT: XC functional enforced from input :
     Exchange-correlation      = PBE0 ( 6  4  8  4 0 0)
     EXX-fraction              =        0.25
     Any further DFT definition will be discarded
     Please, verify this is what you really want

 
     Parallelization info
     --------------------
     sticks:   dense  smooth     PW     G-vecs:    dense   smooth      PW
     Min         232     232     57                10524    10524    1312
     Max         235     235     58                10534    10534    1318
     Sum        4675    4675   1159               210631   210631   26301
 
     Generating pointlists ...
     new r_m :   0.0964 (alat units)  1.6186 (a.u.) for type    1
     new r_m :   0.0964 (alat units)  1.6186 (a.u.) for type    2
     EXX fraction changed:   0.36
     EXX Screening parameter changed:    0.0000000
     EXX Gau parameter changed:    0.0000000
       ** WARNING : EXX-alpha            =       0.360000
       ** WARNING : EXX-erfc_scrlen      =       0.000000
       ** WARNING : EXX-gau_scrlen       =       0.000000
       ** WARNING : EXX-ecutfock         =     120.000000
       ** WARNING : EXX-exxdiv_treatment = gb            
EXX: grid of k+q points same as grid of k-points
       ** WARNING : EXX-exxdiv           =   -1108.709633
       
     --------------------------------------------------------------------------------------------
     System Overview                                                     
     --------------------------------------------------------------------------------------------
     gamma_only           =              T
     ecutwfc [Ry]         =      60.000000
     omega [au^3]         =   3.350754E+03
     glob. #G             =          13151
     nbnd                 =            224
     nkstot               =              2
     nspin                =              2
     nelec                =     426.000000
     nelup                =     213.000000
     neldw                =     213.000000
     npol                 =              1
     lsda                 =              T
     noncolin             =              F
     lspinorb             =              F
     domag                =              F
     --------------------------------------------------------------------------------------------

     sFFT G-space:   105316 G-vectors     R-space: (  90,  90,  90)
     dFFT G-space:   105316 G-vectors     R-space: (  90,  90,  90)

     Cell [a.u.]          =      16.796514      8.398256      8.398256
                          =       0.000000     14.546208      4.848736
                          =       0.000000      0.000000     13.714297
      
     number of ks points=     2
                       cart. coord. in units 2pi/alat
        k(    1) = (   0.0000000   0.0000000   0.0000000), wk =   1.0000000
        k(    2) = (   0.0000000   0.0000000   0.0000000), wk =   1.0000000

                       cryst. coord.
        k(    1) = (   0.0000000   0.0000000   0.0000000), wk =   1.0000000
        k(    2) = (   0.0000000   0.0000000   0.0000000), wk =   1.0000000
 
     F. Gygi div      =   3.308837E-01
       
     --------------------------------------------------------------------------------------------
     Parallelization for nvec                                            
     --------------------------------------------------------------------------------------------
     nglob                =              6
     nlevel               =              1
     Min nglob/nlevel     =              6
     Max nglob/nlevel     =              6
     --------------------------------------------------------------------------------------------
       
     --------------------------------------------------------------------------------------------
     Parallelization for band_paralel                                    
     --------------------------------------------------------------------------------------------
     nglob                =            213
     nlevel               =              1
     Min nglob/nlevel     =            213
     Max nglob/nlevel     =            213
     --------------------------------------------------------------------------------------------

     [MEM] ----------------------------------------------------------
     [MEM] **Memory** analysis: QE
     [MEM] ----------------------------------------------------------
     [MEM] Allocated arrays           est. size (Mb)     dimensions
     [MEM] ----------------------------------------------------------
     [MEM] Kohn-Sham Wavefunctions       2.25 Mb     (    657,  224)
     [MEM] NL pseudopotentials           4.25 Mb     (    657,  424)
     [MEM] Each V/rho on FFT grid        0.62 Mb     (  40500)
     [MEM] Each G-vector array           0.04 Mb     (   5267)
     [MEM] G-vector shells               0.04 Mb     (   4696)
     [MEM] ----------------------------------------------------------
     [MEM] TOT                           7.19 Mb
     [MEM] ----------------------------------------------------------
     [MEM] 
     [MEM] ----------------------------------------------------------
     [MEM] **Memory** analysis: WBSE global
     [MEM] ----------------------------------------------------------
     [MEM] Allocated arrays           est. size (Mb)     dimensions
     [MEM] ----------------------------------------------------------
     [MEM] dvg_exc                      12.81 Mb     (    657,  213,    6)
     [MEM] dng_exc                      12.81 Mb     (    657,  213,    6)
     [MEM] hr_distr                      0.00 Mb     (      0,    6)
     [MEM] vr_distr                      0.00 Mb     (      0,    6)
     [MEM] ----------------------------------------------------------
     [MEM] TOT                          25.62 Mb
     [MEM] ----------------------------------------------------------
     [MEM] 
     [MEM] ----------------------------------------------------------
     [MEM] **Memory** analysis: WBSE temporary
     [MEM] ----------------------------------------------------------
     [MEM] Allocated arrays           est. size (Mb)     dimensions
     [MEM] ----------------------------------------------------------
     [MEM] dvpsi                         2.14 Mb     (    657,  213)
     [MEM] dpsi                          2.14 Mb     (    657,  213)
     [MEM] ----------------------------------------------------------
     [MEM] Total estimate                4.27 Mb
     [MEM] ----------------------------------------------------------
      
     --------------------------------------------------------------------------------------------
     Database read in 04.0s               
     In location : ./west.wbse.david.save
     Eigen. found :            6
     --------------------------------------------------------------------------------------------

      *----------*   THE PRINCIPLE PROJECTED COMPONENTS   *----------*

      #     Exciton : |        1 |   Excitation energy : |     0.305605

          SPIN     OCCUPIED STATES     UNOCCUPIED STATES     PROJECTION
             1         213                       1           0.705289
             2         213                       1           0.705289

      #     Exciton : |        2 |   Excitation energy : |     0.327104

          SPIN     OCCUPIED STATES     UNOCCUPIED STATES     PROJECTION
             1         213                       2           0.671432
             1         213                      11           0.182499
             2         213                       2           0.671429
             2         213                      11           0.182499

      #     Exciton : |        3 |   Excitation energy : |     0.327104

          SPIN     OCCUPIED STATES     UNOCCUPIED STATES     PROJECTION
             1         213                       3           0.672495
             1         213                       9           0.190491
             2         213                       3           0.672498
             2         213                       9           0.190492

      #     Exciton : |        4 |   Excitation energy : |     0.327104

          SPIN     OCCUPIED STATES     UNOCCUPIED STATES     PROJECTION
             1         213                       4           0.672662
             1         213                      10           0.182942
             2         213                       4           0.672662
             2         213                      10           0.182944

      #     Exciton : |        5 |   Excitation energy : |     0.330349

          SPIN     OCCUPIED STATES     UNOCCUPIED STATES     PROJECTION
             1         213                       1           0.704593
             2         213                       1           0.704593

      #     Exciton : |        6 |   Excitation energy : |     0.452241

          SPIN     OCCUPIED STATES     UNOCCUPIED STATES     PROJECTION
             1         213                       2           0.689197
             2         213                       2           0.689197
 
     Wbsepp       :     3.19s CPU         7.68s WALL

     wbsepp_readi :      1.01s CPU      2.96s WALL (       1 calls)
     wbsepp_fetch :      0.00s CPU      0.00s WALL (       1 calls)
     read_xml     :      0.62s CPU      1.20s WALL (       1 calls)
     init_vloc    :      0.08s CPU      0.08s WALL (       2 calls)
     fft          :      0.03s CPU      0.04s WALL (      19 calls)
     fft_scatter  :      0.03s CPU      0.03s WALL (     243 calls)
     v_of_rho     :      0.09s CPU      0.26s WALL (       1 calls)
     v_xc         :      0.09s CPU      0.26s WALL (       1 calls)
     v_h          :      0.00s CPU      0.00s WALL (       1 calls)
     read_wave    :      0.39s CPU      1.75s WALL (       1 calls)
     davcio       :      0.00s CPU      0.07s WALL (      11 calls)
     init_us_1    :      0.00s CPU      0.01s WALL (       2 calls)
     do_setup     :      0.12s CPU      0.23s WALL (       1 calls)
     init_pw_ar   :      0.12s CPU      0.23s WALL (       1 calls)
     init_at_1    :      0.00s CPU      0.00s WALL (       1 calls)
     exx_grid     :      0.00s CPU      0.00s WALL (       1 calls)
     exxinit      :      0.07s CPU      0.18s WALL (       1 calls)
     fftcw        :      0.04s CPU      0.13s WALL (     224 calls)
     exx_div      :      0.00s CPU      0.00s WALL (       1 calls)
     storesqvc    :      0.00s CPU      0.00s WALL (       1 calls)
     eig_decompos :      2.06s CPU      4.49s WALL (       1 calls)
     plep_db      :      1.75s CPU      4.03s WALL (       1 calls)
 
     Wbsepp       :     3.19s CPU         7.68s WALL

 
   This run was terminated on:  11:59:24  10May2023            

=------------------------------------------------------------------------------=
   JOB DONE.
=------------------------------------------------------------------------------=
