
     Program Wbse v. 2.0.1 svn rev. 1002 starts on 10May2023 at  9:20: 9 

     This program is part of the open-source West suite
     for massively parallel calculations of excited states in materials; please cite
         "M. Govoni et al., J. Chem. Theory Comput. 11, 2680 (2015);
          URL http://www.west-code.org", 
     in publications or presentations arising from this work.

     Based on the Quantum ESPRESSO v. 6.1 svn rev. 13369
       
     --------------------------------------------------------------------------------------------
     **MPI** Parallelization Status                                      
     --------------------------------------------------------------------------------------------
                    80                   1             1             2            40
     --------------------------------------------------------------------------------------------
                     N         =         I      X      P      X      B      X      Z
                     ^                   ^             ^             ^             ^
                     |                   |             |             |             |
                   #rnk                  |             |             |             |
                                      #image           |             |             |
                                                     #pool           |             |
                                                                   #bgrp           |
                                                                                 #R&G
     --------------------------------------------------------------------------------------------
     **OPENMP** Parallelization Status
     #thr/rnk               =            1
     --------------------------------------------------------------------------------------------
     #prc = (rnk) * (thr) =           80
     --------------------------------------------------------------------------------------------
       
     --------------------------------------------------------------------------------------------
     I/O Summary : input_west                                            
     --------------------------------------------------------------------------------------------
     qe_prefix               =          pwscf
     west_prefix             =           west
     outdir                  =             ./
     l_load_qbox_wfc         =              F
     qbox_ks_wfc_filename    =         qb.xml
     which_bse_method        =             FF
     --------------------------------------------------------------------------------------------
       
     --------------------------------------------------------------------------------------------
     I/O Summary : wbse_init                                             
     --------------------------------------------------------------------------------------------
     wbse_init_calculation   =              S
     n_pdep_eigen            =              1
     chi_kernel              =            CHI
     which_spin_channel      =              0
     l_use_localise_repr     =              F
     overlap_thr             =       0.000000
     l_use_bisection_thr     =              F
     qbox_bisec_wfc_filename =      qb.gs.xml
     --------------------------------------------------------------------------------------------
       
     --------------------------------------------------------------------------------------------
     I/O Summary : WBSE_control                                          
     --------------------------------------------------------------------------------------------
     wbse_diag_method        =          david
     wbse_calculation        =              S
     n_plep_eigen            =              6
     n_plep_times            =              8
     n_plep_maxiter          =          10000
     n_plep_read_from_file   =              0
     l_bse_calculation       =              F
     l_hybrid_calculation    =              T
     l_exx_fraction          =       0.360000
     l_h_ovlp_thr            =       0.000000
     l_h_loc                 =              F
     l_h_bis                 =              F
     l_h_qbox_bis_wfc_fname  =      qb.gs.xml
     if_random_init          =              F
     l_restart_step          =              0
     l_cg_diagonalization    =              F
     l_subspace              =              T
     n_trunc_bands           =              0
     l_sf_kernel             =              F
     l_alda0                 =              F
     sf_cut_1                =    1000.000000
     sf_cut_2                =    1000.000000
     l_tddft_force           =              F
     force_state             =              1
     snd_coeff               =       0.050000
     wbse_zv_alpha_mix       =       0.700000
     wbse_zv_nmix_wbse       =              4
     wbse_zv_scf_tr2         =       0.000000
     wbse_acc                =              3
     wbse_acc_eig            =              T
     wbse_acc_force          =              T
     wbse_acc_cg_thr         =       0.000000
     wbse_acc_dav_thr        =       0.000000
     force_n_trunc_bands     =              0
     poor_of_ram             =              T
     poor_of_ram_drho2       =              T
     debug_mode              =              F
     print_sf_kernel         =              F
     l_diag_term_only        =              F
     l_preconditioning       =              T
     l_pre_shift             =              F
     l_qp_correction         =              F
     spin_excitation         =        singlet
     trev_plep               =       0.000000
     trev_plep_rel           =       1.000000
     scissor_ope             =       0.000000
     eps_macro               =       1.000000
     --------------------------------------------------------------------------------------------

     Reading data from directory:
     ./pwscf.save

   Info: using nr1, nr2, nr3 values from input

   Info: using nr1, nr2, nr3 values from input

     IMPORTANT: XC functional enforced from input :
     Exchange-correlation      = PBE0 ( 6  4  8  4 0 0)
     EXX-fraction              =        0.25
     Any further DFT definition will be discarded
     Please, verify this is what you really want

 
     Parallelization info
     --------------------
     sticks:   dense  smooth     PW     G-vecs:    dense   smooth      PW
     Min         115     115     28                 5261     5261     652
     Max         118     118     30                 5272     5272     664
     Sum        4675    4675   1159               210631   210631   26301
 
     Generating pointlists ...
     new r_m :   0.0964 (alat units)  1.6186 (a.u.) for type    1
     new r_m :   0.0964 (alat units)  1.6186 (a.u.) for type    2
     EXX fraction changed:   0.36
     EXX Screening parameter changed:    0.0000000
     EXX Gau parameter changed:    0.0000000
       ** WARNING : EXX-alpha            =       0.360000
       ** WARNING : EXX-erfc_scrlen      =       0.000000
       ** WARNING : EXX-gau_scrlen       =       0.000000
       ** WARNING : EXX-ecutfock         =     120.000000
       ** WARNING : EXX-exxdiv_treatment = gb            
       ** start_exx() done
       ** weights() done
EXX: grid of k+q points same as grid of k-points
       ** exx_grid_init() done
       ** exx_div_check() done
       ** exxinit() done
       ** WARNING : EXX-exxdiv           =   -1108.709633
       
     --------------------------------------------------------------------------------------------
     System Overview                                                     
     --------------------------------------------------------------------------------------------
     gamma_only           =              T
     ecutwfc [Ry]         =      60.000000
     omega [au^3]         =   3.350754E+03
     glob. #G             =          13151
     nbnd                 =            224
     nkstot               =              2
     nspin                =              2
     nelec                =     426.000000
     nelup                =     213.000000
     neldw                =     213.000000
     npol                 =              1
     lsda                 =              T
     noncolin             =              F
     lspinorb             =              F
     domag                =              F
     --------------------------------------------------------------------------------------------

     sFFT G-space:   105316 G-vectors     R-space: (  90,  90,  90)
     dFFT G-space:   105316 G-vectors     R-space: (  90,  90,  90)

     Cell [a.u.]          =      16.796514      8.398256      8.398256
                          =       0.000000     14.546208      4.848736
                          =       0.000000      0.000000     13.714297
      
     number of ks points=     2
                       cart. coord. in units 2pi/alat
        k(    1) = (   0.0000000   0.0000000   0.0000000), wk =   1.0000000
        k(    2) = (   0.0000000   0.0000000   0.0000000), wk =   1.0000000

                       cryst. coord.
        k(    1) = (   0.0000000   0.0000000   0.0000000), wk =   1.0000000
        k(    2) = (   0.0000000   0.0000000   0.0000000), wk =   1.0000000
 
     F. Gygi div      =   3.308837E-01
       
     --------------------------------------------------------------------------------------------
     Parallelization for nvecx                                           
     --------------------------------------------------------------------------------------------
     nglob                =             48
     nlevel               =              1
     Min nglob/nlevel     =             48
     Max nglob/nlevel     =             48
     --------------------------------------------------------------------------------------------
       
     --------------------------------------------------------------------------------------------
     Parallelization for band_group                                      
     --------------------------------------------------------------------------------------------
     nglob                =            213
     nlevel               =              2
     Min nglob/nlevel     =            106
     Max nglob/nlevel     =            107
     --------------------------------------------------------------------------------------------

     [MEM] ----------------------------------------------------------
     [MEM] **Memory** analysis: QE
     [MEM] ----------------------------------------------------------
     [MEM] Allocated arrays           est. size (Mb)     dimensions
     [MEM] ----------------------------------------------------------
     [MEM] Kohn-Sham Wavefunctions       1.13 Mb     (    330,  224)
     [MEM] NL pseudopotentials           2.14 Mb     (    330,  424)
     [MEM] Each V/rho on FFT grid        0.37 Mb     (  24300)
     [MEM] Each G-vector array           0.02 Mb     (   2636)
     [MEM] G-vector shells               0.02 Mb     (   2486)
     [MEM] ----------------------------------------------------------
     [MEM] TOT                           3.67 Mb
     [MEM] ----------------------------------------------------------
     [MEM] 
     [MEM] ----------------------------------------------------------
     [MEM] **Memory** analysis: WBSE global
     [MEM] ----------------------------------------------------------
     [MEM] Allocated arrays           est. size (Mb)     dimensions
     [MEM] ----------------------------------------------------------
     [MEM] dvg_exc                      51.48 Mb     (    330,  213,   48)
     [MEM] dng_exc                      51.48 Mb     (    330,  213,   48)
     [MEM] hr_distr                      0.02 Mb     (     48,   48)
     [MEM] vr_distr                      0.02 Mb     (     48,   48)
     [MEM] ----------------------------------------------------------
     [MEM] TOT                         103.00 Mb
     [MEM] ----------------------------------------------------------
     [MEM] 
     [MEM] ----------------------------------------------------------
     [MEM] **Memory** analysis: WBSE temporary
     [MEM] ----------------------------------------------------------
     [MEM] Allocated arrays           est. size (Mb)     dimensions
     [MEM] ----------------------------------------------------------
     [MEM] dvpsi                         1.07 Mb     (    330,  213)
     [MEM] dpsi                          1.07 Mb     (    330,  213)
     [MEM] ----------------------------------------------------------
     [MEM] Total estimate                2.15 Mb
     [MEM] ----------------------------------------------------------
     Lowest energy electron-hole pairs are used as initial vectors ...
     Calculating the electron-hole pairs for initiating trial vectors ...

              1        57         2       213         1           0.426013184209
              2        57         1       213         1           0.426013185837
              3        58         2       213         2           0.544537678818
              4        58         1       213         2           0.544537679727
              5        59         2       213         3           0.544537691528
              6        59         1       213         3           0.544537693144
              7        60         2       213         4           0.544537699132
              8        60         1       213         4           0.544537700227
              9        61         2       213         5           0.616439674038
             10        61         1       213         5           0.616439676284
             11        62         2       213         6           0.616502936849
             12        62         1       213         6           0.616502938877
             13        63         2       213         7           0.616502953128
             14        63         1       213         7           0.616502955324
             15        64         2       213         8           0.616502958489
             16        64         1       213         8           0.616502960499
             17        49         2       212         1           0.666648625670
             18        49         1       212         1           0.666648630566
             19        41         2       211         1           0.666648674817
             20        33         2       210         1           0.666648677844
             21        41         1       211         1           0.666648679661
             22        33         1       210         1           0.666648682890
             23        25         2       209         1           0.703617494584
             24        17         2       208         1           0.703617495044
     Finished calculating the cv couples.
     Finished setting initial vectors.

                       *----------*              *----------*               *----------*
     #     Iteration = | starting |   WBSE_dim = |        6 |   Diago_dim = |        6 |  x 1/2
                       *----------*              *----------*               *----------*

                       *----------*              *----------*               *----------*
     #     Iteration = | starting |   WBSE_dim = |        6 |   Diago_dim = |        6 |  x 2/2
                       *----------*              *----------*               *----------*
        
        0.30798998   0.33898995   0.34998250   0.34999954   0.49103460   0.49105163
        
     --------------------------------------------------------------------------------------------
     Tot. elapsed time 11m-17.1s,  time spent in last iteration 11m-17.1s
     --------------------------------------------------------------------------------------------

                       *----------*              *----------*               *----------*
     #     Iteration = |        1 |   WBSE_dim = |        6 |   Diago_dim = |       12 |
                       *----------*              *----------*               *----------*
     Max diff =  0.310E-01
        
        0.30625069   0.33185324   0.33756284   0.33758153   0.46000452   0.46002170
        
     --------------------------------------------------------------------------------------------
     Tot. elapsed time 16m-57.2s,  time spent in last iteration 05m-40.1s
     --------------------------------------------------------------------------------------------

                       *----------*              *----------*               *----------*
     #     Iteration = |        2 |   WBSE_dim = |        6 |   Diago_dim = |       18 |
                       *----------*              *----------*               *----------*
     Max diff =  0.408E-02
        
        0.30597271   0.33095727   0.33437860   0.33438915   0.45592920   0.45594863
        
     --------------------------------------------------------------------------------------------
     Tot. elapsed time 22m-36.7s,  time spent in last iteration 05m-39.4s
     --------------------------------------------------------------------------------------------

                       *----------*              *----------*               *----------*
     #     Iteration = |        3 |   WBSE_dim = |        6 |   Diago_dim = |       24 |
                       *----------*              *----------*               *----------*
     Max diff =  0.338E-02
        
        0.30580769   0.33065566   0.33099782   0.33101048   0.45451430   0.45453653
        
     --------------------------------------------------------------------------------------------
     Tot. elapsed time 28m-16.6s,  time spent in last iteration 05m-39.9s
     --------------------------------------------------------------------------------------------

                       *----------*              *----------*               *----------*
     #     Iteration = |        4 |   WBSE_dim = |        6 |   Diago_dim = |       30 |
                       *----------*              *----------*               *----------*
     Max diff =  0.177E-02
        
        0.30571333   0.32921349   0.32922291   0.33048447   0.45354597   0.45357261
        
     --------------------------------------------------------------------------------------------
     Tot. elapsed time 33m-56.1s,  time spent in last iteration 05m-39.4s
     --------------------------------------------------------------------------------------------

                       *----------*              *----------*               *----------*
     #     Iteration = |        5 |   WBSE_dim = |        6 |   Diago_dim = |       36 |
                       *----------*              *----------*               *----------*
     Max diff =  0.112E-02
        
        0.30565998   0.32810281   0.32810788   0.33040045   0.45303081   0.45306328
        
     --------------------------------------------------------------------------------------------
     Tot. elapsed time 39m-35.5s,  time spent in last iteration 05m-39.4s
     --------------------------------------------------------------------------------------------

                       *----------*              *----------*               *----------*
     #     Iteration = |        6 |   WBSE_dim = |        6 |   Diago_dim = |       42 |
                       *----------*              *----------*               *----------*
     Max diff =  0.453E-03
        
        0.30563508   0.32765031   0.32765446   0.33037491   0.45277848   0.45281692
        
     --------------------------------------------------------------------------------------------
     Tot. elapsed time 45m-14.9s,  time spent in last iteration 05m-39.3s
     --------------------------------------------------------------------------------------------

                       *----------*              *----------*               *----------*
     #     Iteration = |        7 |   WBSE_dim = |        6 |   Diago_dim = |       48 |
                       *----------*              *----------*               *----------*
     Max diff =  0.269E-03
        
        0.30561903   0.32738325   0.32738536   0.33036062   0.45260008   0.45264783
        
     --------------------------------------------------------------------------------------------
     Tot. elapsed time 50m-54.7s,  time spent in last iteration 05m-39.6s
     --------------------------------------------------------------------------------------------

       Refresh the basis set

                       *----------*              *----------*               *----------*
     #     Iteration = |        8 |   WBSE_dim = |        6 |   Diago_dim = |       12 |
                       *----------*              *----------*               *----------*
     Max diff =  0.846E-04
        
        0.30561433   0.32729916   0.32730078   0.33035634   0.45252713   0.45258101
        
     --------------------------------------------------------------------------------------------
     Tot. elapsed time 56m-33.8s,  time spent in last iteration 05m-38.5s
     --------------------------------------------------------------------------------------------

                       *----------*              *----------*               *----------*
     #     Iteration = |        9 |   WBSE_dim = |        6 |   Diago_dim = |       18 |
                       *----------*              *----------*               *----------*
     Max diff =  0.734E-04
        
        0.30561048   0.32722757   0.32722897   0.33035328   0.45245370   0.45251752
        
     --------------------------------------------------------------------------------------------
     Tot. elapsed time 01h-02m-12.0s,  time spent in last iteration 05m-38.1s
     --------------------------------------------------------------------------------------------

                       *----------*              *----------*               *----------*
     #     Iteration = |       10 |   WBSE_dim = |        6 |   Diago_dim = |       24 |
                       *----------*              *----------*               *----------*
     Max diff =  0.782E-04
        
        0.30560801   0.32717362   0.32717462   0.33035106   0.45237555   0.45245794
        
     --------------------------------------------------------------------------------------------
     Tot. elapsed time 01h-07m-50.3s,  time spent in last iteration 05m-38.3s
     --------------------------------------------------------------------------------------------

                       *----------*              *----------*               *----------*
     #     Iteration = |       11 |   WBSE_dim = |        6 |   Diago_dim = |       30 |
                       *----------*              *----------*               *----------*
     Max diff =  0.972E-04
        
        0.30560645   0.32714649   0.32714720   0.33034988   0.45227839   0.45239952
        
     --------------------------------------------------------------------------------------------
     Tot. elapsed time 01h-13m-29.1s,  time spent in last iteration 05m-38.7s
     --------------------------------------------------------------------------------------------

                       *----------*              *----------*               *----------*
     #     Iteration = |       12 |   WBSE_dim = |        6 |   Diago_dim = |       36 |
                       *----------*              *----------*               *----------*
     Max diff =  0.101E-03
        
        0.30560561   0.32712686   0.32712742   0.33034929   0.45217729   0.45235781
        
     --------------------------------------------------------------------------------------------
     Tot. elapsed time 01h-19m-06.6s,  time spent in last iteration 05m-37.5s
     --------------------------------------------------------------------------------------------

                       *----------*              *----------*               *----------*
     #     Iteration = |       13 |   WBSE_dim = |        6 |   Diago_dim = |       42 |
                       *----------*              *----------*               *----------*
     Max diff =  0.173E-03
        
        0.30560509   0.32711736   0.32711779   0.33034896   0.45200453   0.45231922
        
     --------------------------------------------------------------------------------------------
     Tot. elapsed time 01h-24m-44.1s,  time spent in last iteration 05m-37.4s
     --------------------------------------------------------------------------------------------

                       *----------*              *----------*               *----------*
     #     Iteration = |       14 |   WBSE_dim = |        6 |   Diago_dim = |       48 |
                       *----------*              *----------*               *----------*
     Max diff =  0.526E-03
        
        0.30560477   0.32711181   0.32711213   0.33034878   0.45147859   0.45228563
        
     --------------------------------------------------------------------------------------------
     Tot. elapsed time 01h-30m-21.7s,  time spent in last iteration 05m-37.5s
     --------------------------------------------------------------------------------------------

       Refresh the basis set

                       *----------*              *----------*               *----------*
     #     Iteration = |       15 |   WBSE_dim = |        6 |   Diago_dim = |       12 |
                       *----------*              *----------*               *----------*
     Max diff =  0.504E-03
        
        0.30560467   0.32710975   0.32711002   0.33034872   0.45097427   0.45227439
        
     --------------------------------------------------------------------------------------------
     Tot. elapsed time 01h-35m-59.4s,  time spent in last iteration 05m-37.2s
     --------------------------------------------------------------------------------------------

                       *----------*              *----------*               *----------*
     #     Iteration = |       16 |   WBSE_dim = |        4 |   Diago_dim = |       16 |
                       *----------*              *----------*               *----------*
     Max diff =  0.682E-03
        
        0.30560467   0.32710818   0.32710841   0.33034872   0.45029209   0.45226642
        
     --------------------------------------------------------------------------------------------
     Tot. elapsed time 01h-39m-44.3s,  time spent in last iteration 03m-44.8s
     --------------------------------------------------------------------------------------------

                       *----------*              *----------*               *----------*
     #     Iteration = |       17 |   WBSE_dim = |        4 |   Diago_dim = |       20 |
                       *----------*              *----------*               *----------*
     Max diff =  0.132E-02
        
        0.30560467   0.32710650   0.32710667   0.33034872   0.44897013   0.45226059
        
     --------------------------------------------------------------------------------------------
     Tot. elapsed time 01h-43m-29.4s,  time spent in last iteration 03m-45.0s
     --------------------------------------------------------------------------------------------

                       *----------*              *----------*               *----------*
     #     Iteration = |       18 |   WBSE_dim = |        4 |   Diago_dim = |       24 |
                       *----------*              *----------*               *----------*
     Max diff =  0.867E-02
        
        0.30560467   0.32710546   0.32710559   0.33034872   0.44029710   0.45225522
        
     --------------------------------------------------------------------------------------------
     Tot. elapsed time 01h-47m-14.2s,  time spent in last iteration 03m-44.7s
     --------------------------------------------------------------------------------------------

                       *----------*              *----------*               *----------*
     #     Iteration = |       19 |   WBSE_dim = |        4 |   Diago_dim = |       28 |
                       *----------*              *----------*               *----------*
     Max diff =  0.403E-01
        
        0.30560467   0.32710479   0.32710489   0.33034872   0.39995131   0.45225063
        
     --------------------------------------------------------------------------------------------
     Tot. elapsed time 01h-50m-59.4s,  time spent in last iteration 03m-45.1s
     --------------------------------------------------------------------------------------------

                       *----------*              *----------*               *----------*
     #     Iteration = |       20 |   WBSE_dim = |        4 |   Diago_dim = |       32 |
                       *----------*              *----------*               *----------*
     Max diff =  0.236E-01
        
        0.30560467   0.32710447   0.32710455   0.33034872   0.37639509   0.45224804
        
     --------------------------------------------------------------------------------------------
     Tot. elapsed time 01h-54m-44.4s,  time spent in last iteration 03m-44.9s
     --------------------------------------------------------------------------------------------

                       *----------*              *----------*               *----------*
     #     Iteration = |       21 |   WBSE_dim = |        4 |   Diago_dim = |       36 |
                       *----------*              *----------*               *----------*
     Max diff =  0.162E-01
        
        0.30560467   0.32710430   0.32710436   0.33034872   0.36018469   0.45224641
        
     --------------------------------------------------------------------------------------------
     Tot. elapsed time 01h-58m-29.6s,  time spent in last iteration 03m-45.1s
     --------------------------------------------------------------------------------------------

                       *----------*              *----------*               *----------*
     #     Iteration = |       22 |   WBSE_dim = |        4 |   Diago_dim = |       40 |
                       *----------*              *----------*               *----------*
     Max diff =  0.189E-01
        
        0.30560467   0.32710409   0.32710413   0.33034872   0.34128828   0.45224392
        
     --------------------------------------------------------------------------------------------
     Tot. elapsed time 02h-02m-14.5s,  time spent in last iteration 03m-44.9s
     --------------------------------------------------------------------------------------------

                       *----------*              *----------*               *----------*
     #     Iteration = |       23 |   WBSE_dim = |        4 |   Diago_dim = |       44 |
                       *----------*              *----------*               *----------*
     Max diff =  0.703E-02
        
        0.30560467   0.32710401   0.32710405   0.33034872   0.33426040   0.45224268
        
     --------------------------------------------------------------------------------------------
     Tot. elapsed time 02h-05m-59.8s,  time spent in last iteration 03m-45.2s
     --------------------------------------------------------------------------------------------

                       *----------*              *----------*               *----------*
     #     Iteration = |       24 |   WBSE_dim = |        2 |   Diago_dim = |       46 |
                       *----------*              *----------*               *----------*
     Max diff =  0.321E-02
        
        0.30560467   0.32710401   0.32710405   0.33034872   0.33105258   0.45224195
        
     --------------------------------------------------------------------------------------------
     Tot. elapsed time 02h-07m-52.4s,  time spent in last iteration 01m-52.6s
     --------------------------------------------------------------------------------------------

                       *----------*              *----------*               *----------*
     #     Iteration = |       25 |   WBSE_dim = |        2 |   Diago_dim = |       48 |
                       *----------*              *----------*               *----------*
     Max diff =  0.919E-03
        
        0.30560467   0.32710401   0.32710405   0.32942997   0.33034872   0.45224144
        
     --------------------------------------------------------------------------------------------
     Tot. elapsed time 02h-09m-45.3s,  time spent in last iteration 01m-52.8s
     --------------------------------------------------------------------------------------------

       Refresh the basis set

                       *----------*              *----------*               *----------*
     #     Iteration = |       26 |   WBSE_dim = |        3 |   Diago_dim = |        9 |
                       *----------*              *----------*               *----------*
     Max diff =  0.669E-03
        
        0.30560467   0.32710401   0.32710405   0.32876140   0.33034871   0.45224117
        
     --------------------------------------------------------------------------------------------
     Tot. elapsed time 02h-12m-34.2s,  time spent in last iteration 02m-48.4s
     --------------------------------------------------------------------------------------------

                       *----------*              *----------*               *----------*
     #     Iteration = |       27 |   WBSE_dim = |        2 |   Diago_dim = |       11 |
                       *----------*              *----------*               *----------*
     Max diff =  0.496E-03
        
        0.30560467   0.32710401   0.32710405   0.32826494   0.33034871   0.45224094
        
     --------------------------------------------------------------------------------------------
     Tot. elapsed time 02h-14m-26.7s,  time spent in last iteration 01m-52.4s
     --------------------------------------------------------------------------------------------

                       *----------*              *----------*               *----------*
     #     Iteration = |       28 |   WBSE_dim = |        2 |   Diago_dim = |       13 |
                       *----------*              *----------*               *----------*
     Max diff =  0.467E-03
        
        0.30560467   0.32710401   0.32710405   0.32779769   0.33034871   0.45224073
        
     --------------------------------------------------------------------------------------------
     Tot. elapsed time 02h-16m-19.3s,  time spent in last iteration 01m-52.5s
     --------------------------------------------------------------------------------------------

                       *----------*              *----------*               *----------*
     #     Iteration = |       29 |   WBSE_dim = |        2 |   Diago_dim = |       15 |
                       *----------*              *----------*               *----------*
     Max diff =  0.324E-03
        
        0.30560467   0.32710401   0.32710405   0.32747408   0.33034871   0.45224058
        
     --------------------------------------------------------------------------------------------
     Tot. elapsed time 02h-18m-11.8s,  time spent in last iteration 01m-52.5s
     --------------------------------------------------------------------------------------------

                       *----------*              *----------*               *----------*
     #     Iteration = |       30 |   WBSE_dim = |        2 |   Diago_dim = |       17 |
                       *----------*              *----------*               *----------*
     Max diff =  0.135E-03
        
        0.30560467   0.32710401   0.32710405   0.32733916   0.33034871   0.45224052
        
     --------------------------------------------------------------------------------------------
     Tot. elapsed time 02h-20m-04.6s,  time spent in last iteration 01m-52.8s
     --------------------------------------------------------------------------------------------

                       *----------*              *----------*               *----------*
     #     Iteration = |       31 |   WBSE_dim = |        1 |   Diago_dim = |       18 |
                       *----------*              *----------*               *----------*
     Max diff =  0.100E-03
        
        0.30560467   0.32710401   0.32710405   0.32723900   0.33034871   0.45224052
        
     --------------------------------------------------------------------------------------------
     Tot. elapsed time 02h-21m-00.9s,  time spent in last iteration 56.3s
     --------------------------------------------------------------------------------------------

                       *----------*              *----------*               *----------*
     #     Iteration = |       32 |   WBSE_dim = |        1 |   Diago_dim = |       19 |
                       *----------*              *----------*               *----------*
     Max diff =  0.693E-04
        
        0.30560467   0.32710401   0.32710405   0.32716966   0.33034871   0.45224052
        
     --------------------------------------------------------------------------------------------
     Tot. elapsed time 02h-21m-57.3s,  time spent in last iteration 56.3s
     --------------------------------------------------------------------------------------------

                       *----------*              *----------*               *----------*
     #     Iteration = |       33 |   WBSE_dim = |        1 |   Diago_dim = |       20 |
                       *----------*              *----------*               *----------*
     Max diff =  0.346E-04
        
        0.30560467   0.32710401   0.32710405   0.32713505   0.33034871   0.45224052
        
     --------------------------------------------------------------------------------------------
     Tot. elapsed time 02h-22m-53.6s,  time spent in last iteration 56.3s
     --------------------------------------------------------------------------------------------

                       *----------*              *----------*               *----------*
     #     Iteration = |       34 |   WBSE_dim = |        1 |   Diago_dim = |       21 |
                       *----------*              *----------*               *----------*
     Max diff =  0.156E-04
        
        0.30560467   0.32710401   0.32710405   0.32711945   0.33034871   0.45224052
        
     --------------------------------------------------------------------------------------------
     Tot. elapsed time 02h-23m-50.1s,  time spent in last iteration 56.5s
     --------------------------------------------------------------------------------------------

                       *----------*              *----------*               *----------*
     #     Iteration = |       35 |   WBSE_dim = |        1 |   Diago_dim = |       22 |
                       *----------*              *----------*               *----------*
     Max diff =  0.868E-05
        
        0.30560467   0.32710401   0.32710405   0.32711077   0.33034871   0.45224052
        
     --------------------------------------------------------------------------------------------
     Tot. elapsed time 02h-24m-46.5s,  time spent in last iteration 56.3s
     --------------------------------------------------------------------------------------------

                       *----------*              *----------*               *----------*
     #     Iteration = |       36 |   WBSE_dim = |        1 |   Diago_dim = |       23 |
                       *----------*              *----------*               *----------*
     Max diff =  0.246E-05
        
        0.30560467   0.32710401   0.32710405   0.32710831   0.33034871   0.45224052
        
     --------------------------------------------------------------------------------------------
     Tot. elapsed time 02h-25m-42.9s,  time spent in last iteration 56.4s
     --------------------------------------------------------------------------------------------

                       *----------*              *----------*               *----------*
     #     Iteration = |       37 |   WBSE_dim = |        1 |   Diago_dim = |       24 |
                       *----------*              *----------*               *----------*
     Max diff =  0.213E-05
        
        0.30560467   0.32710401   0.32710405   0.32710618   0.33034871   0.45224052
        
     --------------------------------------------------------------------------------------------
     Tot. elapsed time 02h-26m-39.5s,  time spent in last iteration 56.5s
     --------------------------------------------------------------------------------------------

                       *----------*              *----------*               *----------*
     #     Iteration = |       38 |   WBSE_dim = |        1 |   Diago_dim = |       25 |
                       *----------*              *----------*               *----------*
     Max diff =  0.105E-05
        
        0.30560467   0.32710401   0.32710405   0.32710513   0.33034871   0.45224052
        
     --------------------------------------------------------------------------------------------
     Tot. elapsed time 02h-27m-35.9s,  time spent in last iteration 56.3s
     --------------------------------------------------------------------------------------------

                       *----------*              *----------*               *----------*
     #     Iteration = |       39 |   WBSE_dim = |        1 |   Diago_dim = |       26 |
                       *----------*              *----------*               *----------*
     Max diff =  0.485E-06
        
        0.30560467   0.32710401   0.32710405   0.32710465   0.33034871   0.45224052
        
     --------------------------------------------------------------------------------------------
     Tot. elapsed time 02h-28m-32.2s,  time spent in last iteration 56.3s
     --------------------------------------------------------------------------------------------

                       *----------*              *----------*               *----------*
     #     Iteration = |       40 |   WBSE_dim = |        1 |   Diago_dim = |       27 |
                       *----------*              *----------*               *----------*
     Max diff =  0.259E-06
        
        0.30560467   0.32710401   0.32710405   0.32710439   0.33034871   0.45224052
        
     --------------------------------------------------------------------------------------------
     Tot. elapsed time 02h-29m-28.6s,  time spent in last iteration 56.3s
     --------------------------------------------------------------------------------------------

                       *----------*              *----------*               *----------*
     #     Iteration = |       41 |   WBSE_dim = |        1 |   Diago_dim = |       28 |
                       *----------*              *----------*               *----------*
     Max diff =  0.217E-06
        
        0.30560467   0.32710401   0.32710405   0.32710417   0.33034871   0.45224052
        
     --------------------------------------------------------------------------------------------
     Tot. elapsed time 02h-30m-24.8s,  time spent in last iteration 56.1s
     --------------------------------------------------------------------------------------------

                       *----------*              *----------*               *----------*
     #     Iteration = |       42 |   WBSE_dim = |        1 |   Diago_dim = |       29 |
                       *----------*              *----------*               *----------*
     Max diff =  0.715E-07
        
        0.30560467   0.32710401   0.32710405   0.32710410   0.33034871   0.45224052
        
     --------------------------------------------------------------------------------------------
     Tot. elapsed time 02h-31m-21.3s,  time spent in last iteration 56.4s
     --------------------------------------------------------------------------------------------
      
     --------------------------------------------------------------------------------------------
     Database written in 02.7s               
     In location : ./west.wbse.david.save
     --------------------------------------------------------------------------------------------
       
     --------------------------------------------------------------------------------------------
     Convergence achieved !!! in       42 steps                          
     --------------------------------------------------------------------------------------------
 
     Wbse         :     2h29m CPU        2h31m WALL

     wbse_readin  :      1.53s CPU      3.52s WALL (       1 calls)
     wbse_fetch_n :      0.00s CPU      0.03s WALL (       1 calls)
     read_xml     :      0.52s CPU      1.59s WALL (       1 calls)
     init_vloc    :      0.04s CPU      0.04s WALL (       2 calls)
     fft          :      2.01s CPU      2.62s WALL (    3084 calls)
     fft_scatter  :   3599.16s CPU   3654.69s WALL (29877824 calls)
     v_of_rho     :      0.03s CPU      0.04s WALL (       1 calls)
     v_xc         :      0.03s CPU      0.03s WALL (       1 calls)
     v_h          :      0.00s CPU      0.00s WALL (       1 calls)
     read_wave    :      1.01s CPU      1.89s WALL (       1 calls)
     davcio       :      0.25s CPU      1.28s WALL (    1573 calls)
     init_us_1    :      0.01s CPU      0.01s WALL (       2 calls)
     do_setup     :      0.11s CPU      0.16s WALL (       1 calls)
     init_pw_ar   :      0.11s CPU      0.16s WALL (       1 calls)
     init_at_1    :      0.00s CPU      0.00s WALL (       1 calls)
     exx_grid     :      0.00s CPU      0.00s WALL (       1 calls)
     exxinit      :      0.07s CPU      0.12s WALL (       1 calls)
     fftcw        :     47.09s CPU     47.99s WALL (  312886 calls)
     exx_div      :      0.00s CPU      0.00s WALL (       1 calls)
     storesqvc    :      0.00s CPU      0.00s WALL (       1 calls)
     wbse_dv_setu :      0.09s CPU      0.09s WALL (       1 calls)
     setup_dmuxc  :      0.02s CPU      0.02s WALL (       1 calls)
     chidiago     :   8949.78s CPU   9084.31s WALL (       1 calls)
     paramgs      :      3.28s CPU      3.31s WALL (      43 calls)
     west_apply_l :   8928.36s CPU   9057.81s WALL (     161 calls)
     wbse_calc_de :     10.83s CPU     11.26s WALL (     161 calls)
     fftw         :   6055.74s CPU   6132.70s WALL (22188698 calls)
     wbse_dv_of_d :      3.87s CPU      4.23s WALL (     161 calls)
     init_us_2    :      0.28s CPU      0.31s WALL (     322 calls)
     h_psi        :   1624.85s CPU   1657.27s WALL (     322 calls)
     h_psi:pot    :     11.19s CPU     11.36s WALL (     322 calls)
     vloc_psi     :      9.96s CPU     10.07s WALL (     322 calls)
     h_psi:calbec :      0.63s CPU      0.68s WALL (     322 calls)
     calbec       :      0.63s CPU      0.68s WALL (     322 calls)
     add_vuspsi   :      0.60s CPU      0.61s WALL (     322 calls)
     vexx         :   1613.57s CPU   1645.82s WALL (     322 calls)
     comm_buff    :      3.06s CPU      3.24s WALL (    5152 calls)
     fftc         :   1339.58s CPU   1362.63s WALL ( 7373156 calls)
     alphapc      :      2.62s CPU      2.74s WALL (     918 calls)
     build_hr     :      3.31s CPU      4.13s WALL (      43 calls)
     redistr_vr   :      0.00s CPU      0.00s WALL (      42 calls)
     update_vr    :      8.53s CPU     10.98s WALL (      42 calls)
     precd_ag     :      0.95s CPU      1.19s WALL (      42 calls)
     symm_hr      :      0.00s CPU      0.00s WALL (      42 calls)
     chidiago:las :      1.36s CPU      1.59s WALL (       4 calls)
     refresh_vr   :      1.52s CPU      1.79s WALL (       7 calls)
     plep_db      :      2.36s CPU      2.79s WALL (       1 calls)
 
     Wbse         :     2h29m CPU        2h31m WALL

 
   This run was terminated on:  11:51:37  10May2023            

=------------------------------------------------------------------------------=
   JOB DONE.
=------------------------------------------------------------------------------=
