
     Program Wbsepp v. 2.0.1 svn rev. 1002 starts on  3May2023 at 22:31:31 

     This program is part of the open-source West suite
     for massively parallel calculations of excited states in materials; please cite
         "M. Govoni et al., J. Chem. Theory Comput. 11, 2680 (2015);
          URL http://www.west-code.org", 
     in publications or presentations arising from this work.

     Based on the Quantum ESPRESSO v. 6.1 svn rev. 13369
       
     --------------------------------------------------------------------------------------------
     **MPI** Parallelization Status                                      
     --------------------------------------------------------------------------------------------
                    80                   1             1             1            80
     --------------------------------------------------------------------------------------------
                     N         =         I      X      P      X      B      X      Z
                     ^                   ^             ^             ^             ^
                     |                   |             |             |             |
                   #rnk                  |             |             |             |
                                      #image           |             |             |
                                                     #pool           |             |
                                                                   #bgrp           |
                                                                                 #R&G
     --------------------------------------------------------------------------------------------
     #prc =           80
     --------------------------------------------------------------------------------------------
       
     --------------------------------------------------------------------------------------------
     I/O Summary : input_west                                            
     --------------------------------------------------------------------------------------------
     qe_prefix               =          pwscf
     west_prefix             =           west
     outdir                  =             ./
     l_load_qbox_wfc         =              F
     qbox_ks_wfc_filename    =         qb.xml
     --------------------------------------------------------------------------------------------
       
     --------------------------------------------------------------------------------------------
     I/O Summary : wbsepp_input                                          
     --------------------------------------------------------------------------------------------
     wbsepp_type                    =              1
     n_plep_read_from_file          =             18
     macropol_dfpt                  =              F
     l_spin_flipped                 =              F

     Reading data from directory:
     ./pwscf.save

   Info: using nr1, nr2, nr3 values from input

   Info: using nr1, nr2, nr3 values from input

     IMPORTANT: XC functional enforced from input :
     Exchange-correlation      = PBE ( 1  4  3  4 0 0)
     Any further DFT definition will be discarded
     Please, verify this is what you really want

 
     Parallelization info
     --------------------
     sticks:   dense  smooth     PW     G-vecs:    dense   smooth      PW
     Min          42      42      9                 1913     1913     234
     Max          46      46     12                 1932     1932     248
     Sum        3489    3489    869               153699   153699   19309
 
     Generating pointlists ...
     new r_m :   0.0876 (alat units)  1.1813 (a.u.) for type    1
     new r_m :   0.1151 (alat units)  1.5524 (a.u.) for type    2
       
     --------------------------------------------------------------------------------------------
     System Overview                                                     
     --------------------------------------------------------------------------------------------
     gamma_only           =              T
     ecutwfc [Ry]         =      60.000000
     omega [au^3]         =   2.452230E+03
     glob. #G             =           9655
     nbnd                 =            132
     nkstot               =              2
     nspin                =              2
     nelec                =     252.000000
     nelup                =     127.000000
     neldw                =     125.000000
     npol                 =              1
     lsda                 =              T
     noncolin             =              F
     lspinorb             =              F
     domag                =              F
     --------------------------------------------------------------------------------------------

     sFFT G-space:    76850 G-vectors     R-space: (  72,  72,  72)
     dFFT G-space:    76850 G-vectors     R-space: (  72,  72,  72)

     Cell [a.u.]          =      13.485086      0.000000      0.000000
                          =       0.000000     13.485086      0.000000
                          =       0.000000      0.000000     13.485086
      
     number of ks points=     2
                       cart. coord. in units 2pi/alat
        k(    1) = (   0.0000000   0.0000000   0.0000000), wk =   1.0000000
        k(    2) = (   0.0000000   0.0000000   0.0000000), wk =   1.0000000

                       cryst. coord.
        k(    1) = (   0.0000000   0.0000000   0.0000000), wk =   1.0000000
        k(    2) = (   0.0000000   0.0000000   0.0000000), wk =   1.0000000
 
     F. Gygi div      =   3.606902E-01
       
     --------------------------------------------------------------------------------------------
     Parallelization for nvec                                            
     --------------------------------------------------------------------------------------------
     nglob                =             18
     nlevel               =              1
     Min nglob/nlevel     =             18
     Max nglob/nlevel     =             18
     --------------------------------------------------------------------------------------------
       
     --------------------------------------------------------------------------------------------
     Parallelization for band_paralel                                    
     --------------------------------------------------------------------------------------------
     nglob                =            127
     nlevel               =              1
     Min nglob/nlevel     =            127
     Max nglob/nlevel     =            127
     --------------------------------------------------------------------------------------------

     [MEM] ----------------------------------------------------------
     [MEM] **Memory** analysis: QE
     [MEM] ----------------------------------------------------------
     [MEM] Allocated arrays           est. size (Mb)     dimensions
     [MEM] ----------------------------------------------------------
     [MEM] Kohn-Sham Wavefunctions       0.24 Mb     (    121,  132)
     [MEM] NL pseudopotentials           0.93 Mb     (    121,  504)
     [MEM] Each V/rho on FFT grid        0.08 Mb     (   5184)
     [MEM] Each G-vector array           0.01 Mb     (    958)
     [MEM] G-vector shells               0.00 Mb     (    329)
     [MEM] ----------------------------------------------------------
     [MEM] TOT                           1.26 Mb
     [MEM] ----------------------------------------------------------
     [MEM] 
     [MEM] ----------------------------------------------------------
     [MEM] **Memory** analysis: WBSE global
     [MEM] ----------------------------------------------------------
     [MEM] Allocated arrays           est. size (Mb)     dimensions
     [MEM] ----------------------------------------------------------
     [MEM] dvg_exc                       4.22 Mb     (    121,  127,   18)
     [MEM] dng_exc                       4.22 Mb     (    121,  127,   18)
     [MEM] hr_distr                      0.00 Mb     (      0,   18)
     [MEM] vr_distr                      0.00 Mb     (      0,   18)
     [MEM] ----------------------------------------------------------
     [MEM] TOT                           8.44 Mb
     [MEM] ----------------------------------------------------------
     [MEM] 
     [MEM] ----------------------------------------------------------
     [MEM] **Memory** analysis: WBSE temporary
     [MEM] ----------------------------------------------------------
     [MEM] Allocated arrays           est. size (Mb)     dimensions
     [MEM] ----------------------------------------------------------
     [MEM] dvpsi                         0.23 Mb     (    121,  127)
     [MEM] dpsi                          0.23 Mb     (    121,  127)
     [MEM] ----------------------------------------------------------
     [MEM] Total estimate                0.47 Mb
     [MEM] ----------------------------------------------------------
      
     --------------------------------------------------------------------------------------------
     Database read in 06.6s               
     In location : ./west.wbse.david.save
     Eigen. found :           18
     --------------------------------------------------------------------------------------------

     Calculation of the dipole in real space

     Dipole is shifted to the center of cell for the calculation of d0psi. 

      *----------*   THE PRINCIPLE PROJECTED COMPONENTS   *----------*

      #     Exciton : |        1 |   Excitation energy : |     0.120178

      OSCILLATOR STRENGTH : 

                XX             YY            ZZ            TOTAL

                   0.000000         0.000000         0.000001         0.000001

          SPIN     OCCUPIED STATES     UNOCCUPIED STATES     PROJECTION
             2         125                       1           0.135825
             2         125                       2           0.990508

      #     Exciton : |        2 |   Excitation energy : |     0.120179

      OSCILLATOR STRENGTH : 

                XX             YY            ZZ            TOTAL

                   0.000000         0.000000         0.000009         0.000009

          SPIN     OCCUPIED STATES     UNOCCUPIED STATES     PROJECTION
             2         125                       1           0.990508
             2         125                       2           0.135825

      #     Exciton : |        3 |   Excitation energy : |     0.161742

      OSCILLATOR STRENGTH : 

                XX             YY            ZZ            TOTAL

                   0.000000         0.000000         0.000000         0.000000

          SPIN     OCCUPIED STATES     UNOCCUPIED STATES     PROJECTION
             2         123                       2           0.706431
             2         124                       1           0.706386

      #     Exciton : |        4 |   Excitation energy : |     0.167660

      OSCILLATOR STRENGTH : 

                XX             YY            ZZ            TOTAL

                   0.000000         0.000000         0.000000         0.000000

          SPIN     OCCUPIED STATES     UNOCCUPIED STATES     PROJECTION
             2         121                       1           0.187410
             2         121                       2           0.681775
             2         122                       1           0.681656
             2         122                       2           0.187509

      #     Exciton : |        5 |   Excitation energy : |     0.172234

      OSCILLATOR STRENGTH : 

                XX             YY            ZZ            TOTAL

                   0.000000         0.000001         0.000032         0.000033

          SPIN     OCCUPIED STATES     UNOCCUPIED STATES     PROJECTION
             2         121                       1           0.602808
             2         121                       2           0.365255
             2         122                       1           0.365403
             2         122                       2           0.602812

      #     Exciton : |        6 |   Excitation energy : |     0.172234

      OSCILLATOR STRENGTH : 

                XX             YY            ZZ            TOTAL

                   0.000002         0.000001         0.000004         0.000006

          SPIN     OCCUPIED STATES     UNOCCUPIED STATES     PROJECTION
             2         121                       1           0.365295
             2         121                       2           0.602810
             2         122                       1           0.602835
             2         122                       2           0.365368

      #     Exciton : |        7 |   Excitation energy : |     0.172456

      OSCILLATOR STRENGTH : 

                XX             YY            ZZ            TOTAL

                   0.000605         0.006113         0.007473         0.014190

          SPIN     OCCUPIED STATES     UNOCCUPIED STATES     PROJECTION
             2         123                       1           0.476305
             2         123                       2           0.512513
             2         124                       1           0.512555
             2         124                       2           0.476326

      #     Exciton : |        8 |   Excitation energy : |     0.172457

      OSCILLATOR STRENGTH : 

                XX             YY            ZZ            TOTAL

                   0.010917         0.005409         0.000677         0.017003

          SPIN     OCCUPIED STATES     UNOCCUPIED STATES     PROJECTION
             2         123                       1           0.512524
             2         123                       2           0.476316
             2         124                       1           0.476336
             2         124                       2           0.512556

      #     Exciton : |        9 |   Excitation energy : |     0.183848

      OSCILLATOR STRENGTH : 

                XX             YY            ZZ            TOTAL

                   0.000000         0.000000         0.009401         0.009402

          SPIN     OCCUPIED STATES     UNOCCUPIED STATES     PROJECTION
             2         121                       1           0.676034
             2         121                       2           0.185871
             2         122                       1           0.185903
             2         122                       2           0.675962

      #     Exciton : |       10 |   Excitation energy : |     0.195814

      OSCILLATOR STRENGTH : 

                XX             YY            ZZ            TOTAL

                   0.017036         0.017035         0.006919         0.040989

          SPIN     OCCUPIED STATES     UNOCCUPIED STATES     PROJECTION
             2         123                       1           0.693915
             2         124                       2           0.693874

      #     Exciton : |       11 |   Excitation energy : |     0.261241

      OSCILLATOR STRENGTH : 

                XX             YY            ZZ            TOTAL

                   0.004873         0.001703         0.000368         0.006945

          SPIN     OCCUPIED STATES     UNOCCUPIED STATES     PROJECTION
             1         127                       1           0.999267

      #     Exciton : |       12 |   Excitation energy : |     0.261241

      OSCILLATOR STRENGTH : 

                XX             YY            ZZ            TOTAL

                   0.000054         0.003225         0.001861         0.005140

          SPIN     OCCUPIED STATES     UNOCCUPIED STATES     PROJECTION
             1         126                       1           0.999268

      #     Exciton : |       13 |   Excitation energy : |     0.263416

      OSCILLATOR STRENGTH : 

                XX             YY            ZZ            TOTAL

                   0.000000         0.000000         0.000000         0.000000

          SPIN     OCCUPIED STATES     UNOCCUPIED STATES     PROJECTION
             1         126                       2           0.704919
             1         127                       3           0.708923

      #     Exciton : |       14 |   Excitation energy : |     0.263568

      OSCILLATOR STRENGTH : 

                XX             YY            ZZ            TOTAL

                   0.000000         0.000000         0.000120         0.000120

          SPIN     OCCUPIED STATES     UNOCCUPIED STATES     PROJECTION
             1         126                       2           0.339660
             1         126                       3           0.619323
             1         127                       2           0.619602
             1         127                       3           0.337751

      #     Exciton : |       15 |   Excitation energy : |     0.263568

      OSCILLATOR STRENGTH : 

                XX             YY            ZZ            TOTAL

                   0.000000         0.000000         0.002253         0.002253

          SPIN     OCCUPIED STATES     UNOCCUPIED STATES     PROJECTION
             1         126                       2           0.621228
             1         126                       3           0.338640
             1         127                       2           0.338778
             1         127                       3           0.617699

      #     Exciton : |       16 |   Excitation energy : |     0.263913

      OSCILLATOR STRENGTH : 

                XX             YY            ZZ            TOTAL

                   0.000000         0.000000         0.002220         0.002220

          SPIN     OCCUPIED STATES     UNOCCUPIED STATES     PROJECTION
             1         126                       3           0.706746
             1         127                       2           0.706431

      #     Exciton : |       17 |   Excitation energy : |     0.267401

      OSCILLATOR STRENGTH : 

                XX             YY            ZZ            TOTAL

                   0.000000         0.000000         0.000324         0.000324

          SPIN     OCCUPIED STATES     UNOCCUPIED STATES     PROJECTION
             1         127                       4           0.997844

      #     Exciton : |       18 |   Excitation energy : |     0.267402

      OSCILLATOR STRENGTH : 

                XX             YY            ZZ            TOTAL

                   0.000000         0.000000         0.001462         0.001462

          SPIN     OCCUPIED STATES     UNOCCUPIED STATES     PROJECTION
             1         126                       4           0.997850
  0.000000000000000E+000  8.462733091464851E-003
  1.000000047497451E-003  8.552631041123785E-003
  2.000000094994903E-003  8.643985431736778E-003
  3.000000142492354E-003  8.736828185194424E-003
  4.000000189989805E-003  8.831192109323982E-003
  5.000000237487257E-003  8.927110927741471E-003
  6.000000284984708E-003  9.024619310890004E-003
  7.000000332482159E-003  9.123752908318858E-003
  8.000000379979610E-003  9.224548382260552E-003
  9.000000427477062E-003  9.327043442566072E-003
  1.000000047497451E-002  9.431276883061918E-003
  1.100000052247196E-002  9.537288619395621E-003
  1.200000056996942E-002  9.645119728440123E-003
  1.300000061746687E-002  9.754812489331339E-003
  1.400000066496432E-002  9.866410426216913E-003
  1.500000071246177E-002  9.979958352798709E-003
  1.600000075995922E-002  1.009550241875597E-002
  1.700000080745667E-002  1.021309015814090E-002
  1.800000085495412E-002  1.033277053984348E-002
  1.900000090245157E-002  1.045459402022779E-002
  2.000000094994903E-002  1.057861259804787E-002
  2.100000099744648E-002  1.070487987175712E-002
  2.200000104494393E-002  1.083345109933196E-002
  2.300000109244138E-002  1.096438326073718E-002
  2.400000113993883E-002  1.109773512316788E-002
  2.500000118743628E-002  1.123356730921075E-002
  2.600000123493373E-002  1.137194236807572E-002
  2.700000128243119E-002  1.151292485005791E-002
  2.800000132992864E-002  1.165658138439943E-002
  2.900000137742609E-002  1.180298076073047E-002
  3.000000142492354E-002  1.195219401428021E-002
  3.100000147242099E-002  1.210429451505932E-002
  3.200000151991844E-002  1.225935806122836E-002
  3.300000156741589E-002  1.241746297687948E-002
  3.400000161491334E-002  1.257869021447290E-002
  3.500000166241080E-002  1.274312346218464E-002
  3.600000170990825E-002  1.291084925643829E-002
  3.700000175740570E-002  1.308195709991065E-002
  3.800000180490315E-002  1.325653958531975E-002
  3.900000185240060E-002  1.343469252532339E-002
  4.000000189989805E-002  1.361651508887786E-002
  4.100000194739550E-002  1.380210994442907E-002
  4.200000199489295E-002  1.399158341033306E-002
  4.300000204239041E-002  1.418504561292889E-002
  4.400000208988786E-002  1.438261065271567E-002
  4.500000213738531E-002  1.458439677911538E-002
  4.600000218488276E-002  1.479052657433639E-002
  4.700000223238021E-002  1.500112714688758E-002
  4.800000227987766E-002  1.521633033533110E-002
  4.900000232737511E-002  1.543627292290289E-002
  5.000000237487257E-002  1.566109686367419E-002
  5.100000242237002E-002  1.589094952097523E-002
  5.200000246986747E-002  1.612598391885381E-002
  5.300000251736492E-002  1.636635900739747E-002
  5.400000256486237E-002  1.661223994280833E-002
  5.500000261235982E-002  1.686379838318516E-002
  5.600000265985727E-002  1.712121280103833E-002
  5.700000270735472E-002  1.738466881364018E-002
  5.800000275485218E-002  1.765435953239702E-002
  5.900000280234963E-002  1.793048593251994E-002
  6.000000284984708E-002  1.821325724437031E-002
  6.100000289734453E-002  1.850289136796370E-002
  6.200000294484198E-002  1.879961531223302E-002
  6.300000299233943E-002  1.910366566078000E-002
  6.400000303983688E-002  1.941528906598356E-002
  6.500000308733433E-002  1.973474277348695E-002
  6.600000313483179E-002  2.006229517925232E-002
  6.700000318232924E-002  2.039822642155534E-002
  6.800000322982669E-002  2.074282901049328E-002
  6.900000327732414E-002  2.109640849780154E-002
  7.000000332482159E-002  2.145928419001637E-002
  7.100000337231904E-002  2.183178990829042E-002
  7.200000341981649E-002  2.221427479846291E-002
  7.300000346731395E-002  2.260710419531364E-002
  7.400000351481140E-002  2.301066054529208E-002
  7.500000356230885E-002  2.342534439241422E-002
  7.600000360980630E-002  2.385157543246581E-002
  7.700000365730375E-002  2.428979364114698E-002
  7.800000370480120E-002  2.474046048234685E-002
  7.900000375229865E-002  2.520406020335454E-002
  8.000000379979610E-002  2.568110122450538E-002
  8.100000384729356E-002  2.617211763153638E-002
  8.200000389479101E-002  2.667767077979720E-002
  8.300000394228846E-002  2.719835102044355E-002
  8.400000398978591E-002  2.773477955984543E-002
  8.500000403728336E-002  2.828761046469128E-002
  8.600000408478081E-002  2.885753282667880E-002
  8.700000413227826E-002  2.944527310227729E-002
  8.800000417977571E-002  3.005159764484708E-002
  8.900000422727317E-002  3.067731544843316E-002
  9.000000427477062E-002  3.132328112483442E-002
  9.100000432226807E-002  3.199039813810391E-002
  9.200000436976552E-002  3.267962232346618E-002
  9.300000441726297E-002  3.339196572072741E-002
  9.400000446476042E-002  3.412850075555114E-002
  9.500000451225787E-002  3.489036480535495E-002
  9.600000455975533E-002  3.567876518982173E-002
  9.700000460725278E-002  3.649498462870469E-002
  9.800000465475023E-002  3.734038721103456E-002
  9.900000470224768E-002  3.821642491885086E-002
  0.100000004749745       3.912464474328683E-002
  0.101000004797243       4.006669641823107E-002
  0.102000004844740       4.104434077216101E-002
  0.103000004892237       4.205945865487935E-002
  0.104000004939735       4.311406032203437E-002
  0.105000004987232       4.421029504104768E-002
  0.106000005034730       4.535046049660733E-002
  0.107000005082227       4.653701129704896E-002
  0.108000005129725       4.777256549097957E-002
  0.109000005177222       4.905990749062984E-002
  0.110000005224720       5.040198521499977E-002
  0.111000005272217       5.180189879338430E-002
  0.112000005319715       5.326287824498181E-002
  0.113000005367212       5.478824901725019E-002
  0.114000005414709       5.638138843236663E-002
  0.115000005462207       5.804568434901019E-002
  0.116000005509704       5.978451978143545E-002
  0.117000005557202       6.160131989481958E-002
  0.118000005604699       6.349970018515540E-002
  0.119000005652197       6.548373213020874E-002
  0.120000005699694       6.755828967805598E-002
  0.121000005747192       6.972937874684104E-002
  0.122000005794689       7.200433072196999E-002
  0.123000005842187       7.439179364220486E-002
  0.124000005889684       7.690155526216305E-002
  0.125000005937181       7.954430855926604E-002
  0.126000005984679       8.233147423520586E-002
  0.127000006032176       8.527514201075119E-002
  0.128000006079674       8.838813247616807E-002
  0.129000006127171       9.168414760148585E-002
  0.130000006174669       9.517797336448912E-002
  0.131000006222166       9.888570886527040E-002
  0.132000006269664       0.102825010012222     
  0.133000006317161       0.107015346275307     
  0.134000006364658       0.111478275135963     
  0.135000006412156       0.116237741892591     
  0.136000006459653       0.121320413849288     
  0.137000006507151       0.126756058666276     
  0.138000006554648       0.132577977378923     
  0.139000006602146       0.138823503587060     
  0.140000006649643       0.145534581697722     
  0.141000006697141       0.152758438913052     
  0.142000006744638       0.160548367895883     
  0.143000006792136       0.168964639700658     
  0.144000006839633       0.178075569578612     
  0.145000006887130       0.187958761549528     
  0.146000006934628       0.198702560972986     
  0.147000006982125       0.210407747369936     
  0.148000007029623       0.223189501768816     
  0.149000007077120       0.237179682728782     
  0.150000007124618       0.252529441005440     
  0.151000007172115       0.269412191426207     
  0.152000007219613       0.288026936863061     
  0.153000007267110       0.308601895178334     
  0.154000007314608       0.331398303083585     
  0.155000007362105       0.356714141659025     
  0.156000007409602       0.384887317842501     
  0.157000007457100       0.416297502494574     
  0.158000007504597       0.451365310888432     
  0.159000007552095       0.490546743039480     
  0.160000007599592       0.534319703558405     
  0.161000007647090       0.583157952785461     
  0.162000007694587       0.637486087932399     
  0.163000007742085       0.697607513227446     
  0.164000007789582       0.763596870293375     
  0.165000007837079       0.835151190335251     
  0.166000007884577       0.911403624454857     
  0.167000007932074       0.990724311517928     
  0.168000007979572        1.07056672056757     
  0.169000008027069        1.14745722030866     
  0.170000008074567        1.21724509256616     
  0.171000008122064        1.27568722882116     
  0.172000008169562        1.31930675333970     
  0.173000008217059        1.34627691775121     
  0.174000008264557        1.35696996216455     
  0.175000008312054        1.35390456974095     
  0.176000008359551        1.34110329442986     
  0.177000008407049        1.32314068102940     
  0.178000008454546        1.30424165372540     
  0.179000008502044        1.28767416400159     
  0.180000008549541        1.27550464446692     
  0.181000008597039        1.26866708210738     
  0.182000008644536        1.26725623484884     
  0.183000008692034        1.27094762662635     
  0.184000008739531        1.27943145635512     
  0.185000008787028        1.29273006282221     
  0.186000008834526        1.31128752780682     
  0.187000008882023        1.33579416954664     
  0.188000008929521        1.36680280585256     
  0.189000008977018        1.40425054651136     
  0.190000009024516        1.44700214178542     
  0.191000009072013        1.49251325670031     
  0.192000009119511        1.53671429226759     
  0.193000009167008        1.57423413723440     
  0.194000009214506        1.59906414644108     
  0.195000009262003        1.60564027205922     
  0.196000009309500        1.59009687026773     
  0.197000009356998        1.55124747657303     
  0.198000009404495        1.49086824971234     
  0.199000009451993        1.41315955623293     
  0.200000009499490        1.32365190362166     
  0.201000009546988        1.22802506717984     
  0.202000009594485        1.13122416460542     
  0.203000009641983        1.03701687562521     
  0.204000009689480       0.947929822482440     
  0.205000009736978       0.865414677168258     
  0.206000009784475       0.790103951410821     
  0.207000009831972       0.722065637013364     
  0.208000009879470       0.661014018291935     
  0.209000009926967       0.606465869953137     
  0.210000009974465       0.557847266807936     
  0.211000010021962       0.514561788703924     
  0.212000010069460       0.476031084678234     
  0.213000010116957       0.441716837632067     
  0.214000010164455       0.411130834519715     
  0.215000010211952       0.383837797287505     
  0.216000010259449       0.359454058889899     
  0.217000010306947       0.337644052056952     
  0.218000010354444       0.318115822344743     
  0.219000010401942       0.300616282614246     
  0.220000010449439       0.284926611917428     
  0.221000010496937       0.270858007367118     
  0.222000010544434       0.258247880718871     
  0.223000010591932       0.246956523721257     
  0.224000010639429       0.236864229209225     
  0.225000010686927       0.227868836484893     
  0.226000010734424       0.219883662207149     
  0.227000010781921       0.212835777101214     
  0.228000010829419       0.206664591428863     
  0.229000010876916       0.201320716606948     
  0.230000010924414       0.196765075620793     
  0.231000010971911       0.192968240384751     
  0.232000011019409       0.189909979650890     
  0.233000011066906       0.187579006300179     
  0.234000011114404       0.185972917774949     
  0.235000011161901       0.185098327935075     
  0.236000011209399       0.184971192593260     
  0.237000011256896       0.185617334128073     
  0.238000011304393       0.187073172381201     
  0.239000011351891       0.189386668640513     
  0.240000011399388       0.192618485422614     
  0.241000011446886       0.196843354597201     
  0.242000011494383       0.202151626300544     
  0.243000011541881       0.208650935038118     
  0.244000011589378       0.216467858099562     
  0.245000011636876       0.225749340976449     
  0.246000011684373       0.236663504686367     
  0.247000011731870       0.249399202970092     
  0.248000011779368       0.264163328276585     
  0.249000011826865       0.281174337731078     
  0.250000011874363       0.300649763541321     
  0.251000011921860       0.322784625181805     
  0.252000011969358       0.347716857906142     
  0.253000012016855       0.375475594060189     
  0.254000012064353       0.405909354919876     
  0.255000012111850       0.438595522327470     
  0.256000012159348       0.472741744624320     
  0.257000012206845       0.507104924355213     
  0.258000012254342       0.539970654196938     
  0.259000012301840       0.569244312833031     
  0.260000012349337       0.592687227975948     
  0.261000012396835       0.608277020761329     
  0.262000012444332       0.614598065293096     
  0.263000012491830       0.611125053633806     
  0.264000012539327       0.598293553025331     
  0.265000012586825       0.577345102087141     
  0.266000012634322       0.550027851582468     
  0.267000012681819       0.518270516168629     
  0.268000012729317       0.483920985345795     
  0.269000012776814       0.448584929238544     
  0.270000012824312       0.413553207652415     
  0.271000012871809       0.379788805070289     
  0.272000012919307       0.347948340964441     
  0.273000012966804       0.318423265703568     
  0.274000013014302       0.291391520175178     
  0.275000013061799       0.266871943220609     
  0.276000013109297       0.244774769084989     
  0.277000013156794       0.224943781169144     
  0.278000013204291       0.207188413377273     
  0.279000013251789       0.191306258096418     
  0.280000013299286       0.177097620478117     
  0.281000013346784       0.164374095298003     
  0.282000013394281       0.152962978549900     
  0.283000013441779       0.142708958591331     
  0.284000013489276       0.133474141271199     
  0.285000013536774       0.125137131311605     
  0.286000013584271       0.117591640085061     
  0.287000013631769       0.110744911683009     
  0.288000013679266       0.104516139304956     
  0.289000013726763       9.883496649785029E-002
  0.290000013774261       9.364011940540153E-002
  0.291000013821758       8.887818709553597E-002
  0.292000013869256       8.450255032530241E-002
  0.293000013916753       8.047245013887738E-002
  0.294000013964251       7.675218344545864E-002
  0.295000014011748       7.331041125371403E-002
  0.296000014059246       7.011956533571173E-002
  0.297000014106743       6.715534001193514E-002
  0.298000014154240       6.439625704416055E-002
  0.299000014201738       6.182329303554455E-002
  0.300000014249235       5.941956012342429E-002
  0.301000014296733       5.717003203622087E-002
  0.302000014344230       5.506130873907217E-002
  0.303000014391728       5.308141390485763E-002
  0.304000014439225       5.121962032259521E-002
  0.305000014486723       4.946629910480119E-002
  0.306000014534220       4.781278919302419E-002
  0.307000014581718       4.625128420064379E-002
  0.308000014629215       4.477473408777259E-002
  0.309000014676712       4.337675954712158E-002
  0.310000014724210       4.205157730295850E-002
  0.311000014771707       4.079393479733653E-002
  0.312000014819205       3.959905296676058E-002
  0.313000014866702       3.846257600532114E-002
  0.314000014914200       3.738052717290934E-002
  0.315000014961697       3.634926984434213E-002
  0.316000015009195       3.536547311118562E-002
  0.317000015056692       3.442608134620444E-002
  0.318000015104190       3.352828722355655E-002
  0.319000015151687       3.266950775848822E-002
  0.320000015199184       3.184736299036348E-002
  0.321000015246682       3.105965698405283E-002
  0.322000015294179       3.030436086840130E-002
  0.323000015341677       2.957959766786133E-002
  0.324000015389174       2.888362871538629E-002
  0.325000015436672       2.821484146215392E-002
  0.326000015484169       2.757173852331053E-002
  0.327000015531667       2.695292781927472E-002
  0.328000015579164       2.635711368969677E-002
  0.329000015626661       2.578308887234919E-002
  0.330000015674159       2.522972725236713E-002
  0.331000015721656       2.469597729866041E-002
  0.332000015769154       2.418085611422700E-002
  0.333000015816651       2.368344403572262E-002
  0.334000015864149       2.320287972516093E-002
  0.335000015911646       2.273835570318617E-002
  0.336000015959144       2.228911427910436E-002
  0.337000016006641       2.185444383789276E-002
  0.338000016054139       2.143367544882302E-002
  0.339000016101636       2.102617976421507E-002
  0.340000016149133       2.063136418025488E-002
  0.341000016196631       2.024867023482005E-002
  0.342000016244128       1.987757121991565E-002
  0.343000016291626       1.951756998867193E-002
  0.344000016339123       1.916819693893601E-002
  0.345000016386621       1.882900815733299E-002
  0.346000016434118       1.849958370930881E-002
  0.347000016481616       1.817952606212202E-002
  0.348000016529113       1.786845862904563E-002
  0.349000016576611       1.756602442419461E-002
  0.350000016624108       1.727188481842320E-002
  0.351000016671605       1.698571838765623E-002
  0.352000016719103       1.670721984584059E-002
  0.353000016766600       1.643609905543966E-002
  0.354000016814098       1.617208010905359E-002
  0.355000016861595       1.591490047634089E-002
  0.356000016909093       1.566431021094911E-002
  0.357000016956590       1.542007121264133E-002
  0.358000017004088       1.518195654023638E-002
  0.359000017051585       1.494974977136962E-002
  0.360000017099082       1.472324440543156E-002
  0.361000017146580       1.450224330635884E-002
  0.362000017194077       1.428655818223825E-002
  0.363000017241575       1.407600909894428E-002
  0.364000017289072       1.387042402526492E-002
  0.365000017336570       1.366963840718437E-002
  0.366000017384067       1.347349476918388E-002
  0.367000017431565       1.328184234059837E-002
  0.368000017479062       1.309453670522567E-002
  0.369000017526560       1.291143947253115E-002
  0.370000017574057       1.273241796892257E-002
  0.371000017621554       1.255734494769120E-002
  0.372000017669052       1.238609831632510E-002
  0.373000017716549       1.221856088000137E-002
  0.374000017764047       1.205462010015617E-002
  0.375000017811544       1.189416786711540E-002
  0.376000017859042       1.173710028584611E-002
  0.377000017906539       1.158331747395913E-002
  0.378000017954037       1.143272337115856E-002
  0.379000018001534       1.128522555939255E-002
  0.380000018049031       1.114073509301507E-002
  0.381000018096529       1.099916633831786E-002
  0.382000018144026       1.086043682183834E-002
  0.383000018191524       1.072446708689145E-002
  0.384000018239021       1.059118055781250E-002
  0.385000018286519       1.046050341143423E-002
  0.386000018334016       1.033236445535433E-002
  0.387000018381514       1.020669501258048E-002
  0.388000018429011       1.008342881216821E-002
  0.389000018476509       9.962501885492954E-003
  0.390000018524006       9.843852467821998E-003
  0.391000018571503       9.727420904874365E-003
  0.392000018619001       9.613149564077210E-003
  0.393000018666498       9.500982750246783E-003
  0.394000018713996       9.390866625439578E-003
  0.395000018761493       9.282749132735862E-003
  0.396000018808991       9.176579923733054E-003
  0.397000018856488       9.072310289540751E-003
  0.398000018903986       8.969893095082181E-003
  0.399000018951483       8.869282716519367E-003
  0.400000018998981       8.770434981630574E-003
  0.401000019046478       8.673307112979244E-003
  0.402000019093975       8.577857673723606E-003
  0.403000019141473       8.484046515925193E-003
  0.404000019188970       8.391834731223312E-003
  0.405000019236468       8.301184603750306E-003
  0.406000019283965       8.212059565170104E-003
  0.407000019331463       8.124424151729351E-003
  0.408000019378960       8.038243963217161E-003
  0.409000019426458       7.953485623735369E-003
  0.410000019473955       7.870116744187023E-003
  0.411000019521452       7.788105886396156E-003
  0.412000019568950       7.707422528776812E-003
  0.413000019616447       7.628037033473993E-003
  0.414000019663945       7.549920614903570E-003
  0.415000019711442       7.473045309622288E-003
  0.416000019758940       7.397383947462857E-003
  0.417000019806437       7.322910123872657E-003
  0.418000019853935       7.249598173398055E-003
  0.419000019901432       7.177423144259400E-003
  0.420000019948930       7.106360773964868E-003
  0.421000019996427       7.036387465913999E-003
  0.422000020043924       6.967480266944457E-003
  0.423000020091422       6.899616845778056E-003
  0.424000020138919       6.832775472324335E-003
  0.425000020186417       6.766934997802213E-003
  0.426000020233914       6.702074835642327E-003
  0.427000020281412       6.638174943134525E-003
  0.428000020328909       6.575215803786901E-003
  0.429000020376407       6.513178410364419E-003
  0.430000020423904       6.452044248576838E-003
  0.431000020471402       6.391795281387149E-003
  0.432000020518899       6.332413933913219E-003
  0.433000020566396       6.273883078896649E-003
  0.434000020613894       6.216186022714237E-003
  0.435000020661391       6.159306491908499E-003
  0.436000020708889       6.103228620215034E-003
  0.437000020756386       6.047936936065472E-003
  0.438000020803884       5.993416350545807E-003
  0.439000020851381       5.939652145790945E-003
  0.440000020898879       5.886629963797118E-003
  0.441000020946376       5.834335795634784E-003
  0.442000020993873       5.782755971045380E-003
  0.443000021041371       5.731877148406143E-003
  0.444000021088868       5.681686305047888E-003
  0.445000021136366       5.632170727911391E-003
  0.446000021183863       5.583318004528649E-003
  0.447000021231361       5.535116014315934E-003
  0.448000021278858       5.487552920166192E-003
  0.449000021326356       5.440617160328809E-003
  0.450000021373853       5.394297440565432E-003
  0.451000021421351       5.348582726570924E-003
  0.452000021468848       5.303462236649124E-003
  0.453000021516345       5.258925434633442E-003
  0.454000021563843       5.214962023042859E-003
  0.455000021611340       5.171561936464232E-003
  0.456000021658838       5.128715335152245E-003
  0.457000021706335       5.086412598838745E-003
  0.458000021753833       5.044644320743481E-003
  0.459000021801330       5.003401301778712E-003
  0.460000021848828       4.962674544940363E-003
  0.461000021896325       4.922455249878829E-003
  0.462000021943823       4.882734807642730E-003
  0.463000021991320       4.843504795589236E-003
  0.464000022038817       4.804756972454877E-003
  0.465000022086315       4.766483273580948E-003
  0.466000022133812       4.728675806287917E-003
  0.467000022181310       4.691326845393448E-003
  0.468000022228807       4.654428828868856E-003
  0.469000022276305       4.617974353629078E-003
  0.470000022323802       4.581956171451386E-003
  0.471000022371300       4.546367185018282E-003
  0.472000022418797       4.511200444080213E-003
  0.473000022466294       4.476449141733906E-003
  0.474000022513792       4.442106610812277E-003
  0.475000022561289       4.408166320382046E-003
  0.476000022608787       4.374621872345361E-003
  0.477000022656284       4.341466998141817E-003
  0.478000022703782       4.308695555547463E-003
  0.479000022751279       4.276301525567500E-003
  0.480000022798777       4.244279009419472E-003
  0.481000022846274       4.212622225603924E-003
  0.482000022893772       4.181325507059571E-003
  0.483000022941269       4.150383298400189E-003
  0.484000022988766       4.119790153230459E-003
  0.485000023036264       4.089540731538215E-003
  0.486000023083761       4.059629797160526E-003
  0.487000023131259       4.030052215321231E-003
  0.488000023178756       4.000802950237571E-003
  0.489000023226254       3.971877062793687E-003
  0.490000023273751       3.943269708278828E-003
  0.491000023321249       3.914976134188163E-003
  0.492000023368746       3.886991678084222E-003
  0.493000023416243       3.859311765517016E-003
  0.494000023463741       3.831931908000967E-003
  0.495000023511238       3.804847701046877E-003
  0.496000023558736       3.778054822247178E-003
  0.497000023606233       3.751549029412814E-003
  0.498000023653731       3.725326158760124E-003
  0.499000023701228       3.699382123146207E-003
  0.500000023748726       3.673712910351230E-003
  0.501000023796223       3.648314581406270E-003
  0.502000023843721       3.623183268965266E-003
  0.503000023891218       3.598315175719760E-003
  0.504000023938715       3.573706572855105E-003
  0.505000023986213       3.549353798546904E-003
  0.506000024033710       3.525253256496459E-003
  0.507000024081208       3.501401414504053E-003
  0.508000024128705       3.477794803078953E-003
  0.509000024176203       3.454430014085029E-003
  0.510000024223700       3.431303699420930E-003
  0.511000024271198       3.408412569733815E-003
  0.512000024318695       3.385753393165636E-003
  0.513000024366193       3.363322994131026E-003
  0.514000024413690       3.341118252125884E-003
  0.515000024461187       3.319136100565735E-003
  0.516000024508685       3.297373525653046E-003
  0.517000024556182       3.275827565272627E-003
  0.518000024603680       3.254495307914339E-003
  0.519000024651177       3.233373891622307E-003
  0.520000024698675       3.212460502969910E-003
  0.521000024746172       3.191752376059792E-003
  0.522000024793670       3.171246791548198E-003
  0.523000024841167       3.150941075692966E-003
  0.524000024888664       3.130832599424490E-003
  0.525000024936162       3.110918777439022E-003
  0.526000024983659       3.091197067313698E-003
  0.527000025031157       3.071664968642688E-003
  0.528000025078654       3.052320022193867E-003
  0.529000025126152       3.033159809085478E-003
  0.530000025173649       3.014181949982209E-003
  0.531000025221147       2.995384104310166E-003
  0.532000025268644       2.976763969490246E-003
  0.533000025316142       2.958319280189380E-003
  0.534000025363639       2.940047807589192E-003
  0.535000025411136       2.921947358671591E-003
  0.536000025458634       2.904015775520851E-003
  0.537000025506131       2.886250934641739E-003
  0.538000025553629       2.868650746293265E-003
  0.539000025601126       2.851213153837625E-003
  0.540000025648624       2.833936133103977E-003
  0.541000025696121       2.816817691766609E-003
  0.542000025743619       2.799855868737166E-003
  0.543000025791116       2.783048733570542E-003
  0.544000025838614       2.766394385884101E-003
  0.545000025886111       2.749890954789864E-003
  0.546000025933608       2.733536598339340E-003
  0.547000025981106       2.717329502980682E-003
  0.548000026028603       2.701267883027830E-003
  0.549000026076101       2.685349980141361E-003
  0.550000026123598       2.669574062820730E-003
  0.551000026171096       2.653938425907618E-003
  0.552000026218593       2.638441390100120E-003
  0.553000026266091       2.623081301477477E-003
  0.554000026313588       2.607856531035103E-003
  0.555000026361085       2.592765474229655E-003
  0.556000026408583       2.577806550533876E-003
  0.557000026456080       2.562978203000987E-003
  0.558000026503578       2.548278897838385E-003
  0.559000026551075       2.533707123990420E-003
  0.560000026598573       2.519261392730015E-003
  0.561000026646070       2.504940237258942E-003
  0.562000026693568       2.490742212316509E-003
  0.563000026741065       2.476665893796475E-003
  0.564000026788563       2.462709878371994E-003
  0.565000026836060       2.448872783128376E-003
  0.566000026883557       2.435153245203498E-003
  0.567000026931055       2.421549921435668E-003
  0.568000026978552       2.408061488018772E-003
  0.569000027026050       2.394686640164527E-003
  0.570000027073547       2.381424091771664E-003
  0.571000027121045       2.368272575101890E-003
  0.572000027168542       2.355230840462465E-003
  0.573000027216040       2.342297655895232E-003
  0.574000027263537       2.329471806871958E-003
  0.575000027311035       2.316752095995820E-003
  0.576000027358532       2.304137342708929E-003
  0.577000027406029       2.291626383005713E-003
  0.578000027453527       2.279218069152042E-003
  0.579000027501024       2.266911269409966E-003
  0.580000027548522       2.254704867767924E-003
  0.581000027596019       2.242597763676314E-003
  0.582000027643517       2.230588871788286E-003
  0.583000027691014       2.218677121705649E-003
  0.584000027738512       2.206861457729774E-003
  0.585000027786009       2.195140838617378E-003
  0.586000027833506       2.183514237341081E-003
  0.587000027881004       2.171980640854621E-003
  0.588000027928501       2.160539049862640E-003
  0.589000027975999       2.149188478594923E-003
  0.590000028023496       2.137927954584984E-003
  0.591000028070994       2.126756518452938E-003
  0.592000028118491       2.115673223692514E-003
  0.593000028165989       2.104677136462158E-003
  0.594000028213486       2.093767335380122E-003
  0.595000028260984       2.082942911323442E-003
  0.596000028308481       2.072202967230733E-003
  0.597000028355978       2.061546617908716E-003
  0.598000028403476       2.050972989842387E-003
  0.599000028450973       2.040481221008756E-003
  0.600000028498471       2.030070460694084E-003
  0.601000028545968       2.019739869314528E-003
  0.602000028593466       2.009488618240131E-003
  0.603000028640963       1.999315889622084E-003
  0.604000028688461       1.989220876223193E-003
  0.605000028735958       1.979202781251467E-003
  0.606000028783455       1.969260818196786E-003
  0.607000028830953       1.959394210670560E-003
  0.608000028878450       1.949602192248330E-003
  0.609000028925948       1.939884006315246E-003
  0.610000028973445       1.930238905914356E-003
  0.611000029020943       1.920666153597652E-003
  0.612000029068440       1.911165021279822E-003
  0.613000029115938       1.901734790094629E-003
  0.614000029163435       1.892374750253898E-003
  0.615000029210933       1.883084200909016E-003
  0.616000029258430       1.873862450014929E-003
  0.617000029305927       1.864708814196562E-003
  0.618000029353425       1.855622618617619E-003
  0.619000029400922       1.846603196851716E-003
  0.620000029448420       1.837649890755803E-003
  0.621000029495917       1.828762050345814E-003
  0.622000029543415       1.819939033674511E-003
  0.623000029590912       1.811180206711488E-003
  0.624000029638410       1.802484943225255E-003
  0.625000029685907       1.793852624667407E-003
  0.626000029733405       1.785282640058801E-003
  0.627000029780902       1.776774385877714E-003
  0.628000029828399       1.768327265949941E-003
  0.629000029875897       1.759940691340798E-003
  0.630000029923394       1.751614080248984E-003
  0.631000029970892       1.743346857902274E-003
  0.632000030018389       1.735138456454993E-003
  0.633000030065887       1.726988314887260E-003
  0.634000030113384       1.718895878905940E-003
  0.635000030160882       1.710860600847285E-003
  0.636000030208379       1.702881939581236E-003
  0.637000030255876       1.694959360417335E-003
  0.638000030303374       1.687092335012241E-003
  0.639000030350871       1.679280341278786E-003
  0.640000030398369       1.671522863296582E-003
  0.641000030445866       1.663819391224105E-003
  0.642000030493364       1.656169421212271E-003
  0.643000030540861       1.648572455319435E-003
  0.644000030588359       1.641028001427815E-003
  0.645000030635856       1.633535573161303E-003
  0.646000030683354       1.626094689804630E-003
  0.647000030730851       1.618704876223878E-003
  0.648000030778348       1.611365662788287E-003
  0.649000030825846       1.604076585293359E-003
  0.650000030873343       1.596837184885216E-003
  0.651000030920841       1.589647007986198E-003
  0.652000030968338       1.582505606221672E-003
  0.653000031015836       1.575412536348033E-003
  0.654000031063333       1.568367360181875E-003
  0.655000031110831       1.561369644530307E-003
  0.656000031158328       1.554418961122395E-003
  0.657000031205826       1.547514886541709E-003
  0.658000031253323       1.540657002159951E-003
  0.659000031300820       1.533844894071656E-003
  0.660000031348318       1.527078153029925E-003
  0.661000031395815       1.520356374383192E-003
  0.662000031443313       1.513679158012998E-003
  0.663000031490810       1.507046108272747E-003
  0.664000031538308       1.500456833927435E-003
  0.665000031585805       1.493910948094336E-003
  0.666000031633303       1.487408068184615E-003
  0.667000031680800       1.480947815845866E-003
  0.668000031728297       1.474529816905545E-003
  0.669000031775795       1.468153701315300E-003
  0.670000031823292       1.461819103096155E-003
  0.671000031870790       1.455525660284561E-003
  0.672000031918287       1.449273014879277E-003
  0.673000031965785       1.443060812789081E-003
  0.674000032013282       1.436888703781284E-003
  0.675000032060780       1.430756341431044E-003
  0.676000032108277       1.424663383071457E-003
  0.677000032155775       1.418609489744418E-003
  0.678000032203272       1.412594326152229E-003
  0.679000032250769       1.406617560609952E-003
  0.680000032298267       1.400678864998494E-003
  0.681000032345764       1.394777914718391E-003
  0.682000032393262       1.388914388644309E-003
  0.683000032440759       1.383087969080226E-003
  0.684000032488257       1.377298341715296E-003
  0.685000032535754       1.371545195580374E-003
  0.686000032583252       1.365828223005199E-003
  0.687000032630749       1.360147119576218E-003
  0.688000032678246       1.354501584095046E-003
  0.689000032725744       1.348891318537539E-003
  0.690000032773241       1.343316028013485E-003
  0.691000032820739       1.337775420726888E-003
  0.692000032868236       1.332269207936853E-003
  0.693000032915734       1.326797103919034E-003
  0.694000032963231       1.321358825927666E-003
  0.695000033010729       1.315954094158150E-003
  0.696000033058226       1.310582631710190E-003
  0.697000033105724       1.305244164551475E-003
  0.698000033153221       1.299938421481883E-003
  0.699000033200718       1.294665134098221E-003
  0.700000033248216       1.289424036759473E-003
  0.701000033295713       1.284214866552547E-003
  0.702000033343211       1.279037363258538E-003
  0.703000033390708       1.273891269319457E-003
  0.704000033438206       1.268776329805461E-003
  0.705000033485703       1.263692292382543E-003
  0.706000033533201       1.258638907280695E-003
  0.707000033580698       1.253615927262521E-003
  0.708000033628196       1.248623107592305E-003
  0.709000033675693       1.243660206005525E-003
  0.710000033723190       1.238726982678790E-003
  0.711000033770688       1.233823200200222E-003
  0.712000033818185       1.228948623540241E-003
  0.713000033865683       1.224103020022778E-003
  0.714000033913180       1.219286159296889E-003
  0.715000033960678       1.214497813308776E-003
  0.716000034008175       1.209737756274189E-003
  0.717000034055673       1.205005764651236E-003
  0.718000034103170       1.200301617113554E-003
  0.719000034150667       1.195625094523872E-003
  0.720000034198165       1.190975979907932E-003
  0.721000034245662       1.186354058428783E-003
  0.722000034293160       1.181759117361425E-003
  0.723000034340657       1.177190946067813E-003
  0.724000034388155       1.172649335972197E-003
  0.725000034435652       1.168134080536812E-003
  0.726000034483150       1.163644975237904E-003
  0.727000034530647       1.159181817542076E-003
  0.728000034578145       1.154744406882972E-003
  0.729000034625642       1.150332544638273E-003
  0.730000034673139       1.145946034107008E-003
  0.731000034720637       1.141584680487178E-003
  0.732000034768134       1.137248290853687E-003
  0.733000034815632       1.132936674136564E-003
  0.734000034863129       1.128649641099492E-003
  0.735000034910627       1.124387004318622E-003
  0.736000034958124       1.120148578161671E-003
  0.737000035005622       1.115934178767311E-003
  0.738000035053119       1.111743624024826E-003
  0.739000035100617       1.107576733554046E-003
  0.740000035148114       1.103433328685557E-003
  0.741000035195611       1.099313232441162E-003
  0.742000035243109       1.095216269514616E-003
  0.743000035290606       1.091142266252611E-003
  0.744000035338104       1.087091050636016E-003
  0.745000035385601       1.083062452261368E-003
  0.746000035433099       1.079056302322603E-003
  0.747000035480596       1.075072433593034E-003
  0.748000035528094       1.071110680407568E-003
  0.749000035575591       1.067170878645150E-003
  0.750000035623088       1.063252865711443E-003
  0.751000035670586       1.059356480521740E-003
  0.752000035718083       1.055481563484089E-003
  0.753000035765581       1.051627956482645E-003
  0.754000035813078       1.047795502861244E-003
  0.755000035860576       1.043984047407179E-003
  0.756000035908073       1.040193436335199E-003
  0.757000035955571       1.036423517271705E-003
  0.758000036003068       1.032674139239160E-003
  0.759000036050566       1.028945152640698E-003
  0.760000036098063       1.025236409244922E-003
  0.761000036145560       1.021547762170916E-003
  0.762000036193058       1.017879065873430E-003
  0.763000036240555       1.014230176128272E-003
  0.764000036288053       1.010600950017875E-003
  0.765000036335550       1.006991245917055E-003
  0.766000036383048       1.003400923478945E-003
  0.767000036430545       9.998298436211181E-004
  0.768000036478043       9.962778685118736E-004
  0.769000036525540       9.927448615567078E-004
  0.770000036573038       9.892306873849519E-004
  0.771000036620535       9.857352118365775E-004
  0.772000036668032       9.822583019491711E-004
  0.773000036715530       9.787998259450713E-004
  0.774000036763027       9.753596532186666E-004
  0.775000036810525       9.719376543238556E-004
  0.776000036858022       9.685337009616605E-004
  0.777000036905520       9.651476659679985E-004
  0.778000036953017       9.617794233016028E-004
  0.779000037000515       9.584288480320976E-004
  0.780000037048012       9.550958163282156E-004
  0.781000037095509       9.517802054461700E-004
  0.782000037143007       9.484818937181609E-004
  0.783000037190504       9.452007605410318E-004
  0.784000037238002       9.419366863650619E-004
  0.785000037285499       9.386895526828954E-004
  0.786000037332997       9.354592420186110E-004
  0.787000037380494       9.322456379169226E-004
  0.788000037427992       9.290486249325115E-004
  0.789000037475489       9.258680886194920E-004
  0.790000037522987       9.227039155210024E-004
  0.791000037570484       9.195559931589256E-004
  0.792000037617981       9.164242100237321E-004
  0.793000037665479       9.133084555644470E-004
  0.794000037712976       9.102086201787416E-004
  0.795000037760474       9.071245952031392E-004
  0.796000037807971       9.040562729033437E-004
  0.797000037855469       9.010035464646828E-004
  0.798000037902966       8.979663099826664E-004
  0.799000037950464       8.949444584536586E-004
  0.800000037997961       8.919378877656611E-004
  0.801000038045458       8.889464946892079E-004
  0.802000038092956       8.859701768683670E-004
  0.803000038140453       8.830088328118504E-004
  0.804000038187951       8.800623618842313E-004
  0.805000038235448       8.771306642972619E-004
  0.806000038282946       8.742136411012979E-004
  0.807000038330443       8.713111941768233E-004
  0.808000038377941       8.684232262260747E-004
  0.809000038425438       8.655496407647639E-004
  0.810000038472936       8.626903421139010E-004
  0.811000038520433       8.598452353917095E-004
  0.812000038567930       8.570142265056395E-004
  0.813000038615428       8.541972221444729E-004
  0.814000038662925       8.513941297705225E-004
  0.815000038710423       8.486048576119181E-004
  0.816000038757920       8.458293146549895E-004
  0.817000038805418       8.430674106367309E-004
  0.818000038852915       8.403190560373568E-004
  0.819000038900413       8.375841620729443E-004
  0.820000038947910       8.348626406881587E-004
  0.821000038995408       8.321544045490648E-004
  0.822000039042905       8.294593670360198E-004
  0.823000039090402       8.267774422366493E-004
  0.824000039137900       8.241085449389037E-004
  0.825000039185397       8.214525906241938E-004
  0.826000039232895       8.188094954606046E-004
  0.827000039280392       8.161791762961888E-004
  0.828000039327890       8.135615506523348E-004
  0.829000039375387       8.109565367172108E-004
  0.830000039422885       8.083640533392852E-004
  0.831000039470382       8.057840200209176E-004
  0.832000039517879       8.032163569120246E-004
  0.833000039565377       8.006609848038179E-004
  0.834000039612874       7.981178251226109E-004
  0.835000039660372       7.955867999236968E-004
  0.836000039707869       7.930678318852955E-004
  0.837000039755367       7.905608443025688E-004
  0.838000039802864       7.880657610817014E-004
  0.839000039850362       7.855825067340506E-004
  0.840000039897859       7.831110063703599E-004
  0.841000039945357       7.806511856950369E-004
  0.842000039992854       7.782029710004960E-004
  0.843000040040351       7.757662891615646E-004
  0.844000040087849       7.733410676299502E-004
  0.845000040135346       7.709272344287693E-004
  0.846000040182844       7.685247181471375E-004
  0.847000040230341       7.661334479348191E-004
  0.848000040277839       7.637533534969362E-004
  0.849000040325336       7.613843650887344E-004
  0.850000040372834       7.590264135104092E-004
  0.851000040420331       7.566794301019869E-004
  0.852000040467829       7.543433467382627E-004
  0.853000040515326       7.520180958237933E-004
  0.854000040562823       7.497036102879456E-004
  0.855000040610321       7.473998235799998E-004
  0.856000040657818       7.451066696643020E-004
  0.857000040705316       7.428240830154770E-004
  0.858000040752813       7.405519986136846E-004
  0.859000040800311       7.382903519399342E-004
  0.860000040847808       7.360390789714459E-004
  0.861000040895306       7.337981161770651E-004
  0.862000040942803       7.315674005127229E-004
  0.863000040990300       7.293468694169497E-004
  0.864000041037798       7.271364608064332E-004
  0.865000041085295       7.249361130716264E-004
  0.866000041132793       7.227457650724029E-004
  0.867000041180290       7.205653561337572E-004
  0.868000041227788       7.183948260415525E-004
  0.869000041275285       7.162341150383132E-004
  0.870000041322783       7.140831638190627E-004
  0.871000041370280       7.119419135272048E-004
  0.872000041417778       7.098103057504494E-004
  0.873000041465275       7.076882825167826E-004
  0.874000041512772       7.055757862904761E-004
  0.875000041560270       7.034727599681439E-004
  0.876000041607767       7.013791468748356E-004
  0.877000041655265       6.992948907601742E-004
  0.878000041702762       6.972199357945340E-004
  0.879000041750260       6.951542265652576E-004
  0.880000041797757       6.930977080729137E-004
  0.881000041845255       6.910503257275937E-004
  0.882000041892752       6.890120253452468E-004
  0.883000041940250       6.869827531440552E-004
  0.884000041987747       6.849624557408440E-004
  0.885000042035244       6.829510801475316E-004
  0.886000042082742       6.809485737676149E-004
  0.887000042130239       6.789548843926927E-004
  0.888000042177737       6.769699601990229E-004
  0.889000042225234       6.749937497441183E-004
  0.890000042272732       6.730262019633755E-004
  0.891000042320229       6.710672661667389E-004
  0.892000042367727       6.691168920354004E-004
  0.893000042415224       6.671750296185309E-004
  0.894000042462721       6.652416293300470E-004
  0.895000042510219       6.633166419454118E-004
  0.896000042557716       6.614000185984652E-004
  0.897000042605214       6.594917107782901E-004
  0.898000042652711       6.575916703261089E-004
  0.899000042700209       6.556998494322110E-004
  0.900000042747706       6.538162006329148E-004
  0.901000042795204       6.519406768075561E-004
  0.902000042842701       6.500732311755103E-004
  0.903000042890199       6.482138172932447E-004
  0.904000042937696       6.463623890513983E-004
  0.905000042985193       6.445189006718940E-004
  0.906000043032691       6.426833067050784E-004
  0.907000043080188       6.408555620268902E-004
  0.908000043127686       6.390356218360578E-004
  0.909000043175183       6.372234416513259E-004
  0.910000043222681       6.354189773087077E-004
  0.911000043270178       6.336221849587663E-004
  0.912000043317676       6.318330210639234E-004
  0.913000043365173       6.300514423957937E-004
  0.914000043412670       6.282774060325475E-004
  0.915000043460168       6.265108693562981E-004
  0.916000043507665       6.247517900505163E-004
  0.917000043555163       6.230001260974692E-004
  0.918000043602660       6.212558357756872E-004
  0.919000043650158       6.195188776574520E-004
  0.920000043697655       6.177892106063134E-004
  0.921000043745153       6.160667937746286E-004
  0.922000043792650       6.143515866011256E-004
  0.923000043840148       6.126435488084917E-004
  0.924000043887645       6.109426404009848E-004
  0.925000043935142       6.092488216620693E-004
  0.926000043982640       6.075620531520732E-004
  0.927000044030137       6.058822957058701E-004
  0.928000044077635       6.042095104305837E-004
  0.929000044125132       6.025436587033136E-004
  0.930000044172630       6.008847021688836E-004
  0.931000044220127       5.992326027376124E-004
  0.932000044267625       5.975873225831063E-004
  0.933000044315122       5.959488241400725E-004
  0.934000044362620       5.943170701021535E-004
  0.935000044410117       5.926920234197841E-004
  0.936000044457614       5.910736472980664E-004
  0.937000044505112       5.894619051946680E-004
  0.938000044552609       5.878567608177392E-004
  0.939000044600107       5.862581781238500E-004
  0.940000044647604       5.846661213159477E-004
  0.941000044695102       5.830805548413338E-004
  0.942000044742599       5.815014433896601E-004
  0.943000044790097       5.799287518909439E-004
  0.944000044837594       5.783624455136031E-004
  0.945000044885091       5.768024896625087E-004
  0.946000044932589       5.752488499770575E-004
  0.947000044980086       5.737014923292615E-004
  0.948000045027584       5.721603828218561E-004
  0.949000045075081       5.706254877864267E-004
  0.950000045122579       5.690967737815532E-004
  0.951000045170076       5.675742075909713E-004
  0.952000045217574       5.660577562217506E-004
  0.953000045265071       5.645473869024926E-004
  0.954000045312569       5.630430670815425E-004
  0.955000045360066       5.615447644252199E-004
  0.956000045407563       5.600524468160650E-004
  0.957000045455061       5.585660823511027E-004
  0.958000045502558       5.570856393401216E-004
  0.959000045550056       5.556110863039689E-004
  0.960000045597553       5.541423919728635E-004
  0.961000045645051       5.526795252847216E-004
  0.962000045692548       5.512224553835011E-004
  0.963000045740046       5.497711516175590E-004
  0.964000045787543       5.483255835380258E-004
  0.965000045835041       5.468857208971931E-004
  0.966000045882538       5.454515336469187E-004
  0.967000045930035       5.440229919370439E-004
  0.968000045977533       5.426000661138282E-004
  0.969000046025030       5.411827267183946E-004
  0.970000046072528       5.397709444851941E-004
  0.971000046120025       5.383646903404800E-004
  0.972000046167523       5.369639354007981E-004
  0.973000046215020       5.355686509714926E-004
  0.974000046262518       5.341788085452213E-004
  0.975000046310015       5.327943798004893E-004
  0.976000046357512       5.314153366001919E-004
  0.977000046405010       5.300416509901735E-004
  0.978000046452507       5.286732951977996E-004
  0.979000046500005       5.273102416305400E-004
  0.980000046547502       5.259524628745664E-004
  0.981000046595000       5.245999316933626E-004
  0.982000046642497       5.232526210263461E-004
  0.983000046689995       5.219105039875052E-004
  0.984000046737492       5.205735538640442E-004
  0.985000046784990       5.192417441150445E-004
  0.986000046832487       5.179150483701359E-004
  0.987000046879984       5.165934404281803E-004
  0.988000046927482       5.152768942559677E-004
  0.989000046974979       5.139653839869233E-004
  0.990000047022477       5.126588839198265E-004
  0.991000047069974       5.113573685175415E-004
  0.992000047117472       5.100608124057594E-004
  0.993000047164969       5.087691903717509E-004
  0.994000047212467       5.074824773631303E-004
  0.995000047259964       5.062006484866326E-004
  0.996000047307462       5.049236790068974E-004
  0.997000047354959       5.036515443452669E-004
  0.998000047402456       5.023842200785948E-004
 
     Wbsepp       :     9.33s CPU        10.39s WALL

     wbsepp_readi :      1.53s CPU      2.27s WALL (       1 calls)
     wbsepp_fetch :      0.00s CPU      0.00s WALL (       1 calls)
     read_xml     :      1.14s CPU      1.85s WALL (       1 calls)
     init_vloc    :      0.01s CPU      0.01s WALL (       2 calls)
     fft          :      0.77s CPU      1.47s WALL (      19 calls)
     fft_scatter  :      0.84s CPU      1.54s WALL (     527 calls)
     v_of_rho     :      0.02s CPU      0.02s WALL (       1 calls)
     v_xc         :      0.02s CPU      0.02s WALL (       1 calls)
     v_h          :      0.00s CPU      0.00s WALL (       1 calls)
     read_wave    :      0.39s CPU      0.41s WALL (       1 calls)
     davcio       :      0.00s CPU      0.01s WALL (      23 calls)
     init_us_1    :      0.00s CPU      0.00s WALL (       2 calls)
     do_setup     :      0.01s CPU      0.01s WALL (       1 calls)
     init_pw_ar   :      0.01s CPU      0.01s WALL (       1 calls)
     init_at_1    :      0.00s CPU      0.00s WALL (       1 calls)
     storesqvc    :      0.00s CPU      0.00s WALL (       1 calls)
     eig_decompos :      7.80s CPU      8.10s WALL (       1 calls)
     plep_db      :      6.51s CPU      6.67s WALL (       1 calls)
     solve_e_psi  :      0.11s CPU      0.12s WALL (       1 calls)
     fftw         :      0.10s CPU      0.10s WALL (     508 calls)
     alphapc      :      0.01s CPU      0.01s WALL (       6 calls)
 
     Wbsepp       :     9.33s CPU        10.39s WALL

 
   This run was terminated on:  22:31:41   3May2023            

=------------------------------------------------------------------------------=
   JOB DONE.
=------------------------------------------------------------------------------=
