
     Program Wbsepp v. 2.0.1 svn rev. 1002 starts on 25Feb2022 at 22:14:50 

     This program is part of the open-source West suite
     for massively parallel calculations of excited states in materials; please cite
         "M. Govoni et al., J. Chem. Theory Comput. 11, 2680 (2015);
          URL http://www.west-code.org", 
     in publications or presentations arising from this work.

     Based on the Quantum ESPRESSO v. 6.1 svn rev. 13369
       
     --------------------------------------------------------------------------------------------
     **MPI** Parallelization Status                                      
     --------------------------------------------------------------------------------------------
                    56                   1             1             1            56
     --------------------------------------------------------------------------------------------
                     N         =         I      X      P      X      B      X      Z
                     ^                   ^             ^             ^             ^
                     |                   |             |             |             |
                   #rnk                  |             |             |             |
                                      #image           |             |             |
                                                     #pool           |             |
                                                                   #bgrp           |
                                                                                 #R&G
     --------------------------------------------------------------------------------------------
     #prc =           56
     --------------------------------------------------------------------------------------------
       
     --------------------------------------------------------------------------------------------
     I/O Summary : input_west                                            
     --------------------------------------------------------------------------------------------
     qe_prefix               =          pwscf
     west_prefix             =           west
     outdir                  =             ./
     l_load_qbox_wfc         =              F
     qbox_ks_wfc_filename    =         qb.xml
     --------------------------------------------------------------------------------------------
       
     --------------------------------------------------------------------------------------------
     I/O Summary : wbsepp_input                                          
     --------------------------------------------------------------------------------------------
     wbsepp_type                    =              6
     n_plep_read_from_file          =             12
     l_spin_flipped                 =              T

     Reading data from directory:
     ./pwscf.save

   Info: using nr1, nr2, nr3 values from input

   Info: using nr1, nr2, nr3 values from input

     IMPORTANT: XC functional enforced from input :
     Exchange-correlation      = PBE ( 1  4  3  4 0 0)
     Any further DFT definition will be discarded
     Please, verify this is what you really want

 
     Parallelization info
     --------------------
     sticks:   dense  smooth     PW     G-vecs:    dense   smooth      PW
     Min         196     196     47                15628    15628    1940
     Max         198     198     50                15646    15646    1958
     Sum       11057   11057   2757               875727   875727  109127
 
     Generating pointlists ...
     new r_m :   0.0585 (alat units)  1.1842 (a.u.) for type    1
     new r_m :   0.0767 (alat units)  1.5506 (a.u.) for type    2
       
     --------------------------------------------------------------------------------------------
     System Overview                                                     
     --------------------------------------------------------------------------------------------
     gamma_only           =              T
     ecutwfc [Ry]         =      85.000000
     omega [au^3]         =   8.276275E+03
     glob. #G             =          54564
     nbnd                 =            448
     nkstot               =              2
     nspin                =              2
     nelec                =     860.000000
     nelup                =     431.000000
     neldw                =     429.000000
     npol                 =              1
     lsda                 =              T
     noncolin             =              F
     lspinorb             =              F
     domag                =              F
     --------------------------------------------------------------------------------------------

     sFFT G-space:   437864 G-vectors     R-space: ( 120, 120, 120)
     dFFT G-space:   437864 G-vectors     R-space: ( 120, 120, 120)

     Cell [a.u.]          =      20.227629      0.000000      0.000000
                          =       0.000000     20.227629      0.000000
                          =       0.000000      0.000000     20.227629
      
     number of ks points=     2
                       cart. coord. in units 2pi/alat
        k(    1) = (   0.0000000   0.0000000   0.0000000), wk =   1.0000000
        k(    2) = (   0.0000000   0.0000000   0.0000000), wk =   1.0000000

                       cryst. coord.
        k(    1) = (   0.0000000   0.0000000   0.0000000), wk =   1.0000000
        k(    2) = (   0.0000000   0.0000000   0.0000000), wk =   1.0000000
 
     F. Gygi div      =   2.404601E-01

      band :        1   o_alpha :     1.000000   o_beta    1.000000

      band :        2   o_alpha :     1.000000   o_beta    1.000000

      band :        3   o_alpha :     1.000000   o_beta    1.000000

      band :        4   o_alpha :     1.000000   o_beta    1.000000

      band :        5   o_alpha :     1.000000   o_beta    1.000000

      band :        6   o_alpha :     1.000000   o_beta    1.000000

      band :        7   o_alpha :     1.000000   o_beta    1.000000

      band :        8   o_alpha :     1.000000   o_beta    1.000000

      band :        9   o_alpha :     1.000000   o_beta    1.000000

      band :       10   o_alpha :     1.000000   o_beta    1.000000

      band :       11   o_alpha :     1.000000   o_beta    1.000000

      band :       12   o_alpha :     1.000000   o_beta    1.000000

      band :       13   o_alpha :     1.000000   o_beta    1.000000

      band :       14   o_alpha :     1.000000   o_beta    1.000000

      band :       15   o_alpha :     1.000000   o_beta    1.000000

      band :       16   o_alpha :     1.000000   o_beta    1.000000

      band :       17   o_alpha :     1.000000   o_beta    1.000000

      band :       18   o_alpha :     1.000000   o_beta    1.000000

      band :       19   o_alpha :     1.000000   o_beta    1.000000

      band :       20   o_alpha :     1.000000   o_beta    1.000000

      band :       21   o_alpha :     1.000000   o_beta    1.000000

      band :       22   o_alpha :     1.000000   o_beta    1.000000

      band :       23   o_alpha :     1.000000   o_beta    1.000000

      band :       24   o_alpha :     1.000000   o_beta    1.000000

      band :       25   o_alpha :     1.000000   o_beta    1.000000

      band :       26   o_alpha :     1.000000   o_beta    1.000000

      band :       27   o_alpha :     1.000000   o_beta    1.000000

      band :       28   o_alpha :     1.000000   o_beta    1.000000

      band :       29   o_alpha :     1.000000   o_beta    1.000000

      band :       30   o_alpha :     1.000000   o_beta    1.000000

      band :       31   o_alpha :     1.000000   o_beta    1.000000

      band :       32   o_alpha :     1.000000   o_beta    1.000000

      band :       33   o_alpha :     1.000000   o_beta    1.000000

      band :       34   o_alpha :     1.000000   o_beta    1.000000

      band :       35   o_alpha :     1.000000   o_beta    1.000000

      band :       36   o_alpha :     1.000000   o_beta    1.000000

      band :       37   o_alpha :     1.000000   o_beta    1.000000

      band :       38   o_alpha :     1.000000   o_beta    1.000000

      band :       39   o_alpha :     1.000000   o_beta    1.000000

      band :       40   o_alpha :     1.000000   o_beta    1.000000

      band :       41   o_alpha :     1.000000   o_beta    1.000000

      band :       42   o_alpha :     1.000000   o_beta    1.000000

      band :       43   o_alpha :     1.000000   o_beta    1.000000

      band :       44   o_alpha :     1.000000   o_beta    1.000000

      band :       45   o_alpha :     1.000000   o_beta    1.000000

      band :       46   o_alpha :     1.000000   o_beta    1.000000

      band :       47   o_alpha :     1.000000   o_beta    1.000000

      band :       48   o_alpha :     1.000000   o_beta    1.000000

      band :       49   o_alpha :     1.000000   o_beta    1.000000

      band :       50   o_alpha :     1.000000   o_beta    1.000000

      band :       51   o_alpha :     1.000000   o_beta    1.000000

      band :       52   o_alpha :     1.000000   o_beta    1.000000

      band :       53   o_alpha :     1.000000   o_beta    1.000000

      band :       54   o_alpha :     1.000000   o_beta    1.000000

      band :       55   o_alpha :     1.000000   o_beta    1.000000

      band :       56   o_alpha :     1.000000   o_beta    1.000000

      band :       57   o_alpha :     1.000000   o_beta    1.000000

      band :       58   o_alpha :     1.000000   o_beta    1.000000

      band :       59   o_alpha :     1.000000   o_beta    1.000000

      band :       60   o_alpha :     1.000000   o_beta    1.000000

      band :       61   o_alpha :     1.000000   o_beta    1.000000

      band :       62   o_alpha :     1.000000   o_beta    1.000000

      band :       63   o_alpha :     1.000000   o_beta    1.000000

      band :       64   o_alpha :     1.000000   o_beta    1.000000

      band :       65   o_alpha :     1.000000   o_beta    1.000000

      band :       66   o_alpha :     1.000000   o_beta    1.000000

      band :       67   o_alpha :     1.000000   o_beta    1.000000

      band :       68   o_alpha :     1.000000   o_beta    1.000000

      band :       69   o_alpha :     1.000000   o_beta    1.000000

      band :       70   o_alpha :     1.000000   o_beta    1.000000

      band :       71   o_alpha :     1.000000   o_beta    1.000000

      band :       72   o_alpha :     1.000000   o_beta    1.000000

      band :       73   o_alpha :     1.000000   o_beta    1.000000

      band :       74   o_alpha :     1.000000   o_beta    1.000000

      band :       75   o_alpha :     1.000000   o_beta    1.000000

      band :       76   o_alpha :     1.000000   o_beta    1.000000

      band :       77   o_alpha :     1.000000   o_beta    1.000000

      band :       78   o_alpha :     1.000000   o_beta    1.000000

      band :       79   o_alpha :     1.000000   o_beta    1.000000

      band :       80   o_alpha :     1.000000   o_beta    1.000000

      band :       81   o_alpha :     1.000000   o_beta    1.000000

      band :       82   o_alpha :     1.000000   o_beta    1.000000

      band :       83   o_alpha :     1.000000   o_beta    1.000000

      band :       84   o_alpha :     1.000000   o_beta    1.000000

      band :       85   o_alpha :     1.000000   o_beta    1.000000

      band :       86   o_alpha :     1.000000   o_beta    1.000000

      band :       87   o_alpha :     1.000000   o_beta    1.000000

      band :       88   o_alpha :     1.000000   o_beta    1.000000

      band :       89   o_alpha :     1.000000   o_beta    1.000000

      band :       90   o_alpha :     1.000000   o_beta    1.000000

      band :       91   o_alpha :     1.000000   o_beta    1.000000

      band :       92   o_alpha :     1.000000   o_beta    1.000000

      band :       93   o_alpha :     1.000000   o_beta    1.000000

      band :       94   o_alpha :     1.000000   o_beta    1.000000

      band :       95   o_alpha :     1.000000   o_beta    1.000000

      band :       96   o_alpha :     1.000000   o_beta    1.000000

      band :       97   o_alpha :     1.000000   o_beta    1.000000

      band :       98   o_alpha :     1.000000   o_beta    1.000000

      band :       99   o_alpha :     1.000000   o_beta    1.000000

      band :      100   o_alpha :     1.000000   o_beta    1.000000

      band :      101   o_alpha :     1.000000   o_beta    1.000000

      band :      102   o_alpha :     1.000000   o_beta    1.000000

      band :      103   o_alpha :     1.000000   o_beta    1.000000

      band :      104   o_alpha :     1.000000   o_beta    1.000000

      band :      105   o_alpha :     1.000000   o_beta    1.000000

      band :      106   o_alpha :     1.000000   o_beta    1.000000

      band :      107   o_alpha :     1.000000   o_beta    1.000000

      band :      108   o_alpha :     1.000000   o_beta    1.000000

      band :      109   o_alpha :     1.000000   o_beta    1.000000

      band :      110   o_alpha :     1.000000   o_beta    1.000000

      band :      111   o_alpha :     1.000000   o_beta    1.000000

      band :      112   o_alpha :     1.000000   o_beta    1.000000

      band :      113   o_alpha :     1.000000   o_beta    1.000000

      band :      114   o_alpha :     1.000000   o_beta    1.000000

      band :      115   o_alpha :     1.000000   o_beta    1.000000

      band :      116   o_alpha :     1.000000   o_beta    1.000000

      band :      117   o_alpha :     1.000000   o_beta    1.000000

      band :      118   o_alpha :     1.000000   o_beta    1.000000

      band :      119   o_alpha :     1.000000   o_beta    1.000000

      band :      120   o_alpha :     1.000000   o_beta    1.000000

      band :      121   o_alpha :     1.000000   o_beta    1.000000

      band :      122   o_alpha :     1.000000   o_beta    1.000000

      band :      123   o_alpha :     1.000000   o_beta    1.000000

      band :      124   o_alpha :     1.000000   o_beta    1.000000

      band :      125   o_alpha :     1.000000   o_beta    1.000000

      band :      126   o_alpha :     1.000000   o_beta    1.000000

      band :      127   o_alpha :     1.000000   o_beta    1.000000

      band :      128   o_alpha :     1.000000   o_beta    1.000000

      band :      129   o_alpha :     1.000000   o_beta    1.000000

      band :      130   o_alpha :     1.000000   o_beta    1.000000

      band :      131   o_alpha :     1.000000   o_beta    1.000000

      band :      132   o_alpha :     1.000000   o_beta    1.000000

      band :      133   o_alpha :     1.000000   o_beta    1.000000

      band :      134   o_alpha :     1.000000   o_beta    1.000000

      band :      135   o_alpha :     1.000000   o_beta    1.000000

      band :      136   o_alpha :     1.000000   o_beta    1.000000

      band :      137   o_alpha :     1.000000   o_beta    1.000000

      band :      138   o_alpha :     1.000000   o_beta    1.000000

      band :      139   o_alpha :     1.000000   o_beta    1.000000

      band :      140   o_alpha :     1.000000   o_beta    1.000000

      band :      141   o_alpha :     1.000000   o_beta    1.000000

      band :      142   o_alpha :     1.000000   o_beta    1.000000

      band :      143   o_alpha :     1.000000   o_beta    1.000000

      band :      144   o_alpha :     1.000000   o_beta    1.000000

      band :      145   o_alpha :     1.000000   o_beta    1.000000

      band :      146   o_alpha :     1.000000   o_beta    1.000000

      band :      147   o_alpha :     1.000000   o_beta    1.000000

      band :      148   o_alpha :     1.000000   o_beta    1.000000

      band :      149   o_alpha :     1.000000   o_beta    1.000000

      band :      150   o_alpha :     1.000000   o_beta    1.000000

      band :      151   o_alpha :     1.000000   o_beta    1.000000

      band :      152   o_alpha :     1.000000   o_beta    1.000000

      band :      153   o_alpha :     1.000000   o_beta    1.000000

      band :      154   o_alpha :     1.000000   o_beta    1.000000

      band :      155   o_alpha :     1.000000   o_beta    1.000000

      band :      156   o_alpha :     1.000000   o_beta    1.000000

      band :      157   o_alpha :     1.000000   o_beta    1.000000

      band :      158   o_alpha :     1.000000   o_beta    1.000000

      band :      159   o_alpha :     1.000000   o_beta    1.000000

      band :      160   o_alpha :     1.000000   o_beta    1.000000

      band :      161   o_alpha :     1.000000   o_beta    1.000000

      band :      162   o_alpha :     1.000000   o_beta    1.000000

      band :      163   o_alpha :     1.000000   o_beta    1.000000

      band :      164   o_alpha :     1.000000   o_beta    1.000000

      band :      165   o_alpha :     1.000000   o_beta    1.000000

      band :      166   o_alpha :     1.000000   o_beta    1.000000

      band :      167   o_alpha :     1.000000   o_beta    1.000000

      band :      168   o_alpha :     1.000000   o_beta    1.000000

      band :      169   o_alpha :     1.000000   o_beta    1.000000

      band :      170   o_alpha :     1.000000   o_beta    1.000000

      band :      171   o_alpha :     1.000000   o_beta    1.000000

      band :      172   o_alpha :     1.000000   o_beta    1.000000

      band :      173   o_alpha :     1.000000   o_beta    1.000000

      band :      174   o_alpha :     1.000000   o_beta    1.000000

      band :      175   o_alpha :     1.000000   o_beta    1.000000

      band :      176   o_alpha :     1.000000   o_beta    1.000000

      band :      177   o_alpha :     1.000000   o_beta    1.000000

      band :      178   o_alpha :     1.000000   o_beta    1.000000

      band :      179   o_alpha :     1.000000   o_beta    1.000000

      band :      180   o_alpha :     1.000000   o_beta    1.000000

      band :      181   o_alpha :     1.000000   o_beta    1.000000

      band :      182   o_alpha :     1.000000   o_beta    1.000000

      band :      183   o_alpha :     1.000000   o_beta    1.000000

      band :      184   o_alpha :     1.000000   o_beta    1.000000

      band :      185   o_alpha :     1.000000   o_beta    1.000000

      band :      186   o_alpha :     1.000000   o_beta    1.000000

      band :      187   o_alpha :     1.000000   o_beta    1.000000

      band :      188   o_alpha :     1.000000   o_beta    1.000000

      band :      189   o_alpha :     1.000000   o_beta    1.000000

      band :      190   o_alpha :     1.000000   o_beta    1.000000

      band :      191   o_alpha :     1.000000   o_beta    1.000000

      band :      192   o_alpha :     1.000000   o_beta    1.000000

      band :      193   o_alpha :     1.000000   o_beta    1.000000

      band :      194   o_alpha :     1.000000   o_beta    1.000000

      band :      195   o_alpha :     1.000000   o_beta    1.000000

      band :      196   o_alpha :     1.000000   o_beta    1.000000

      band :      197   o_alpha :     1.000000   o_beta    1.000000

      band :      198   o_alpha :     1.000000   o_beta    1.000000

      band :      199   o_alpha :     1.000000   o_beta    1.000000

      band :      200   o_alpha :     1.000000   o_beta    1.000000

      band :      201   o_alpha :     1.000000   o_beta    1.000000

      band :      202   o_alpha :     1.000000   o_beta    1.000000

      band :      203   o_alpha :     1.000000   o_beta    1.000000

      band :      204   o_alpha :     1.000000   o_beta    1.000000

      band :      205   o_alpha :     1.000000   o_beta    1.000000

      band :      206   o_alpha :     1.000000   o_beta    1.000000

      band :      207   o_alpha :     1.000000   o_beta    1.000000

      band :      208   o_alpha :     1.000000   o_beta    1.000000

      band :      209   o_alpha :     1.000000   o_beta    1.000000

      band :      210   o_alpha :     1.000000   o_beta    1.000000

      band :      211   o_alpha :     1.000000   o_beta    1.000000

      band :      212   o_alpha :     1.000000   o_beta    1.000000

      band :      213   o_alpha :     1.000000   o_beta    1.000000

      band :      214   o_alpha :     1.000000   o_beta    1.000000

      band :      215   o_alpha :     1.000000   o_beta    1.000000

      band :      216   o_alpha :     1.000000   o_beta    1.000000

      band :      217   o_alpha :     1.000000   o_beta    1.000000

      band :      218   o_alpha :     1.000000   o_beta    1.000000

      band :      219   o_alpha :     1.000000   o_beta    1.000000

      band :      220   o_alpha :     1.000000   o_beta    1.000000

      band :      221   o_alpha :     1.000000   o_beta    1.000000

      band :      222   o_alpha :     1.000000   o_beta    1.000000

      band :      223   o_alpha :     1.000000   o_beta    1.000000

      band :      224   o_alpha :     1.000000   o_beta    1.000000

      band :      225   o_alpha :     1.000000   o_beta    1.000000

      band :      226   o_alpha :     1.000000   o_beta    1.000000

      band :      227   o_alpha :     1.000000   o_beta    1.000000

      band :      228   o_alpha :     1.000000   o_beta    1.000000

      band :      229   o_alpha :     1.000000   o_beta    1.000000

      band :      230   o_alpha :     1.000000   o_beta    1.000000

      band :      231   o_alpha :     1.000000   o_beta    1.000000

      band :      232   o_alpha :     1.000000   o_beta    1.000000

      band :      233   o_alpha :     1.000000   o_beta    1.000000

      band :      234   o_alpha :     1.000000   o_beta    1.000000

      band :      235   o_alpha :     1.000000   o_beta    1.000000

      band :      236   o_alpha :     1.000000   o_beta    1.000000

      band :      237   o_alpha :     1.000000   o_beta    1.000000

      band :      238   o_alpha :     1.000000   o_beta    1.000000

      band :      239   o_alpha :     1.000000   o_beta    1.000000

      band :      240   o_alpha :     1.000000   o_beta    1.000000

      band :      241   o_alpha :     1.000000   o_beta    1.000000

      band :      242   o_alpha :     1.000000   o_beta    1.000000

      band :      243   o_alpha :     1.000000   o_beta    1.000000

      band :      244   o_alpha :     1.000000   o_beta    1.000000

      band :      245   o_alpha :     1.000000   o_beta    1.000000

      band :      246   o_alpha :     1.000000   o_beta    1.000000

      band :      247   o_alpha :     1.000000   o_beta    1.000000

      band :      248   o_alpha :     1.000000   o_beta    1.000000

      band :      249   o_alpha :     1.000000   o_beta    1.000000

      band :      250   o_alpha :     1.000000   o_beta    1.000000

      band :      251   o_alpha :     1.000000   o_beta    1.000000

      band :      252   o_alpha :     1.000000   o_beta    1.000000

      band :      253   o_alpha :     1.000000   o_beta    1.000000

      band :      254   o_alpha :     1.000000   o_beta    1.000000

      band :      255   o_alpha :     1.000000   o_beta    1.000000

      band :      256   o_alpha :     1.000000   o_beta    1.000000

      band :      257   o_alpha :     1.000000   o_beta    1.000000

      band :      258   o_alpha :     1.000000   o_beta    1.000000

      band :      259   o_alpha :     1.000000   o_beta    1.000000

      band :      260   o_alpha :     1.000000   o_beta    1.000000

      band :      261   o_alpha :     1.000000   o_beta    1.000000

      band :      262   o_alpha :     1.000000   o_beta    1.000000

      band :      263   o_alpha :     1.000000   o_beta    1.000000

      band :      264   o_alpha :     1.000000   o_beta    1.000000

      band :      265   o_alpha :     1.000000   o_beta    1.000000

      band :      266   o_alpha :     1.000000   o_beta    1.000000

      band :      267   o_alpha :     1.000000   o_beta    1.000000

      band :      268   o_alpha :     1.000000   o_beta    1.000000

      band :      269   o_alpha :     1.000000   o_beta    1.000000

      band :      270   o_alpha :     1.000000   o_beta    1.000000

      band :      271   o_alpha :     1.000000   o_beta    1.000000

      band :      272   o_alpha :     1.000000   o_beta    1.000000

      band :      273   o_alpha :     1.000000   o_beta    1.000000

      band :      274   o_alpha :     1.000000   o_beta    1.000000

      band :      275   o_alpha :     1.000000   o_beta    1.000000

      band :      276   o_alpha :     1.000000   o_beta    1.000000

      band :      277   o_alpha :     1.000000   o_beta    1.000000

      band :      278   o_alpha :     1.000000   o_beta    1.000000

      band :      279   o_alpha :     1.000000   o_beta    1.000000

      band :      280   o_alpha :     1.000000   o_beta    1.000000

      band :      281   o_alpha :     1.000000   o_beta    1.000000

      band :      282   o_alpha :     1.000000   o_beta    1.000000

      band :      283   o_alpha :     1.000000   o_beta    1.000000

      band :      284   o_alpha :     1.000000   o_beta    1.000000

      band :      285   o_alpha :     1.000000   o_beta    1.000000

      band :      286   o_alpha :     1.000000   o_beta    1.000000

      band :      287   o_alpha :     1.000000   o_beta    1.000000

      band :      288   o_alpha :     1.000000   o_beta    1.000000

      band :      289   o_alpha :     1.000000   o_beta    1.000000

      band :      290   o_alpha :     1.000000   o_beta    1.000000

      band :      291   o_alpha :     1.000000   o_beta    1.000000

      band :      292   o_alpha :     1.000000   o_beta    1.000000

      band :      293   o_alpha :     1.000000   o_beta    1.000000

      band :      294   o_alpha :     1.000000   o_beta    1.000000

      band :      295   o_alpha :     1.000000   o_beta    1.000000

      band :      296   o_alpha :     1.000000   o_beta    1.000000

      band :      297   o_alpha :     1.000000   o_beta    1.000000

      band :      298   o_alpha :     1.000000   o_beta    1.000000

      band :      299   o_alpha :     1.000000   o_beta    1.000000

      band :      300   o_alpha :     1.000000   o_beta    1.000000

      band :      301   o_alpha :     1.000000   o_beta    1.000000

      band :      302   o_alpha :     1.000000   o_beta    1.000000

      band :      303   o_alpha :     1.000000   o_beta    1.000000

      band :      304   o_alpha :     1.000000   o_beta    1.000000

      band :      305   o_alpha :     1.000000   o_beta    1.000000

      band :      306   o_alpha :     1.000000   o_beta    1.000000

      band :      307   o_alpha :     1.000000   o_beta    1.000000

      band :      308   o_alpha :     1.000000   o_beta    1.000000

      band :      309   o_alpha :     1.000000   o_beta    1.000000

      band :      310   o_alpha :     1.000000   o_beta    1.000000

      band :      311   o_alpha :     1.000000   o_beta    1.000000

      band :      312   o_alpha :     1.000000   o_beta    1.000000

      band :      313   o_alpha :     1.000000   o_beta    1.000000

      band :      314   o_alpha :     1.000000   o_beta    1.000000

      band :      315   o_alpha :     1.000000   o_beta    1.000000

      band :      316   o_alpha :     1.000000   o_beta    1.000000

      band :      317   o_alpha :     1.000000   o_beta    1.000000

      band :      318   o_alpha :     1.000000   o_beta    1.000000

      band :      319   o_alpha :     1.000000   o_beta    1.000000

      band :      320   o_alpha :     1.000000   o_beta    1.000000

      band :      321   o_alpha :     1.000000   o_beta    1.000000

      band :      322   o_alpha :     1.000000   o_beta    1.000000

      band :      323   o_alpha :     1.000000   o_beta    1.000000

      band :      324   o_alpha :     1.000000   o_beta    1.000000

      band :      325   o_alpha :     1.000000   o_beta    1.000000

      band :      326   o_alpha :     1.000000   o_beta    1.000000

      band :      327   o_alpha :     1.000000   o_beta    1.000000

      band :      328   o_alpha :     1.000000   o_beta    1.000000

      band :      329   o_alpha :     1.000000   o_beta    1.000000

      band :      330   o_alpha :     1.000000   o_beta    1.000000

      band :      331   o_alpha :     1.000000   o_beta    1.000000

      band :      332   o_alpha :     1.000000   o_beta    1.000000

      band :      333   o_alpha :     1.000000   o_beta    1.000000

      band :      334   o_alpha :     1.000000   o_beta    1.000000

      band :      335   o_alpha :     1.000000   o_beta    1.000000

      band :      336   o_alpha :     1.000000   o_beta    1.000000

      band :      337   o_alpha :     1.000000   o_beta    1.000000

      band :      338   o_alpha :     1.000000   o_beta    1.000000

      band :      339   o_alpha :     1.000000   o_beta    1.000000

      band :      340   o_alpha :     1.000000   o_beta    1.000000

      band :      341   o_alpha :     1.000000   o_beta    1.000000

      band :      342   o_alpha :     1.000000   o_beta    1.000000

      band :      343   o_alpha :     1.000000   o_beta    1.000000

      band :      344   o_alpha :     1.000000   o_beta    1.000000

      band :      345   o_alpha :     1.000000   o_beta    1.000000

      band :      346   o_alpha :     1.000000   o_beta    1.000000

      band :      347   o_alpha :     1.000000   o_beta    1.000000

      band :      348   o_alpha :     1.000000   o_beta    1.000000

      band :      349   o_alpha :     1.000000   o_beta    1.000000

      band :      350   o_alpha :     1.000000   o_beta    1.000000

      band :      351   o_alpha :     1.000000   o_beta    1.000000

      band :      352   o_alpha :     1.000000   o_beta    1.000000

      band :      353   o_alpha :     1.000000   o_beta    1.000000

      band :      354   o_alpha :     1.000000   o_beta    1.000000

      band :      355   o_alpha :     1.000000   o_beta    1.000000

      band :      356   o_alpha :     1.000000   o_beta    1.000000

      band :      357   o_alpha :     1.000000   o_beta    1.000000

      band :      358   o_alpha :     1.000000   o_beta    1.000000

      band :      359   o_alpha :     1.000000   o_beta    1.000000

      band :      360   o_alpha :     1.000000   o_beta    1.000000

      band :      361   o_alpha :     1.000000   o_beta    1.000000

      band :      362   o_alpha :     1.000000   o_beta    1.000000

      band :      363   o_alpha :     1.000000   o_beta    1.000000

      band :      364   o_alpha :     1.000000   o_beta    1.000000

      band :      365   o_alpha :     1.000000   o_beta    1.000000

      band :      366   o_alpha :     1.000000   o_beta    1.000000

      band :      367   o_alpha :     1.000000   o_beta    1.000000

      band :      368   o_alpha :     1.000000   o_beta    1.000000

      band :      369   o_alpha :     1.000000   o_beta    1.000000

      band :      370   o_alpha :     1.000000   o_beta    1.000000

      band :      371   o_alpha :     1.000000   o_beta    1.000000

      band :      372   o_alpha :     1.000000   o_beta    1.000000

      band :      373   o_alpha :     1.000000   o_beta    1.000000

      band :      374   o_alpha :     1.000000   o_beta    1.000000

      band :      375   o_alpha :     1.000000   o_beta    1.000000

      band :      376   o_alpha :     1.000000   o_beta    1.000000

      band :      377   o_alpha :     1.000000   o_beta    1.000000

      band :      378   o_alpha :     1.000000   o_beta    1.000000

      band :      379   o_alpha :     1.000000   o_beta    1.000000

      band :      380   o_alpha :     1.000000   o_beta    1.000000

      band :      381   o_alpha :     1.000000   o_beta    1.000000

      band :      382   o_alpha :     1.000000   o_beta    1.000000

      band :      383   o_alpha :     1.000000   o_beta    1.000000

      band :      384   o_alpha :     1.000000   o_beta    1.000000

      band :      385   o_alpha :     1.000000   o_beta    1.000000

      band :      386   o_alpha :     1.000000   o_beta    1.000000

      band :      387   o_alpha :     1.000000   o_beta    1.000000

      band :      388   o_alpha :     1.000000   o_beta    1.000000

      band :      389   o_alpha :     1.000000   o_beta    1.000000

      band :      390   o_alpha :     1.000000   o_beta    1.000000

      band :      391   o_alpha :     1.000000   o_beta    1.000000

      band :      392   o_alpha :     1.000000   o_beta    1.000000

      band :      393   o_alpha :     1.000000   o_beta    1.000000

      band :      394   o_alpha :     1.000000   o_beta    1.000000

      band :      395   o_alpha :     1.000000   o_beta    1.000000

      band :      396   o_alpha :     1.000000   o_beta    1.000000

      band :      397   o_alpha :     1.000000   o_beta    1.000000

      band :      398   o_alpha :     1.000000   o_beta    1.000000

      band :      399   o_alpha :     1.000000   o_beta    1.000000

      band :      400   o_alpha :     1.000000   o_beta    1.000000

      band :      401   o_alpha :     1.000000   o_beta    1.000000

      band :      402   o_alpha :     1.000000   o_beta    1.000000

      band :      403   o_alpha :     1.000000   o_beta    1.000000

      band :      404   o_alpha :     1.000000   o_beta    1.000000

      band :      405   o_alpha :     1.000000   o_beta    1.000000

      band :      406   o_alpha :     1.000000   o_beta    1.000000

      band :      407   o_alpha :     1.000000   o_beta    1.000000

      band :      408   o_alpha :     1.000000   o_beta    1.000000

      band :      409   o_alpha :     1.000000   o_beta    1.000000

      band :      410   o_alpha :     1.000000   o_beta    1.000000

      band :      411   o_alpha :     1.000000   o_beta    1.000000

      band :      412   o_alpha :     1.000000   o_beta    1.000000

      band :      413   o_alpha :     1.000000   o_beta    1.000000

      band :      414   o_alpha :     1.000000   o_beta    1.000000

      band :      415   o_alpha :     1.000000   o_beta    1.000000

      band :      416   o_alpha :     1.000000   o_beta    1.000000

      band :      417   o_alpha :     1.000000   o_beta    1.000000

      band :      418   o_alpha :     1.000000   o_beta    1.000000

      band :      419   o_alpha :     1.000000   o_beta    1.000000

      band :      420   o_alpha :     1.000000   o_beta    1.000000

      band :      421   o_alpha :     1.000000   o_beta    1.000000

      band :      422   o_alpha :     1.000000   o_beta    1.000000

      band :      423   o_alpha :     1.000000   o_beta    1.000000

      band :      424   o_alpha :     1.000000   o_beta    1.000000

      band :      425   o_alpha :     1.000000   o_beta    1.000000

      band :      426   o_alpha :     1.000000   o_beta    1.000000

      band :      427   o_alpha :     1.000000   o_beta    1.000000

      band :      428   o_alpha :     1.000000   o_beta    1.000000

      band :      429   o_alpha :     1.000000   o_beta    1.000000

      band :      430   o_alpha :     1.000000   o_beta    0.000000

      band :      431   o_alpha :     1.000000   o_beta    0.000000

      band :      432   o_alpha :     0.000000   o_beta    0.000000

      band :      433   o_alpha :     0.000000   o_beta    0.000000

      band :      434   o_alpha :     0.000000   o_beta    0.000000

      band :      435   o_alpha :     0.000000   o_beta    0.000000

      band :      436   o_alpha :     0.000000   o_beta    0.000000

      band :      437   o_alpha :     0.000000   o_beta    0.000000

      band :      438   o_alpha :     0.000000   o_beta    0.000000

      band :      439   o_alpha :     0.000000   o_beta    0.000000

      band :      440   o_alpha :     0.000000   o_beta    0.000000

      band :      441   o_alpha :     0.000000   o_beta    0.000000

      band :      442   o_alpha :     0.000000   o_beta    0.000000

      band :      443   o_alpha :     0.000000   o_beta    0.000000

      band :      444   o_alpha :     0.000000   o_beta    0.000000

      band :      445   o_alpha :     0.000000   o_beta    0.000000

      band :      446   o_alpha :     0.000000   o_beta    0.000000

      band :      447   o_alpha :     0.000000   o_beta    0.000000

      band :      448   o_alpha :     0.000000   o_beta    0.000000

      Ground State n_alpha :   431.000000     n_beta  429.000000

      Ground State <S^2> :     2.004608
       
     --------------------------------------------------------------------------------------------
     Parallelization for nvec                                            
     --------------------------------------------------------------------------------------------
     nglob                =             12
     nlevel               =              1
     Min nglob/nlevel     =             12
     Max nglob/nlevel     =             12
     --------------------------------------------------------------------------------------------

     [MEM] ----------------------------------------------------------
     [MEM] **Memory** analysis: QE
     [MEM] ----------------------------------------------------------
     [MEM] Allocated arrays           est. size (Mb)     dimensions
     [MEM] ----------------------------------------------------------
     [MEM] Kohn-Sham Wavefunctions       6.69 Mb     (    979,  448)
     [MEM] NL pseudopotentials          25.69 Mb     (    979, 1720)
     [MEM] Each V/rho on FFT grid        0.66 Mb     (  43200)
     [MEM] Each G-vector array           0.06 Mb     (   7819)
     [MEM] G-vector shells               0.01 Mb     (   1853)
     [MEM] ----------------------------------------------------------
     [MEM] TOT                          33.12 Mb
     [MEM] ----------------------------------------------------------
     [MEM] 
     [MEM] ----------------------------------------------------------
     [MEM] **Memory** analysis: WBSE global
     [MEM] ----------------------------------------------------------
     [MEM] Allocated arrays           est. size (Mb)     dimensions
     [MEM] ----------------------------------------------------------
     [MEM] dvg_exc                      77.26 Mb     (    979,  431,   12)
     [MEM] dng_exc                      77.26 Mb     (    979,  431,   12)
     [MEM] hr_distr                      0.00 Mb     (      0,   12)
     [MEM] vr_distr                      0.00 Mb     (      0,   12)
     [MEM] ----------------------------------------------------------
     [MEM] TOT                         154.52 Mb
     [MEM] ----------------------------------------------------------
     [MEM] 
     [MEM] ----------------------------------------------------------
     [MEM] **Memory** analysis: WBSE temporary
     [MEM] ----------------------------------------------------------
     [MEM] Allocated arrays           est. size (Mb)     dimensions
     [MEM] ----------------------------------------------------------
     [MEM] dvpsi                         6.44 Mb     (    979,  431)
     [MEM] dpsi                          6.44 Mb     (    979,  431)
     [MEM] ----------------------------------------------------------
     [MEM] Total estimate               12.88 Mb
     [MEM] ----------------------------------------------------------
      
     --------------------------------------------------------------------------------------------
     Database read in 32.1s               
     In location : ./west.wbse.david.save
     Eigen. found :           12
     --------------------------------------------------------------------------------------------

      # Exciton : |            1 |   spin flip : |   T

         nbnd_1 : |          431 |      nbnd_2 : |          429 |   flip up : |   F

      Ex Energy : |     0.002587 |      D<S^2> : |     0.003666

      # Exciton : |            2 |   spin flip : |   T

         nbnd_1 : |          431 |      nbnd_2 : |          429 |   flip up : |   F

      Ex Energy : |     0.016080 |      D<S^2> : |    -1.990558

      # Exciton : |            3 |   spin flip : |   T

         nbnd_1 : |          431 |      nbnd_2 : |          429 |   flip up : |   F

      Ex Energy : |     0.016081 |      D<S^2> : |    -1.990569

      # Exciton : |            4 |   spin flip : |   T

         nbnd_1 : |          431 |      nbnd_2 : |          429 |   flip up : |   F

      Ex Energy : |     0.029160 |      D<S^2> : |    -1.960113

      # Exciton : |            5 |   spin flip : |   T

         nbnd_1 : |          431 |      nbnd_2 : |          429 |   flip up : |   F

      Ex Energy : |     0.073716 |      D<S^2> : |    -1.002566

      # Exciton : |            6 |   spin flip : |   T

         nbnd_1 : |          431 |      nbnd_2 : |          429 |   flip up : |   F

      Ex Energy : |     0.073719 |      D<S^2> : |    -1.002568

      # Exciton : |            7 |   spin flip : |   T

         nbnd_1 : |          431 |      nbnd_2 : |          429 |   flip up : |   F

      Ex Energy : |     0.090857 |      D<S^2> : |    -1.002235

      # Exciton : |            8 |   spin flip : |   T

         nbnd_1 : |          431 |      nbnd_2 : |          429 |   flip up : |   F

      Ex Energy : |     0.094196 |      D<S^2> : |    -1.010698

      # Exciton : |            9 |   spin flip : |   T

         nbnd_1 : |          431 |      nbnd_2 : |          429 |   flip up : |   F

      Ex Energy : |     0.094201 |      D<S^2> : |    -1.010700

      # Exciton : |           10 |   spin flip : |   T

         nbnd_1 : |          431 |      nbnd_2 : |          429 |   flip up : |   F

      Ex Energy : |     0.099067 |      D<S^2> : |    -1.040568

      # Exciton : |           11 |   spin flip : |   T

         nbnd_1 : |          431 |      nbnd_2 : |          429 |   flip up : |   F

      Ex Energy : |     0.121436 |      D<S^2> : |    -1.002751

      # Exciton : |           12 |   spin flip : |   T

         nbnd_1 : |          431 |      nbnd_2 : |          429 |   flip up : |   F

      Ex Energy : |     0.129747 |      D<S^2> : |    -1.002869
 
     Wbsepp       :  1m 4.13s CPU     1m 9.64s WALL

     wbsepp_readi :      4.01s CPU      5.23s WALL (       1 calls)
     wbsepp_fetch :      0.00s CPU      0.00s WALL (       1 calls)
     read_xml     :      1.31s CPU      1.58s WALL (       1 calls)
     init_vloc    :      0.03s CPU      0.03s WALL (       2 calls)
     fft          :      0.05s CPU      0.06s WALL (      19 calls)
     fft_scatter  :      0.04s CPU      0.04s WALL (      19 calls)
     v_of_rho     :      0.08s CPU      0.08s WALL (       1 calls)
     v_xc         :      0.08s CPU      0.08s WALL (       1 calls)
     v_h          :      0.00s CPU      0.00s WALL (       1 calls)
     read_wave    :      2.70s CPU      3.65s WALL (       1 calls)
     davcio       :      0.00s CPU      0.05s WALL (       5 calls)
     init_us_1    :      0.01s CPU      0.01s WALL (       2 calls)
     do_setup     :      0.06s CPU      0.07s WALL (       1 calls)
     init_pw_ar   :      0.05s CPU      0.06s WALL (       1 calls)
     init_at_1    :      0.00s CPU      0.00s WALL (       1 calls)
     storesqvc    :      0.00s CPU      0.00s WALL (       1 calls)
     compute_spin :     60.01s CPU     64.26s WALL (       1 calls)
     plep_db      :     28.07s CPU     32.19s WALL (       1 calls)
 
     Wbsepp       :  1m 4.13s CPU     1m 9.64s WALL

 
   This run was terminated on:  22:16: 0  25Feb2022            

=------------------------------------------------------------------------------=
   JOB DONE.
=------------------------------------------------------------------------------=
