
     --------------------------------------------------------------------------------------------
     I/O Summary : input_west
     --------------------------------------------------------------------------------------------
     qe_prefix : pwscf
     west_prefix : pwscf
     outdir : ./
     --------------------------------------------------------------------------------------------

     --------------------------------------------------------------------------------------------
     I/O Summary : wbse_init_control
     --------------------------------------------------------------------------------------------
     wbse_init_calculation : S
     solver : TDDFT
     bse_method : PDEP
     n_pdep_eigen_to_use : 4090
     localization : W
     wfc_from_qbox : qb_wfc
     bisection_info : bis_info
     chi_kernel : CHI
     overlap_thr : 0.005
     spin_channel : 0
     n_trunc_bands : 0
     o_restart_time : 0.0
     --------------------------------------------------------------------------------------------

     --------------------------------------------------------------------------------------------
     I/O Summary : wbse_control
     --------------------------------------------------------------------------------------------
     wbse_calculation : D
     qp_correction : 
     scissor_ope : 0.0
     n_liouville_eigen : 4
     n_liouville_times : 8
     n_liouville_maxiter : 1000
     n_liouville_read_from_file : 0
     trev_liouville : 1e-08
     trev_liouville_rel : 1e-06
     n_lanczos : 1000
     n_steps_write_restart : 100
     wbse_ipol : XX
     l_dipole_realspace : False
     wbse_epsinfty : 1.0
     spin_excitation : S
     l_preconditioning : True
     l_pre_shift : False
     l_spin_flip : False
     l_spin_flip_kernel : False
     l_spin_flip_alda0 : False
     l_print_spin_flip_kernel : False
     spin_flip_cut1 : 1000.0
     l_reduce_io : True
     l_minimize_exx_if_active : False
     n_exx_lowrank : 2080
     --------------------------------------------------------------------------------------------

     Program WBSE v. 5.4.0 git rev. v5.3.0-109-g00a7e99 starts on 31May2023 at 15:42: 8 

     This program is part of the open-source West suite
     for massively parallel calculations of excited states in materials; please cite
         "M. Govoni et al., J. Chem. Theory Comput. 11, 2680 (2015);
          URL http://www.west-code.org", 
     in publications or presentations arising from this work.

     Based on the Quantum ESPRESSO v. 7.1

     I/O is Little Endian
 
     --------------------------------------------------------------------------------------------
     **MPI** Parallelization Status
     --------------------------------------------------------------------------------------------
                    32                   1             1             4             8
     --------------------------------------------------------------------------------------------
                     N         =         I      X      P      X      B      X      Z
                     ^                   ^             ^             ^             ^
                     |                   |             |             |             |
                   #rnk                  |             |             |             |
                                      #image           |             |             |
                                                     #pool           |             |
                                                                   #bgrp           |
                                                                                 #R&G
     --------------------------------------------------------------------------------------------
     #prc =           32
     --------------------------------------------------------------------------------------------

     GPU acceleration enabled

     Reading xml data from directory:

     ./pwscf.save/
     EXX fraction changed:   0.36
     EXX Screening parameter changed:    0.0000000

     IMPORTANT: XC functional enforced from input :
     Exchange-correlation= PBE0
                           (   6   4   8   4   0   0   0)
     EXX-fraction              =        0.36
     Any further DFT definition will be discarded
     Please, verify this is what you really want

 
     Parallelization info
     --------------------
     sticks:   dense  smooth     PW     G-vecs:    dense   smooth      PW
     Min        2393    2393    597               249318   249318   31134
     Max        2398    2398    600               249322   249322   31140
     Sum       19157   19157   4785              1994569  1994569  249087
 
     Using Slab Decomposition
 
       ** WARNING : EXX-use_ace          = T
       ** WARNING : EXX-alpha            =       0.360000
       ** WARNING : EXX-erfc_scrlen      =       0.000000
       ** WARNING : EXX-gau_scrlen       =       0.000000
       ** WARNING : EXX-ecutfock         =     240.000000
       ** WARNING : EXX-exxdiv_treatment = gb            
     EXX: q-point mesh:     1    1    1
     EXX: grid of k+q points same as grid of k-points
     EXX: initializing ACE and reading from file
 ACE potential read for          2080 bands
     Starting ACE correctly read from file
       ** WARNING : EXX-exxdiv           =   -4879.033960
 
     --------------------------------------------------------------------------------------------
     System Overview
     --------------------------------------------------------------------------------------------
     gamma_only           =              T
     ecutwfc [Ry]         =      60.000000
     ecutrho [Ry]         =     240.000000
     omega [au^3]         =   3.177010E+04
     nbnd                 =           2080
     nkstot               =              1
     nspin                =              1
     nelec                =    4090.000000
     npol                 =              1
     lsda                 =              F
     noncolin             =              F
     lspinorb             =              F
     --------------------------------------------------------------------------------------------

     3DFFT grid
        s : ( 160, 160, 160)
        p : ( 160, 160, 160)

     Direct Lattice Cell [a.u.]
        a1 = (    31.6718098     0.0000000     0.0000000)
        a2 = (     0.0000000    31.6718098     0.0000000)
        a3 = (     0.0000000     0.0000000    31.6718098)

     Reciprocal Lattice Cell [a.u.]
        b1 = (     0.1983842     0.0000000     0.0000000)
        b2 = (     0.0000000     0.1983842     0.0000000)
        b3 = (     0.0000000     0.0000000     0.1983842)
      

     Brillouin Zone sampling [cryst. coord.]
 
        k(000001) = (     0.0000000     0.0000000     0.0000000)
     Divergence =   1.535731E-01

     Macroscopic dielectric constant correction:  0.00000

     Reading overlap and rotation matrices from ./pwscf.wbse_init.save/o_and_u.1.dat
 
     --------------------------------------------------------------------------------------------
     Parallelization for nvecx
     --------------------------------------------------------------------------------------------
     nglob                =             32
     nlevel               =              1
     Min nglob/nlevel     =             32
     Max nglob/nlevel     =             32
     --------------------------------------------------------------------------------------------
 
     --------------------------------------------------------------------------------------------
     Parallelization for nbndval
     --------------------------------------------------------------------------------------------
     nglob                =           2045
     nlevel               =              4
     Min nglob/nlevel     =            511
     Max nglob/nlevel     =            512
     --------------------------------------------------------------------------------------------

     [MEM] ----------------------------------------------------------
     [MEM] **Memory** analysis: QE
     [MEM] ----------------------------------------------------------
     [MEM] Allocated arrays           est. size (Mb)     dimensions
     [MEM] ----------------------------------------------------------
     [MEM] Kohn-Sham Wavefunctions     494.13 Mb     (  15569, 2080)
     [MEM] NL pseudopotentials         971.16 Mb     (  15569, 4088)
     [MEM] Each V/rho on FFT grid        7.81 Mb     ( 512000)
     [MEM] Each G-vector array           0.95 Mb     ( 124661)
     [MEM] G-vector shells               0.04 Mb     (   4998)
     [MEM] ----------------------------------------------------------
     [MEM] Total estimate             1474.10 Mb
     [MEM] ----------------------------------------------------------
     [MEM]
     [MEM] ----------------------------------------------------------
     [MEM] **Memory** analysis: WBSE global
     [MEM] ----------------------------------------------------------
     [MEM] Allocated arrays           est. size (Mb)     dimensions
     [MEM] ----------------------------------------------------------
     [MEM] dvg_exc                    3892.25 Mb     (  15569,  512,   32)
     [MEM] dng_exc                    3892.25 Mb     (  15569,  512,   32)
     [MEM] hr_distr                      0.01 Mb     (     32,   32)
     [MEM] vr_distr                      0.01 Mb     (     32,   32)
     [MEM] ----------------------------------------------------------
     [MEM] Total estimate             7784.52 Mb
     [MEM] ----------------------------------------------------------
     [MEM] 
     [MEM] ----------------------------------------------------------
     [MEM] **Memory** analysis: WBSE temporary
     [MEM] ----------------------------------------------------------
     [MEM] Allocated arrays           est. size (Mb)     dimensions
     [MEM] ----------------------------------------------------------
     [MEM] dvpsi                       121.63 Mb     (  15569,  512)
     [MEM] dpsi                        121.63 Mb     (  15569,  512)
     [MEM] Liouville workspace         243.27 Mb     (  15569, 1024)
     [MEM] kernel                      971.64 Mb     (  15569, 4090)
     [MEM] ----------------------------------------------------------
     [MEM] Total estimate             1458.17 Mb
     [MEM] ----------------------------------------------------------
 
     Using lowest energy electron-hole pairs as initial guess

                       *----------*              *----------*               *----------*
     #     Iteration = | starting |   WBSE_dim = |        4 |   Diago_dim = |        4 |
                       *----------*              *----------*               *----------*
     s-DIAGOX done in < 00.1s with cuSOLVER
     --------------------------------------------------------------------------------------------
 
        0.31395   0.39118   0.39118   0.39118
 
     --------------------------------------------------------------------------------------------
     Tot. elapsed time 47.0s,  time spent in last iteration 47.0s
     --------------------------------------------------------------------------------------------

                       *----------*              *----------*               *----------*
     #     Iteration = |        1 |   WBSE_dim = |        4 |   Diago_dim = |        8 |
                       *----------*              *----------*               *----------*
     s-DIAGOX done in < 00.1s with cuSOLVER
     --------------------------------------------------------------------------------------------
     Max diff =  0.577E-02
 
        0.31275   0.38541   0.38541   0.38541
 
     --------------------------------------------------------------------------------------------
     Tot. elapsed time 01m-21.4s,  time spent in last iteration 34.3s
     --------------------------------------------------------------------------------------------

                       *----------*              *----------*               *----------*
     #     Iteration = |        2 |   WBSE_dim = |        4 |   Diago_dim = |       12 |
                       *----------*              *----------*               *----------*
     s-DIAGOX done in < 00.1s with cuSOLVER
     --------------------------------------------------------------------------------------------
     Max diff =  0.855E-03
 
        0.31252   0.38456   0.38456   0.38456
 
     --------------------------------------------------------------------------------------------
     Tot. elapsed time 01m-56.1s,  time spent in last iteration 34.6s
     --------------------------------------------------------------------------------------------

                       *----------*              *----------*               *----------*
     #     Iteration = |        3 |   WBSE_dim = |        4 |   Diago_dim = |       16 |
                       *----------*              *----------*               *----------*
     s-DIAGOX done in < 00.1s with cuSOLVER
     --------------------------------------------------------------------------------------------
     Max diff =  0.512E-03
 
        0.31229   0.38405   0.38405   0.38405
 
     --------------------------------------------------------------------------------------------
     Tot. elapsed time 02m-30.8s,  time spent in last iteration 34.6s
     --------------------------------------------------------------------------------------------

                       *----------*              *----------*               *----------*
     #     Iteration = |        4 |   WBSE_dim = |        4 |   Diago_dim = |       20 |
                       *----------*              *----------*               *----------*
     s-DIAGOX done in < 00.1s with cuSOLVER
     --------------------------------------------------------------------------------------------
     Max diff =  0.585E-03
 
        0.31207   0.38346   0.38346   0.38346
 
     --------------------------------------------------------------------------------------------
     Tot. elapsed time 03m-05.0s,  time spent in last iteration 34.2s
     --------------------------------------------------------------------------------------------

                       *----------*              *----------*               *----------*
     #     Iteration = |        5 |   WBSE_dim = |        4 |   Diago_dim = |       24 |
                       *----------*              *----------*               *----------*
     s-DIAGOX done in < 00.1s with cuSOLVER
     --------------------------------------------------------------------------------------------
     Max diff =  0.615E-03
 
        0.31182   0.38285   0.38285   0.38285
 
     --------------------------------------------------------------------------------------------
     Tot. elapsed time 03m-39.9s,  time spent in last iteration 34.8s
     --------------------------------------------------------------------------------------------

                       *----------*              *----------*               *----------*
     #     Iteration = |        6 |   WBSE_dim = |        4 |   Diago_dim = |       28 |
                       *----------*              *----------*               *----------*
     s-DIAGOX done in < 00.1s with cuSOLVER
     --------------------------------------------------------------------------------------------
     Max diff =  0.584E-03
 
        0.31165   0.38226   0.38226   0.38226
 
     --------------------------------------------------------------------------------------------
     Tot. elapsed time 04m-14.9s,  time spent in last iteration 35.0s
     --------------------------------------------------------------------------------------------

                       *----------*              *----------*               *----------*
     #     Iteration = |        7 |   WBSE_dim = |        4 |   Diago_dim = |       32 |
                       *----------*              *----------*               *----------*
     s-DIAGOX done in < 00.1s with cuSOLVER
     --------------------------------------------------------------------------------------------
     Max diff =  0.785E-03
 
        0.31149   0.38148   0.38148   0.38148
 
     --------------------------------------------------------------------------------------------
     Tot. elapsed time 04m-50.1s,  time spent in last iteration 35.1s
     --------------------------------------------------------------------------------------------

       Refresh the basis set

                       *----------*              *----------*               *----------*
     #     Iteration = |        8 |   WBSE_dim = |        4 |   Diago_dim = |        8 |
                       *----------*              *----------*               *----------*
     s-DIAGOX done in < 00.1s with cuSOLVER
     --------------------------------------------------------------------------------------------
     Max diff =  0.377E-03
 
        0.31143   0.38110   0.38110   0.38110
 
     --------------------------------------------------------------------------------------------
     Tot. elapsed time 05m-29.0s,  time spent in last iteration 34.5s
     --------------------------------------------------------------------------------------------

                       *----------*              *----------*               *----------*
     #     Iteration = |        9 |   WBSE_dim = |        4 |   Diago_dim = |       12 |
                       *----------*              *----------*               *----------*
     s-DIAGOX done in < 00.1s with cuSOLVER
     --------------------------------------------------------------------------------------------
     Max diff =  0.317E-03
 
        0.31139   0.38078   0.38079   0.38079
 
     --------------------------------------------------------------------------------------------
     Tot. elapsed time 06m-03.4s,  time spent in last iteration 34.4s
     --------------------------------------------------------------------------------------------

                       *----------*              *----------*               *----------*
     #     Iteration = |       10 |   WBSE_dim = |        4 |   Diago_dim = |       16 |
                       *----------*              *----------*               *----------*
     s-DIAGOX done in < 00.1s with cuSOLVER
     --------------------------------------------------------------------------------------------
     Max diff =  0.286E-03
 
        0.31135   0.38050   0.38050   0.38050
 
     --------------------------------------------------------------------------------------------
     Tot. elapsed time 06m-38.0s,  time spent in last iteration 34.5s
     --------------------------------------------------------------------------------------------

                       *----------*              *----------*               *----------*
     #     Iteration = |       11 |   WBSE_dim = |        4 |   Diago_dim = |       20 |
                       *----------*              *----------*               *----------*
     s-DIAGOX done in < 00.1s with cuSOLVER
     --------------------------------------------------------------------------------------------
     Max diff =  0.242E-03
 
        0.31133   0.38026   0.38026   0.38026
 
     --------------------------------------------------------------------------------------------
     Tot. elapsed time 07m-12.6s,  time spent in last iteration 34.6s
     --------------------------------------------------------------------------------------------

                       *----------*              *----------*               *----------*
     #     Iteration = |       12 |   WBSE_dim = |        4 |   Diago_dim = |       24 |
                       *----------*              *----------*               *----------*
     s-DIAGOX done in < 00.1s with cuSOLVER
     --------------------------------------------------------------------------------------------
     Max diff =  0.190E-03
 
        0.31132   0.38007   0.38007   0.38007
 
     --------------------------------------------------------------------------------------------
     Tot. elapsed time 07m-47.3s,  time spent in last iteration 34.6s
     --------------------------------------------------------------------------------------------

                       *----------*              *----------*               *----------*
     #     Iteration = |       13 |   WBSE_dim = |        4 |   Diago_dim = |       28 |
                       *----------*              *----------*               *----------*
     s-DIAGOX done in < 00.1s with cuSOLVER
     --------------------------------------------------------------------------------------------
     Max diff =  0.175E-03
 
        0.31131   0.37989   0.37989   0.37989
 
     --------------------------------------------------------------------------------------------
     Tot. elapsed time 08m-22.0s,  time spent in last iteration 34.6s
     --------------------------------------------------------------------------------------------

                       *----------*              *----------*               *----------*
     #     Iteration = |       14 |   WBSE_dim = |        4 |   Diago_dim = |       32 |
                       *----------*              *----------*               *----------*
     s-DIAGOX done in < 00.1s with cuSOLVER
     --------------------------------------------------------------------------------------------
     Max diff =  0.215E-03
 
        0.31131   0.37968   0.37968   0.37968
 
     --------------------------------------------------------------------------------------------
     Tot. elapsed time 08m-56.9s,  time spent in last iteration 34.9s
     --------------------------------------------------------------------------------------------

       Refresh the basis set

                       *----------*              *----------*               *----------*
     #     Iteration = |       15 |   WBSE_dim = |        4 |   Diago_dim = |        8 |
                       *----------*              *----------*               *----------*
     s-DIAGOX done in < 00.1s with cuSOLVER
     --------------------------------------------------------------------------------------------
     Max diff =  0.118E-03
 
        0.31130   0.37956   0.37956   0.37956
 
     --------------------------------------------------------------------------------------------
     Tot. elapsed time 09m-35.8s,  time spent in last iteration 34.5s
     --------------------------------------------------------------------------------------------

                       *----------*              *----------*               *----------*
     #     Iteration = |       16 |   WBSE_dim = |        4 |   Diago_dim = |       12 |
                       *----------*              *----------*               *----------*
     s-DIAGOX done in < 00.1s with cuSOLVER
     --------------------------------------------------------------------------------------------
     Max diff =  0.104E-03
 
        0.31130   0.37945   0.37946   0.37946
 
     --------------------------------------------------------------------------------------------
     Tot. elapsed time 10m-10.4s,  time spent in last iteration 34.6s
     --------------------------------------------------------------------------------------------

                       *----------*              *----------*               *----------*
     #     Iteration = |       17 |   WBSE_dim = |        4 |   Diago_dim = |       16 |
                       *----------*              *----------*               *----------*
     s-DIAGOX done in < 00.1s with cuSOLVER
     --------------------------------------------------------------------------------------------
     Max diff =  0.102E-03
 
        0.31129   0.37935   0.37935   0.37935
 
     --------------------------------------------------------------------------------------------
     Tot. elapsed time 10m-45.3s,  time spent in last iteration 34.8s
     --------------------------------------------------------------------------------------------

                       *----------*              *----------*               *----------*
     #     Iteration = |       18 |   WBSE_dim = |        4 |   Diago_dim = |       20 |
                       *----------*              *----------*               *----------*
     s-DIAGOX done in < 00.1s with cuSOLVER
     --------------------------------------------------------------------------------------------
     Max diff =  0.880E-04
 
        0.31129   0.37926   0.37927   0.37927
 
     --------------------------------------------------------------------------------------------
     Tot. elapsed time 11m-20.1s,  time spent in last iteration 34.8s
     --------------------------------------------------------------------------------------------

                       *----------*              *----------*               *----------*
     #     Iteration = |       19 |   WBSE_dim = |        4 |   Diago_dim = |       24 |
                       *----------*              *----------*               *----------*
     s-DIAGOX done in < 00.1s with cuSOLVER
     --------------------------------------------------------------------------------------------
     Max diff =  0.995E-04
 
        0.31128   0.37917   0.37917   0.37917
 
     --------------------------------------------------------------------------------------------
     Tot. elapsed time 11m-54.8s,  time spent in last iteration 34.6s
     --------------------------------------------------------------------------------------------

                       *----------*              *----------*               *----------*
     #     Iteration = |       20 |   WBSE_dim = |        4 |   Diago_dim = |       28 |
                       *----------*              *----------*               *----------*
     s-DIAGOX done in < 00.1s with cuSOLVER
     --------------------------------------------------------------------------------------------
     Max diff =  0.861E-04
 
        0.31128   0.37908   0.37908   0.37908
 
     --------------------------------------------------------------------------------------------
     Tot. elapsed time 12m-30.0s,  time spent in last iteration 35.2s
     --------------------------------------------------------------------------------------------

                       *----------*              *----------*               *----------*
     #     Iteration = |       21 |   WBSE_dim = |        4 |   Diago_dim = |       32 |
                       *----------*              *----------*               *----------*
     s-DIAGOX done in < 00.1s with cuSOLVER
     --------------------------------------------------------------------------------------------
     Max diff =  0.637E-04
 
        0.31128   0.37902   0.37902   0.37902
 
     --------------------------------------------------------------------------------------------
     Tot. elapsed time 13m-05.0s,  time spent in last iteration 34.9s
     --------------------------------------------------------------------------------------------

       Refresh the basis set

                       *----------*              *----------*               *----------*
     #     Iteration = |       22 |   WBSE_dim = |        4 |   Diago_dim = |        8 |
                       *----------*              *----------*               *----------*
     s-DIAGOX done in < 00.1s with cuSOLVER
     --------------------------------------------------------------------------------------------
     Max diff =  0.451E-04
 
        0.31128   0.37897   0.37897   0.37897
 
     --------------------------------------------------------------------------------------------
     Tot. elapsed time 13m-43.7s,  time spent in last iteration 34.4s
     --------------------------------------------------------------------------------------------

                       *----------*              *----------*               *----------*
     #     Iteration = |       23 |   WBSE_dim = |        4 |   Diago_dim = |       12 |
                       *----------*              *----------*               *----------*
     s-DIAGOX done in < 00.1s with cuSOLVER
     --------------------------------------------------------------------------------------------
     Max diff =  0.510E-04
 
        0.31128   0.37892   0.37892   0.37892
 
     --------------------------------------------------------------------------------------------
     Tot. elapsed time 14m-18.4s,  time spent in last iteration 34.6s
     --------------------------------------------------------------------------------------------

                       *----------*              *----------*               *----------*
     #     Iteration = |       24 |   WBSE_dim = |        4 |   Diago_dim = |       16 |
                       *----------*              *----------*               *----------*
     s-DIAGOX done in < 00.1s with cuSOLVER
     --------------------------------------------------------------------------------------------
     Max diff =  0.479E-04
 
        0.31128   0.37887   0.37887   0.37887
 
     --------------------------------------------------------------------------------------------
     Tot. elapsed time 14m-53.3s,  time spent in last iteration 34.8s
     --------------------------------------------------------------------------------------------

                       *----------*              *----------*               *----------*
     #     Iteration = |       25 |   WBSE_dim = |        4 |   Diago_dim = |       20 |
                       *----------*              *----------*               *----------*
     s-DIAGOX done in < 00.1s with cuSOLVER
     --------------------------------------------------------------------------------------------
     Max diff =  0.334E-04
 
        0.31128   0.37884   0.37884   0.37884
 
     --------------------------------------------------------------------------------------------
     Tot. elapsed time 15m-28.0s,  time spent in last iteration 34.7s
     --------------------------------------------------------------------------------------------

                       *----------*              *----------*               *----------*
     #     Iteration = |       26 |   WBSE_dim = |        4 |   Diago_dim = |       24 |
                       *----------*              *----------*               *----------*
     s-DIAGOX done in < 00.1s with cuSOLVER
     --------------------------------------------------------------------------------------------
     Max diff =  0.314E-04
 
        0.31128   0.37881   0.37881   0.37881
 
     --------------------------------------------------------------------------------------------
     Tot. elapsed time 16m-02.7s,  time spent in last iteration 34.6s
     --------------------------------------------------------------------------------------------

                       *----------*              *----------*               *----------*
     #     Iteration = |       27 |   WBSE_dim = |        4 |   Diago_dim = |       28 |
                       *----------*              *----------*               *----------*
     s-DIAGOX done in < 00.1s with cuSOLVER
     --------------------------------------------------------------------------------------------
     Max diff =  0.270E-04
 
        0.31128   0.37878   0.37878   0.37878
 
     --------------------------------------------------------------------------------------------
     Tot. elapsed time 16m-37.8s,  time spent in last iteration 35.0s
     --------------------------------------------------------------------------------------------

                       *----------*              *----------*               *----------*
     #     Iteration = |       28 |   WBSE_dim = |        4 |   Diago_dim = |       32 |
                       *----------*              *----------*               *----------*
     s-DIAGOX done in < 00.1s with cuSOLVER
     --------------------------------------------------------------------------------------------
     Max diff =  0.229E-04
 
        0.31128   0.37876   0.37876   0.37876
 
     --------------------------------------------------------------------------------------------
     Tot. elapsed time 17m-12.7s,  time spent in last iteration 34.9s
     --------------------------------------------------------------------------------------------

       Refresh the basis set

                       *----------*              *----------*               *----------*
     #     Iteration = |       29 |   WBSE_dim = |        4 |   Diago_dim = |        8 |
                       *----------*              *----------*               *----------*
     s-DIAGOX done in < 00.1s with cuSOLVER
     --------------------------------------------------------------------------------------------
     Max diff =  0.178E-04
 
        0.31128   0.37874   0.37874   0.37874
 
     --------------------------------------------------------------------------------------------
     Tot. elapsed time 17m-51.9s,  time spent in last iteration 34.8s
     --------------------------------------------------------------------------------------------

                       *----------*              *----------*               *----------*
     #     Iteration = |       30 |   WBSE_dim = |        4 |   Diago_dim = |       12 |
                       *----------*              *----------*               *----------*
     s-DIAGOX done in < 00.1s with cuSOLVER
     --------------------------------------------------------------------------------------------
     Max diff =  0.172E-04
 
        0.31128   0.37872   0.37872   0.37872
 
     --------------------------------------------------------------------------------------------
     Tot. elapsed time 18m-26.4s,  time spent in last iteration 34.4s
     --------------------------------------------------------------------------------------------

                       *----------*              *----------*               *----------*
     #     Iteration = |       31 |   WBSE_dim = |        4 |   Diago_dim = |       16 |
                       *----------*              *----------*               *----------*
     s-DIAGOX done in < 00.1s with cuSOLVER
     --------------------------------------------------------------------------------------------
     Max diff =  0.160E-04
 
        0.31128   0.37871   0.37871   0.37871
 
     --------------------------------------------------------------------------------------------
     Tot. elapsed time 19m-01.0s,  time spent in last iteration 34.5s
     --------------------------------------------------------------------------------------------

                       *----------*              *----------*               *----------*
     #     Iteration = |       32 |   WBSE_dim = |        4 |   Diago_dim = |       20 |
                       *----------*              *----------*               *----------*
     s-DIAGOX done in < 00.1s with cuSOLVER
     --------------------------------------------------------------------------------------------
     Max diff =  0.141E-04
 
        0.31128   0.37869   0.37869   0.37869
 
     --------------------------------------------------------------------------------------------
     Tot. elapsed time 19m-35.7s,  time spent in last iteration 34.7s
     --------------------------------------------------------------------------------------------

                       *----------*              *----------*               *----------*
     #     Iteration = |       33 |   WBSE_dim = |        4 |   Diago_dim = |       24 |
                       *----------*              *----------*               *----------*
     s-DIAGOX done in < 00.1s with cuSOLVER
     --------------------------------------------------------------------------------------------
     Max diff =  0.158E-04
 
        0.31127   0.37868   0.37868   0.37868
 
     --------------------------------------------------------------------------------------------
     Tot. elapsed time 20m-10.4s,  time spent in last iteration 34.7s
     --------------------------------------------------------------------------------------------

                       *----------*              *----------*               *----------*
     #     Iteration = |       34 |   WBSE_dim = |        4 |   Diago_dim = |       28 |
                       *----------*              *----------*               *----------*
     s-DIAGOX done in < 00.1s with cuSOLVER
     --------------------------------------------------------------------------------------------
     Max diff =  0.131E-04
 
        0.31127   0.37866   0.37866   0.37866
 
     --------------------------------------------------------------------------------------------
     Tot. elapsed time 20m-45.4s,  time spent in last iteration 34.9s
     --------------------------------------------------------------------------------------------

                       *----------*              *----------*               *----------*
     #     Iteration = |       35 |   WBSE_dim = |        4 |   Diago_dim = |       32 |
                       *----------*              *----------*               *----------*
     s-DIAGOX done in < 00.1s with cuSOLVER
     --------------------------------------------------------------------------------------------
     Max diff =  0.898E-05
 
        0.31127   0.37865   0.37865   0.37865
 
     --------------------------------------------------------------------------------------------
     Tot. elapsed time 21m-20.4s,  time spent in last iteration 34.9s
     --------------------------------------------------------------------------------------------

       Refresh the basis set

                       *----------*              *----------*               *----------*
     #     Iteration = |       36 |   WBSE_dim = |        4 |   Diago_dim = |        8 |
                       *----------*              *----------*               *----------*
     s-DIAGOX done in < 00.1s with cuSOLVER
     --------------------------------------------------------------------------------------------
     Max diff =  0.727E-05
 
        0.31127   0.37865   0.37865   0.37865
 
     --------------------------------------------------------------------------------------------
     Tot. elapsed time 21m-59.2s,  time spent in last iteration 34.4s
     --------------------------------------------------------------------------------------------

                       *----------*              *----------*               *----------*
     #     Iteration = |       37 |   WBSE_dim = |        4 |   Diago_dim = |       12 |
                       *----------*              *----------*               *----------*
     s-DIAGOX done in < 00.1s with cuSOLVER
     --------------------------------------------------------------------------------------------
     Max diff =  0.838E-05
 
        0.31127   0.37864   0.37864   0.37864
 
     --------------------------------------------------------------------------------------------
     Tot. elapsed time 22m-33.9s,  time spent in last iteration 34.7s
     --------------------------------------------------------------------------------------------

                       *----------*              *----------*               *----------*
     #     Iteration = |       38 |   WBSE_dim = |        4 |   Diago_dim = |       16 |
                       *----------*              *----------*               *----------*
     s-DIAGOX done in < 00.1s with cuSOLVER
     --------------------------------------------------------------------------------------------
     Max diff =  0.758E-05
 
        0.31127   0.37863   0.37863   0.37863
 
     --------------------------------------------------------------------------------------------
     Tot. elapsed time 23m-08.4s,  time spent in last iteration 34.5s
     --------------------------------------------------------------------------------------------

                       *----------*              *----------*               *----------*
     #     Iteration = |       39 |   WBSE_dim = |        4 |   Diago_dim = |       20 |
                       *----------*              *----------*               *----------*
     s-DIAGOX done in < 00.1s with cuSOLVER
     --------------------------------------------------------------------------------------------
     Max diff =  0.547E-05
 
        0.31127   0.37863   0.37863   0.37863
 
     --------------------------------------------------------------------------------------------
     Tot. elapsed time 23m-43.5s,  time spent in last iteration 35.0s
     --------------------------------------------------------------------------------------------

                       *----------*              *----------*               *----------*
     #     Iteration = |       40 |   WBSE_dim = |        4 |   Diago_dim = |       24 |
                       *----------*              *----------*               *----------*
     s-DIAGOX done in < 00.1s with cuSOLVER
     --------------------------------------------------------------------------------------------
     Max diff =  0.497E-05
 
        0.31127   0.37862   0.37862   0.37862
 
     --------------------------------------------------------------------------------------------
     Tot. elapsed time 24m-18.5s,  time spent in last iteration 34.9s
     --------------------------------------------------------------------------------------------

                       *----------*              *----------*               *----------*
     #     Iteration = |       41 |   WBSE_dim = |        3 |   Diago_dim = |       27 |
                       *----------*              *----------*               *----------*
     s-DIAGOX done in < 00.1s with cuSOLVER
     --------------------------------------------------------------------------------------------
     Max diff =  0.430E-05
 
        0.31127   0.37862   0.37862   0.37862
 
     --------------------------------------------------------------------------------------------
     Tot. elapsed time 24m-46.6s,  time spent in last iteration 28.1s
     --------------------------------------------------------------------------------------------

                       *----------*              *----------*               *----------*
     #     Iteration = |       42 |   WBSE_dim = |        3 |   Diago_dim = |       30 |
                       *----------*              *----------*               *----------*
     s-DIAGOX done in < 00.1s with cuSOLVER
     --------------------------------------------------------------------------------------------
     Max diff =  0.357E-05
 
        0.31127   0.37861   0.37861   0.37861
 
     --------------------------------------------------------------------------------------------
     Tot. elapsed time 25m-14.9s,  time spent in last iteration 28.2s
     --------------------------------------------------------------------------------------------

       Refresh the basis set

                       *----------*              *----------*               *----------*
     #     Iteration = |       43 |   WBSE_dim = |        3 |   Diago_dim = |        7 |
                       *----------*              *----------*               *----------*
     s-DIAGOX done in < 00.1s with cuSOLVER
     --------------------------------------------------------------------------------------------
     Max diff =  0.295E-05
 
        0.31127   0.37861   0.37861   0.37861
 
     --------------------------------------------------------------------------------------------
     Tot. elapsed time 25m-47.0s,  time spent in last iteration 27.7s
     --------------------------------------------------------------------------------------------

                       *----------*              *----------*               *----------*
     #     Iteration = |       44 |   WBSE_dim = |        3 |   Diago_dim = |       10 |
                       *----------*              *----------*               *----------*
     s-DIAGOX done in < 00.1s with cuSOLVER
     --------------------------------------------------------------------------------------------
     Max diff =  0.284E-05
 
        0.31127   0.37861   0.37861   0.37861
 
     --------------------------------------------------------------------------------------------
     Tot. elapsed time 26m-14.6s,  time spent in last iteration 27.6s
     --------------------------------------------------------------------------------------------

                       *----------*              *----------*               *----------*
     #     Iteration = |       45 |   WBSE_dim = |        3 |   Diago_dim = |       13 |
                       *----------*              *----------*               *----------*
     s-DIAGOX done in < 00.1s with cuSOLVER
     --------------------------------------------------------------------------------------------
     Max diff =  0.260E-05
 
        0.31127   0.37860   0.37860   0.37860
 
     --------------------------------------------------------------------------------------------
     Tot. elapsed time 26m-42.5s,  time spent in last iteration 27.8s
     --------------------------------------------------------------------------------------------

                       *----------*              *----------*               *----------*
     #     Iteration = |       46 |   WBSE_dim = |        3 |   Diago_dim = |       16 |
                       *----------*              *----------*               *----------*
     s-DIAGOX done in < 00.1s with cuSOLVER
     --------------------------------------------------------------------------------------------
     Max diff =  0.235E-05
 
        0.31127   0.37860   0.37860   0.37860
 
     --------------------------------------------------------------------------------------------
     Tot. elapsed time 27m-10.3s,  time spent in last iteration 27.8s
     --------------------------------------------------------------------------------------------

                       *----------*              *----------*               *----------*
     #     Iteration = |       47 |   WBSE_dim = |        3 |   Diago_dim = |       19 |
                       *----------*              *----------*               *----------*
     s-DIAGOX done in < 00.1s with cuSOLVER
     --------------------------------------------------------------------------------------------
     Max diff =  0.253E-05
 
        0.31127   0.37860   0.37860   0.37860
 
     --------------------------------------------------------------------------------------------
     Tot. elapsed time 27m-38.2s,  time spent in last iteration 27.8s
     --------------------------------------------------------------------------------------------

                       *----------*              *----------*               *----------*
     #     Iteration = |       48 |   WBSE_dim = |        3 |   Diago_dim = |       22 |
                       *----------*              *----------*               *----------*
     s-DIAGOX done in < 00.1s with cuSOLVER
     --------------------------------------------------------------------------------------------
     Max diff =  0.213E-05
 
        0.31127   0.37860   0.37860   0.37860
 
     --------------------------------------------------------------------------------------------
     Tot. elapsed time 28m-06.2s,  time spent in last iteration 28.0s
     --------------------------------------------------------------------------------------------

                       *----------*              *----------*               *----------*
     #     Iteration = |       49 |   WBSE_dim = |        3 |   Diago_dim = |       25 |
                       *----------*              *----------*               *----------*
     s-DIAGOX done in < 00.1s with cuSOLVER
     --------------------------------------------------------------------------------------------
     Max diff =  0.145E-05
 
        0.31127   0.37860   0.37860   0.37860
 
     --------------------------------------------------------------------------------------------
     Tot. elapsed time 28m-34.3s,  time spent in last iteration 28.0s
     --------------------------------------------------------------------------------------------

                       *----------*              *----------*               *----------*
     #     Iteration = |       50 |   WBSE_dim = |        3 |   Diago_dim = |       28 |
                       *----------*              *----------*               *----------*
     s-DIAGOX done in < 00.1s with cuSOLVER
     --------------------------------------------------------------------------------------------
     Max diff =  0.760E-05
 
        0.31127   0.37859   0.37859   0.37859
 
     --------------------------------------------------------------------------------------------
     Tot. elapsed time 29m-02.3s,  time spent in last iteration 28.0s
     --------------------------------------------------------------------------------------------

                       *----------*              *----------*               *----------*
     #     Iteration = |       51 |   WBSE_dim = |        3 |   Diago_dim = |       31 |
                       *----------*              *----------*               *----------*
     s-DIAGOX done in < 00.1s with cuSOLVER
     --------------------------------------------------------------------------------------------
     Max diff =  0.208E-05
 
        0.31127   0.37859   0.37859   0.37859
 
     --------------------------------------------------------------------------------------------
     Tot. elapsed time 29m-30.8s,  time spent in last iteration 28.4s
     --------------------------------------------------------------------------------------------

       Refresh the basis set

                       *----------*              *----------*               *----------*
     #     Iteration = |       52 |   WBSE_dim = |        3 |   Diago_dim = |        7 |
                       *----------*              *----------*               *----------*
     s-DIAGOX done in < 00.1s with cuSOLVER
     --------------------------------------------------------------------------------------------
     Max diff =  0.569E-06
 
        0.31127   0.37859   0.37859   0.37859
 
     --------------------------------------------------------------------------------------------
     Tot. elapsed time 30m-02.8s,  time spent in last iteration 27.6s
     --------------------------------------------------------------------------------------------

                       *----------*              *----------*               *----------*
     #     Iteration = |       53 |   WBSE_dim = |        3 |   Diago_dim = |       10 |
                       *----------*              *----------*               *----------*
     s-DIAGOX done in < 00.1s with cuSOLVER
     --------------------------------------------------------------------------------------------
     Max diff =  0.584E-06
 
        0.31127   0.37858   0.37858   0.37859
 
     --------------------------------------------------------------------------------------------
     Tot. elapsed time 30m-30.5s,  time spent in last iteration 27.6s
     --------------------------------------------------------------------------------------------

                       *----------*              *----------*               *----------*
     #     Iteration = |       54 |   WBSE_dim = |        3 |   Diago_dim = |       13 |
                       *----------*              *----------*               *----------*
     s-DIAGOX done in < 00.1s with cuSOLVER
     --------------------------------------------------------------------------------------------
     Max diff =  0.247E-06
 
        0.31127   0.37858   0.37858   0.37859
 
     --------------------------------------------------------------------------------------------
     Tot. elapsed time 30m-58.5s,  time spent in last iteration 27.9s
     --------------------------------------------------------------------------------------------

                       *----------*              *----------*               *----------*
     #     Iteration = |       55 |   WBSE_dim = |        3 |   Diago_dim = |       16 |
                       *----------*              *----------*               *----------*
     s-DIAGOX done in < 00.1s with cuSOLVER
     --------------------------------------------------------------------------------------------
     Max diff =  0.199E-06
 
        0.31127   0.37858   0.37858   0.37859
 
     --------------------------------------------------------------------------------------------
     Tot. elapsed time 31m-26.4s,  time spent in last iteration 27.8s
     --------------------------------------------------------------------------------------------

                       *----------*              *----------*               *----------*
     #     Iteration = |       56 |   WBSE_dim = |        3 |   Diago_dim = |       19 |
                       *----------*              *----------*               *----------*
     s-DIAGOX done in < 00.1s with cuSOLVER
     --------------------------------------------------------------------------------------------
     Max diff =  0.126E-06
 
        0.31127   0.37858   0.37858   0.37859
 
     --------------------------------------------------------------------------------------------
     Tot. elapsed time 31m-54.4s,  time spent in last iteration 28.0s
     --------------------------------------------------------------------------------------------

                       *----------*              *----------*               *----------*
     #     Iteration = |       57 |   WBSE_dim = |        3 |   Diago_dim = |       22 |
                       *----------*              *----------*               *----------*
     s-DIAGOX done in < 00.1s with cuSOLVER
     --------------------------------------------------------------------------------------------
     Max diff =  0.379E-07
 
        0.31127   0.37858   0.37858   0.37858
 
     --------------------------------------------------------------------------------------------
     Tot. elapsed time 32m-22.7s,  time spent in last iteration 28.2s
     --------------------------------------------------------------------------------------------

                       *----------*              *----------*               *----------*
     #     Iteration = |       58 |   WBSE_dim = |        3 |   Diago_dim = |       25 |
                       *----------*              *----------*               *----------*
     s-DIAGOX done in < 00.1s with cuSOLVER
     --------------------------------------------------------------------------------------------
     Max diff =  0.199E-07
 
        0.31127   0.37858   0.37858   0.37858
 
     --------------------------------------------------------------------------------------------
     Tot. elapsed time 32m-51.0s,  time spent in last iteration 28.3s
     --------------------------------------------------------------------------------------------

                       *----------*              *----------*               *----------*
     #     Iteration = |       59 |   WBSE_dim = |        3 |   Diago_dim = |       28 |
                       *----------*              *----------*               *----------*
     s-DIAGOX done in < 00.1s with cuSOLVER
     --------------------------------------------------------------------------------------------
     Max diff =  0.295E-07
 
        0.31127   0.37858   0.37858   0.37858
 
     --------------------------------------------------------------------------------------------
     Tot. elapsed time 33m-19.2s,  time spent in last iteration 28.1s
     --------------------------------------------------------------------------------------------

                       *----------*              *----------*               *----------*
     #     Iteration = |       60 |   WBSE_dim = |        3 |   Diago_dim = |       31 |
                       *----------*              *----------*               *----------*
     s-DIAGOX done in < 00.1s with cuSOLVER
     --------------------------------------------------------------------------------------------
     Max diff =  0.201E-07
 
        0.31127   0.37858   0.37858   0.37858
 
     --------------------------------------------------------------------------------------------
     Tot. elapsed time 33m-47.5s,  time spent in last iteration 28.3s
     --------------------------------------------------------------------------------------------

       Refresh the basis set

                       *----------*              *----------*               *----------*
     #     Iteration = |       61 |   WBSE_dim = |        3 |   Diago_dim = |        7 |
                       *----------*              *----------*               *----------*
     s-DIAGOX done in < 00.1s with cuSOLVER
     --------------------------------------------------------------------------------------------
     Max diff =  0.118E-07
 
        0.31127   0.37858   0.37858   0.37858
 
     --------------------------------------------------------------------------------------------
     Tot. elapsed time 34m-19.7s,  time spent in last iteration 27.8s
     --------------------------------------------------------------------------------------------

                       *----------*              *----------*               *----------*
     #     Iteration = |       62 |   WBSE_dim = |        3 |   Diago_dim = |       10 |
                       *----------*              *----------*               *----------*
     s-DIAGOX done in < 00.1s with cuSOLVER
     --------------------------------------------------------------------------------------------
     Max diff =  0.126E-07
 
        0.31127   0.37858   0.37858   0.37858
 
     --------------------------------------------------------------------------------------------
     Tot. elapsed time 34m-47.5s,  time spent in last iteration 27.7s
     --------------------------------------------------------------------------------------------

                       *----------*              *----------*               *----------*
     #     Iteration = |       63 |   WBSE_dim = |        3 |   Diago_dim = |       13 |
                       *----------*              *----------*               *----------*
     s-DIAGOX done in < 00.1s with cuSOLVER
     --------------------------------------------------------------------------------------------
     Max diff =  0.104E-07
 
        0.31127   0.37858   0.37858   0.37858
 
     --------------------------------------------------------------------------------------------
     Tot. elapsed time 35m-15.3s,  time spent in last iteration 27.7s
     --------------------------------------------------------------------------------------------

                       *----------*              *----------*               *----------*
     #     Iteration = |       64 |   WBSE_dim = |        3 |   Diago_dim = |       16 |
                       *----------*              *----------*               *----------*
     s-DIAGOX done in < 00.1s with cuSOLVER
     --------------------------------------------------------------------------------------------
     Max diff =  0.205E-07
 
        0.31127   0.37858   0.37858   0.37858
 
     --------------------------------------------------------------------------------------------
     Tot. elapsed time 35m-43.1s,  time spent in last iteration 27.8s
     --------------------------------------------------------------------------------------------

                       *----------*              *----------*               *----------*
     #     Iteration = |       65 |   WBSE_dim = |        3 |   Diago_dim = |       19 |
                       *----------*              *----------*               *----------*
     s-DIAGOX done in < 00.1s with cuSOLVER
     --------------------------------------------------------------------------------------------
     Max diff =  0.310E-07
 
        0.31127   0.37858   0.37858   0.37858
 
     --------------------------------------------------------------------------------------------
     Tot. elapsed time 36m-11.0s,  time spent in last iteration 27.9s
     --------------------------------------------------------------------------------------------

                       *----------*              *----------*               *----------*
     #     Iteration = |       66 |   WBSE_dim = |        3 |   Diago_dim = |       22 |
                       *----------*              *----------*               *----------*
     s-DIAGOX done in < 00.1s with cuSOLVER
     --------------------------------------------------------------------------------------------
     Max diff =  0.178E-07
 
        0.31127   0.37858   0.37858   0.37858
 
     --------------------------------------------------------------------------------------------
     Tot. elapsed time 36m-38.9s,  time spent in last iteration 27.8s
     --------------------------------------------------------------------------------------------

                       *----------*              *----------*               *----------*
     #     Iteration = |       67 |   WBSE_dim = |        3 |   Diago_dim = |       25 |
                       *----------*              *----------*               *----------*
     s-DIAGOX done in < 00.1s with cuSOLVER
     --------------------------------------------------------------------------------------------
     Max diff =  0.158E-07
 
        0.31127   0.37858   0.37858   0.37858
 
     --------------------------------------------------------------------------------------------
     Tot. elapsed time 37m-06.9s,  time spent in last iteration 28.0s
     --------------------------------------------------------------------------------------------

                       *----------*              *----------*               *----------*
     #     Iteration = |       68 |   WBSE_dim = |        3 |   Diago_dim = |       28 |
                       *----------*              *----------*               *----------*
     s-DIAGOX done in < 00.1s with cuSOLVER
     --------------------------------------------------------------------------------------------
     Max diff =  0.157E-07
 
        0.31127   0.37858   0.37858   0.37858
 
     --------------------------------------------------------------------------------------------
     Tot. elapsed time 37m-35.1s,  time spent in last iteration 28.1s
     --------------------------------------------------------------------------------------------

                       *----------*              *----------*               *----------*
     #     Iteration = |       69 |   WBSE_dim = |        3 |   Diago_dim = |       31 |
                       *----------*              *----------*               *----------*
     s-DIAGOX done in < 00.1s with cuSOLVER
     --------------------------------------------------------------------------------------------
     Max diff =  0.998E-08
 
        0.31127   0.37858   0.37858   0.37858
 
     --------------------------------------------------------------------------------------------
     Tot. elapsed time 38m-03.2s,  time spent in last iteration 28.1s
     --------------------------------------------------------------------------------------------
 
     --------------------------------------------------------------------------------------------
     SAVE written in 12.0s               
     In location : ./pwscf.wbse.save
     --------------------------------------------------------------------------------------------
 
     --------------------------------------------------------------------------------------------
     Convergence achieved !!! in       69 steps
     --------------------------------------------------------------------------------------------
     WBSE         :  36m12.00s CPU  38m24.21s WALL

     wbse_readin  :      1.20s CPU      1.77s WALL (       1 calls)
     fetch_input  :      0.09s CPU      0.09s WALL (       2 calls)
     fft          :     22.91s CPU     24.50s WALL (    2521 calls)
                                        1.02s GPU  (     509 calls)
     fft_scatter  :      6.69s CPU      7.90s WALL (    2012 calls)
     init_vloc    :      0.03s CPU      0.03s WALL (       2 calls)
     init_us_1    :      0.01s CPU      0.01s WALL (       2 calls)
     v_of_rho     :      0.04s CPU      0.08s WALL (       1 calls)
     v_xc         :      0.03s CPU      0.06s WALL (       1 calls)
     a2a_fw       :    100.71s CPU    101.17s WALL (  779109 calls)
     a2a_bw       :     18.11s CPU     18.30s WALL (  128765 calls)
     v_h          :      0.01s CPU      0.01s WALL (       1 calls)
     do_setup     :      2.49s CPU      3.98s WALL (       1 calls)
     init_pw_ar   :      2.49s CPU      3.97s WALL (       1 calls)
     hinit0       :      0.32s CPU      0.32s WALL (       1 calls)
     davcio       :      0.00s CPU      0.28s WALL (       1 calls)
     exx_grid     :      0.00s CPU      0.00s WALL (       1 calls)
     aceinit0     :      1.04s CPU      1.65s WALL (       1 calls)
     exx_div      :      0.00s CPU      0.00s WALL (       1 calls)
     sqvc_init    :      0.01s CPU      0.01s WALL (       1 calls)
     dv_setup     :      0.02s CPU      0.03s WALL (       1 calls)
     setup_dmuxc  :      0.00s CPU      0.00s WALL (       1 calls)
     setup_dgc    :      0.02s CPU      0.02s WALL (       1 calls)
     chidiago     :   2167.70s CPU   2297.58s WALL (       1 calls)
     vc_init      :      0.03s CPU      0.03s WALL (       1 calls)
     paramgs      :     60.83s CPU     64.30s WALL (      70 calls)
                                       64.30s GPU  (      70 calls)
     apply_lv     :   1673.84s CPU   1711.60s WALL (     251 calls)
                                     1711.59s GPU  (     251 calls)
     calc_dens    :     57.27s CPU     57.49s WALL (     251 calls)
                                       57.49s GPU  (     251 calls)
     fftw         :    375.25s CPU    402.26s WALL (  915397 calls)
                                      394.48s GPU  (  915397 calls)
     dv_drho      :     28.06s CPU     30.72s WALL (     251 calls)
                                       30.72s GPU  (     251 calls)
     init_us_2    :      2.67s CPU      2.91s WALL (     251 calls)
     init_us_2:gp :      2.67s CPU      2.91s WALL (     251 calls)
     h_psi        :   1058.64s CPU   1080.34s WALL (     251 calls)
                                     1080.34s GPU  (     251 calls)
     h_psi:pot    :     41.76s CPU     42.16s WALL (     251 calls)
                                       42.16s GPU  (     251 calls)
     vloc_psi     :     34.50s CPU     34.66s WALL (     251 calls)
                                       34.66s GPU  (     251 calls)
     A2A          :     26.90s CPU     26.95s WALL (   32128 calls)
     h_psi:calbec :      4.79s CPU      5.05s WALL (     251 calls)
                                        5.04s GPU  (     251 calls)
     calbec       :    336.27s CPU    336.54s WALL (     502 calls)
     add_vuspsi   :      0.61s CPU      2.45s WALL (     251 calls)
                                        2.45s GPU  (     251 calls)
     vexxace      :   1011.81s CPU   1014.17s WALL (     251 calls)
     matcalc      :    331.53s CPU    331.54s WALL (     251 calls)
     bse_kernel   :    462.61s CPU    477.03s WALL (     251 calls)
                                      477.02s GPU  (     251 calls)
     pdep_read    :      1.66s CPU     12.90s WALL (    2102 calls)
     alphapc      :      8.24s CPU     10.20s WALL (     498 calls)
                                       10.19s GPU  (     498 calls)
     build_hr     :    114.10s CPU    131.96s WALL (      70 calls)
                                      131.96s GPU  (      70 calls)
     diagox       :      0.03s CPU      0.03s WALL (      70 calls)
     redistr_vr   :      0.22s CPU      0.22s WALL (      69 calls)
     update_vr    :    220.53s CPU    255.41s WALL (      69 calls)
                                      255.41s GPU  (      69 calls)
     precd_ag     :     43.99s CPU     43.99s WALL (      69 calls)
                                       43.99s GPU  (      69 calls)
     chidiago:las :     30.52s CPU     34.35s WALL (       9 calls)
     refresh_vr   :     32.49s CPU     36.49s WALL (      17 calls)
                                       36.49s GPU  (      17 calls)
     plep_db      :      4.23s CPU     12.07s WALL (       1 calls)
     plep_write   :      3.76s CPU     11.48s WALL (       4 calls)
 
     WBSE         :  36m12.01s CPU  38m24.22s WALL

 
   This run was terminated on:  16:20:32  31May2023            

=------------------------------------------------------------------------------=
   JOB DONE.
=------------------------------------------------------------------------------=
[CRAYBLAS_WARNING] Application linked against multiple cray-libsci libraries
[CRAYBLAS_WARNING] Application linked against multiple cray-libsci libraries
[CRAYBLAS_WARNING] Application linked against multiple cray-libsci libraries
[CRAYBLAS_WARNING] Application linked against multiple cray-libsci libraries
[CRAYBLAS_WARNING] Application linked against multiple cray-libsci libraries
[CRAYBLAS_WARNING] Application linked against multiple cray-libsci libraries
[CRAYBLAS_WARNING] Application linked against multiple cray-libsci libraries
[CRAYBLAS_WARNING] Application linked against multiple cray-libsci libraries
[CRAYBLAS_WARNING] Application linked against multiple cray-libsci libraries
[CRAYBLAS_WARNING] Application linked against multiple cray-libsci libraries
[CRAYBLAS_WARNING] Application linked against multiple cray-libsci libraries
[CRAYBLAS_WARNING] Application linked against multiple cray-libsci libraries
[CRAYBLAS_WARNING] Application linked against multiple cray-libsci libraries
[CRAYBLAS_WARNING] Application linked against multiple cray-libsci libraries
[CRAYBLAS_WARNING] Application linked against multiple cray-libsci libraries
[CRAYBLAS_WARNING] Application linked against multiple cray-libsci libraries
[CRAYBLAS_WARNING] Application linked against multiple cray-libsci libraries
[CRAYBLAS_WARNING] Application linked against multiple cray-libsci libraries
[CRAYBLAS_WARNING] Application linked against multiple cray-libsci libraries
[CRAYBLAS_WARNING] Application linked against multiple cray-libsci libraries
[CRAYBLAS_WARNING] Application linked against multiple cray-libsci libraries
[CRAYBLAS_WARNING] Application linked against multiple cray-libsci libraries
[CRAYBLAS_WARNING] Application linked against multiple cray-libsci libraries
[CRAYBLAS_WARNING] Application linked against multiple cray-libsci libraries
[CRAYBLAS_WARNING] Application linked against multiple cray-libsci libraries
[CRAYBLAS_WARNING] Application linked against multiple cray-libsci libraries
[CRAYBLAS_WARNING] Application linked against multiple cray-libsci libraries
[CRAYBLAS_WARNING] Application linked against multiple cray-libsci libraries
[CRAYBLAS_WARNING] Application linked against multiple cray-libsci libraries
[CRAYBLAS_WARNING] Application linked against multiple cray-libsci libraries
[CRAYBLAS_WARNING] Application linked against multiple cray-libsci libraries
[CRAYBLAS_WARNING] Application linked against multiple cray-libsci libraries
