
     Program Wbsepp v. 2.0.1 starts on 21Jan2023 at  0:44:47 

     This program is part of the open-source West suite
     for massively parallel calculations of excited states in materials; please cite
         "M. Govoni et al., J. Chem. Theory Comput. 11, 2680 (2015);
          URL http://www.west-code.org", 
     in publications or presentations arising from this work.

     Based on the Quantum ESPRESSO v. 6.1 svn rev. 13369
       
     --------------------------------------------------------------------------------------------
     **MPI** Parallelization Status                                      
     --------------------------------------------------------------------------------------------
                    48                   1             1             1            48
     --------------------------------------------------------------------------------------------
                     N         =         I      X      P      X      B      X      Z
                     ^                   ^             ^             ^             ^
                     |                   |             |             |             |
                   #rnk                  |             |             |             |
                                      #image           |             |             |
                                                     #pool           |             |
                                                                   #bgrp           |
                                                                                 #R&G
     --------------------------------------------------------------------------------------------
     **OPENMP** Parallelization Status
     #thr/rnk               =            1
     --------------------------------------------------------------------------------------------
     #prc = (rnk) * (thr) =           48
     --------------------------------------------------------------------------------------------
       
     --------------------------------------------------------------------------------------------
     I/O Summary : input_west                                            
     --------------------------------------------------------------------------------------------
     qe_prefix               =          pwscf
     west_prefix             =           west
     outdir                  =             ./
     l_load_qbox_wfc         =              F
     qbox_ks_wfc_filename    =         qb.xml
     --------------------------------------------------------------------------------------------
       
     --------------------------------------------------------------------------------------------
     I/O Summary : wbsepp_input                                          
     --------------------------------------------------------------------------------------------
     wbsepp_type                    =              1
     n_plep_read_from_file          =             10
     macropol_dfpt                  =              F
     l_spin_flipped                 =              F

     Reading data from directory:
     ./pwscf.save

   Info: using nr1, nr2, nr3 values from input

   Info: using nr1, nr2, nr3 values from input

     IMPORTANT: XC functional enforced from input :
     Exchange-correlation      = PBE ( 1  4  3  4 0 0)
     Any further DFT definition will be discarded
     Please, verify this is what you really want

 
     Parallelization info
     --------------------
     sticks:   dense  smooth     PW     G-vecs:    dense   smooth      PW
     Min         451     451    112                50120    50120    6260
     Max         454     454    114                50130    50130    6274
     Sum       21701   21701   5417              2406107  2406107  300707
 
     Generating pointlists ...
     new r_m :   0.0352 (alat units)  1.1855 (a.u.) for type    1
     new r_m :   0.0460 (alat units)  1.5524 (a.u.) for type    2
       
     --------------------------------------------------------------------------------------------
     System Overview                                                     
     --------------------------------------------------------------------------------------------
     gamma_only           =              T
     ecutwfc [Ry]         =      60.000000
     omega [au^3]         =   3.831609E+04
     glob. #G             =         150354
     nbnd                 =           2016
     nkstot               =              2
     nspin                =              2
     nelec                =    3996.000000
     nelup                =    1999.000000
     neldw                =    1997.000000
     npol                 =              1
     lsda                 =              T
     noncolin             =              F
     lspinorb             =              F
     domag                =              F
     --------------------------------------------------------------------------------------------

     sFFT G-space:  1203054 G-vectors     R-space: ( 180, 180, 180)
     dFFT G-space:  1203054 G-vectors     R-space: ( 180, 180, 180)

     Cell [a.u.]          =      33.712714      0.000000      0.000000
                          =       0.000000     33.712714      0.000000
                          =       0.000000      0.000000     33.712714
      
     number of ks points=     2
                       cart. coord. in units 2pi/alat
        k(    1) = (   0.0000000   0.0000000   0.0000000), wk =   1.0000000
        k(    2) = (   0.0000000   0.0000000   0.0000000), wk =   1.0000000

                       cryst. coord.
        k(    1) = (   0.0000000   0.0000000   0.0000000), wk =   1.0000000
        k(    2) = (   0.0000000   0.0000000   0.0000000), wk =   1.0000000
 
     F. Gygi div      =   1.442761E-01
       
     --------------------------------------------------------------------------------------------
     Parallelization for nvec                                            
     --------------------------------------------------------------------------------------------
     nglob                =             10
     nlevel               =              1
     Min nglob/nlevel     =             10
     Max nglob/nlevel     =             10
     --------------------------------------------------------------------------------------------
       
     --------------------------------------------------------------------------------------------
     Parallelization for band_paralel                                    
     --------------------------------------------------------------------------------------------
     nglob                =           1999
     nlevel               =              1
     Min nglob/nlevel     =           1999
     Max nglob/nlevel     =           1999
     --------------------------------------------------------------------------------------------

     [MEM] ----------------------------------------------------------
     [MEM] **Memory** analysis: QE
     [MEM] ----------------------------------------------------------
     [MEM] Allocated arrays           est. size (Mb)     dimensions
     [MEM] ----------------------------------------------------------
     [MEM] Kohn-Sham Wavefunctions      96.44 Mb     (   3135, 2016)
     [MEM] NL pseudopotentials         382.31 Mb     (   3135, 7992)
     [MEM] Each V/rho on FFT grid        1.98 Mb     ( 129600)
     [MEM] Each G-vector array           0.19 Mb     (  25064)
     [MEM] G-vector shells               0.03 Mb     (   4386)
     [MEM] ----------------------------------------------------------
     [MEM] TOT                         480.95 Mb
     [MEM] ----------------------------------------------------------
     [MEM] 
     [MEM] ----------------------------------------------------------
     [MEM] **Memory** analysis: WBSE global
     [MEM] ----------------------------------------------------------
     [MEM] Allocated arrays           est. size (Mb)     dimensions
     [MEM] ----------------------------------------------------------
     [MEM] dvg_exc                     956.25 Mb     (   3135, 1999,   10)
     [MEM] dng_exc                     956.25 Mb     (   3135, 1999,   10)
     [MEM] hr_distr                      0.00 Mb     (      0,   10)
     [MEM] vr_distr                      0.00 Mb     (      0,   10)
     [MEM] ----------------------------------------------------------
     [MEM] TOT                        1912.50 Mb
     [MEM] ----------------------------------------------------------
     [MEM] 
     [MEM] ----------------------------------------------------------
     [MEM] **Memory** analysis: WBSE temporary
     [MEM] ----------------------------------------------------------
     [MEM] Allocated arrays           est. size (Mb)     dimensions
     [MEM] ----------------------------------------------------------
     [MEM] dvpsi                        95.62 Mb     (   3135, 1999)
     [MEM] dpsi                         95.62 Mb     (   3135, 1999)
     [MEM] ----------------------------------------------------------
     [MEM] Total estimate              191.25 Mb
     [MEM] ----------------------------------------------------------
      
     --------------------------------------------------------------------------------------------
     Database read in 04m-47.3s           
     In location : ./west.wbse.david.save
     Eigen. found :           10
     --------------------------------------------------------------------------------------------

     Calculation of the dipole in real space

     Dipole is shifted to the center of cell for the calculation of d0psi. 

      *----------*   THE PRINCIPLE PROJECTED COMPONENTS   *----------*

      #     Exciton : |        1 |   Excitation energy : |     0.058042

      OSCILLATOR STRENGTH : 

                XX             YY            ZZ            TOTAL

                   0.000003         0.000001         0.000001         0.000005

          SPIN     OCCUPIED STATES     UNOCCUPIED STATES     PROJECTION
             2        1997                       1           0.200861
             2        1997                       2           0.979585

      #     Exciton : |        2 |   Excitation energy : |     0.058043

      OSCILLATOR STRENGTH : 

                XX             YY            ZZ            TOTAL

                   0.000000         0.000002         0.000003         0.000005

          SPIN     OCCUPIED STATES     UNOCCUPIED STATES     PROJECTION
             2        1997                       1           0.979585
             2        1997                       2           0.200861

      #     Exciton : |        3 |   Excitation energy : |     0.061200

      OSCILLATOR STRENGTH : 

                XX             YY            ZZ            TOTAL

                   0.000000         0.000000         0.000000         0.000000

          SPIN     OCCUPIED STATES     UNOCCUPIED STATES     PROJECTION
             2        1995                       1           0.678622
             2        1995                       2           0.197838
             2        1996                       1           0.197904
             2        1996                       2           0.679088

      #     Exciton : |        4 |   Excitation energy : |     0.061733

      OSCILLATOR STRENGTH : 

                XX             YY            ZZ            TOTAL

                   0.000016         0.000008         0.000002         0.000026

          SPIN     OCCUPIED STATES     UNOCCUPIED STATES     PROJECTION
             2        1995                       1           0.281031
             2        1995                       2           0.648625
             2        1996                       1           0.648607
             2        1996                       2           0.280896

      #     Exciton : |        5 |   Excitation energy : |     0.061733

      OSCILLATOR STRENGTH : 

                XX             YY            ZZ            TOTAL

                   0.000001         0.000009         0.000015         0.000026

          SPIN     OCCUPIED STATES     UNOCCUPIED STATES     PROJECTION
             2        1995                       1           0.648832
             2        1995                       2           0.281036
             2        1996                       1           0.280891
             2        1996                       2           0.648400

      #     Exciton : |        6 |   Excitation energy : |     0.064784

      OSCILLATOR STRENGTH : 

                XX             YY            ZZ            TOTAL

                   0.000307         0.000307         0.000307         0.000921

          SPIN     OCCUPIED STATES     UNOCCUPIED STATES     PROJECTION
             2        1995                       1           0.196211
             2        1995                       2           0.673141
             2        1996                       1           0.673199
             2        1996                       2           0.196216

      #     Exciton : |        7 |   Excitation energy : |     0.088018

      OSCILLATOR STRENGTH : 

                XX             YY            ZZ            TOTAL

                   0.000000         0.000000         0.000000         0.000000

          SPIN     OCCUPIED STATES     UNOCCUPIED STATES     PROJECTION
             2        1993                       2           0.705237
             2        1994                       1           0.705065

      #     Exciton : |        8 |   Excitation energy : |     0.088963

      OSCILLATOR STRENGTH : 

                XX             YY            ZZ            TOTAL

                   0.000013         0.000417         0.000578         0.001007

          SPIN     OCCUPIED STATES     UNOCCUPIED STATES     PROJECTION
             2        1993                       1           0.448467
             2        1993                       2           0.542803
             2        1994                       1           0.543004
             2        1994                       2           0.448487

      #     Exciton : |        9 |   Excitation energy : |     0.088963

      OSCILLATOR STRENGTH : 

                XX             YY            ZZ            TOTAL

                   0.000658         0.000255         0.000094         0.001008

          SPIN     OCCUPIED STATES     UNOCCUPIED STATES     PROJECTION
             2        1993                       1           0.542846
             2        1993                       2           0.448466
             2        1994                       1           0.448488
             2        1994                       2           0.542962

      #     Exciton : |       10 |   Excitation energy : |     0.090416

      OSCILLATOR STRENGTH : 

                XX             YY            ZZ            TOTAL

                   0.000629         0.000628         0.000628         0.001885

          SPIN     OCCUPIED STATES     UNOCCUPIED STATES     PROJECTION
             2        1991                       1           0.366944
             2        1992                       2           0.367016
             2        1993                       1           0.593201
             2        1994                       2           0.593078
  0.000000000000000E+000  2.259047035171766E-003
  1.000000047497451E-003  2.315943034896759E-003
  2.000000094994903E-003  2.375058634595322E-003
  3.000000142492354E-003  2.436513151378127E-003
  4.000000189989805E-003  2.500434182220121E-003
  5.000000237487257E-003  2.566958314400062E-003
  6.000000284984708E-003  2.636231908958632E-003
  7.000000332482159E-003  2.708411965941522E-003
  8.000000379979610E-003  2.783667081397783E-003
  9.000000427477062E-003  2.862178507493301E-003
  1.000000047497451E-002  2.944141328706242E-003
  1.100000052247196E-002  3.029765768933021E-003
  1.200000056996942E-002  3.119278646494526E-003
  1.300000061746687E-002  3.212924996545698E-003
  1.400000066496432E-002  3.310969883320262E-003
  1.500000071246177E-002  3.413700428061498E-003
  1.600000075995922E-002  3.521428082489133E-003
  1.700000080745667E-002  3.634491182338911E-003
  1.800000085495412E-002  3.753257821013325E-003
  1.900000090245157E-002  3.878129089852736E-003
  2.000000094994903E-002  4.009542739159299E-003
  2.100000099744648E-002  4.147977323101328E-003
  2.200000104494393E-002  4.293956902255596E-003
  2.300000109244138E-002  4.448056390122914E-003
  2.400000113993883E-002  4.610907644851153E-003
  2.500000118743628E-002  4.783206425061964E-003
  2.600000123493373E-002  4.965720349623814E-003
  2.700000128243119E-002  5.159298026053993E-003
  2.800000132992864E-002  5.364879541669199E-003
  2.900000137742609E-002  5.583508546436348E-003
  3.000000142492354E-002  5.816346197584065E-003
  3.100000147242099E-002  6.064687284354814E-003
  3.200000151991844E-002  6.329978907726986E-003
  3.300000156741589E-002  6.613842155295121E-003
  3.400000161491334E-002  6.918097286180584E-003
  3.500000166241080E-002  7.244793024527220E-003
  3.600000170990825E-002  7.596240651111315E-003
  3.700000175740570E-002  7.975053676740207E-003
  3.800000180490315E-002  8.384193970215108E-003
  3.900000185240060E-002  8.827025282712717E-003
  4.000000189989805E-002  9.307375133545749E-003
  4.100000194739550E-002  9.829605955928177E-003
  4.200000199489295E-002  1.039869617460428E-002
  4.300000204239041E-002  1.102033138649676E-002
  4.400000208988786E-002  1.170100486309131E-002
  4.500000213738531E-002  1.244812491675585E-002
  4.600000218488276E-002  1.327012386655321E-002
  4.700000223238021E-002  1.417655881805385E-002
  4.800000227987766E-002  1.517818743585209E-002
  4.900000232737511E-002  1.628699131774959E-002
  5.000000237487257E-002  1.751610432200131E-002
  5.100000242237002E-002  1.887958221163213E-002
  5.200000246986747E-002  2.039192282096729E-002
  5.300000251736492E-002  2.206721356224989E-002
  5.400000256486237E-002  2.391774899232080E-002
  5.500000261235982E-002  2.595193370175208E-002
  5.600000265985727E-002  2.817128372019776E-002
  5.700000270735472E-002  3.056640450353705E-002
  5.800000275485218E-002  3.311203678282028E-002
  5.900000280234963E-002  3.576174190581163E-002
  6.000000284984708E-002  3.844362845367547E-002
  6.100000289734453E-002  4.105956870794857E-002
  6.200000294484198E-002  4.349104932996732E-002
  6.300000299233943E-002  4.561411487262028E-002
  6.400000303983688E-002  4.732283467274155E-002
  6.500000308733433E-002  4.855574083839259E-002
  6.600000313483179E-002  4.931558129300836E-002
  6.700000318232924E-002  4.967349902368882E-002
  6.800000322982669E-002  4.975546972477473E-002
  6.900000327732414E-002  4.971727088449251E-002
  7.000000332482159E-002  4.971838789714136E-002
  7.100000337231904E-002  4.990310096140384E-002
  7.200000341981649E-002  5.039160072382710E-002
  7.300000346731395E-002  5.127946310743885E-002
  7.400000351481140E-002  5.264195445150712E-002
  7.500000356230885E-002  5.453987445379392E-002
  7.600000360980630E-002  5.702468879260875E-002
  7.700000365730375E-002  6.014165408096202E-002
  7.800000370480120E-002  6.393017030511147E-002
  7.900000375229865E-002  6.842074041857926E-002
  8.000000379979610E-002  7.362784679717402E-002
  8.100000384729356E-002  7.953800705611203E-002
  8.200000389479101E-002  8.609256620248656E-002
  8.300000394228846E-002  9.316585186433239E-002
  8.400000398978591E-002  0.100541639634908     
  8.500000403728336E-002  0.107894610875622     
  8.600000408478081E-002  0.114787741844617     
  8.700000413227826E-002  0.120698569760954     
  8.800000417977571E-002  0.125082729048415     
  8.900000422727317E-002  0.127469286185950     
  9.000000427477062E-002  0.127563129086046     
  9.100000432226807E-002  0.125317101445323     
  9.200000436976552E-002  0.120943172715265     
  9.300000441726297E-002  0.114857636180153     
  9.400000446476042E-002  0.107584299594295     
  9.500000451225787E-002  9.965321215101253E-002
  9.600000455975533E-002  9.152513486201927E-002
  9.700000460725278E-002  8.355335636875316E-002
  9.800000465475023E-002  7.597803470536874E-002
  9.900000470224768E-002  6.894075426097410E-002
  0.100000004749745       6.250732935565598E-002
  0.101000004797243       5.669080792330435E-002
  0.102000004844740       5.147073032297282E-002
  0.103000004892237       4.680753834304041E-002
  0.104000004939735       4.265251656095854E-002
  0.105000004987232       3.895419841547661E-002
  0.106000005034730       3.566221765189460E-002
  0.107000005082227       3.272942766430827E-002
  0.108000005129725       3.011290530423087E-002
  0.109000005177222       2.777427050961855E-002
  0.110000005224720       2.567960923948938E-002
  0.111000005272217       2.379918404567528E-002
  0.112000005319715       2.210704633272176E-002
  0.113000005367212       2.058061818446753E-002
  0.114000005414709       1.920028216987359E-002
  0.115000005462207       1.794899922726017E-002
  0.116000005509704       1.681196365848450E-002
  0.117000005557202       1.577629780304005E-002
  0.118000005604699       1.483078537110019E-002
  0.119000005652197       1.396564057595498E-002
  0.120000005699694       1.317230941130060E-002
  0.121000005747192       1.244329922480186E-002
  0.122000005794689       1.177203287408987E-002
  0.123000005842187       1.115272405055251E-002
  0.124000005889684       1.058027072306307E-002
  0.125000005937181       1.005016403302288E-002
  0.126000005984679       9.558410334060788E-003
  0.127000006032176       9.101464399972902E-003
  0.128000006079674       8.676172117452492E-003
  0.129000006127171       8.279721235323369E-003
  0.130000006174669       7.909598961481546E-003
  0.131000006222166       7.563555385952455E-003
  0.132000006269664       7.239571867203763E-003
  0.133000006317161       6.935833652917497E-003
  0.134000006364658       6.650706119365897E-003
  0.135000006412156       6.382714108537841E-003
  0.136000006459653       6.130523922018159E-003
  0.137000006507151       5.892927597737236E-003
  0.138000006554648       5.668829152134983E-003
  0.139000006602146       5.457232517756559E-003
  0.140000006649643       5.257230946277280E-003
  0.141000006697141       5.067997680663713E-003
  0.142000006744638       4.888777728639595E-003
  0.143000006792136       4.718880593691912E-003
  0.144000006839633       4.557673840235343E-003
  0.145000006887130       4.404577386845427E-003
  0.146000006934628       4.259058436165909E-003
  0.147000006982125       4.120626962606493E-003
  0.148000007029623       3.988831689617020E-003
  0.149000007077120       3.863256497440704E-003
  0.150000007124618       3.743517210052712E-003
  0.151000007172115       3.629258716682254E-003
  0.152000007219613       3.520152389065430E-003
  0.153000007267110       3.415893760524085E-003
  0.154000007314608       3.316200437232088E-003
  0.155000007362105       3.220810215715335E-003
  0.156000007409602       3.129479383820171E-003
  0.157000007457100       3.041981185148485E-003
  0.158000007504597       2.958104429357210E-003
  0.159000007552095       2.877652232806868E-003
  0.160000007599592       2.800440875861770E-003
  0.161000007647090       2.726298764730918E-003
  0.162000007694587       2.655065487125135E-003
  0.163000007742085       2.586590952219723E-003
  0.164000007789582       2.520734606476052E-003
  0.165000007837079       2.457364717809941E-003
  0.166000007884577       2.396357721416425E-003
  0.167000007932074       2.337597621284208E-003
  0.168000007979572       2.280975442071443E-003
  0.169000008027069       2.226388726578250E-003
  0.170000008074567       2.173741074550068E-003
  0.171000008122064       2.122941718987564E-003
  0.172000008169562       2.073905136530561E-003
  0.173000008217059       2.026550688831293E-003
  0.174000008264557       1.980802292141585E-003
  0.175000008312054       1.936588112614001E-003
  0.176000008359551       1.893840285062467E-003
  0.177000008407049       1.852494653147005E-003
  0.178000008454546       1.812490529143051E-003
  0.179000008502044       1.773770471630987E-003
  0.180000008549541       1.736280079598439E-003
  0.181000008597039       1.699967801588631E-003
  0.182000008644536       1.664784758654371E-003
  0.183000008692034       1.630684579990781E-003
  0.184000008739531       1.597623250222042E-003
  0.185000008787028       1.565558967409374E-003
  0.186000008834526       1.534452010930436E-003
  0.187000008882023       1.504264618455158E-003
  0.188000008929521       1.474960871310622E-003
  0.189000008977018       1.446506587588789E-003
  0.190000009024516       1.418869222406143E-003
  0.191000009072013       1.392017774774536E-003
  0.192000009119511       1.365922700587930E-003
  0.193000009167008       1.340555831271014E-003
  0.194000009214506       1.315890297673205E-003
  0.195000009262003       1.291900458825566E-003
  0.196000009309500       1.268561835209264E-003
  0.197000009356998       1.245851046212416E-003
  0.198000009404495       1.223745751477939E-003
  0.199000009451993       1.202224595868544E-003
  0.200000009499490       1.181267157796443E-003
  0.201000009546988       1.160853900684994E-003
  0.202000009594485       1.140966127347399E-003
  0.203000009641983       1.121585937084044E-003
  0.204000009689480       1.102696185315045E-003
  0.205000009736978       1.084280445578412E-003
  0.206000009784475       1.066322973736836E-003
  0.207000009831972       1.048808674247737E-003
  0.208000009879470       1.031723068361878E-003
  0.209000009926967       1.015052264125639E-003
  0.210000009974465       9.987829280710587E-004
  0.211000010021962       9.829022584860801E-004
  0.212000010069460       9.673979601650432E-004
  0.213000010116957       9.522582205465495E-004
  0.214000010164455       9.374716871523008E-004
  0.215000010211952       9.230274462465292E-004
  0.216000010259449       9.089150026411653E-004
  0.217000010306947       8.951242605770191E-004
  0.218000010354444       8.816455056159761E-004
  0.219000010401942       8.684693874835983E-004
  0.220000010449439       8.555869038055670E-004
  0.221000010496937       8.429893846851665E-004
  0.222000010544434       8.306684780724856E-004
  0.223000010591932       8.186161358792431E-004
  0.224000010639429       8.068246007961392E-004
  0.225000010686927       7.952863937724147E-004
  0.226000010734424       7.839943021198819E-004
  0.227000010781921       7.729413682060974E-004
  0.228000010829419       7.621208787035691E-004
  0.229000010876916       7.515263543639772E-004
  0.230000010924414       7.411515402883141E-004
  0.231000010971911       7.309903966656537E-004
  0.232000011019409       7.210370899549340E-004
  0.233000011066906       7.112859844857021E-004
  0.234000011114404       7.017316344552329E-004
  0.235000011161901       6.923687763007835E-004
  0.236000011209399       6.831923214270313E-004
  0.237000011256896       6.741973492699124E-004
  0.238000011304393       6.653791006792007E-004
  0.239000011351891       6.567329716031967E-004
  0.240000011399388       6.482545070598668E-004
  0.241000011446886       6.399393953796789E-004
  0.242000011494383       6.317834627062341E-004
  0.243000011541881       6.237826677415817E-004
  0.244000011589378       6.159330967238579E-004
  0.245000011636876       6.082309586255817E-004
  0.246000011684373       6.006725805615966E-004
  0.247000011731870       5.932544033962626E-004
  0.248000011779368       5.859729775400783E-004
  0.249000011826865       5.788249589264553E-004
  0.250000011874363       5.718071051598714E-004
  0.251000011921860       5.649162718271121E-004
  0.252000011969358       5.581494089637534E-004
  0.253000012016855       5.515035576684653E-004
  0.254000012064353       5.449758468581087E-004
  0.255000012111850       5.385634901569729E-004
  0.256000012159348       5.322637829138547E-004
  0.257000012206845       5.260740993410072E-004
  0.258000012254342       5.199918897693011E-004
  0.259000012301840       5.140146780142347E-004
  0.260000012349337       5.081400588477035E-004
  0.261000012396835       5.023656955707052E-004
  0.262000012444332       4.966893176823986E-004
  0.263000012491830       4.911087186411715E-004
  0.264000012539327       4.856217537135852E-004
  0.265000012586825       4.802263379072805E-004
  0.266000012634322       4.749204439841150E-004
  0.267000012681819       4.697021005499959E-004
  0.268000012729317       4.645693902180380E-004
  0.269000012776814       4.595204478418531E-004
  0.270000012824312       4.545534588159214E-004
  0.271000012871809       4.496666574401499E-004
  0.272000012919307       4.448583253458660E-004
  0.273000012966804       4.401267899806161E-004
  0.274000013014302       4.354704231492759E-004
  0.275000013061799       4.308876396090908E-004
  0.276000013109297       4.263768957163789E-004
  0.277000013156794       4.219366881227393E-004
  0.278000013204291       4.175655525187009E-004
  0.279000013251789       4.132620624228555E-004
  0.280000013299286       4.090248280145966E-004
  0.281000013346784       4.048524950086805E-004
  0.282000013394281       4.007437435699071E-004
  0.283000013441779       3.966972872662893E-004
  0.284000013489276       3.927118720591639E-004
  0.285000013536774       3.887862753287567E-004
  0.286000013584271       3.849193049337883E-004
  0.287000013631769       3.811097983037686E-004
  0.288000013679266       3.773566215626854E-004
  0.289000013726763       3.736586686828527E-004
  0.290000013774261       3.700148606677392E-004
  0.291000013821758       3.664241447626468E-004
  0.292000013869256       3.628854936921580E-004
  0.293000013916753       3.593979049233226E-004
  0.294000013964251       3.559603999535921E-004
  0.295000014011748       3.525720236225580E-004
  0.296000014059246       3.492318434465880E-004
  0.297000014106743       3.459389489754937E-004
  0.298000014154240       3.426924511703988E-004
  0.299000014201738       3.394914818020142E-004
  0.300000014249235       3.363351928685576E-004
  0.301000014296733       3.332227560325877E-004
  0.302000014344230       3.301533620760540E-004
  0.303000014391728       3.271262203728919E-004
  0.304000014439225       3.241405583785192E-004
  0.305000014486723       3.211956211356194E-004
  0.306000014534220       3.182906707956186E-004
  0.307000014581718       3.154249861552905E-004
  0.308000014629215       3.125978622079441E-004
  0.309000014676712       3.098086097086718E-004
  0.310000014724210       3.070565547531583E-004
  0.311000014771707       3.043410383695658E-004
  0.312000014819205       3.016614161230370E-004
  0.313000014866702       2.990170577323680E-004
  0.314000014914200       2.964073466984298E-004
  0.315000014961697       2.938316799439225E-004
  0.316000015009195       2.912894674640748E-004
  0.317000015056692       2.887801319879053E-004
  0.318000015104190       2.863031086496857E-004
  0.319000015151687       2.838578446702543E-004
  0.320000015199184       2.814437990478432E-004
  0.321000015246682       2.790604422580981E-004
  0.322000015294179       2.767072559629767E-004
  0.323000015341677       2.743837327282291E-004
  0.324000015389174       2.720893757491707E-004
  0.325000015436672       2.698236985844704E-004
  0.326000015484169       2.675862248976888E-004
  0.327000015531667       2.653764882063076E-004
  0.328000015579164       2.631940316380047E-004
  0.329000015626661       2.610384076939359E-004
  0.330000015674159       2.589091780187938E-004
  0.331000015721656       2.568059131774240E-004
  0.332000015769154       2.547281924377842E-004
  0.333000015816651       2.526756035600425E-004
  0.334000015864149       2.506477425916162E-004
  0.335000015911646       2.486442136679609E-004
  0.336000015959144       2.466646288189270E-004
  0.337000016006641       2.447086077805046E-004
  0.338000016054139       2.427757778117880E-004
  0.339000016101636       2.408657735169939E-004
  0.340000016149133       2.389782366723746E-004
  0.341000016196631       2.371128160578728E-004
  0.342000016244128       2.352691672933709E-004
  0.343000016291626       2.334469526793907E-004
  0.344000016339123       2.316458410421066E-004
  0.345000016386621       2.298655075825391E-004
  0.346000016434118       2.281056337298007E-004
  0.347000016481616       2.263659069982688E-004
  0.348000016529113       2.246460208485670E-004
  0.349000016576611       2.229456745522403E-004
  0.350000016624108       2.212645730600088E-004
  0.351000016671605       2.196024268734961E-004
  0.352000016719103       2.179589519203259E-004
  0.353000016766600       2.163338694324864E-004
  0.354000016814098       2.147269058278650E-004
  0.355000016861595       2.131377925948600E-004
  0.356000016909093       2.115662661799770E-004
  0.357000016956590       2.100120678783233E-004
  0.358000017004088       2.084749437269144E-004
  0.359000017051585       2.069546444007104E-004
  0.360000017099082       2.054509251113035E-004
  0.361000017146580       2.039635455081783E-004
  0.362000017194077       2.024922695824718E-004
  0.363000017241575       2.010368655731598E-004
  0.364000017289072       1.995971058756017E-004
  0.365000017336570       1.981727669523737E-004
  0.366000017384067       1.967636292463274E-004
  0.367000017431565       1.953694770958099E-004
  0.368000017479062       1.939900986519833E-004
  0.369000017526560       1.926252857981854E-004
  0.370000017574057       1.912748340712743E-004
  0.371000017621554       1.899385425848997E-004
  0.372000017669052       1.886162139546493E-004
  0.373000017716549       1.873076542250172E-004
  0.374000017764047       1.860126727981423E-004
  0.375000017811544       1.847310823642710E-004
  0.376000017859042       1.834626988338934E-004
  0.377000017906539       1.822073412715094E-004
  0.378000017954037       1.809648318309786E-004
  0.379000018001534       1.797349956924124E-004
  0.380000018049031       1.785176610005648E-004
  0.381000018096529       1.773126588046822E-004
  0.382000018144026       1.761198229997729E-004
  0.383000018191524       1.749389902692576E-004
  0.384000018239021       1.737700000289644E-004
  0.385000018286519       1.726126943724325E-004
  0.386000018334016       1.714669180174890E-004
  0.387000018381514       1.703325182540652E-004
  0.388000018429011       1.692093448932210E-004
  0.389000018476509       1.680972502173435E-004
  0.390000018524006       1.669960889314901E-004
  0.391000018571503       1.659057181158466E-004
  0.392000018619001       1.648259971792697E-004
  0.393000018666498       1.637567878138869E-004
  0.394000018713996       1.626979539507266E-004
  0.395000018761493       1.616493617163499E-004
  0.396000018808991       1.606108793904614E-004
  0.397000018856488       1.595823773644700E-004
  0.398000018903986       1.585637281009798E-004
  0.399000018951483       1.575548060941827E-004
  0.400000018998981       1.565554878311339E-004
  0.401000019046478       1.555656517538854E-004
  0.402000019093975       1.545851782224562E-004
  0.403000019141473       1.536139494786192E-004
  0.404000019188970       1.526518496104830E-004
  0.405000019236468       1.516987645178496E-004
  0.406000019283965       1.507545818783282E-004
  0.407000019331463       1.498191911141860E-004
  0.408000019378960       1.488924833599189E-004
  0.409000019426458       1.479743514305227E-004
  0.410000019473955       1.470646897904490E-004
  0.411000019521452       1.461633945232279E-004
  0.412000019568950       1.452703633017415E-004
  0.413000019616447       1.443854953591331E-004
  0.414000019663945       1.435086914603352E-004
  0.415000019711442       1.426398538742020E-004
  0.416000019758940       1.417788863462323E-004
  0.417000019806437       1.409256940718680E-004
  0.418000019853935       1.400801836703536E-004
  0.419000019901432       1.392422631591449E-004
  0.420000019948930       1.384118419288525E-004
  0.421000019996427       1.375888307187079E-004
  0.422000020043924       1.367731415925394E-004
  0.423000020091422       1.359646879152466E-004
  0.424000020138919       1.351633843297598E-004
  0.425000020186417       1.343691467344758E-004
  0.426000020233914       1.335818922611561E-004
  0.427000020281412       1.328015392532780E-004
  0.428000020328909       1.320280072448282E-004
  0.429000020376407       1.312612169395282E-004
  0.430000020423904       1.305010901904814E-004
  0.431000020471402       1.297475499802322E-004
  0.432000020518899       1.290005204012279E-004
  0.433000020566396       1.282599266366737E-004
  0.434000020613894       1.275256949417723E-004
  0.435000020661391       1.267977526253387E-004
  0.436000020708889       1.260760280317816E-004
  0.437000020756386       1.253604505234444E-004
  0.438000020803884       1.246509504632955E-004
  0.439000020851381       1.239474591979620E-004
  0.440000020898879       1.232499090410973E-004
  0.441000020946376       1.225582332570770E-004
  0.442000020993873       1.218723660450139E-004
  0.443000021041371       1.211922425230860E-004
  0.444000021088868       1.205177987131705E-004
  0.445000021136366       1.198489715257763E-004
  0.446000021183863       1.191856987452696E-004
  0.447000021231361       1.185279190153845E-004
  0.448000021278858       1.178755718250139E-004
  0.449000021326356       1.172285974942733E-004
  0.450000021373853       1.165869371608325E-004
  0.451000021421351       1.159505327665085E-004
  0.452000021468848       1.153193270441147E-004
  0.453000021516345       1.146932635045596E-004
  0.454000021563843       1.140722864241915E-004
  0.455000021611340       1.134563408323818E-004
  0.456000021658838       1.128453724993430E-004
  0.457000021706335       1.122393279241767E-004
  0.458000021753833       1.116381543231449E-004
  0.459000021801330       1.110417996181618E-004
  0.460000021848828       1.104502124255001E-004
  0.461000021896325       1.098633420447081E-004
  0.462000021943823       1.092811384477319E-004
  0.463000021991320       1.087035522682404E-004
  0.464000022038817       1.081305347911463E-004
  0.465000022086315       1.075620379423207E-004
  0.466000022133812       1.069980142784972E-004
  0.467000022181310       1.064384169773606E-004
  0.468000022228807       1.058831998278168E-004
  0.469000022276305       1.053323172204405E-004
  0.470000022323802       1.047857241380965E-004
  0.471000022371300       1.042433761467309E-004
  0.472000022418797       1.037052293863296E-004
  0.473000022466294       1.031712405620391E-004
  0.474000022513792       1.026413669354481E-004
  0.475000022561289       1.021155663160249E-004
  0.476000022608787       1.015937970527086E-004
  0.477000022656284       1.010760180256503E-004
  0.478000022703782       1.005621886381016E-004
  0.479000022751279       1.000522688084472E-004
  0.480000022798777       9.954621896237885E-005
  0.481000022846274       9.904400002520744E-005
  0.482000022893772       9.854557341431108E-005
  0.483000022941269       9.805090103171582E-005
  0.484000022988766       9.755994525680656E-005
  0.485000023036264       9.707266893916572E-005
  0.486000023083761       9.658903539153678E-005
  0.487000023131259       9.610900838291061E-005
  0.488000023178756       9.563255213173182E-005
  0.489000023226254       9.515963129922270E-005
  0.490000023273751       9.469021098282301E-005
  0.491000023321249       9.422425670974248E-005
  0.492000023368746       9.376173443062448E-005
  0.493000023416243       9.330261051331850E-005
  0.494000023463741       9.284685173675889E-005
  0.495000023511238       9.239442528494865E-005
  0.496000023558736       9.194529874104532E-005
  0.497000023606233       9.149944008154755E-005
  0.498000023653731       9.105681767058023E-005
  0.499000023701228       9.061740025427629E-005
  0.500000023748726       9.018115695525319E-005
  0.501000023796223       8.974805726718257E-005
  0.502000023843721       8.931807104945084E-005
  0.503000023891218       8.889116852190944E-005
  0.504000023938715       8.846732025971277E-005
  0.505000023986213       8.804649718824204E-005
  0.506000024033710       8.762867057811373E-005
  0.507000024081208       8.721381204027077E-005
  0.508000024128705       8.680189352115500E-005
  0.509000024176203       8.639288729795936E-005
  0.510000024223700       8.598676597395829E-005
  0.511000024271198       8.558350247391488E-005
  0.512000024318695       8.518307003956336E-005
  0.513000024366193       8.478544222516543E-005
  0.514000024413690       8.439059289313914E-005
  0.515000024461187       8.399849620975902E-005
  0.516000024508685       8.360912664092598E-005
  0.517000024556182       8.322245894800578E-005
  0.518000024603680       8.283846818373474E-005
  0.519000024651177       8.245712968819172E-005
  0.520000024698675       8.207841908483462E-005
  0.521000024746172       8.170231227660079E-005
  0.522000024793670       8.132878544206976E-005
  0.523000024841167       8.095781503168738E-005
  0.524000024888664       8.058937776405015E-005
  0.525000024936162       8.022345062224872E-005
  0.526000024983659       7.986001085026937E-005
  0.527000025031157       7.949903594945257E-005
  0.528000025078654       7.914050367500741E-005
  0.529000025126152       7.878439203258117E-005
  0.530000025173649       7.843067927488255E-005
  0.531000025221147       7.807934389835833E-005
  0.532000025268644       7.773036463992164E-005
  0.533000025316142       7.738372047373177E-005
  0.534000025363639       7.703939060802386E-005
  0.535000025411136       7.669735448198809E-005
  0.536000025458634       7.635759176269725E-005
  0.537000025506131       7.602008234208204E-005
  0.538000025553629       7.568480633395283E-005
  0.539000025601126       7.535174407106766E-005
  0.540000025648624       7.502087610224511E-005
  0.541000025696121       7.469218318952167E-005
  0.542000025743619       7.436564630535258E-005
  0.543000025791116       7.404124662985535E-005
  0.544000025838614       7.371896554809563E-005
  0.545000025886111       7.339878464741406E-005
  0.546000025933608       7.308068571479385E-005
  0.547000025981106       7.276465073426832E-005
  0.548000026028603       7.245066188436749E-005
  0.549000026076101       7.213870153560330E-005
  0.550000026123598       7.182875224799272E-005
  0.551000026171096       7.152079676861790E-005
  0.552000026218593       7.121481802922315E-005
  0.553000026266091       7.091079914384757E-005
  0.554000026313588       7.060872340649330E-005
  0.555000026361085       7.030857428882834E-005
  0.556000026408583       7.001033543792348E-005
  0.557000026456080       6.971399067402296E-005
  0.558000026503578       6.941952398834794E-005
  0.559000026551075       6.912691954093262E-005
  0.560000026598573       6.883616165849195E-005
  0.561000026646070       6.854723483232108E-005
  0.562000026693568       6.826012371622523E-005
  0.563000026741065       6.797481312448027E-005
  0.564000026788563       6.769128802982282E-005
  0.565000026836060       6.740953356146979E-005
  0.566000026883557       6.712953500316666E-005
  0.567000026931055       6.685127779126426E-005
  0.568000026978552       6.657474751282326E-005
  0.569000027026050       6.629992990374615E-005
  0.570000027073547       6.602681084693617E-005
  0.571000027121045       6.575537637048276E-005
  0.572000027168542       6.548561264587315E-005
  0.573000027216040       6.521750598622946E-005
  0.574000027263537       6.495104284457117E-005
  0.575000027311035       6.468620981210239E-005
  0.576000027358532       6.442299361652346E-005
  0.577000027406029       6.416138112036674E-005
  0.578000027453527       6.390135931935581E-005
  0.579000027501024       6.364291534078814E-005
  0.580000027548522       6.338603644194043E-005
  0.581000027596019       6.313071000849666E-005
  0.582000027643517       6.287692355299816E-005
  0.583000027691014       6.262466471331537E-005
  0.584000027738512       6.237392125114128E-005
  0.585000027786009       6.212468105050583E-005
  0.586000027833506       6.187693211631094E-005
  0.587000027881004       6.163066257288625E-005
  0.588000027928501       6.138586066256468E-005
  0.589000027975999       6.114251474427802E-005
  0.590000028023496       6.090061329217180E-005
  0.591000028070994       6.066014489423934E-005
  0.592000028118491       6.042109825097482E-005
  0.593000028165989       6.018346217404471E-005
  0.594000028213486       5.994722558497759E-005
  0.595000028260984       5.971237751387192E-005
  0.596000028308481       5.947890709812149E-005
  0.597000028355978       5.924680358115833E-005
  0.598000028403476       5.901605631121281E-005
  0.599000028450973       5.878665474009043E-005
  0.600000028498471       5.855858842196558E-005
  0.601000028545968       5.833184701219126E-005
  0.602000028593466       5.810642026612525E-005
  0.603000028640963       5.788229803797200E-005
  0.604000028688461       5.765947027964007E-005
  0.605000028735958       5.743792703961509E-005
  0.606000028783455       5.721765846184780E-005
  0.607000028830953       5.699865478465698E-005
  0.608000028878450       5.678090633964709E-005
  0.609000028925948       5.656440355064033E-005
  0.610000028973445       5.634913693262306E-005
  0.611000029020943       5.613509709070606E-005
  0.612000029068440       5.592227471909868E-005
  0.613000029115938       5.571066060009670E-005
  0.614000029163435       5.550024560308336E-005
  0.615000029210933       5.529102068354382E-005
  0.616000029258430       5.508297688209237E-005
  0.617000029305927       5.487610532351268E-005
  0.618000029353425       5.467039721581046E-005
  0.619000029400922       5.446584384927864E-005
  0.620000029448420       5.426243659557475E-005
  0.621000029495917       5.406016690681037E-005
  0.622000029543415       5.385902631465242E-005
  0.623000029590912       5.365900642943610E-005
  0.624000029638410       5.346009893928953E-005
  0.625000029685907       5.326229560926946E-005
  0.626000029733405       5.306558828050843E-005
  0.627000029780902       5.286996886937272E-005
  0.628000029828399       5.267542936663137E-005
  0.629000029875897       5.248196183663567E-005
  0.630000029923394       5.228955841650937E-005
  0.631000029970892       5.209821131534916E-005
  0.632000030018389       5.190791281343546E-005
  0.633000030065887       5.171865526145319E-005
  0.634000030113384       5.153043107972257E-005
  0.635000030160882       5.134323275743968E-005
  0.636000030208379       5.115705285192660E-005
  0.637000030255876       5.097188398789120E-005
  0.638000030303374       5.078771885669613E-005
  0.639000030350871       5.060455021563723E-005
  0.640000030398369       5.042237088723081E-005
  0.641000030445866       5.024117375851015E-005
  0.642000030493364       5.006095178033063E-005
  0.643000030540861       4.988169796668376E-005
  0.644000030588359       4.970340539401965E-005
  0.645000030635856       4.952606720057796E-005
  0.646000030683354       4.934967658572735E-005
  0.647000030730851       4.917422680931295E-005
  0.648000030778348       4.899971119101212E-005
  0.649000030825846       4.882612310969805E-005
  0.650000030873343       4.865345600281138E-005
  0.651000030920841       4.848170336573947E-005
  0.652000030968338       4.831085875120344E-005
  0.653000031015836       4.814091576865269E-005
  0.654000031063333       4.797186808366690E-005
  0.655000031110831       4.780370941736535E-005
  0.656000031158328       4.763643354582351E-005
  0.657000031205826       4.747003429949673E-005
  0.658000031253323       4.730450556265105E-005
  0.659000031300820       4.713984127280078E-005
  0.660000031348318       4.697603542015317E-005
  0.661000031395815       4.681308204705959E-005
  0.662000031443313       4.665097524747355E-005
  0.663000031490810       4.648970916641512E-005
  0.664000031538308       4.632927799944201E-005
  0.665000031585805       4.616967599212685E-005
  0.666000031633303       4.601089743954088E-005
  0.667000031680800       4.585293668574381E-005
  0.668000031728297       4.569578812327985E-005
  0.669000031775795       4.553944619267965E-005
  0.670000031823292       4.538390538196839E-005
  0.671000031870790       4.522916022617959E-005
  0.672000031918287       4.507520530687477E-005
  0.673000031965785       4.492203525166886E-005
  0.674000032013282       4.476964473376118E-005
  0.675000032060780       4.461802847147203E-005
  0.676000032108277       4.446718122778481E-005
  0.677000032155775       4.431709780989341E-005
  0.678000032203272       4.416777306875511E-005
  0.679000032250769       4.401920189864866E-005
  0.680000032298267       4.387137923673753E-005
  0.681000032345764       4.372430006263837E-005
  0.682000032393262       4.357795939799445E-005
  0.683000032440759       4.343235230605418E-005
  0.684000032488257       4.328747389125444E-005
  0.685000032535754       4.314331929880893E-005
  0.686000032583252       4.299988371430110E-005
  0.687000032630749       4.285716236328200E-005
  0.688000032678246       4.271515051087273E-005
  0.689000032725744       4.257384346137147E-005
  0.690000032773241       4.243323655786510E-005
  0.691000032820739       4.229332518184525E-005
  0.692000032868236       4.215410475282888E-005
  0.693000032915734       4.201557072798308E-005
  0.694000032963231       4.187771860175430E-005
  0.695000033010729       4.174054390550182E-005
  0.696000033058226       4.160404220713533E-005
  0.697000033105724       4.146820911075678E-005
  0.698000033153221       4.133304025630623E-005
  0.699000033200718       4.119853131921175E-005
  0.700000033248216       4.106467801004334E-005
  0.701000033295713       4.093147607417075E-005
  0.702000033343211       4.079892129142520E-005
  0.703000033390708       4.066700947576488E-005
  0.704000033438206       4.053573647494436E-005
  0.705000033485703       4.040509817018753E-005
  0.706000033533201       4.027509047586445E-005
  0.707000033580698       4.014570933917165E-005
  0.708000033628196       4.001695073981614E-005
  0.709000033675693       3.988881068970288E-005
  0.710000033723190       3.976128523262584E-005
  0.711000033770688       3.963437044396246E-005
  0.712000033818185       3.950806243037146E-005
  0.713000033865683       3.938235732949418E-005
  0.714000033913180       3.925725130965906E-005
  0.715000033960678       3.913274056958957E-005
  0.716000034008175       3.900882133811519E-005
  0.717000034055673       3.888548987388582E-005
  0.718000034103170       3.876274246508912E-005
  0.719000034150667       3.864057542917116E-005
  0.720000034198165       3.851898511256004E-005
  0.721000034245662       3.839796789039250E-005
  0.722000034293160       3.827752016624374E-005
  0.723000034340657       3.815763837185995E-005
  0.724000034388155       3.803831896689399E-005
  0.725000034435652       3.791955843864381E-005
  0.726000034483150       3.780135330179379E-005
  0.727000034530647       3.768370009815885E-005
  0.728000034578145       3.756659539643147E-005
  0.729000034625642       3.745003579193131E-005
  0.730000034673139       3.733401790635760E-005
  0.731000034720637       3.721853838754423E-005
  0.732000034768134       3.710359390921755E-005
  0.733000034815632       3.698918117075659E-005
  0.734000034863129       3.687529689695609E-005
  0.735000034910627       3.676193783779197E-005
  0.736000034958124       3.664910076818926E-005
  0.737000035005622       3.653678248779269E-005
  0.738000035053119       3.642497982073960E-005
  0.739000035100617       3.631368961543531E-005
  0.740000035148114       3.620290874433091E-005
  0.741000035195611       3.609263410370347E-005
  0.742000035243109       3.598286261343842E-005
  0.743000035290606       3.587359121681447E-005
  0.744000035338104       3.576481688029066E-005
  0.745000035385601       3.565653659329569E-005
  0.746000035433099       3.554874736801953E-005
  0.747000035480596       3.544144623920719E-005
  0.748000035528094       3.533463026395472E-005
  0.749000035575591       3.522829652150725E-005
  0.750000035623088       3.512244211305929E-005
  0.751000035670586       3.501706416155704E-005
  0.752000035718083       3.491215981150278E-005
  0.753000035765581       3.480772622876137E-005
  0.754000035813078       3.470376060036872E-005
  0.755000035860576       3.460026013434222E-005
  0.756000035908073       3.449722205949330E-005
  0.757000035955571       3.439464362524175E-005
  0.758000036003068       3.429252210143212E-005
  0.759000036050566       3.419085477815193E-005
  0.760000036098063       3.408963896555185E-005
  0.761000036145560       3.398887199366762E-005
  0.762000036193058       3.388855121224399E-005
  0.763000036240555       3.378867399056028E-005
  0.764000036288053       3.368923771725789E-005
  0.765000036335550       3.359023980016948E-005
  0.766000036383048       3.349167766615000E-005
  0.767000036430545       3.339354876090937E-005
  0.768000036478043       3.329585054884691E-005
  0.769000036525540       3.319858051288751E-005
  0.770000036573038       3.310173615431935E-005
  0.771000036620535       3.300531499263343E-005
  0.772000036668032       3.290931456536460E-005
  0.773000036715530       3.281373242793430E-005
  0.774000036763027       3.271856615349483E-005
  0.775000036810525       3.262381333277527E-005
  0.776000036858022       3.252947157392890E-005
  0.777000036905520       3.243553850238216E-005
  0.778000036953017       3.234201176068522E-005
  0.779000037000515       3.224888900836393E-005
  0.780000037048012       3.215616792177338E-005
  0.781000037095509       3.206384619395284E-005
  0.782000037143007       3.197192153448223E-005
  0.783000037190504       3.188039166933997E-005
  0.784000037238002       3.178925434076227E-005
  0.785000037285499       3.169850730710388E-005
  0.786000037332997       3.160814834270015E-005
  0.787000037380494       3.151817523773047E-005
  0.788000037427992       3.142858579808318E-005
  0.789000037475489       3.133937784522167E-005
  0.790000037522987       3.125054921605190E-005
  0.791000037570484       3.116209776279125E-005
  0.792000037617981       3.107402135283857E-005
  0.793000037665479       3.098631786864565E-005
  0.794000037712976       3.089898520758979E-005
  0.795000037760474       3.081202128184782E-005
  0.796000037807971       3.072542401827121E-005
  0.797000037855469       3.063919135826244E-005
  0.798000037902966       3.055332125765267E-005
  0.799000037950464       3.046781168658045E-005
  0.800000037997961       3.038266062937181E-005
  0.801000038045458       3.029786608442132E-005
  0.802000038092956       3.021342606407448E-005
  0.803000038140453       3.012933859451116E-005
  0.804000038187951       3.004560171563021E-005
  0.805000038235448       2.996221348093516E-005
  0.806000038282946       2.987917195742111E-005
  0.807000038330443       2.979647522546258E-005
  0.808000038377941       2.971412137870258E-005
  0.809000038425438       2.963210852394268E-005
  0.810000038472936       2.955043478103416E-005
  0.811000038520433       2.946909828277019E-005
  0.812000038567930       2.938809717477910E-005
  0.813000038615428       2.930742961541859E-005
  0.814000038662925       2.922709377567107E-005
  0.815000038710423       2.914708783903986E-005
  0.816000038757920       2.906741000144655E-005
  0.817000038805418       2.898805847112916E-005
  0.818000038852915       2.890903146854148E-005
  0.819000038900413       2.883032722625313E-005
  0.820000038947910       2.875194398885077E-005
  0.821000038995408       2.867388001284022E-005
  0.822000039042905       2.859613356654932E-005
  0.823000039090402       2.851870293003203E-005
  0.824000039137900       2.844158639497313E-005
  0.825000039185397       2.836478226459402E-005
  0.826000039232895       2.828828885355938E-005
  0.827000039280392       2.821210448788456E-005
  0.828000039327890       2.813622750484407E-005
  0.829000039375387       2.806065625288078E-005
  0.830000039422885       2.798538909151598E-005
  0.831000039470382       2.791042439126039E-005
  0.832000039517879       2.783576053352586E-005
  0.833000039565377       2.776139591053797E-005
  0.834000039612874       2.768732892524950E-005
  0.835000039660372       2.761355799125459E-005
  0.836000039707869       2.754008153270379E-005
  0.837000039755367       2.746689798421984E-005
  0.838000039802864       2.739400579081430E-005
  0.839000039850362       2.732140340780490E-005
  0.840000039897859       2.724908930073366E-005
  0.841000039945357       2.717706194528578E-005
  0.842000039992854       2.710531982720930E-005
  0.843000040040351       2.703386144223548E-005
  0.844000040087849       2.696268529599988E-005
  0.845000040135346       2.689178990396425E-005
  0.846000040182844       2.682117379133905E-005
  0.847000040230341       2.675083549300675E-005
  0.848000040277839       2.668077355344578E-005
  0.849000040325336       2.661098652665524E-005
  0.850000040372834       2.654147297608021E-005
  0.851000040420331       2.647223147453784E-005
  0.852000040467829       2.640326060414402E-005
  0.853000040515326       2.633455895624083E-005
  0.854000040562823       2.626612513132449E-005
  0.855000040610321       2.619795773897417E-005
  0.856000040657818       2.613005539778125E-005
  0.857000040705316       2.606241673527936E-005
  0.858000040752813       2.599504038787496E-005
  0.859000040800311       2.592792500077863E-005
  0.860000040847808       2.586106922793689E-005
  0.861000040895306       2.579447173196473E-005
  0.862000040942803       2.572813118407869E-005
  0.863000040990300       2.566204626403053E-005
  0.864000041037798       2.559621566004153E-005
  0.865000041085295       2.553063806873739E-005
  0.866000041132793       2.546531219508365E-005
  0.867000041180290       2.540023675232179E-005
  0.868000041227788       2.533541046190576E-005
  0.869000041275285       2.527083205343922E-005
  0.870000041322783       2.520650026461329E-005
  0.871000041370280       2.514241384114474E-005
  0.872000041417778       2.507857153671496E-005
  0.873000041465275       2.501497211290924E-005
  0.874000041512772       2.495161433915675E-005
  0.875000041560270       2.488849699267098E-005
  0.876000041607767       2.482561885839069E-005
  0.877000041655265       2.476297872892145E-005
  0.878000041702762       2.470057540447764E-005
  0.879000041750260       2.463840769282497E-005
  0.880000041797757       2.457647440922353E-005
  0.881000041845255       2.451477437637130E-005
  0.882000041892752       2.445330642434824E-005
  0.883000041940250       2.439206939056071E-005
  0.884000041987747       2.433106211968658E-005
  0.885000042035244       2.427028346362066E-005
  0.886000042082742       2.420973228142066E-005
  0.887000042130239       2.414940743925367E-005
  0.888000042177737       2.408930781034302E-005
  0.889000042225234       2.402943227491566E-005
  0.890000042272732       2.396977972015001E-005
  0.891000042320229       2.391034904012416E-005
  0.892000042367727       2.385113913576466E-005
  0.893000042415224       2.379214891479571E-005
  0.894000042462721       2.373337729168867E-005
  0.895000042510219       2.367482318761218E-005
  0.896000042557716       2.361648553038261E-005
  0.897000042605214       2.355836325441499E-005
  0.898000042652711       2.350045530067425E-005
  0.899000042700209       2.344276061662709E-005
  0.900000042747706       2.338527815619400E-005
  0.901000042795204       2.332800687970193E-005
  0.902000042842701       2.327094575383722E-005
  0.903000042890199       2.321409375159894E-005
  0.904000042937696       2.315744985225275E-005
  0.905000042985193       2.310101304128499E-005
  0.906000043032691       2.304478231035727E-005
  0.907000043080188       2.298875665726143E-005
  0.908000043127686       2.293293508587484E-005
  0.909000043175183       2.287731660611609E-005
  0.910000043222681       2.282190023390114E-005
  0.911000043270178       2.276668499109972E-005
  0.912000043317676       2.271166990549216E-005
  0.913000043365173       2.265685401072662E-005
  0.914000043412670       2.260223634627657E-005
  0.915000043460168       2.254781595739875E-005
  0.916000043507665       2.249359189509142E-005
  0.917000043555163       2.243956321605299E-005
  0.918000043602660       2.238572898264092E-005
  0.919000043650158       2.233208826283111E-005
  0.920000043697655       2.227864013017748E-005
  0.921000043745153       2.222538366377197E-005
  0.922000043792650       2.217231794820491E-005
  0.923000043840148       2.211944207352557E-005
  0.924000043887645       2.206675513520323E-005
  0.925000043935142       2.201425623408843E-005
  0.926000043982640       2.196194447637464E-005
  0.927000044030137       2.190981897356015E-005
  0.928000044077635       2.185787884241037E-005
  0.929000044125132       2.180612320492037E-005
  0.930000044172630       2.175455118827782E-005
  0.931000044220127       2.170316192482609E-005
  0.932000044267625       2.165195455202786E-005
  0.933000044315122       2.160092821242880E-005
  0.934000044362620       2.155008205362173E-005
  0.935000044410117       2.149941522821101E-005
  0.936000044457614       2.144892689377717E-005
  0.937000044505112       2.139861621284197E-005
  0.938000044552609       2.134848235283356E-005
  0.939000044600107       2.129852448605209E-005
  0.940000044647604       2.124874178963552E-005
  0.941000044695102       2.119913344552572E-005
  0.942000044742599       2.114969864043485E-005
  0.943000044790097       2.110043656581202E-005
  0.944000044837594       2.105134641781022E-005
  0.945000044885091       2.100242739725354E-005
  0.946000044932589       2.095367870960456E-005
  0.947000044980086       2.090509956493218E-005
  0.948000045027584       2.085668917787951E-005
  0.949000045075081       2.080844676763220E-005
  0.950000045122579       2.076037155788689E-005
  0.951000045170076       2.071246277681999E-005
  0.952000045217574       2.066471965705670E-005
  0.953000045265071       2.061714143564028E-005
  0.954000045312569       2.056972735400151E-005
  0.955000045360066       2.052247665792849E-005
  0.956000045407563       2.047538859753664E-005
  0.957000045455061       2.042846242723891E-005
  0.958000045502558       2.038169740571627E-005
  0.959000045550056       2.033509279588844E-005
  0.960000045597553       2.028864786488480E-005
  0.961000045645051       2.024236188401560E-005
  0.962000045692548       2.019623412874337E-005
  0.963000045740046       2.015026387865453E-005
  0.964000045787543       2.010445041743129E-005
  0.965000045835041       2.005879303282371E-005
  0.966000045882538       2.001329101662200E-005
  0.967000045930035       1.996794366462910E-005
  0.968000045977533       1.992275027663336E-005
  0.969000046025030       1.987771015638154E-005
  0.970000046072528       1.983282261155198E-005
  0.971000046120025       1.978808695372800E-005
  0.972000046167523       1.974350249837145E-005
  0.973000046215020       1.969906856479657E-005
  0.974000046262518       1.965478447614398E-005
  0.975000046310015       1.961064955935490E-005
  0.976000046357512       1.956666314514553E-005
  0.977000046405010       1.952282456798173E-005
  0.978000046452507       1.947913316605382E-005
  0.979000046500005       1.943558828125156E-005
  0.980000046547502       1.939218925913939E-005
  0.981000046595000       1.934893544893184E-005
  0.982000046642497       1.930582620346911E-005
  0.983000046689995       1.926286087919285E-005
  0.984000046737492       1.922003883612217E-005
  0.985000046784990       1.917735943782976E-005
  0.986000046832487       1.913482205141824E-005
  0.987000046879984       1.909242604749673E-005
  0.988000046927482       1.905017080015752E-005
  0.989000046974979       1.900805568695297E-005
  0.990000047022477       1.896608008887259E-005
  0.991000047069974       1.892424339032031E-005
  0.992000047117472       1.888254497909183E-005
  0.993000047164969       1.884098424635230E-005
  0.994000047212467       1.879956058661406E-005
  0.995000047259964       1.875827339771454E-005
  0.996000047307462       1.871712208079444E-005
  0.997000047354959       1.867610604027594E-005
  0.998000047402456       1.863522468384122E-005
 
     Wbsepp       :  5m54.34s CPU     6m29.54s WALL

     wbsepp_readi :     36.28s CPU     42.49s WALL (       1 calls)
     wbsepp_fetch :      0.00s CPU      0.02s WALL (       1 calls)
     read_xml     :      8.64s CPU      9.57s WALL (       1 calls)
     init_vloc    :      0.05s CPU      0.05s WALL (       2 calls)
     fft          :      0.08s CPU      0.65s WALL (      19 calls)
     fft_scatter  :      5.69s CPU      5.78s WALL (    8015 calls)
     v_of_rho     :      0.17s CPU      0.18s WALL (       1 calls)
     v_xc         :      0.16s CPU      0.17s WALL (       1 calls)
     v_h          :      0.01s CPU      0.01s WALL (       1 calls)
     read_wave    :     27.63s CPU     32.89s WALL (       1 calls)
     davcio       :      0.01s CPU      3.10s WALL (      15 calls)
     init_us_1    :      0.01s CPU      0.01s WALL (       2 calls)
     do_setup     :      0.31s CPU      0.72s WALL (       1 calls)
     init_pw_ar   :      0.28s CPU      0.69s WALL (       1 calls)
     init_at_1    :      0.00s CPU      0.00s WALL (       1 calls)
     storesqvc    :      0.00s CPU      0.00s WALL (       1 calls)
     eig_decompos :    317.75s CPU    346.32s WALL (       1 calls)
     plep_db      :    263.51s CPU    287.30s WALL (       1 calls)
     solve_e_psi  :     39.52s CPU     40.84s WALL (       1 calls)
     fftw         :     10.90s CPU     11.06s WALL (    7996 calls)
     alphapc      :     14.89s CPU     15.29s WALL (       6 calls)
 
     Wbsepp       :  5m54.34s CPU     6m29.54s WALL

 
   This run was terminated on:   0:51:17  21Jan2023            

=------------------------------------------------------------------------------=
   JOB DONE.
=------------------------------------------------------------------------------=
