
     Program Wbsepp v. 2.0.1 svn rev. 1002 starts on  9Feb2022 at 11:23:45 

     This program is part of the open-source West suite
     for massively parallel calculations of excited states in materials; please cite
         "M. Govoni et al., J. Chem. Theory Comput. 11, 2680 (2015);
          URL http://www.west-code.org", 
     in publications or presentations arising from this work.

     Based on the Quantum ESPRESSO v. 6.1 svn rev. 13369
       
     --------------------------------------------------------------------------------------------
     **MPI** Parallelization Status                                      
     --------------------------------------------------------------------------------------------
                    40                   1             1             1            40
     --------------------------------------------------------------------------------------------
                     N         =         I      X      P      X      B      X      Z
                     ^                   ^             ^             ^             ^
                     |                   |             |             |             |
                   #rnk                  |             |             |             |
                                      #image           |             |             |
                                                     #pool           |             |
                                                                   #bgrp           |
                                                                                 #R&G
     --------------------------------------------------------------------------------------------
     #prc =           40
     --------------------------------------------------------------------------------------------
       
     --------------------------------------------------------------------------------------------
     I/O Summary : input_west                                            
     --------------------------------------------------------------------------------------------
     qe_prefix               =          pwscf
     west_prefix             =           west
     outdir                  =             ./
     l_load_qbox_wfc         =              F
     qbox_ks_wfc_filename    =         qb.xml
     --------------------------------------------------------------------------------------------
       
     --------------------------------------------------------------------------------------------
     I/O Summary : wbsepp_input                                          
     --------------------------------------------------------------------------------------------
     wbsepp_type                    =              1
     n_plep_read_from_file          =             10
     macropol_dfpt                  =              F
     l_spin_flipped                 =              F

     Reading data from directory:
     ./pwscf.save

   Info: using nr1, nr2, nr3 values from input

   Info: using nr1, nr2, nr3 values from input

     IMPORTANT: XC functional enforced from input :
     Exchange-correlation      = PBE ( 1  4  3  4 0 0)
     Any further DFT definition will be discarded
     Please, verify this is what you really want

 
     Parallelization info
     --------------------
     sticks:   dense  smooth     PW     G-vecs:    dense   smooth      PW
     Min         122     122     30                 6542     6542     814
     Max         124     124     32                 6556     6556     828
     Sum        4949    4949   1229               262059   262059   32675
 
       
     --------------------------------------------------------------------------------------------
     System Overview                                                     
     --------------------------------------------------------------------------------------------
     gamma_only           =              T
     ecutwfc [Ry]         =      60.000000
     omega [au^3]         =   4.173644E+03
     glob. #G             =          16338
     nbnd                 =            280
     nkstot               =              1
     nspin                =              1
     nelec                =     506.000000
     npol                 =              1
     lsda                 =              F
     noncolin             =              F
     lspinorb             =              F
     domag                =              F
     --------------------------------------------------------------------------------------------

     sFFT G-space:   131030 G-vectors     R-space: (  80,  80,  80)
     dFFT G-space:   131030 G-vectors     R-space: (  80,  80,  80)

     Cell [a.u.]          =      16.100467      0.000000      0.000000
                          =       0.000000     16.100467      0.000000
                          =       0.000000      0.000000     16.100467
      
     number of ks points=     1
                       cart. coord. in units 2pi/alat
        k(    1) = (   0.0000000   0.0000000   0.0000000), wk =   2.0000000

                       cryst. coord.
        k(    1) = (   0.0000000   0.0000000   0.0000000), wk =   2.0000000
 
     F. Gygi div      =   3.020992E-01
       
     --------------------------------------------------------------------------------------------
     Parallelization for nvec                                            
     --------------------------------------------------------------------------------------------
     nglob                =             10
     nlevel               =              1
     Min nglob/nlevel     =             10
     Max nglob/nlevel     =             10
     --------------------------------------------------------------------------------------------
       
     --------------------------------------------------------------------------------------------
     Parallelization for band_paralel                                    
     --------------------------------------------------------------------------------------------
     nglob                =            253
     nlevel               =              1
     Min nglob/nlevel     =            253
     Max nglob/nlevel     =            253
     --------------------------------------------------------------------------------------------

     [MEM] ----------------------------------------------------------
     [MEM] **Memory** analysis: QE
     [MEM] ----------------------------------------------------------
     [MEM] Allocated arrays           est. size (Mb)     dimensions
     [MEM] ----------------------------------------------------------
     [MEM] Kohn-Sham Wavefunctions       1.76 Mb     (    412,  280)
     [MEM] NL pseudopotentials           3.17 Mb     (    412,  504)
     [MEM] Each V/rho on FFT grid        0.20 Mb     (  12800)
     [MEM] Each G-vector array           0.03 Mb     (   3278)
     [MEM] G-vector shells               0.01 Mb     (    881)
     [MEM] ----------------------------------------------------------
     [MEM] TOT                           5.16 Mb
     [MEM] ----------------------------------------------------------
     [MEM] 
     [MEM] ----------------------------------------------------------
     [MEM] **Memory** analysis: WBSE global
     [MEM] ----------------------------------------------------------
     [MEM] Allocated arrays           est. size (Mb)     dimensions
     [MEM] ----------------------------------------------------------
     [MEM] dvg_exc                      15.91 Mb     (    412,  253,   10)
     [MEM] dng_exc                      15.91 Mb     (    412,  253,   10)
     [MEM] hr_distr                      0.00 Mb     (      0,   10)
     [MEM] vr_distr                      0.00 Mb     (      0,   10)
     [MEM] ----------------------------------------------------------
     [MEM] TOT                          31.81 Mb
     [MEM] ----------------------------------------------------------
     [MEM] 
     [MEM] ----------------------------------------------------------
     [MEM] **Memory** analysis: WBSE temporary
     [MEM] ----------------------------------------------------------
     [MEM] Allocated arrays           est. size (Mb)     dimensions
     [MEM] ----------------------------------------------------------
     [MEM] dvpsi                         1.59 Mb     (    412,  253)
     [MEM] dpsi                          1.59 Mb     (    412,  253)
     [MEM] ----------------------------------------------------------
     [MEM] Total estimate                3.18 Mb
     [MEM] ----------------------------------------------------------
      
     --------------------------------------------------------------------------------------------
     Database read in 03.7s               
     In location : ./west.wbse.david.save
     Eigen. found :           10
     --------------------------------------------------------------------------------------------

     Calculation of the dipole in real space

     Dipole is shifted to the center of cell for the calculation of d0psi. 

      *----------*   THE PRINCIPLE PROJECTED COMPONENTS   *----------*

      #     Exciton : |        1 |   Excitation energy : |     0.231296

      OSCILLATOR STRENGTH : 

                XX             YY            ZZ            TOTAL

                   0.107237         0.107237         0.107237         0.321712

          SPIN     OCCUPIED STATES     UNOCCUPIED STATES     PROJECTION
             1         253                       1           0.990145

      #     Exciton : |        2 |   Excitation energy : |     0.368980

      OSCILLATOR STRENGTH : 

                XX             YY            ZZ            TOTAL

                   0.000030         0.000029         0.002928         0.002988

          SPIN     OCCUPIED STATES     UNOCCUPIED STATES     PROJECTION
             1         252                       1           0.966155
             1         253                       3           0.142303
             1         253                       4           0.180468

      #     Exciton : |        3 |   Excitation energy : |     0.368980

      OSCILLATOR STRENGTH : 

                XX             YY            ZZ            TOTAL

                   0.001959         0.001027         0.000002         0.002988

          SPIN     OCCUPIED STATES     UNOCCUPIED STATES     PROJECTION
             1         251                       1           0.967798
             1         253                       2           0.224068

      #     Exciton : |        4 |   Excitation energy : |     0.368980

      OSCILLATOR STRENGTH : 

                XX             YY            ZZ            TOTAL

                   0.000999         0.001931         0.000058         0.002988

          SPIN     OCCUPIED STATES     UNOCCUPIED STATES     PROJECTION
             1         250                       1           0.968532
             1         253                       3           0.173931
             1         253                       4           0.142536

      #     Exciton : |        5 |   Excitation energy : |     0.371700

      OSCILLATOR STRENGTH : 

                XX             YY            ZZ            TOTAL

                   0.008926         0.049956         0.038940         0.097822

          SPIN     OCCUPIED STATES     UNOCCUPIED STATES     PROJECTION
             1         250                       1           0.169537
             1         252                       1           0.160742
             1         253                       4           0.912626
             1         253                      11           0.144920
             1         253                      12           0.156809
             1         253                      13           0.113997

      #     Exciton : |        6 |   Excitation energy : |     0.371700

      OSCILLATOR STRENGTH : 

                XX             YY            ZZ            TOTAL

                   0.021641         0.021056         0.055126         0.097823

          SPIN     OCCUPIED STATES     UNOCCUPIED STATES     PROJECTION
             1         250                       1           0.169745
             1         252                       1           0.163868
             1         253                       2           0.315512
             1         253                       3           0.863845
             1         253                      13           0.212528

      #     Exciton : |        7 |   Excitation energy : |     0.371700

      OSCILLATOR STRENGTH : 

                XX             YY            ZZ            TOTAL

                   0.067255         0.026811         0.003757         0.097823

          SPIN     OCCUPIED STATES     UNOCCUPIED STATES     PROJECTION
             1         251                       1           0.229404
             1         253                       2           0.860694
             1         253                       3           0.307687
             1         253                       4           0.113533
             1         253                      11           0.184383
             1         253                      12           0.155455

      #     Exciton : |        8 |   Excitation energy : |     0.406442

      OSCILLATOR STRENGTH : 

                XX             YY            ZZ            TOTAL

                   0.000000         0.000000         0.000000         0.000000

          SPIN     OCCUPIED STATES     UNOCCUPIED STATES     PROJECTION
             1         253                       7           0.998674

      #     Exciton : |        9 |   Excitation energy : |     0.406442

      OSCILLATOR STRENGTH : 

                XX             YY            ZZ            TOTAL

                   0.000000         0.000000         0.000000         0.000000

          SPIN     OCCUPIED STATES     UNOCCUPIED STATES     PROJECTION
             1         253                       5           0.286476
             1         253                       6           0.956862

      #     Exciton : |       10 |   Excitation energy : |     0.406442

      OSCILLATOR STRENGTH : 

                XX             YY            ZZ            TOTAL

                   0.000000         0.000000         0.000000         0.000000

          SPIN     OCCUPIED STATES     UNOCCUPIED STATES     PROJECTION
             1         253                       5           0.956732
             1         253                       6           0.286392
  0.000000000000000E+000  2.607176031191360E-002
  1.000000047497451E-003  2.627534676066045E-002
  2.000000094994903E-003  2.648140936438488E-002
  3.000000142492354E-003  2.668998943360435E-002
  4.000000189989805E-003  2.690112915835640E-002
  5.000000237487257E-003  2.711487163100914E-002
  6.000000284984708E-003  2.733126086976967E-002
  7.000000332482159E-003  2.755034184291485E-002
  8.000000379979610E-003  2.777216049377031E-002
  9.000000427477062E-003  2.799676376646394E-002
  1.000000047497451E-002  2.822419963248192E-002
  1.100000052247196E-002  2.845451711805584E-002
  1.200000056996942E-002  2.868776633241098E-002
  1.300000061746687E-002  2.892399849690703E-002
  1.400000066496432E-002  2.916326597510361E-002
  1.500000071246177E-002  2.940562230378439E-002
  1.600000075995922E-002  2.965112222497532E-002
  1.700000080745667E-002  2.989982171899326E-002
  1.800000085495412E-002  3.015177803856354E-002
  1.900000090245157E-002  3.040704974404618E-002
  2.000000094994903E-002  3.066569673981224E-002
  2.100000099744648E-002  3.092778031181363E-002
  2.200000104494393E-002  3.119336316639147E-002
  2.300000109244138E-002  3.146250947037012E-002
  2.400000113993883E-002  3.173528489248592E-002
  2.500000118743628E-002  3.201175664620162E-002
  2.600000123493373E-002  3.229199353396035E-002
  2.700000128243119E-002  3.257606599293456E-002
  2.800000132992864E-002  3.286404614232804E-002
  2.900000137742609E-002  3.315600783229225E-002
  3.000000142492354E-002  3.345202669451992E-002
  3.100000147242099E-002  3.375218019458231E-002
  3.200000151991844E-002  3.405654768607967E-002
  3.300000156741589E-002  3.436521046667682E-002
  3.400000161491334E-002  3.467825183609988E-002
  3.500000166241080E-002  3.499575715617280E-002
  3.600000170990825E-002  3.531781391297671E-002
  3.700000175740570E-002  3.564451178121848E-002
  3.800000180490315E-002  3.597594269089867E-002
  3.900000185240060E-002  3.631220089637388E-002
  4.000000189989805E-002  3.665338304791235E-002
  4.100000194739550E-002  3.699958826584652E-002
  4.200000199489295E-002  3.735091821743120E-002
  4.300000204239041E-002  3.770747719652094E-002
  4.400000208988786E-002  3.806937220618591E-002
  4.500000213738531E-002  3.843671304439086E-002
  4.600000218488276E-002  3.880961239286831E-002
  4.700000223238021E-002  3.918818590932288E-002
  4.800000227987766E-002  3.957255232311065E-002
  4.900000232737511E-002  3.996283353454444E-002
  5.000000237487257E-002  4.035915471798324E-002
  5.100000242237002E-002  4.076164442887203E-002
  5.200000246986747E-002  4.117043471490603E-002
  5.300000251736492E-002  4.158566123150275E-002
  5.400000256486237E-002  4.200746336177395E-002
  5.500000261235982E-002  4.243598434119952E-002
  5.600000265985727E-002  4.287137138721547E-002
  5.700000270735472E-002  4.331377583393915E-002
  5.800000275485218E-002  4.376335327226626E-002
  5.900000280234963E-002  4.422026369558633E-002
  6.000000284984708E-002  4.468467165137611E-002
  6.100000289734453E-002  4.515674639894401E-002
  6.200000294484198E-002  4.563666207361289E-002
  6.300000299233943E-002  4.612459785764402E-002
  6.400000303983688E-002  4.662073815822081E-002
  6.500000308733433E-002  4.712527279282813E-002
  6.600000313483179E-002  4.763839718238118E-002
  6.700000318232924E-002  4.816031255247673E-002
  6.800000322982669E-002  4.869122614316056E-002
  6.900000327732414E-002  4.923135142762564E-002
  7.000000332482159E-002  4.978090834027880E-002
  7.100000337231904E-002  5.034012351463878E-002
  7.200000341981649E-002  5.090923053155260E-002
  7.300000346731395E-002  5.148847017824652E-002
  7.400000351481140E-002  5.207809071875528E-002
  7.500000356230885E-002  5.267834817630600E-002
  7.600000360980630E-002  5.328950662826434E-002
  7.700000365730375E-002  5.391183851428702E-002
  7.800000370480120E-002  5.454562495836129E-002
  7.900000375229865E-002  5.519115610545173E-002
  8.000000379979610E-002  5.584873147351774E-002
  8.100000384729356E-002  5.651866032170912E-002
  8.200000389479101E-002  5.720126203559634E-002
  8.300000394228846E-002  5.789686653034253E-002
  8.400000398978591E-002  5.860581467277916E-002
  8.500000403728336E-002  5.932845872340638E-002
  8.600000408478081E-002  6.006516279940017E-002
  8.700000413227826E-002  6.081630335977635E-002
  8.800000417977571E-002  6.158226971393162E-002
  8.900000422727317E-002  6.236346455485878E-002
  9.000000427477062E-002  6.316030451841412E-002
  9.100000432226807E-002  6.397322077010238E-002
  9.200000436976552E-002  6.480265962093802E-002
  9.300000441726297E-002  6.564908317404125E-002
  9.400000446476042E-002  6.651297000373491E-002
  9.500000451225787E-002  6.739481586902230E-002
  9.600000455975533E-002  6.829513446344992E-002
  9.700000460725278E-002  6.921445820349161E-002
  9.800000465475023E-002  7.015333905773065E-002
  9.900000470224768E-002  7.111234941927189E-002
  0.100000004749745       7.209208302397696E-002
  0.101000004797243       7.309315591729389E-002
  0.102000004844740       7.411620747264078E-002
  0.103000004892237       7.516190146450852E-002
  0.104000004939735       7.623092719966611E-002
  0.105000004987232       7.732400071009066E-002
  0.106000005034730       7.844186601149777E-002
  0.107000005082227       7.958529643162561E-002
  0.108000005129725       8.075509601272179E-002
  0.109000005177222       8.195210099300537E-002
  0.110000005224720       8.317718137222140E-002
  0.111000005272217       8.443124256678337E-002
  0.112000005319715       8.571522716040345E-002
  0.113000005367212       8.703011675655158E-002
  0.114000005414709       8.837693393956059E-002
  0.115000005462207       8.975674435171126E-002
  0.116000005509704       9.117065889419201E-002
  0.117000005557202       9.261983606043578E-002
  0.118000005604699       9.410548441099841E-002
  0.119000005652197       9.562886519985951E-002
  0.120000005699694       9.719129516280887E-002
  0.121000005747192       9.879414947943228E-002
  0.122000005794689       0.100438864921134     
  0.123000005842187       0.102126943198645     
  0.124000005889684       0.103859954523565     
  0.125000005937181       0.105639541399687     
  0.126000005984679       0.107467422661166     
  0.127000006032176       0.109345397776033     
  0.128000006079674       0.111275351435107     
  0.129000006127171       0.113259258448100     
  0.130000006174669       0.115299188970580     
  0.131000006222166       0.117397314087500     
  0.132000006269664       0.119555911781322     
  0.133000006317161       0.121777373315185     
  0.134000006364658       0.124064210064352     
  0.135000006412156       0.126419060832158     
  0.136000006459653       0.128844699690002     
  0.137000006507151       0.131344044384571     
  0.138000006554648       0.133920165359524     
  0.139000006602146       0.136576295443316     
  0.140000006649643       0.139315840259747     
  0.141000006697141       0.142142389423280     
  0.142000006744638       0.145059728587186     
  0.143000006792136       0.148071852419275     
  0.144000006839633       0.151182978587365     
  0.145000006887130       0.154397562844889     
  0.146000006934628       0.157720315316212     
  0.147000006982125       0.161156218091404     
  0.148000007029623       0.164710544251594     
  0.149000007077120       0.168388878458711     
  0.150000007124618       0.172197139257569     
  0.151000007172115       0.176141603254096     
  0.152000007219613       0.180228931351242     
  0.153000007267110       0.184466197243946     
  0.154000007314608       0.188860918396892     
  0.155000007362105       0.193421089753791     
  0.156000007409602       0.198155220455150     
  0.157000007457100       0.203072373873254     
  0.158000007504597       0.208182211308890     
  0.159000007552095       0.213495039734823     
  0.160000007599592       0.219021864016821     
  0.161000007647090       0.224774444094827     
  0.162000007694587       0.230765357665723     
  0.163000007742085       0.237008068975894     
  0.164000007789582       0.243517004407790     
  0.165000007837079       0.250307635631241     
  0.166000007884577       0.257396571189051     
  0.167000007932074       0.264801657499255     
  0.168000007979572       0.272542090385609     
  0.169000008027069       0.280638538395976     
  0.170000008074567       0.289113279338319     
  0.171000008122064       0.297990351659616     
  0.172000008169562       0.307295722518334     
  0.173000008217059       0.317057474661179     
  0.174000008264557       0.327306014515486     
  0.175000008312054       0.338074304256779     
  0.176000008359551       0.349398121015008     
  0.177000008407049       0.361316346852411     
  0.178000008454546       0.373871293692594     
  0.179000008502044       0.387109068017992     
  0.180000008549541       0.401079980897930     
  0.181000008597039       0.415839009781739     
  0.182000008644536       0.431446319514273     
  0.183000008692034       0.447967851233031     
  0.184000008739531       0.465475989220591     
  0.185000008787028       0.484050317453807     
  0.186000008834526       0.503778479560784     
  0.187000008882023       0.524757158226360     
  0.188000008929521       0.547093192846782     
  0.189000008977018       0.570904857508238     
  0.190000009024516       0.596323325252523     
  0.191000009072013       0.623494349216163     
  0.192000009119511       0.652580196729635     
  0.193000009167008       0.683761879009686     
  0.194000009214506       0.717241726868603     
  0.195000009262003       0.753246372129995     
  0.196000009309500       0.792030205444830     
  0.197000009356998       0.833879394238709     
  0.198000009404495       0.879116559909125     
  0.199000009451993       0.928106231452142     
  0.200000009499490       0.981261213723195     
  0.201000009546988        1.03905003272345     
  0.202000009594485        1.10200564764285     
  0.203000009641983        1.17073564948275     
  0.204000009689480        1.24593419782338     
  0.205000009736978        1.32839597839108     
  0.206000009784475        1.41903249019904     
  0.207000009831972        1.51889098456145     
  0.208000009879470        1.62917636622878     
  0.209000009926967        1.75127630769525     
  0.210000009974465        1.88678968621761     
  0.211000010021962        2.03755817278787     
  0.212000010069460        2.20570029385205     
  0.213000010116957        2.39364641070741     
  0.214000010164455        2.60417160526913     
  0.215000010211952        2.84042110658640     
  0.216000010259449        3.10591918300858     
  0.217000010306947        3.40454673887901     
  0.218000010354444        3.74046442788719     
  0.219000010401942        4.11794617270775     
  0.220000010449439        4.54107227098489     
  0.221000010496937        5.01321301054215     
  0.222000010544434        5.53621781898237     
  0.223000010591932        6.10922362629428     
  0.224000010639429        6.72703346768395     
  0.225000010686927        7.37813092958080     
  0.226000010734424        8.04263150517637     
  0.227000010781921        8.69083911115961     
  0.228000010829419        9.28347397265701     
  0.229000010876916        9.77476923259510     
  0.230000010924414        10.1190514938795     
  0.231000010971911        10.2798936911009     
  0.232000011019409        10.2390169419933     
  0.233000011066906        10.0012467857057     
  0.234000011114404        9.59317437434356     
  0.235000011161901        9.05617528808544     
  0.236000011209399        8.43696564177755     
  0.237000011256896        7.77926155829924     
  0.238000011304393        7.11861731862385     
  0.239000011351891        6.48062860823958     
  0.240000011399388        5.88153528867464     
  0.241000011446886        5.33001993467776     
  0.242000011494383        4.82928806189986     
  0.243000011541881        4.37892485336007     
  0.244000011589378        3.97634023107140     
  0.245000011636876        3.61779572423855     
  0.246000011684373        3.29908419457735     
  0.247000011731870        3.01595117228574     
  0.248000011779368        2.76433713525527     
  0.249000011826865        2.54050224327941     
  0.250000011874363        2.34107750159380     
  0.251000011921860        2.16307213604949     
  0.252000011969358        2.00385654411653     
  0.253000012016855        1.86113297582601     
  0.254000012064353        1.73290130543828     
  0.255000012111850        1.61742416394221     
  0.256000012159348        1.51319376140959     
  0.257000012206845        1.41890154062459     
  0.258000012254342        1.33341109848586     
  0.259000012301840        1.25573440992053     
  0.260000012349337        1.18501117403325     
  0.261000012396835        1.12049099971236     
  0.262000012444332        1.06151811130651     
  0.263000012491830        1.00751825540591     
  0.264000012539327       0.957987509637732     
  0.265000012586825       0.912482723231904     
  0.266000012634322       0.870613350855070     
  0.267000012681819       0.832034472476145     
  0.268000012729317       0.796440821080836     
  0.269000012776814       0.763561666127235     
  0.270000012824312       0.733156423518314     
  0.271000012871809       0.705010882652798     
  0.272000012919307       0.678933958049231     
  0.273000012966804       0.654754887429101     
  0.274000013014302       0.632320810317162     
  0.275000013061799       0.611494671480280     
  0.276000013109297       0.592153402162673     
  0.277000013156794       0.574186339335490     
  0.278000013204291       0.557493849279376     
  0.279000013251789       0.541986126946002     
  0.280000013299286       0.527582146856318     
  0.281000013346784       0.514208744922560     
  0.282000013394281       0.501799813639524     
  0.283000013441779       0.490295595671654     
  0.284000013489276       0.479642063044171     
  0.285000013536774       0.469790370993814     
  0.286000013584271       0.460696377102083     
  0.287000013631769       0.452320217666299     
  0.288000013679266       0.444625934399175     
  0.289000013726763       0.437581145517391     
  0.290000013774261       0.431156756110183     
  0.291000013821758       0.425326703392324     
  0.292000013869256       0.420067733060611     
  0.293000013916753       0.415359203504532     
  0.294000013964251       0.411182915083487     
  0.295000014011748       0.407522962085721     
  0.296000014059246       0.404365605337538     
  0.297000014106743       0.401699163743453     
  0.298000014154240       0.399513923315620     
  0.299000014201738       0.397802062500120     
  0.300000014249235       0.396557592833853     
  0.301000014296733       0.395776314173311     
  0.302000014344230       0.395455783929738     
  0.303000014391728       0.395595299927790     
  0.304000014439225       0.396195896680278     
  0.305000014486723       0.397260355043356     
  0.306000014534220       0.398793225387705     
  0.307000014581718       0.400800864595180     
  0.308000014629215       0.403291487370292     
  0.309000014676712       0.406275232545248     
  0.310000014724210       0.409764245259752     
  0.311000014771707       0.413772776116448     
  0.312000014819205       0.418317298654257     
  0.313000014866702       0.423416646749922     
  0.314000014914200       0.429092173858744     
  0.315000014961697       0.435367936345298     
  0.316000015009195       0.442270903541754     
  0.317000015056692       0.449831197614262     
  0.318000015104190       0.458082366827424     
  0.319000015151687       0.467061696385758     
  0.320000015199184       0.476810561714217     
  0.321000015246682       0.487374829834972     
  0.322000015294179       0.498805315426000     
  0.323000015341677       0.511158299233841     
  0.324000015389174       0.524496117788287     
  0.325000015436672       0.538887834867121     
  0.326000015484169       0.554410006927517     
  0.327000015531667       0.571147556809491     
  0.328000015579164       0.589194772488185     
  0.329000015626661       0.608656450580515     
  0.330000015674159       0.629649207787330     
  0.331000015721656       0.652302987581645     
  0.332000015769154       0.676762794363923     
  0.333000015816651       0.703190693147664     
  0.334000015864149       0.731768119790035     
  0.335000015911646       0.762698555049647     
  0.336000015959144       0.796210625574093     
  0.337000016006641       0.832561706560115     
  0.338000016054139       0.872042114579445     
  0.339000016101636       0.914979995222678     
  0.340000016149133       0.961747029061509     
  0.341000016196631        1.01276510117426     
  0.342000016244128        1.06851410416494     
  0.343000016291626        1.12954107195877     
  0.344000016339123        1.19647087082947     
  0.345000016386621        1.27001870326560     
  0.346000016434118        1.35100470590577     
  0.347000016481616        1.44037093860868     
  0.348000016529113        1.53920105704830     
  0.349000016576611        1.64874291815051     
  0.350000016624108        1.77043425696494     
  0.351000016671605        1.90593134813138     
  0.352000016719103        2.05714015036587     
  0.353000016766600        2.22624871198202     
  0.354000016814098        2.41575841119827     
  0.355000016861595        2.62850965068724     
  0.356000016909093        2.86769453766736     
  0.357000016956590        3.13684433477926     
  0.358000017004088        3.43977241206209     
  0.359000017051585        3.78044340340269     
  0.360000017099082        4.16272594540932     
  0.361000017146580        4.58997058056919     
  0.362000017194077        5.06433974762228     
  0.363000017241575        5.58581238384525     
  0.364000017289072        6.15080973938678     
  0.365000017336570        6.75047113669901     
  0.366000017384067        7.36878447157129     
  0.367000017431565        7.98106470609370     
  0.368000017479062        8.55362210340181     
  0.369000017526560        9.04567608942146     
  0.370000017574057        9.41430144399817     
  0.371000017621554        9.62213230946047     
  0.372000017669052        9.64588176507629     
  0.373000017716549        9.48246601460587     
  0.374000017764047        9.14993794561524     
  0.375000017811544        8.68273693033165     
  0.376000017859042        8.12344774844828     
  0.377000017906539        7.51443152714568     
  0.378000017954037        6.89186643403581     
  0.379000018001534        6.28299049686873     
  0.380000018049031        5.70595947267157     
  0.381000018096529        5.17121607773067     
  0.382000018144026        4.68339598876452     
  0.383000018191524        4.24316336150626     
  0.384000018239021        3.84870466015349     
  0.385000018286519        3.49682403572118     
  0.386000018334016        3.18368725007503     
  0.387000018381514        2.90529448934244     
  0.388000018429011        2.65776062611500     
  0.389000018476509        2.43746660023429     
  0.390000018524006        2.24112867754735     
  0.391000018571503        2.06581785197271     
  0.392000018619001        1.90895067823214     
  0.393000018666498        1.76826507310136     
  0.394000018713996        1.64178939868313     
  0.395000018761493        1.52780973547178     
  0.396000018808991        1.42483809302466     
  0.397000018856488        1.33158297113675     
  0.398000018903986        1.24692288237869     
  0.399000018951483        1.16988298197959     
  0.400000018998981        1.09961469539548     
  0.401000019046478        1.03537810544556     
  0.402000019093975       0.976526807791522     
  0.403000019141473       0.922494933516160     
  0.404000019188970       0.872786050852108     
  0.405000019236468       0.826963682823266     
  0.406000019283965       0.784643206715386     
  0.407000019331463       0.745484930943411     
  0.408000019378960       0.709188172933793     
  0.409000019426458       0.675486187093065     
  0.410000019473955       0.644141814433424     
  0.411000019521452       0.614943744974070     
  0.412000019568950       0.587703300822705     
  0.413000019616447       0.562251662139574     
  0.414000019663945       0.538437470298417     
  0.415000019711442       0.516124752781018     
  0.416000019758940       0.495191122948915     
  0.417000019806437       0.475526215072659     
  0.418000019853935       0.457030321079947     
  0.419000019901432       0.439613200593328     
  0.420000019948930       0.423193040122938     
  0.421000019996427       0.407695540892339     
  0.422000020043924       0.393053117817441     
  0.423000020091422       0.379204194722971     
  0.424000020138919       0.366092583045856     
  0.425000020186417       0.353666933105335     
  0.426000020233914       0.341880248569637     
  0.427000020281412       0.330689456063912     
  0.428000020328909       0.320055022981374     
  0.429000020376407       0.309940617510615     
  0.430000020423904       0.300312805703065     
  0.431000020471402       0.291140781097423     
  0.432000020518899       0.282396123010819     
  0.433000020566396       0.274052580114908     
  0.434000020613894       0.266085876351798     
  0.435000020661391       0.258473536620490     
  0.436000020708889       0.251194729988477     
  0.437000020756386       0.244230128462900     
  0.438000020803884       0.237561779597655     
  0.439000020851381       0.231172991422585     
  0.440000020898879       0.225048228362941     
  0.441000020946376       0.219173016975566     
  0.442000020993873       0.213533860466168     
  0.443000021041371       0.208118161072289     
  0.444000021088868       0.202914149501678     
  0.445000021136366       0.197910820707763     
  0.446000021183863       0.193097875364502     
  0.447000021231361       0.188465666473698     
  0.448000021278858       0.184005150600038     
  0.449000021326356       0.179707843283927     
  0.450000021373853       0.175565778230471     
  0.451000021421351       0.171571469915602     
  0.452000021468848       0.167717879288068     
  0.453000021516345       0.163998382279367     
  0.454000021563843       0.160406740863335     
  0.455000021611340       0.156937076433354     
  0.456000021658838       0.153583845288504     
  0.457000021706335       0.150341816040796     
  0.458000021753833       0.147206048774105     
  0.459000021801330       0.144171875802007     
  0.460000021848828       0.141234883886437     
  0.461000021896325       0.138390897792320     
  0.462000021943823       0.135635965065149     
  0.463000021991320       0.132966341929066     
  0.464000022038817       0.130378480212533     
  0.465000022086315       0.127869015217206     
  0.466000022133812       0.125434754453323     
  0.467000022181310       0.123072667171824     
  0.468000022228807       0.120779874629662     
  0.469000022276305       0.118553641030387     
  0.470000022323802       0.116391365087154     
  0.471000022371300       0.114290572159917     
  0.472000022418797       0.112248906922694     
  0.473000022466294       0.110264126520583     
  0.474000022513792       0.108334094179589     
  0.475000022561289       0.106456773235437     
  0.476000022608787       0.104630221550338     
  0.477000022656284       0.102852586289240     
  0.478000022703782       0.101122099029415     
  0.479000022751279       9.943707117934794E-002
  0.480000022798777       9.779588968481193E-002
  0.481000022846274       9.619701300178944E-002
  0.482000022893772       9.463896731748557E-002
  0.483000022941269       9.312034300215373E-002
  0.484000022988766       9.163979127579107E-002
  0.485000023036264       9.019602107498587E-002
  0.486000023083761       8.878779610632161E-002
  0.487000023131259       8.741393207377024E-002
  0.488000023178756       8.607329406844888E-002
  0.489000023226254       8.476479410997975E-002
  0.490000023273751       8.348738882948688E-002
  0.491000023321249       8.224007728499250E-002
  0.492000023368746       8.102189890064747E-002
  0.493000023416243       7.983193152184681E-002
  0.494000023463741       7.866928957885025E-002
  0.495000023511238       7.753312235205091E-002
  0.496000023558736       7.642261233251876E-002
  0.497000023606233       7.533697367188978E-002
  0.498000023653731       7.427545071608414E-002
  0.499000023701228       7.323731661771547E-002
  0.500000023748726       7.222187202240490E-002
  0.501000023796223       7.122844382453787E-002
  0.502000023843721       7.025638398830218E-002
  0.503000023891218       6.930506843012378E-002
  0.504000023938715       6.837389595887478E-002
  0.505000023986213       6.746228727046621E-002
  0.506000024033710       6.656968399366045E-002
  0.507000024081208       6.569554778414353E-002
  0.508000024128705       6.483935946408768E-002
  0.509000024176203       6.400061820461281E-002
  0.510000024223700       6.317884074871989E-002
  0.511000024271198       6.237356067242216E-002
  0.512000024318695       6.158432768194348E-002
  0.513000024366193       6.081070694498483E-002
  0.514000024413690       6.005227845418466E-002
  0.515000024461187       5.930863642101308E-002
  0.516000024508685       5.857938869844780E-002
  0.517000024556182       5.786415623087982E-002
  0.518000024603680       5.716257252979018E-002
  0.519000024651177       5.647428317382626E-002
  0.520000024698675       5.579894533198834E-002
  0.521000024746172       5.513622730871198E-002
  0.522000024793670       5.448580810970453E-002
  0.523000024841167       5.384737702745945E-002
  0.524000024888664       5.322063324543498E-002
  0.525000024936162       5.260528545994209E-002
  0.526000024983659       5.200105151884109E-002
  0.527000025031157       5.140765807619733E-002
  0.528000025078654       5.082484026209497E-002
  0.529000025126152       5.025234136685198E-002
  0.530000025173649       4.968991253892244E-002
  0.531000025221147       4.913731249581139E-002
  0.532000025268644       4.859430724736474E-002
  0.533000025316142       4.806066983083199E-002
  0.534000025363639       4.753618005713166E-002
  0.535000025411136       4.702062426778066E-002
  0.536000025458634       4.651379510197806E-002
  0.537000025506131       4.601549127336006E-002
  0.538000025553629       4.552551735596962E-002
  0.539000025601126       4.504368357900777E-002
  0.540000025648624       4.456980562995665E-002
  0.541000025696121       4.410370446568538E-002
  0.542000025743619       4.364520613117068E-002
  0.543000025791116       4.319414158548252E-002
  0.544000025838614       4.275034653470346E-002
  0.545000025886111       4.231366127146705E-002
  0.546000025933608       4.188393052081689E-002
  0.547000025981106       4.146100329210247E-002
  0.548000026028603       4.104473273664307E-002
  0.549000026076101       4.063497601090332E-002
  0.550000026123598       4.023159414493772E-002
  0.551000026171096       3.983445191587291E-002
  0.552000026218593       3.944341772620764E-002
  0.553000026266091       3.905836348672194E-002
  0.554000026313588       3.867916450379618E-002
  0.555000026361085       3.830569937095088E-002
  0.556000026408583       3.793784986442730E-002
  0.557000026456080       3.757550084263689E-002
  0.558000026503578       3.721854014931661E-002
  0.559000026551075       3.686685852023418E-002
  0.560000026598573       3.652034949329500E-002
  0.561000026646070       3.617890932190946E-002
  0.562000026693568       3.584243689148559E-002
  0.563000026741065       3.551083363891881E-002
  0.564000026788563       3.518400347495582E-002
  0.565000026836060       3.486185270931589E-002
  0.566000026883557       3.454428997845770E-002
  0.567000026931055       3.423122617588516E-002
  0.568000026978552       3.392257438489061E-002
  0.569000027026050       3.361824981363774E-002
  0.570000027073547       3.331816973249200E-002
  0.571000027121045       3.302225341350908E-002
  0.572000027168542       3.273042207199720E-002
  0.573000027216040       3.244259881007191E-002
  0.574000027263537       3.215870856212578E-002
  0.575000027311035       3.187867804213908E-002
  0.576000027358532       3.160243569276035E-002
  0.577000027406029       3.132991163608908E-002
  0.578000027453527       3.106103762609565E-002
  0.579000027501024       3.079574700261614E-002
  0.580000027548522       3.053397464686272E-002
  0.581000027596019       3.027565693839254E-002
  0.582000027643517       3.002073171348056E-002
  0.583000027691014       2.976913822484399E-002
  0.584000027738512       2.952081710266827E-002
  0.585000027786009       2.927571031688660E-002
  0.586000027833506       2.903376114066680E-002
  0.587000027881004       2.879491411506170E-002
  0.588000027928501       2.855911501478041E-002
  0.589000027975999       2.832631081503998E-002
  0.590000028023496       2.809644965945859E-002
  0.591000028070994       2.786948082895282E-002
  0.592000028118491       2.764535471160302E-002
  0.593000028165989       2.742402277345266E-002
  0.594000028213486       2.720543753020821E-002
  0.595000028260984       2.698955251980816E-002
  0.596000028308481       2.677632227583044E-002
  0.597000028355978       2.656570230170916E-002
  0.598000028403476       2.635764904573231E-002
  0.599000028450973       2.615211987679355E-002
  0.600000028498471       2.594907306087213E-002
  0.601000028545968       2.574846773821574E-002
  0.602000028593466       2.555026390120255E-002
  0.603000028640963       2.535442237285907E-002
  0.604000028688461       2.516090478601188E-002
  0.605000028735958       2.496967356305159E-002
  0.606000028783455       2.478069189628874E-002
  0.607000028830953       2.459392372888165E-002
  0.608000028878450       2.440933373631722E-002
  0.609000028925948       2.422688730842643E-002
  0.610000028973445       2.404655053191686E-002
  0.611000029020943       2.386829017340512E-002
  0.612000029068440       2.369207366293301E-002
  0.613000029115938       2.351786907795150E-002
  0.614000029163435       2.334564512775745E-002
  0.615000029210933       2.317537113836833E-002
  0.616000029258430       2.300701703782094E-002
  0.617000029305927       2.284055334188042E-002
  0.618000029353425       2.267595114014665E-002
  0.619000029400922       2.251318208254514E-002
  0.620000029448420       2.235221836619044E-002
  0.621000029495917       2.219303272261025E-002
  0.622000029543415       2.203559840531890E-002
  0.623000029590912       2.187988917772924E-002
  0.624000029638410       2.172587930139246E-002
  0.625000029685907       2.157354352455560E-002
  0.626000029733405       2.142285707102701E-002
  0.627000029780902       2.127379562934016E-002
  0.628000029828399       2.112633534220676E-002
  0.629000029875897       2.098045279625025E-002
  0.630000029923394       2.083612501201131E-002
  0.631000029970892       2.069332943421686E-002
  0.632000030018389       2.055204392230489E-002
  0.633000030065887       2.041224674119724E-002
  0.634000030113384       2.027391655231292E-002
  0.635000030160882       2.013703240481487E-002
  0.636000030208379       2.000157372708321E-002
  0.637000030255876       1.986752031840812E-002
  0.638000030303374       1.973485234089616E-002
  0.639000030350871       1.960355031158337E-002
  0.640000030398369       1.947359509474954E-002
  0.641000030445866       1.934496789442739E-002
  0.642000030493364       1.921765024710119E-002
  0.643000030540861       1.909162401458938E-002
  0.644000030588359       1.896687137710568E-002
  0.645000030635856       1.884337482649386E-002
  0.646000030683354       1.872111715963079E-002
  0.647000030730851       1.860008147199347E-002
  0.648000030778348       1.848025115138489E-002
  0.649000030825846       1.836160987181460E-002
  0.650000030873343       1.824414158752935E-002
  0.651000030920841       1.812783052718986E-002
  0.652000030968338       1.801266118818926E-002
  0.653000031015836       1.789861833110969E-002
  0.654000031063333       1.778568697431280E-002
  0.655000031110831       1.767385238866071E-002
  0.656000031158328       1.756310009236374E-002
  0.657000031205826       1.745341584595143E-002
  0.658000031253323       1.734478564736340E-002
  0.659000031300820       1.723719572715697E-002
  0.660000031348318       1.713063254382808E-002
  0.661000031395815       1.702508277924276E-002
  0.662000031443313       1.692053333417583E-002
  0.663000031490810       1.681697132395422E-002
  0.664000031538308       1.671438407420195E-002
  0.665000031585805       1.661275911668407E-002
  0.666000031633303       1.651208418524696E-002
  0.667000031680800       1.641234721185246E-002
  0.668000031728297       1.631353632270317E-002
  0.669000031775795       1.621563983445677E-002
  0.670000031823292       1.611864625052680E-002
  0.671000031870790       1.602254425746783E-002
  0.672000031918287       1.592732272144260E-002
  0.673000031965785       1.583297068476913E-002
  0.674000032013282       1.573947736254582E-002
  0.675000032060780       1.564683213935226E-002
  0.676000032108277       1.555502456602398E-002
  0.677000032155775       1.546404435649935E-002
  0.678000032203272       1.537388138473640E-002
  0.679000032250769       1.528452568169824E-002
  0.680000032298267       1.519596743240502E-002
  0.681000032345764       1.510819697305078E-002
  0.682000032393262       1.502120478818378E-002
  0.683000032440759       1.493498150794834E-002
  0.684000032488257       1.484951790538701E-002
  0.685000032535754       1.476480489380134E-002
  0.686000032583252       1.468083352416979E-002
  0.687000032630749       1.459759498262155E-002
  0.688000032678246       1.451508058796463E-002
  0.689000032725744       1.443328178926709E-002
  0.690000032773241       1.435219016348997E-002
  0.691000032820739       1.427179741317071E-002
  0.692000032868236       1.419209536415582E-002
  0.693000032915734       1.411307596338159E-002
  0.694000032963231       1.403473127670168E-002
  0.695000033010729       1.395705348676047E-002
  0.696000033058226       1.388003489091095E-002
  0.697000033105724       1.380366789917636E-002
  0.698000033153221       1.372794503225413E-002
  0.699000033200718       1.365285891956147E-002
  0.700000033248216       1.357840229732144E-002
  0.701000033295713       1.350456800668849E-002
  0.702000033343211       1.343134899191276E-002
  0.703000033390708       1.335873829854189E-002
  0.704000033438206       1.328672907165983E-002
  0.705000033485703       1.321531455416143E-002
  0.706000033533201       1.314448808506225E-002
  0.707000033580698       1.307424309784260E-002
  0.708000033628196       1.300457311882509E-002
  0.709000033675693       1.293547176558487E-002
  0.710000033723190       1.286693274539182E-002
  0.711000033770688       1.279894985368404E-002
  0.712000033818185       1.273151697257168E-002
  0.713000033865683       1.266462806937071E-002
  0.714000033913180       1.259827719516578E-002
  0.715000033960678       1.253245848340146E-002
  0.716000034008175       1.246716614850143E-002
  0.717000034055673       1.240239448451468E-002
  0.718000034103170       1.233813786378840E-002
  0.719000034150667       1.227439073566686E-002
  0.720000034198165       1.221114762521550E-002
  0.721000034245662       1.214840313197007E-002
  0.722000034293160       1.208615192870982E-002
  0.723000034340657       1.202438876025459E-002
  0.724000034388155       1.196310844228496E-002
  0.725000034435652       1.190230586018518E-002
  0.726000034483150       1.184197596790820E-002
  0.727000034530647       1.178211378686249E-002
  0.728000034578145       1.172271440482000E-002
  0.729000034625642       1.166377297484488E-002
  0.730000034673139       1.160528471424258E-002
  0.731000034720637       1.154724490352871E-002
  0.732000034768134       1.148964888541739E-002
  0.733000034815632       1.143249206382863E-002
  0.734000034863129       1.137576990291422E-002
  0.735000034910627       1.131947792610190E-002
  0.736000034958124       1.126361171515735E-002
  0.737000035005622       1.120816690926354E-002
  0.738000035053119       1.115313920411717E-002
  0.739000035100617       1.109852435104183E-002
  0.740000035148114       1.104431815611748E-002
  0.741000035195611       1.099051647932592E-002
  0.742000035243109       1.093711523371189E-002
  0.743000035290606       1.088411038455961E-002
  0.744000035338104       1.083149794858416E-002
  0.745000035385601       1.077927399313771E-002
  0.746000035433099       1.072743463543003E-002
  0.747000035480596       1.067597604176315E-002
  0.748000035528094       1.062489442677977E-002
  0.749000035575591       1.057418605272523E-002
  0.750000035623088       1.052384722872265E-002
  0.751000035670586       1.047387431006112E-002
  0.752000035718083       1.042426369749644E-002
  0.753000035765581       1.037501183656446E-002
  0.754000035813078       1.032611521690649E-002
  0.755000035860576       1.027757037160665E-002
  0.756000035908073       1.022937387654095E-002
  0.757000035955571       1.018152234973781E-002
  0.758000036003068       1.013401245074976E-002
  0.759000036050566       1.008684088003624E-002
  0.760000036098063       1.004000437835702E-002
  0.761000036145560       9.993499726176303E-003
  0.762000036193058       9.947323743077142E-003
  0.763000036240555       9.901473287185983E-003
  0.764000036288053       9.855945254607153E-003
  0.765000036335550       9.810736578867085E-003
  0.766000036383048       9.765844230368137E-003
  0.767000036430545       9.721265215851687E-003
  0.768000036478043       9.676996577870503E-003
  0.769000036525540       9.633035394270031E-003
  0.770000036573038       9.589378777678549E-003
  0.771000036620535       9.546023875005968E-003
  0.772000036668032       9.502967866951080E-003
  0.773000036715530       9.460207967517158E-003
  0.774000036763027       9.417741423535707E-003
  0.775000036810525       9.375565514198178E-003
  0.776000036858022       9.333677550595576E-003
  0.777000036905520       9.292074875265711E-003
  0.778000036953017       9.250754861748044E-003
  0.779000037000515       9.209714914145867E-003
  0.780000037048012       9.168952466695822E-003
  0.781000037095509       9.128464983344468E-003
  0.782000037143007       9.088249957331884E-003
  0.783000037190504       9.048304910782101E-003
  0.784000037238002       9.008627394300264E-003
  0.785000037285499       8.969214986576379E-003
  0.786000037332997       8.930065293995572E-003
  0.787000037380494       8.891175950254643E-003
  0.788000037427992       8.852544615984902E-003
  0.789000037475489       8.814168978381089E-003
  0.790000037522987       8.776046750836311E-003
  0.791000037570484       8.738175672582884E-003
  0.792000037617981       8.700553508338921E-003
  0.793000037665479       8.663178047960624E-003
  0.794000037712976       8.626047106100139E-003
  0.795000037760474       8.589158521868879E-003
  0.796000037807971       8.552510158506202E-003
  0.797000037855469       8.516099903053392E-003
  0.798000037902966       8.479925666032770E-003
  0.799000037950464       8.443985381131917E-003
  0.800000037997961       8.408277004892866E-003
  0.801000038045458       8.372798516406200E-003
  0.802000038092956       8.337547917009960E-003
  0.803000038140453       8.302523229993248E-003
  0.804000038187951       8.267722500304506E-003
  0.805000038235448       8.233143794264318E-003
  0.806000038282946       8.198785199282693E-003
  0.807000038330443       8.164644823580746E-003
  0.808000038377941       8.130720795916667E-003
  0.809000038425438       8.097011265315961E-003
  0.810000038472936       8.063514400805830E-003
  0.811000038520433       8.030228391153634E-003
  0.812000038567930       7.997151444609387E-003
  0.813000038615428       7.964281788652175E-003
  0.814000038662925       7.931617669740470E-003
  0.815000038710423       7.899157353066254E-003
  0.816000038757920       7.866899122312839E-003
  0.817000038805418       7.834841279416419E-003
  0.818000038852915       7.802982144331215E-003
  0.819000038900413       7.771320054798130E-003
  0.820000038947910       7.739853366116952E-003
  0.821000038995408       7.708580450921935E-003
  0.822000039042905       7.677499698960773E-003
  0.823000039090402       7.646609516876870E-003
  0.824000039137900       7.615908327994876E-003
  0.825000039185397       7.585394572109399E-003
  0.826000039232895       7.555066705276882E-003
  0.827000039280392       7.524923199610546E-003
  0.828000039327890       7.494962543078383E-003
  0.829000039375387       7.465183239304131E-003
  0.830000039422885       7.435583807371180E-003
  0.831000039470382       7.406162781629354E-003
  0.832000039517879       7.376918711504541E-003
  0.833000039565377       7.347850161311110E-003
  0.834000039612874       7.318955710067052E-003
  0.835000039660372       7.290233951311829E-003
  0.836000039707869       7.261683492926878E-003
  0.837000039755367       7.233302956958695E-003
  0.838000039802864       7.205090979444518E-003
  0.839000039850362       7.177046210240489E-003
  0.840000039897859       7.149167312852318E-003
  0.841000039945357       7.121452964268386E-003
  0.842000039992854       7.093901854795220E-003
  0.843000040040351       7.066512687895354E-003
  0.844000040087849       7.039284180027481E-003
  0.845000040135346       7.012215060488908E-003
  0.846000040182844       6.985304071260232E-003
  0.847000040230341       6.958549966852243E-003
  0.848000040277839       6.931951514154977E-003
  0.849000040325336       6.905507492288913E-003
  0.850000040372834       6.879216692458271E-003
  0.851000040420331       6.853077917806379E-003
  0.852000040467829       6.827089983273051E-003
  0.853000040515326       6.801251715453998E-003
  0.854000040562823       6.775561952462183E-003
  0.855000040610321       6.750019543791106E-003
  0.856000040657818       6.724623350180024E-003
  0.857000040705316       6.699372243481011E-003
  0.858000040752813       6.674265106527888E-003
  0.859000040800311       6.649300833006951E-003
  0.860000040847808       6.624478327329496E-003
  0.861000040895306       6.599796504506092E-003
  0.862000040942803       6.575254290022594E-003
  0.863000040990300       6.550850619717858E-003
  0.864000041037798       6.526584439663110E-003
  0.865000041085295       6.502454706043007E-003
  0.866000041132793       6.478460385038277E-003
  0.867000041180290       6.454600452709978E-003
  0.868000041227788       6.430873894885347E-003
  0.869000041275285       6.407279707045150E-003
  0.870000041322783       6.383816894212607E-003
  0.871000041370280       6.360484470843793E-003
  0.872000041417778       6.337281460719509E-003
  0.873000041465275       6.314206896838627E-003
  0.874000041512772       6.291259821312858E-003
  0.875000041560270       6.268439285262922E-003
  0.876000041607767       6.245744348716126E-003
  0.877000041655265       6.223174080505283E-003
  0.878000041702762       6.200727558169007E-003
  0.879000041750260       6.178403867853305E-003
  0.880000041797757       6.156202104214489E-003
  0.881000041845255       6.134121370323382E-003
  0.882000041892752       6.112160777570762E-003
  0.883000041940250       6.090319445574085E-003
  0.884000041987747       6.068596502085408E-003
  0.885000042035244       6.046991082900545E-003
  0.886000042082742       6.025502331769393E-003
  0.887000042130239       6.004129400307446E-003
  0.888000042177737       5.982871447908455E-003
  0.889000042225234       5.961727641658235E-003
  0.890000042272732       5.940697156249579E-003
  0.891000042320229       5.919779173898301E-003
  0.892000042367727       5.898972884260330E-003
  0.893000042415224       5.878277484349920E-003
  0.894000042462721       5.857692178458868E-003
  0.895000042510219       5.837216178076823E-003
  0.896000042557716       5.816848701812568E-003
  0.897000042605214       5.796588975316357E-003
  0.898000042652711       5.776436231203213E-003
  0.899000042700209       5.756389708977227E-003
  0.900000042747706       5.736448654956818E-003
  0.901000042795204       5.716612322200933E-003
  0.902000042842701       5.696879970436199E-003
  0.903000042890199       5.677250865984998E-003
  0.904000042937696       5.657724281694441E-003
  0.905000042985193       5.638299496866252E-003
  0.906000043032691       5.618975797187523E-003
  0.907000043080188       5.599752474662364E-003
  0.908000043127686       5.580628827544380E-003
  0.909000043175183       5.561604160270016E-003
  0.910000043222681       5.542677783392740E-003
  0.911000043270178       5.523849013518022E-003
  0.912000043317676       5.505117173239160E-003
  0.913000043365173       5.486481591073875E-003
  0.914000043412670       5.467941601401702E-003
  0.915000043460168       5.449496544402172E-003
  0.916000043507665       5.431145765993726E-003
  0.917000043555163       5.412888617773434E-003
  0.918000043602660       5.394724456957403E-003
  0.919000043650158       5.376652646321946E-003
  0.920000043697655       5.358672554145491E-003
  0.921000043745153       5.340783554151155E-003
  0.922000043792650       5.322985025450063E-003
  0.923000043840148       5.305276352485349E-003
  0.924000043887645       5.287656924976825E-003
  0.925000043935142       5.270126137866336E-003
  0.926000043982640       5.252683391263784E-003
  0.927000044030137       5.235328090393791E-003
  0.928000044077635       5.218059645543021E-003
  0.929000044125132       5.200877472008137E-003
  0.930000044172630       5.183780990044373E-003
  0.931000044220127       5.166769624814746E-003
  0.932000044267625       5.149842806339858E-003
  0.933000044315122       5.132999969448315E-003
  0.934000044362620       5.116240553727738E-003
  0.935000044410117       5.099564003476345E-003
  0.936000044457614       5.082969767655130E-003
  0.937000044505112       5.066457299840601E-003
  0.938000044552609       5.050026058178084E-003
  0.939000044600107       5.033675505335579E-003
  0.940000044647604       5.017405108458155E-003
  0.941000044695102       5.001214339122911E-003
  0.942000044742599       4.985102673294431E-003
  0.943000044790097       4.969069591280796E-003
  0.944000044837594       4.953114577690093E-003
  0.945000044885091       4.937237121387451E-003
  0.946000044932589       4.921436715452565E-003
  0.947000044980086       4.905712857137721E-003
  0.948000045027584       4.890065047826331E-003
  0.949000045075081       4.874492792991916E-003
  0.950000045122579       4.858995602157596E-003
  0.951000045170076       4.843572988856039E-003
  0.952000045217574       4.828224470589876E-003
  0.953000045265071       4.812949568792574E-003
  0.954000045312569       4.797747808789761E-003
  0.955000045360066       4.782618719760994E-003
  0.956000045407563       4.767561834701984E-003
  0.957000045455061       4.752576690387232E-003
  0.958000045502558       4.737662827333105E-003
  0.959000045550056       4.722819789761344E-003
  0.960000045597553       4.708047125562971E-003
  0.961000045645051       4.693344386262619E-003
  0.962000045692548       4.678711126983274E-003
  0.963000045740046       4.664146906411412E-003
  0.964000045787543       4.649651286762523E-003
  0.965000045835041       4.635223833747036E-003
  0.966000045882538       4.620864116536643E-003
  0.967000045930035       4.606571707730975E-003
  0.968000045977533       4.592346183324674E-003
  0.969000046025030       4.578187122674836E-003
  0.970000046072528       4.564094108468805E-003
  0.971000046120025       4.550066726692347E-003
  0.972000046167523       4.536104566598165E-003
  0.973000046215020       4.522207220674791E-003
  0.974000046262518       4.508374284615784E-003
  0.975000046310015       4.494605357289311E-003
  0.976000046357512       4.480900040708054E-003
  0.977000046405010       4.467257939999445E-003
  0.978000046452507       4.453678663376232E-003
  0.979000046500005       4.440161822107378E-003
  0.980000046547502       4.426707030489286E-003
  0.981000046595000       4.413313905817323E-003
  0.982000046642497       4.399982068357676E-003
  0.983000046689995       4.386711141319513E-003
  0.984000046737492       4.373500750827447E-003
  0.985000046784990       4.360350525894295E-003
  0.986000046832487       4.347260098394160E-003
  0.987000046879984       4.334229103035779E-003
  0.988000046927482       4.321257177336177E-003
  0.989000046974979       4.308343961594607E-003
  0.990000047022477       4.295489098866774E-003
  0.991000047069974       4.282692234939330E-003
  0.992000047117472       4.269953018304662E-003
  0.993000047164969       4.257271100135931E-003
  0.994000047212467       4.244646134262410E-003
  0.995000047259964       4.232077777145058E-003
  0.996000047307462       4.219565687852378E-003
  0.997000047354959       4.207109528036526E-003
  0.998000047402456       4.194708961909676E-003
 
     Wbsepp       :     4.12s CPU         5.59s WALL

     wbsepp_readi :      0.61s CPU      0.68s WALL (       1 calls)
     wbsepp_fetch :      0.00s CPU      0.00s WALL (       1 calls)
     read_xml     :      0.36s CPU      0.38s WALL (       1 calls)
     init_vloc    :      0.01s CPU      0.01s WALL (       2 calls)
     fft          :      0.01s CPU      0.02s WALL (      11 calls)
     fft_scatter  :      0.04s CPU      0.05s WALL (     519 calls)
     v_of_rho     :      0.01s CPU      0.01s WALL (       1 calls)
     v_xc         :      0.01s CPU      0.01s WALL (       1 calls)
     v_h          :      0.00s CPU      0.00s WALL (       1 calls)
     read_wave    :      0.25s CPU      0.29s WALL (       1 calls)
     davcio       :      0.00s CPU      0.01s WALL (       2 calls)
     init_us_1    :      0.00s CPU      0.00s WALL (       2 calls)
     do_setup     :      0.02s CPU      0.02s WALL (       1 calls)
     init_pw_ar   :      0.01s CPU      0.01s WALL (       1 calls)
     init_at_1    :      0.00s CPU      0.00s WALL (       1 calls)
     storesqvc    :      0.00s CPU      0.00s WALL (       1 calls)
     eig_decompos :      3.49s CPU      4.89s WALL (       1 calls)
     plep_db      :      2.48s CPU      3.72s WALL (       1 calls)
     solve_e_psi  :      0.12s CPU      0.13s WALL (       1 calls)
     fftw         :      0.07s CPU      0.08s WALL (     508 calls)
     alphapc      :      0.03s CPU      0.03s WALL (       3 calls)
 
     Wbsepp       :     4.12s CPU         5.59s WALL

 
   This run was terminated on:  11:23:50   9Feb2022            

=------------------------------------------------------------------------------=
   JOB DONE.
=------------------------------------------------------------------------------=
