
     Program Wbse v. 2.0.1 svn rev. 1002 starts on  9Feb2022 at 11:18:24 

     This program is part of the open-source West suite
     for massively parallel calculations of excited states in materials; please cite
         "M. Govoni et al., J. Chem. Theory Comput. 11, 2680 (2015);
          URL http://www.west-code.org", 
     in publications or presentations arising from this work.

     Based on the Quantum ESPRESSO v. 6.1 svn rev. 13369
       
     --------------------------------------------------------------------------------------------
     **MPI** Parallelization Status                                      
     --------------------------------------------------------------------------------------------
                    80                   1             1             1            80
     --------------------------------------------------------------------------------------------
                     N         =         I      X      P      X      B      X      Z
                     ^                   ^             ^             ^             ^
                     |                   |             |             |             |
                   #rnk                  |             |             |             |
                                      #image           |             |             |
                                                     #pool           |             |
                                                                   #bgrp           |
                                                                                 #R&G
     --------------------------------------------------------------------------------------------
     #prc =           80
     --------------------------------------------------------------------------------------------
       
     --------------------------------------------------------------------------------------------
     I/O Summary : input_west                                            
     --------------------------------------------------------------------------------------------
     qe_prefix               =          pwscf
     west_prefix             =           west
     outdir                  =             ./
     l_load_qbox_wfc         =              F
     qbox_ks_wfc_filename    =         qb.xml
     which_bse_method        =             FF
     --------------------------------------------------------------------------------------------
       
     --------------------------------------------------------------------------------------------
     I/O Summary : wbse_init                                             
     --------------------------------------------------------------------------------------------
     wbse_init_calculation   =              S
     n_pdep_eigen            =              1
     chi_kernel              =            CHI
     which_spin_channel      =              0
     l_use_localise_repr     =              F
     overlap_thr             =       0.000000
     l_use_bisection_thr     =              F
     qbox_bisec_wfc_filename =      qb.gs.xml
     --------------------------------------------------------------------------------------------
       
     --------------------------------------------------------------------------------------------
     I/O Summary : WBSE_control                                          
     --------------------------------------------------------------------------------------------
     wbse_diag_method        =          david
     wbse_calculation        =              S
     n_plep_eigen            =             10
     n_plep_times            =             10
     n_plep_maxiter          =          10000
     n_plep_read_from_file   =              0
     l_bse_calculation       =              F
     l_hybrid_calculation    =              F
     l_exx_fraction          =       0.180000
     l_h_ovlp_thr            =       0.000000
     l_h_loc                 =              F
     l_h_bis                 =              F
     l_h_qbox_bis_wfc_fname  =      qb.gs.xml
     if_random_init          =              F
     l_restart_step          =              0
     l_cg_diagonalization    =              F
     l_subspace              =              F
     n_trunc_bands           =              0
     l_sf_kernel             =              F
     l_alda0                 =              F
     sf_cut_1                =    1000.000000
     sf_cut_2                =    1000.000000
     l_tddft_force           =              T
     force_state             =              2
     snd_coeff               =       1.000000
     wbse_zv_alpha_mix       =       0.700000
     wbse_zv_nmix_wbse       =              4
     wbse_zv_scf_tr2         =       0.000000
     l_diag_term_only        =              F
     l_preconditioning       =              T
     l_pre_shift             =              F
     l_qp_correction         =              F
     spin_excitation         =        singlet
     trev_plep               =       0.000001
     trev_plep_rel           =       0.000000
     scissor_ope             =       0.000000
     eps_macro               =       1.000000
     --------------------------------------------------------------------------------------------

     Reading data from directory:
     ./pwscf.save

   Info: using nr1, nr2, nr3 values from input

   Info: using nr1, nr2, nr3 values from input

     IMPORTANT: XC functional enforced from input :
     Exchange-correlation      = PBE ( 1  4  3  4 0 0)
     Any further DFT definition will be discarded
     Please, verify this is what you really want

 
     Parallelization info
     --------------------
     sticks:   dense  smooth     PW     G-vecs:    dense   smooth      PW
     Min          60      60     14                 3260     3260     398
     Max          62      62     16                 3286     3286     416
     Sum        4949    4949   1229               262059   262059   32675
 
       
     --------------------------------------------------------------------------------------------
     System Overview                                                     
     --------------------------------------------------------------------------------------------
     gamma_only           =              T
     ecutwfc [Ry]         =      60.000000
     omega [au^3]         =   4.173644E+03
     glob. #G             =          16338
     nbnd                 =            280
     nkstot               =              1
     nspin                =              1
     nelec                =     506.000000
     npol                 =              1
     lsda                 =              F
     noncolin             =              F
     lspinorb             =              F
     domag                =              F
     --------------------------------------------------------------------------------------------

     sFFT G-space:   131030 G-vectors     R-space: (  80,  80,  80)
     dFFT G-space:   131030 G-vectors     R-space: (  80,  80,  80)

     Cell [a.u.]          =      16.100467      0.000000      0.000000
                          =       0.000000     16.100467      0.000000
                          =       0.000000      0.000000     16.100467
      
     number of ks points=     1
                       cart. coord. in units 2pi/alat
        k(    1) = (   0.0000000   0.0000000   0.0000000), wk =   2.0000000

                       cryst. coord.
        k(    1) = (   0.0000000   0.0000000   0.0000000), wk =   2.0000000
 
     F. Gygi div      =   3.020992E-01
       
     --------------------------------------------------------------------------------------------
     Parallelization for nvecx                                           
     --------------------------------------------------------------------------------------------
     nglob                =            100
     nlevel               =              1
     Min nglob/nlevel     =            100
     Max nglob/nlevel     =            100
     --------------------------------------------------------------------------------------------
       
     --------------------------------------------------------------------------------------------
     Parallelization for band_paralel                                    
     --------------------------------------------------------------------------------------------
     nglob                =            253
     nlevel               =              1
     Min nglob/nlevel     =            253
     Max nglob/nlevel     =            253
     --------------------------------------------------------------------------------------------

     [MEM] ----------------------------------------------------------
     [MEM] **Memory** analysis: QE
     [MEM] ----------------------------------------------------------
     [MEM] Allocated arrays           est. size (Mb)     dimensions
     [MEM] ----------------------------------------------------------
     [MEM] Kohn-Sham Wavefunctions       0.89 Mb     (    208,  280)
     [MEM] NL pseudopotentials           1.60 Mb     (    208,  504)
     [MEM] Each V/rho on FFT grid        0.10 Mb     (   6400)
     [MEM] Each G-vector array           0.01 Mb     (   1643)
     [MEM] G-vector shells               0.00 Mb     (    573)
     [MEM] ----------------------------------------------------------
     [MEM] TOT                           2.60 Mb
     [MEM] ----------------------------------------------------------
     [MEM] 
     [MEM] ----------------------------------------------------------
     [MEM] **Memory** analysis: WBSE global
     [MEM] ----------------------------------------------------------
     [MEM] Allocated arrays           est. size (Mb)     dimensions
     [MEM] ----------------------------------------------------------
     [MEM] dvg_exc                      80.30 Mb     (    208,  253,  100)
     [MEM] dng_exc                      80.30 Mb     (    208,  253,  100)
     [MEM] hr_distr                      0.08 Mb     (    100,  100)
     [MEM] vr_distr                      0.08 Mb     (    100,  100)
     [MEM] ----------------------------------------------------------
     [MEM] TOT                         160.75 Mb
     [MEM] ----------------------------------------------------------
     [MEM] 
     [MEM] ----------------------------------------------------------
     [MEM] **Memory** analysis: WBSE temporary
     [MEM] ----------------------------------------------------------
     [MEM] Allocated arrays           est. size (Mb)     dimensions
     [MEM] ----------------------------------------------------------
     [MEM] dvpsi                         0.80 Mb     (    208,  253)
     [MEM] dpsi                          0.80 Mb     (    208,  253)
     [MEM] ----------------------------------------------------------
     [MEM] Total estimate                1.61 Mb
     [MEM] ----------------------------------------------------------
     Lowest energy electron-hole pairs are used as initial vectors ...
     Calculating the electron-hole pairs for initiating trial vectors ...

              1        57         1       253         1           0.201351646158
              2        58         1       253         2           0.319966570219
              3        59         1       253         3           0.319966570840
              4        60         1       253         4           0.319966573476
              5        49         1       252         1           0.367076964574
              6        41         1       251         1           0.367076965559
              7        33         1       250         1           0.367076966054
              8        61         1       253         5           0.403879000451
              9        62         1       253         6           0.403879001881
             10        63         1       253         7           0.403879005515
             11        64         1       253         8           0.404400632739
             12        25         1       249         1           0.408153351266
             13        17         1       248         1           0.408153352005
             14         9         1       247         1           0.408153360170
             15         1         1       246         1           0.408386249216
             16        50         1       252         2           0.485691888635
             17        51         1       252         3           0.485691889255
             18        42         1       251         2           0.485691889620
             19        34         1       250         2           0.485691890115
             20        43         1       251         3           0.485691890241
             21        35         1       250         3           0.485691890736
             22        52         1       252         4           0.485691891891
             23        44         1       251         4           0.485691892876
             24        36         1       250         4           0.485691893371
             25        26         1       249         2           0.526768275327
             26        27         1       249         3           0.526768275947
             27        18         1       248         2           0.526768276066
             28        19         1       248         3           0.526768276687
             29        28         1       249         4           0.526768278583
             30        20         1       248         4           0.526768279323
             31        10         1       247         2           0.526768284231
             32        11         1       247         3           0.526768284852
             33        12         1       247         4           0.526768287488
             34         2         1       246         2           0.527001173277
             35         3         1       246         3           0.527001173898
             36         4         1       246         4           0.527001176534
             37        53         1       252         5           0.569604318866
             38        45         1       251         5           0.569604319852
             39        54         1       252         6           0.569604320296
             40        37         1       250         5           0.569604320347
     Finished calculating the cv couples.
     Finished setting initial vectors.

                       *----------*              *----------*               *----------*
     #     Iteration = | starting |   WBSE_dim = |       10 |   Diago_dim = |       10 |  x 1/2
                       *----------*              *----------*               *----------*

                       *----------*              *----------*               *----------*
     #     Iteration = | starting |   WBSE_dim = |       10 |   Diago_dim = |       10 |  x 2/2
                       *----------*              *----------*               *----------*
     s-DIAGOX done in < 00.1s             
     --------------------------------------------------------------------------------------------
        
        0.25306267   0.36993883   0.36993883   0.36993883   0.40842379   0.40842380
        0.40842380   0.42193391   0.42193392   0.42193392
        
     --------------------------------------------------------------------------------------------
     Tot. elapsed time 03.0s,  time spent in last iteration 03.0s
     --------------------------------------------------------------------------------------------

                       *----------*              *----------*               *----------*
     #     Iteration = |        1 |   WBSE_dim = |       10 |   Diago_dim = |       20 |
                       *----------*              *----------*               *----------*
     s-DIAGOX done in < 00.1s             
     --------------------------------------------------------------------------------------------
        
        0.23531841   0.36921089   0.36921089   0.36921089   0.38616627   0.38616627
        0.38616628   0.40689219   0.40689221   0.40689221
        
     --------------------------------------------------------------------------------------------
     Tot. elapsed time 05.3s,  time spent in last iteration 02.2s
     --------------------------------------------------------------------------------------------

                       *----------*              *----------*               *----------*
     #     Iteration = |        2 |   WBSE_dim = |       10 |   Diago_dim = |       30 |
                       *----------*              *----------*               *----------*
     s-DIAGOX done in < 00.1s             
     --------------------------------------------------------------------------------------------
        
        0.23310099   0.36913753   0.36913753   0.36913753   0.38061922   0.38061922
        0.38061922   0.40665178   0.40665180   0.40665180
        
     --------------------------------------------------------------------------------------------
     Tot. elapsed time 07.6s,  time spent in last iteration 02.2s
     --------------------------------------------------------------------------------------------

                       *----------*              *----------*               *----------*
     #     Iteration = |        3 |   WBSE_dim = |       10 |   Diago_dim = |       40 |
                       *----------*              *----------*               *----------*
     s-DIAGOX done in < 00.1s             
     --------------------------------------------------------------------------------------------
        
        0.23222022   0.36911218   0.36911219   0.36911219   0.37822727   0.37822727
        0.37822727   0.40655457   0.40655459   0.40655459
        
     --------------------------------------------------------------------------------------------
     Tot. elapsed time 10.0s,  time spent in last iteration 02.4s
     --------------------------------------------------------------------------------------------

                       *----------*              *----------*               *----------*
     #     Iteration = |        4 |   WBSE_dim = |       10 |   Diago_dim = |       50 |
                       *----------*              *----------*               *----------*
     s-DIAGOX done in < 00.1s             
     --------------------------------------------------------------------------------------------
        
        0.23179307   0.36909060   0.36909060   0.36909060   0.37648397   0.37648397
        0.37648397   0.40651922   0.40651924   0.40651924
        
     --------------------------------------------------------------------------------------------
     Tot. elapsed time 12.6s,  time spent in last iteration 02.5s
     --------------------------------------------------------------------------------------------

                       *----------*              *----------*               *----------*
     #     Iteration = |        5 |   WBSE_dim = |       10 |   Diago_dim = |       60 |
                       *----------*              *----------*               *----------*
     s-DIAGOX done in < 00.1s             
     --------------------------------------------------------------------------------------------
        
        0.23154786   0.36907413   0.36907413   0.36907413   0.37536617   0.37536617
        0.37536618   0.40648924   0.40648925   0.40648925
        
     --------------------------------------------------------------------------------------------
     Tot. elapsed time 15.3s,  time spent in last iteration 02.7s
     --------------------------------------------------------------------------------------------

                       *----------*              *----------*               *----------*
     #     Iteration = |        6 |   WBSE_dim = |       10 |   Diago_dim = |       70 |
                       *----------*              *----------*               *----------*
     s-DIAGOX done in < 00.1s             
     --------------------------------------------------------------------------------------------
        
        0.23144108   0.36906086   0.36906086   0.36906086   0.37457067   0.37457067
        0.37457067   0.40647470   0.40647471   0.40647471
        
     --------------------------------------------------------------------------------------------
     Tot. elapsed time 18.1s,  time spent in last iteration 02.8s
     --------------------------------------------------------------------------------------------

                       *----------*              *----------*               *----------*
     #     Iteration = |        7 |   WBSE_dim = |       10 |   Diago_dim = |       80 |
                       *----------*              *----------*               *----------*
     s-DIAGOX done in < 00.1s             
     --------------------------------------------------------------------------------------------
        
        0.23137658   0.36904961   0.36904961   0.36904961   0.37390250   0.37390250
        0.37390251   0.40646653   0.40646655   0.40646655
        
     --------------------------------------------------------------------------------------------
     Tot. elapsed time 21.1s,  time spent in last iteration 02.9s
     --------------------------------------------------------------------------------------------

                       *----------*              *----------*               *----------*
     #     Iteration = |        8 |   WBSE_dim = |       10 |   Diago_dim = |       90 |
                       *----------*              *----------*               *----------*
     s-DIAGOX done in < 00.1s             
     --------------------------------------------------------------------------------------------
        
        0.23134228   0.36903903   0.36903903   0.36903903   0.37337629   0.37337629
        0.37337629   0.40646014   0.40646015   0.40646015
        
     --------------------------------------------------------------------------------------------
     Tot. elapsed time 24.3s,  time spent in last iteration 03.1s
     --------------------------------------------------------------------------------------------

                       *----------*              *----------*               *----------*
     #     Iteration = |        9 |   WBSE_dim = |       10 |   Diago_dim = |      100 |
                       *----------*              *----------*               *----------*
     s-DIAGOX done in < 00.1s             
     --------------------------------------------------------------------------------------------
        
        0.23132471   0.36902890   0.36902890   0.36902891   0.37297223   0.37297224
        0.37297224   0.40645603   0.40645605   0.40645605
        
     --------------------------------------------------------------------------------------------
     Tot. elapsed time 27.6s,  time spent in last iteration 03.2s
     --------------------------------------------------------------------------------------------

       Refresh the basis set

                       *----------*              *----------*               *----------*
     #     Iteration = |       10 |   WBSE_dim = |       10 |   Diago_dim = |       20 |
                       *----------*              *----------*               *----------*
     s-DIAGOX done in < 00.1s             
     --------------------------------------------------------------------------------------------
        
        0.23131753   0.36902386   0.36902386   0.36902386   0.37279595   0.37279596
        0.37279596   0.40645429   0.40645430   0.40645430
        
     --------------------------------------------------------------------------------------------
     Tot. elapsed time 30.8s,  time spent in last iteration 02.0s
     --------------------------------------------------------------------------------------------

                       *----------*              *----------*               *----------*
     #     Iteration = |       11 |   WBSE_dim = |       10 |   Diago_dim = |       30 |
                       *----------*              *----------*               *----------*
     s-DIAGOX done in < 00.1s             
     --------------------------------------------------------------------------------------------
        
        0.23131085   0.36901845   0.36901845   0.36901845   0.37261830   0.37261830
        0.37261831   0.40645266   0.40645267   0.40645267
        
     --------------------------------------------------------------------------------------------
     Tot. elapsed time 33.1s,  time spent in last iteration 02.2s
     --------------------------------------------------------------------------------------------

                       *----------*              *----------*               *----------*
     #     Iteration = |       12 |   WBSE_dim = |       10 |   Diago_dim = |       40 |
                       *----------*              *----------*               *----------*
     s-DIAGOX done in < 00.1s             
     --------------------------------------------------------------------------------------------
        
        0.23130522   0.36901292   0.36901292   0.36901292   0.37244919   0.37244919
        0.37244919   0.40645121   0.40645122   0.40645122
        
     --------------------------------------------------------------------------------------------
     Tot. elapsed time 35.5s,  time spent in last iteration 02.4s
     --------------------------------------------------------------------------------------------

                       *----------*              *----------*               *----------*
     #     Iteration = |       13 |   WBSE_dim = |       10 |   Diago_dim = |       50 |
                       *----------*              *----------*               *----------*
     s-DIAGOX done in < 00.1s             
     --------------------------------------------------------------------------------------------
        
        0.23130169   0.36900758   0.36900759   0.36900759   0.37230474   0.37230474
        0.37230474   0.40644983   0.40644984   0.40644984
        
     --------------------------------------------------------------------------------------------
     Tot. elapsed time 38.1s,  time spent in last iteration 02.6s
     --------------------------------------------------------------------------------------------

                       *----------*              *----------*               *----------*
     #     Iteration = |       14 |   WBSE_dim = |       10 |   Diago_dim = |       60 |
                       *----------*              *----------*               *----------*
     s-DIAGOX done in < 00.1s             
     --------------------------------------------------------------------------------------------
        
        0.23129898   0.36900230   0.36900230   0.36900230   0.37217015   0.37217015
        0.37217015   0.40644853   0.40644855   0.40644855
        
     --------------------------------------------------------------------------------------------
     Tot. elapsed time 40.8s,  time spent in last iteration 02.6s
     --------------------------------------------------------------------------------------------

                       *----------*              *----------*               *----------*
     #     Iteration = |       15 |   WBSE_dim = |       10 |   Diago_dim = |       70 |
                       *----------*              *----------*               *----------*
     s-DIAGOX done in < 00.1s             
     --------------------------------------------------------------------------------------------
        
        0.23129755   0.36899730   0.36899731   0.36899731   0.37205131   0.37205131
        0.37205132   0.40644770   0.40644772   0.40644772
        
     --------------------------------------------------------------------------------------------
     Tot. elapsed time 43.7s,  time spent in last iteration 02.8s
     --------------------------------------------------------------------------------------------

                       *----------*              *----------*               *----------*
     #     Iteration = |       16 |   WBSE_dim = |       10 |   Diago_dim = |       80 |
                       *----------*              *----------*               *----------*
     s-DIAGOX done in < 00.1s             
     --------------------------------------------------------------------------------------------
        
        0.23129679   0.36899336   0.36899336   0.36899336   0.37196213   0.37196213
        0.37196214   0.40644696   0.40644697   0.40644697
        
     --------------------------------------------------------------------------------------------
     Tot. elapsed time 46.6s,  time spent in last iteration 02.9s
     --------------------------------------------------------------------------------------------

                       *----------*              *----------*               *----------*
     #     Iteration = |       17 |   WBSE_dim = |       10 |   Diago_dim = |       90 |
                       *----------*              *----------*               *----------*
     s-DIAGOX done in < 00.1s             
     --------------------------------------------------------------------------------------------
        
        0.23129631   0.36898933   0.36898933   0.36898933   0.37187661   0.37187661
        0.37187661   0.40644640   0.40644641   0.40644641
        
     --------------------------------------------------------------------------------------------
     Tot. elapsed time 49.8s,  time spent in last iteration 03.1s
     --------------------------------------------------------------------------------------------

                       *----------*              *----------*               *----------*
     #     Iteration = |       18 |   WBSE_dim = |       10 |   Diago_dim = |      100 |
                       *----------*              *----------*               *----------*
     s-DIAGOX done in < 00.1s             
     --------------------------------------------------------------------------------------------
        
        0.23129604   0.36898494   0.36898494   0.36898494   0.37179029   0.37179029
        0.37179029   0.40644600   0.40644602   0.40644602
        
     --------------------------------------------------------------------------------------------
     Tot. elapsed time 53.0s,  time spent in last iteration 03.2s
     --------------------------------------------------------------------------------------------

       Refresh the basis set

                       *----------*              *----------*               *----------*
     #     Iteration = |       19 |   WBSE_dim = |       10 |   Diago_dim = |       20 |
                       *----------*              *----------*               *----------*
     s-DIAGOX done in < 00.1s             
     --------------------------------------------------------------------------------------------
        
        0.23129596   0.36898339   0.36898339   0.36898339   0.37176033   0.37176033
        0.37176033   0.40644582   0.40644583   0.40644583
        
     --------------------------------------------------------------------------------------------
     Tot. elapsed time 56.3s,  time spent in last iteration 02.0s
     --------------------------------------------------------------------------------------------

                       *----------*              *----------*               *----------*
     #     Iteration = |       20 |   WBSE_dim = |       10 |   Diago_dim = |       30 |
                       *----------*              *----------*               *----------*
     s-DIAGOX done in < 00.1s             
     --------------------------------------------------------------------------------------------
        
        0.23129591   0.36898235   0.36898236   0.36898236   0.37174015   0.37174015
        0.37174015   0.40644566   0.40644568   0.40644568
        
     --------------------------------------------------------------------------------------------
     Tot. elapsed time 58.6s,  time spent in last iteration 02.2s
     --------------------------------------------------------------------------------------------

                       *----------*              *----------*               *----------*
     #     Iteration = |       21 |   WBSE_dim = |       10 |   Diago_dim = |       40 |
                       *----------*              *----------*               *----------*
     s-DIAGOX done in < 00.1s             
     --------------------------------------------------------------------------------------------
        
        0.23129589   0.36898181   0.36898181   0.36898181   0.37172971   0.37172971
        0.37172971   0.40644553   0.40644554   0.40644554
        
     --------------------------------------------------------------------------------------------
     Tot. elapsed time 01m-01.0s,  time spent in last iteration 02.4s
     --------------------------------------------------------------------------------------------

                       *----------*              *----------*               *----------*
     #     Iteration = |       22 |   WBSE_dim = |       10 |   Diago_dim = |       50 |
                       *----------*              *----------*               *----------*
     s-DIAGOX done in < 00.1s             
     --------------------------------------------------------------------------------------------
        
        0.23129588   0.36898139   0.36898139   0.36898139   0.37172183   0.37172183
        0.37172183   0.40644540   0.40644541   0.40644541
        
     --------------------------------------------------------------------------------------------
     Tot. elapsed time 01m-03.5s,  time spent in last iteration 02.5s
     --------------------------------------------------------------------------------------------

                       *----------*              *----------*               *----------*
     #     Iteration = |       23 |   WBSE_dim = |       10 |   Diago_dim = |       60 |
                       *----------*              *----------*               *----------*
     s-DIAGOX done in < 00.1s             
     --------------------------------------------------------------------------------------------
        
        0.23129587   0.36898109   0.36898109   0.36898109   0.37171605   0.37171605
        0.37171605   0.40644520   0.40644521   0.40644521
        
     --------------------------------------------------------------------------------------------
     Tot. elapsed time 01m-06.2s,  time spent in last iteration 02.7s
     --------------------------------------------------------------------------------------------

                       *----------*              *----------*               *----------*
     #     Iteration = |       24 |   WBSE_dim = |       10 |   Diago_dim = |       70 |
                       *----------*              *----------*               *----------*
     s-DIAGOX done in < 00.1s             
     --------------------------------------------------------------------------------------------
        
        0.23129586   0.36898090   0.36898090   0.36898090   0.37171252   0.37171252
        0.37171252   0.40644501   0.40644502   0.40644503
        
     --------------------------------------------------------------------------------------------
     Tot. elapsed time 01m-09.1s,  time spent in last iteration 02.8s
     --------------------------------------------------------------------------------------------

                       *----------*              *----------*               *----------*
     #     Iteration = |       25 |   WBSE_dim = |       10 |   Diago_dim = |       80 |
                       *----------*              *----------*               *----------*
     s-DIAGOX done in < 00.1s             
     --------------------------------------------------------------------------------------------
        
        0.23129586   0.36898077   0.36898078   0.36898078   0.37170999   0.37170999
        0.37170999   0.40644479   0.40644481   0.40644481
        
     --------------------------------------------------------------------------------------------
     Tot. elapsed time 01m-12.1s,  time spent in last iteration 02.9s
     --------------------------------------------------------------------------------------------

                       *----------*              *----------*               *----------*
     #     Iteration = |       26 |   WBSE_dim = |       10 |   Diago_dim = |       90 |
                       *----------*              *----------*               *----------*
     s-DIAGOX done in < 00.1s             
     --------------------------------------------------------------------------------------------
        
        0.23129586   0.36898068   0.36898068   0.36898068   0.37170821   0.37170821
        0.37170821   0.40644453   0.40644455   0.40644455
        
     --------------------------------------------------------------------------------------------
     Tot. elapsed time 01m-15.2s,  time spent in last iteration 03.1s
     --------------------------------------------------------------------------------------------

                       *----------*              *----------*               *----------*
     #     Iteration = |       27 |   WBSE_dim = |        9 |   Diago_dim = |       99 |
                       *----------*              *----------*               *----------*
     s-DIAGOX done in < 00.1s             
     --------------------------------------------------------------------------------------------
        
        0.23129586   0.36898062   0.36898062   0.36898062   0.37170697   0.37170697
        0.37170698   0.40644428   0.40644429   0.40644429
        
     --------------------------------------------------------------------------------------------
     Tot. elapsed time 01m-18.2s,  time spent in last iteration 03.0s
     --------------------------------------------------------------------------------------------

       Refresh the basis set

                       *----------*              *----------*               *----------*
     #     Iteration = |       28 |   WBSE_dim = |        9 |   Diago_dim = |       19 |
                       *----------*              *----------*               *----------*
     s-DIAGOX done in < 00.1s             
     --------------------------------------------------------------------------------------------
        
        0.23129586   0.36898057   0.36898057   0.36898057   0.37170616   0.37170616
        0.37170616   0.40644409   0.40644411   0.40644411
        
     --------------------------------------------------------------------------------------------
     Tot. elapsed time 01m-21.3s,  time spent in last iteration 01.9s
     --------------------------------------------------------------------------------------------

                       *----------*              *----------*               *----------*
     #     Iteration = |       29 |   WBSE_dim = |        9 |   Diago_dim = |       28 |
                       *----------*              *----------*               *----------*
     s-DIAGOX done in < 00.1s             
     --------------------------------------------------------------------------------------------
        
        0.23129586   0.36898052   0.36898052   0.36898052   0.37170519   0.37170519
        0.37170520   0.40644395   0.40644397   0.40644397
        
     --------------------------------------------------------------------------------------------
     Tot. elapsed time 01m-23.4s,  time spent in last iteration 02.0s
     --------------------------------------------------------------------------------------------

                       *----------*              *----------*               *----------*
     #     Iteration = |       30 |   WBSE_dim = |        9 |   Diago_dim = |       37 |
                       *----------*              *----------*               *----------*
     s-DIAGOX done in < 00.1s             
     --------------------------------------------------------------------------------------------
        
        0.23129586   0.36898047   0.36898047   0.36898047   0.37170418   0.37170418
        0.37170418   0.40644385   0.40644386   0.40644386
        
     --------------------------------------------------------------------------------------------
     Tot. elapsed time 01m-25.5s,  time spent in last iteration 02.1s
     --------------------------------------------------------------------------------------------

                       *----------*              *----------*               *----------*
     #     Iteration = |       31 |   WBSE_dim = |        9 |   Diago_dim = |       46 |
                       *----------*              *----------*               *----------*
     s-DIAGOX done in < 00.1s             
     --------------------------------------------------------------------------------------------
        
        0.23129586   0.36898043   0.36898043   0.36898043   0.37170333   0.37170333
        0.37170334   0.40644376   0.40644377   0.40644377
        
     --------------------------------------------------------------------------------------------
     Tot. elapsed time 01m-27.9s,  time spent in last iteration 02.3s
     --------------------------------------------------------------------------------------------

                       *----------*              *----------*               *----------*
     #     Iteration = |       32 |   WBSE_dim = |        9 |   Diago_dim = |       55 |
                       *----------*              *----------*               *----------*
     s-DIAGOX done in < 00.1s             
     --------------------------------------------------------------------------------------------
        
        0.23129586   0.36898038   0.36898038   0.36898038   0.37170245   0.37170245
        0.37170245   0.40644365   0.40644367   0.40644367
        
     --------------------------------------------------------------------------------------------
     Tot. elapsed time 01m-30.3s,  time spent in last iteration 02.4s
     --------------------------------------------------------------------------------------------

                       *----------*              *----------*               *----------*
     #     Iteration = |       33 |   WBSE_dim = |        9 |   Diago_dim = |       64 |
                       *----------*              *----------*               *----------*
     s-DIAGOX done in < 00.1s             
     --------------------------------------------------------------------------------------------
        
        0.23129586   0.36898035   0.36898035   0.36898035   0.37170181   0.37170181
        0.37170181   0.40644358   0.40644359   0.40644359
        
     --------------------------------------------------------------------------------------------
     Tot. elapsed time 01m-32.8s,  time spent in last iteration 02.5s
     --------------------------------------------------------------------------------------------

                       *----------*              *----------*               *----------*
     #     Iteration = |       34 |   WBSE_dim = |        9 |   Diago_dim = |       73 |
                       *----------*              *----------*               *----------*
     s-DIAGOX done in < 00.1s             
     --------------------------------------------------------------------------------------------
        
        0.23129586   0.36898033   0.36898033   0.36898033   0.37170132   0.37170132
        0.37170132   0.40644350   0.40644351   0.40644351
        
     --------------------------------------------------------------------------------------------
     Tot. elapsed time 01m-35.5s,  time spent in last iteration 02.6s
     --------------------------------------------------------------------------------------------

                       *----------*              *----------*               *----------*
     #     Iteration = |       35 |   WBSE_dim = |        9 |   Diago_dim = |       82 |
                       *----------*              *----------*               *----------*
     s-DIAGOX done in < 00.1s             
     --------------------------------------------------------------------------------------------
        
        0.23129586   0.36898030   0.36898031   0.36898031   0.37170089   0.37170089
        0.37170090   0.40644341   0.40644343   0.40644343
        
     --------------------------------------------------------------------------------------------
     Tot. elapsed time 01m-38.3s,  time spent in last iteration 02.7s
     --------------------------------------------------------------------------------------------

                       *----------*              *----------*               *----------*
     #     Iteration = |       36 |   WBSE_dim = |        9 |   Diago_dim = |       91 |
                       *----------*              *----------*               *----------*
     s-DIAGOX done in < 00.1s             
     --------------------------------------------------------------------------------------------
        
        0.23129586   0.36898029   0.36898029   0.36898029   0.37170059   0.37170059
        0.37170059   0.40644334   0.40644335   0.40644335
        
     --------------------------------------------------------------------------------------------
     Tot. elapsed time 01m-41.2s,  time spent in last iteration 02.8s
     --------------------------------------------------------------------------------------------

                       *----------*              *----------*               *----------*
     #     Iteration = |       37 |   WBSE_dim = |        9 |   Diago_dim = |      100 |
                       *----------*              *----------*               *----------*
     s-DIAGOX done in < 00.1s             
     --------------------------------------------------------------------------------------------
        
        0.23129586   0.36898027   0.36898027   0.36898027   0.37170016   0.37170016
        0.37170017   0.40644307   0.40644309   0.40644309
        
     --------------------------------------------------------------------------------------------
     Tot. elapsed time 01m-44.2s,  time spent in last iteration 02.9s
     --------------------------------------------------------------------------------------------

       Refresh the basis set

                       *----------*              *----------*               *----------*
     #     Iteration = |       38 |   WBSE_dim = |        9 |   Diago_dim = |       19 |
                       *----------*              *----------*               *----------*
     s-DIAGOX done in < 00.1s             
     --------------------------------------------------------------------------------------------
        
        0.23129586   0.36898026   0.36898026   0.36898026   0.37170008   0.37170008
        0.37170009   0.40644299   0.40644301   0.40644301
        
     --------------------------------------------------------------------------------------------
     Tot. elapsed time 01m-47.2s,  time spent in last iteration 01.9s
     --------------------------------------------------------------------------------------------

                       *----------*              *----------*               *----------*
     #     Iteration = |       39 |   WBSE_dim = |        9 |   Diago_dim = |       28 |
                       *----------*              *----------*               *----------*
     s-DIAGOX done in < 00.1s             
     --------------------------------------------------------------------------------------------
        
        0.23129586   0.36898026   0.36898026   0.36898026   0.37170005   0.37170005
        0.37170005   0.40644294   0.40644296   0.40644296
        
     --------------------------------------------------------------------------------------------
     Tot. elapsed time 01m-49.3s,  time spent in last iteration 02.0s
     --------------------------------------------------------------------------------------------

                       *----------*              *----------*               *----------*
     #     Iteration = |       40 |   WBSE_dim = |        6 |   Diago_dim = |       34 |
                       *----------*              *----------*               *----------*
     s-DIAGOX done in < 00.1s             
     --------------------------------------------------------------------------------------------
        
        0.23129586   0.36898026   0.36898026   0.36898026   0.37170003   0.37170003
        0.37170003   0.40644288   0.40644289   0.40644290
        
     --------------------------------------------------------------------------------------------
     Tot. elapsed time 01m-50.9s,  time spent in last iteration 01.6s
     --------------------------------------------------------------------------------------------

                       *----------*              *----------*               *----------*
     #     Iteration = |       41 |   WBSE_dim = |        6 |   Diago_dim = |       40 |
                       *----------*              *----------*               *----------*
     s-DIAGOX done in < 00.1s             
     --------------------------------------------------------------------------------------------
        
        0.23129586   0.36898026   0.36898026   0.36898026   0.37170001   0.37170001
        0.37170002   0.40644282   0.40644283   0.40644283
        
     --------------------------------------------------------------------------------------------
     Tot. elapsed time 01m-52.6s,  time spent in last iteration 01.6s
     --------------------------------------------------------------------------------------------

                       *----------*              *----------*               *----------*
     #     Iteration = |       42 |   WBSE_dim = |        6 |   Diago_dim = |       46 |
                       *----------*              *----------*               *----------*
     s-DIAGOX done in < 00.1s             
     --------------------------------------------------------------------------------------------
        
        0.23129586   0.36898026   0.36898026   0.36898026   0.37170000   0.37170001
        0.37170001   0.40644276   0.40644278   0.40644278
        
     --------------------------------------------------------------------------------------------
     Tot. elapsed time 01m-54.4s,  time spent in last iteration 01.7s
     --------------------------------------------------------------------------------------------

                       *----------*              *----------*               *----------*
     #     Iteration = |       43 |   WBSE_dim = |        6 |   Diago_dim = |       52 |
                       *----------*              *----------*               *----------*
     s-DIAGOX done in < 00.1s             
     --------------------------------------------------------------------------------------------
        
        0.23129586   0.36898026   0.36898026   0.36898026   0.37170000   0.37170000
        0.37170000   0.40644272   0.40644273   0.40644273
        
     --------------------------------------------------------------------------------------------
     Tot. elapsed time 01m-56.1s,  time spent in last iteration 01.7s
     --------------------------------------------------------------------------------------------

                       *----------*              *----------*               *----------*
     #     Iteration = |       44 |   WBSE_dim = |        6 |   Diago_dim = |       58 |
                       *----------*              *----------*               *----------*
     s-DIAGOX done in < 00.1s             
     --------------------------------------------------------------------------------------------
        
        0.23129586   0.36898026   0.36898026   0.36898026   0.37169999   0.37169999
        0.37170000   0.40644268   0.40644269   0.40644269
        
     --------------------------------------------------------------------------------------------
     Tot. elapsed time 01m-58.0s,  time spent in last iteration 01.8s
     --------------------------------------------------------------------------------------------

                       *----------*              *----------*               *----------*
     #     Iteration = |       45 |   WBSE_dim = |        6 |   Diago_dim = |       64 |
                       *----------*              *----------*               *----------*
     s-DIAGOX done in < 00.1s             
     --------------------------------------------------------------------------------------------
        
        0.23129586   0.36898026   0.36898026   0.36898026   0.37169999   0.37169999
        0.37169999   0.40644265   0.40644267   0.40644267
        
     --------------------------------------------------------------------------------------------
     Tot. elapsed time 01m-59.8s,  time spent in last iteration 01.8s
     --------------------------------------------------------------------------------------------

                       *----------*              *----------*               *----------*
     #     Iteration = |       46 |   WBSE_dim = |        3 |   Diago_dim = |       67 |
                       *----------*              *----------*               *----------*
     s-DIAGOX done in < 00.1s             
     --------------------------------------------------------------------------------------------
        
        0.23129586   0.36898026   0.36898026   0.36898026   0.37169999   0.37169999
        0.37169999   0.40644262   0.40644264   0.40644264
        
     --------------------------------------------------------------------------------------------
     Tot. elapsed time 02m-01.1s,  time spent in last iteration 01.2s
     --------------------------------------------------------------------------------------------

                       *----------*              *----------*               *----------*
     #     Iteration = |       47 |   WBSE_dim = |        3 |   Diago_dim = |       70 |
                       *----------*              *----------*               *----------*
     s-DIAGOX done in < 00.1s             
     --------------------------------------------------------------------------------------------
        
        0.23129586   0.36898026   0.36898026   0.36898026   0.37169999   0.37169999
        0.37169999   0.40644257   0.40644258   0.40644259
        
     --------------------------------------------------------------------------------------------
     Tot. elapsed time 02m-02.3s,  time spent in last iteration 01.2s
     --------------------------------------------------------------------------------------------

                       *----------*              *----------*               *----------*
     #     Iteration = |       48 |   WBSE_dim = |        3 |   Diago_dim = |       73 |
                       *----------*              *----------*               *----------*
     s-DIAGOX done in < 00.1s             
     --------------------------------------------------------------------------------------------
        
        0.23129586   0.36898026   0.36898026   0.36898026   0.37169999   0.37169999
        0.37169999   0.40644249   0.40644250   0.40644250
        
     --------------------------------------------------------------------------------------------
     Tot. elapsed time 02m-03.5s,  time spent in last iteration 01.2s
     --------------------------------------------------------------------------------------------

                       *----------*              *----------*               *----------*
     #     Iteration = |       49 |   WBSE_dim = |        3 |   Diago_dim = |       76 |
                       *----------*              *----------*               *----------*
     s-DIAGOX done in < 00.1s             
     --------------------------------------------------------------------------------------------
        
        0.23129586   0.36898026   0.36898026   0.36898026   0.37169999   0.37169999
        0.37169999   0.40644241   0.40644243   0.40644243
        
     --------------------------------------------------------------------------------------------
     Tot. elapsed time 02m-04.8s,  time spent in last iteration 01.2s
     --------------------------------------------------------------------------------------------

                       *----------*              *----------*               *----------*
     #     Iteration = |       50 |   WBSE_dim = |        3 |   Diago_dim = |       79 |
                       *----------*              *----------*               *----------*
     s-DIAGOX done in < 00.1s             
     --------------------------------------------------------------------------------------------
        
        0.23129586   0.36898026   0.36898026   0.36898026   0.37169999   0.37169999
        0.37169999   0.40644235   0.40644236   0.40644236
        
     --------------------------------------------------------------------------------------------
     Tot. elapsed time 02m-06.0s,  time spent in last iteration 01.2s
     --------------------------------------------------------------------------------------------

                       *----------*              *----------*               *----------*
     #     Iteration = |       51 |   WBSE_dim = |        3 |   Diago_dim = |       82 |
                       *----------*              *----------*               *----------*
     s-DIAGOX done in < 00.1s             
     --------------------------------------------------------------------------------------------
        
        0.23129586   0.36898026   0.36898026   0.36898026   0.37169999   0.37169999
        0.37169999   0.40644228   0.40644229   0.40644230
        
     --------------------------------------------------------------------------------------------
     Tot. elapsed time 02m-07.3s,  time spent in last iteration 01.2s
     --------------------------------------------------------------------------------------------

                       *----------*              *----------*               *----------*
     #     Iteration = |       52 |   WBSE_dim = |        3 |   Diago_dim = |       85 |
                       *----------*              *----------*               *----------*
     s-DIAGOX done in < 00.1s             
     --------------------------------------------------------------------------------------------
        
        0.23129586   0.36898026   0.36898026   0.36898026   0.37169999   0.37169999
        0.37169999   0.40644221   0.40644222   0.40644222
        
     --------------------------------------------------------------------------------------------
     Tot. elapsed time 02m-08.6s,  time spent in last iteration 01.2s
     --------------------------------------------------------------------------------------------

                       *----------*              *----------*               *----------*
     #     Iteration = |       53 |   WBSE_dim = |        3 |   Diago_dim = |       88 |
                       *----------*              *----------*               *----------*
     s-DIAGOX done in < 00.1s             
     --------------------------------------------------------------------------------------------
        
        0.23129586   0.36898026   0.36898026   0.36898026   0.37169999   0.37169999
        0.37169999   0.40644216   0.40644217   0.40644217
        
     --------------------------------------------------------------------------------------------
     Tot. elapsed time 02m-09.9s,  time spent in last iteration 01.2s
     --------------------------------------------------------------------------------------------

                       *----------*              *----------*               *----------*
     #     Iteration = |       54 |   WBSE_dim = |        3 |   Diago_dim = |       91 |
                       *----------*              *----------*               *----------*
     s-DIAGOX done in < 00.1s             
     --------------------------------------------------------------------------------------------
        
        0.23129586   0.36898026   0.36898026   0.36898026   0.37169999   0.37169999
        0.37169999   0.40644211   0.40644213   0.40644213
        
     --------------------------------------------------------------------------------------------
     Tot. elapsed time 02m-11.2s,  time spent in last iteration 01.3s
     --------------------------------------------------------------------------------------------

                       *----------*              *----------*               *----------*
     #     Iteration = |       55 |   WBSE_dim = |        3 |   Diago_dim = |       94 |
                       *----------*              *----------*               *----------*
     s-DIAGOX done in < 00.1s             
     --------------------------------------------------------------------------------------------
        
        0.23129586   0.36898026   0.36898026   0.36898026   0.37169999   0.37169999
        0.37169999   0.40644209   0.40644210   0.40644210
        
     --------------------------------------------------------------------------------------------
     Tot. elapsed time 02m-12.5s,  time spent in last iteration 01.3s
     --------------------------------------------------------------------------------------------

                       *----------*              *----------*               *----------*
     #     Iteration = |       56 |   WBSE_dim = |        3 |   Diago_dim = |       97 |
                       *----------*              *----------*               *----------*
     s-DIAGOX done in < 00.1s             
     --------------------------------------------------------------------------------------------
        
        0.23129586   0.36898026   0.36898026   0.36898026   0.37169999   0.37169999
        0.37169999   0.40644207   0.40644209   0.40644209
        
     --------------------------------------------------------------------------------------------
     Tot. elapsed time 02m-13.9s,  time spent in last iteration 01.3s
     --------------------------------------------------------------------------------------------

                       *----------*              *----------*               *----------*
     #     Iteration = |       57 |   WBSE_dim = |        3 |   Diago_dim = |      100 |
                       *----------*              *----------*               *----------*
     s-DIAGOX done in < 00.1s             
     --------------------------------------------------------------------------------------------
        
        0.23129586   0.36898026   0.36898026   0.36898026   0.37169999   0.37169999
        0.37169999   0.40644206   0.40644207   0.40644208
        
     --------------------------------------------------------------------------------------------
     Tot. elapsed time 02m-15.2s,  time spent in last iteration 01.3s
     --------------------------------------------------------------------------------------------

       Refresh the basis set

                       *----------*              *----------*               *----------*
     #     Iteration = |       58 |   WBSE_dim = |        3 |   Diago_dim = |       13 |
                       *----------*              *----------*               *----------*
     s-DIAGOX done in < 00.1s             
     --------------------------------------------------------------------------------------------
        
        0.23129586   0.36898026   0.36898026   0.36898026   0.37169999   0.37169999
        0.37169999   0.40644205   0.40644207   0.40644207
        
     --------------------------------------------------------------------------------------------
     Tot. elapsed time 02m-17.3s,  time spent in last iteration 00.9s
     --------------------------------------------------------------------------------------------

                       *----------*              *----------*               *----------*
     #     Iteration = |       59 |   WBSE_dim = |        3 |   Diago_dim = |       16 |
                       *----------*              *----------*               *----------*
     s-DIAGOX done in < 00.1s             
     --------------------------------------------------------------------------------------------
        
        0.23129586   0.36898026   0.36898026   0.36898026   0.37169999   0.37169999
        0.37169999   0.40644205   0.40644206   0.40644206
        
     --------------------------------------------------------------------------------------------
     Tot. elapsed time 02m-18.3s,  time spent in last iteration 00.9s
     --------------------------------------------------------------------------------------------

                       *----------*              *----------*               *----------*
     #     Iteration = |       60 |   WBSE_dim = |        3 |   Diago_dim = |       19 |
                       *----------*              *----------*               *----------*
     s-DIAGOX done in < 00.1s             
     --------------------------------------------------------------------------------------------
        
        0.23129586   0.36898026   0.36898026   0.36898026   0.37169999   0.37169999
        0.37169999   0.40644204   0.40644206   0.40644206
        
     --------------------------------------------------------------------------------------------
     Tot. elapsed time 02m-19.3s,  time spent in last iteration 00.9s
     --------------------------------------------------------------------------------------------

                       *----------*              *----------*               *----------*
     #     Iteration = |       61 |   WBSE_dim = |        3 |   Diago_dim = |       22 |
                       *----------*              *----------*               *----------*
     s-DIAGOX done in < 00.1s             
     --------------------------------------------------------------------------------------------
        
        0.23129586   0.36898026   0.36898026   0.36898026   0.37169999   0.37169999
        0.37169999   0.40644204   0.40644205   0.40644205
        
     --------------------------------------------------------------------------------------------
     Tot. elapsed time 02m-20.3s,  time spent in last iteration 01.0s
     --------------------------------------------------------------------------------------------

                       *----------*              *----------*               *----------*
     #     Iteration = |       62 |   WBSE_dim = |        3 |   Diago_dim = |       25 |
                       *----------*              *----------*               *----------*
     s-DIAGOX done in < 00.1s             
     --------------------------------------------------------------------------------------------
        
        0.23129586   0.36898026   0.36898026   0.36898026   0.37169999   0.37169999
        0.37169999   0.40644204   0.40644205   0.40644205
        
     --------------------------------------------------------------------------------------------
     Tot. elapsed time 02m-21.4s,  time spent in last iteration 01.0s
     --------------------------------------------------------------------------------------------
      
     --------------------------------------------------------------------------------------------
     Database written in 04.5s               
     In location : ./west.wbse.david.save
     --------------------------------------------------------------------------------------------
       
     --------------------------------------------------------------------------------------------
     Convergence achieved !!! in       62 steps                          
     --------------------------------------------------------------------------------------------
       
     --------------------------------------------------------------------------------------------
     TDDFT Force : First Part                                            
     --------------------------------------------------------------------------------------------
     atom    1 type  1   force =    -0.00305811   -0.00232285    0.00317576
     atom    2 type  1   force =    -0.00233237   -0.00307136   -0.00317021
     atom    3 type  1   force =    -0.00201449    0.00201052    0.00341394
     atom    4 type  1   force =    -0.00344647    0.00345418   -0.00271324
     atom    5 type  1   force =     0.00344648   -0.00345425    0.00271321
     atom    6 type  1   force =     0.00201448   -0.00201057   -0.00341391
     atom    7 type  1   force =     0.00233238    0.00307143    0.00317018
     atom    8 type  1   force =     0.00305810    0.00232290   -0.00317573
     atom    9 type  1   force =     0.02369925    0.00004371    0.00043800
     atom   10 type  1   force =    -0.02086021    0.00012814   -0.00050315
     atom   11 type  1   force =    -0.02152955   -0.00005022    0.00128396
     atom   12 type  1   force =    -0.03384269   -0.00023484   -0.00235307
     atom   13 type  1   force =    -0.02369926   -0.00004372   -0.00043803
     atom   14 type  1   force =     0.02086023   -0.00012815    0.00050318
     atom   15 type  1   force =     0.02152958    0.00005022   -0.00128400
     atom   16 type  1   force =     0.03384273    0.00023485    0.00235312
     atom   17 type  1   force =     0.00004386    0.02369778   -0.00043115
     atom   18 type  1   force =     0.00012832   -0.02086204    0.00049527
     atom   19 type  1   force =    -0.00004357   -0.02369778    0.00043112
     atom   20 type  1   force =    -0.00012797    0.02086204   -0.00049525
     atom   21 type  1   force =    -0.00005037   -0.02153115   -0.00126382
     atom   22 type  1   force =    -0.00023502   -0.03384201    0.00231612
     atom   23 type  1   force =     0.00005007    0.02153115    0.00126378
     atom   24 type  1   force =     0.00023468    0.03384201   -0.00231608
     atom   25 type  1   force =     0.00043815   -0.00043114    0.02823847
     atom   26 type  1   force =    -0.00043789    0.00043113   -0.02823847
     atom   27 type  1   force =     0.00128418    0.00049526   -0.01596760
     atom   28 type  1   force =    -0.00128379   -0.00049526    0.01596759
     atom   29 type  1   force =    -0.00050330   -0.00126380   -0.01596737
     atom   30 type  1   force =     0.00050304    0.00126380    0.01596736
     atom   31 type  1   force =    -0.00235330    0.00231611   -0.03602521
     atom   32 type  1   force =     0.00235289   -0.00231610    0.03602520
     atom   33 type  2   force =     0.00337070   -0.00040966    0.00644185
     atom   34 type  2   force =     0.00328477    0.00050211   -0.00635592
     atom   35 type  2   force =     0.00208590    0.00061691    0.00597169
     atom   36 type  2   force =     0.00136558   -0.00075612   -0.00525137
     atom   37 type  2   force =    -0.00328476   -0.00050211    0.00635591
     atom   38 type  2   force =    -0.00337070    0.00040966   -0.00644184
     atom   39 type  2   force =    -0.00136559    0.00075613    0.00525137
     atom   40 type  2   force =    -0.00208592   -0.00061690   -0.00597169
     atom   41 type  2   force =     0.00349258    0.00349160    0.00000727
     atom   42 type  2   force =     0.00399475    0.00399350   -0.00001095
     atom   43 type  2   force =     0.00348401   -0.00348302    0.00091903
     atom   44 type  2   force =     0.00392286   -0.00392161   -0.00138398
     atom   45 type  2   force =    -0.00348401    0.00348300   -0.00091906
     atom   46 type  2   force =    -0.00392289    0.00392161    0.00138401
     atom   47 type  2   force =    -0.00349258   -0.00349157   -0.00000729
     atom   48 type  2   force =    -0.00399478   -0.00399350    0.00001097
     atom   49 type  2   force =     0.00000008   -0.00000000   -0.00000001
     atom   50 type  2   force =     0.00000009   -0.00000000    0.00000001
     atom   51 type  2   force =     0.00000010    0.00000000   -0.00000001
     atom   52 type  2   force =     0.00000013    0.00000000    0.00000001
     atom   53 type  2   force =    -0.00000008   -0.00000000   -0.00000001
     atom   54 type  2   force =    -0.00000010   -0.00000000    0.00000001
     atom   55 type  2   force =    -0.00000011    0.00000000   -0.00000001
     atom   56 type  2   force =     0.00050949    0.00328449    0.00635664
     atom   57 type  2   force =    -0.00041684    0.00336908   -0.00644122
     atom   58 type  2   force =     0.00041704   -0.00336908    0.00644122
     atom   59 type  2   force =    -0.00050928   -0.00328450   -0.00635664
     atom   60 type  2   force =    -0.00076719    0.00137071    0.00525776
     atom   61 type  2   force =     0.00062777    0.00207971   -0.00596676
     atom   62 type  2   force =    -0.00062797   -0.00207971    0.00596676
     atom   63 type  2   force =     0.00076699   -0.00137071   -0.00525776
       
     --------------------------------------------------------------------------------------------
     TDDFT Force : Second Part                                           
     --------------------------------------------------------------------------------------------
     atom    1 type  1   force =    -0.02132128   -0.01893064    0.00899138
     atom    2 type  1   force =    -0.01893613   -0.02134555   -0.00899551
     atom    3 type  1   force =    -0.01917262    0.01916301    0.00851759
     atom    4 type  1   force =    -0.02103233    0.02106075   -0.00903889
     atom    5 type  1   force =     0.02103234   -0.02106076    0.00903910
     atom    6 type  1   force =     0.01917262   -0.01916301   -0.00851780
     atom    7 type  1   force =     0.01893613    0.02134556    0.00899572
     atom    8 type  1   force =     0.02132126    0.01893065   -0.00899159
     atom    9 type  1   force =    -0.02389673    0.00013373    0.00133991
     atom   10 type  1   force =    -0.02290459    0.00042972   -0.00147192
     atom   11 type  1   force =    -0.00194913   -0.00014690    0.00430570
     atom   12 type  1   force =    -0.01116157   -0.00040778   -0.00408591
     atom   13 type  1   force =     0.02389673   -0.00013371   -0.00133991
     atom   14 type  1   force =     0.02290458   -0.00042971    0.00147192
     atom   15 type  1   force =     0.00194911    0.00014689   -0.00430570
     atom   16 type  1   force =     0.01116157    0.00040778    0.00408591
     atom   17 type  1   force =     0.00013341   -0.02390952   -0.00131883
     atom   18 type  1   force =     0.00042924   -0.02291104    0.00144876
     atom   19 type  1   force =    -0.00013403    0.02390952    0.00131882
     atom   20 type  1   force =    -0.00043019    0.02291104   -0.00144876
     atom   21 type  1   force =    -0.00014658   -0.00196238   -0.00423799
     atom   22 type  1   force =    -0.00040731   -0.01116434    0.00402166
     atom   23 type  1   force =     0.00014721    0.00196238    0.00423798
     atom   24 type  1   force =     0.00040825    0.01116434   -0.00402165
     atom   25 type  1   force =     0.00133953   -0.00131882    0.01554065
     atom   26 type  1   force =    -0.00134029    0.00131883   -0.01554065
     atom   27 type  1   force =     0.00430532    0.00144875    0.01798823
     atom   28 type  1   force =    -0.00430608   -0.00144877   -0.01798823
     atom   29 type  1   force =    -0.00147154   -0.00423798    0.01798143
     atom   30 type  1   force =     0.00147230    0.00423799   -0.01798143
     atom   31 type  1   force =    -0.00408554    0.00402165   -0.00259729
     atom   32 type  1   force =     0.00408629   -0.00402166    0.00259729
     atom   33 type  2   force =    -0.01137607   -0.00065224    0.00508109
     atom   34 type  2   force =    -0.01134343    0.00079944   -0.00511374
     atom   35 type  2   force =    -0.00421536    0.00043102    0.00429120
     atom   36 type  2   force =    -0.00396595   -0.00052829   -0.00454061
     atom   37 type  2   force =     0.01134343   -0.00079943    0.00511378
     atom   38 type  2   force =     0.01137607    0.00065224   -0.00508114
     atom   39 type  2   force =     0.00396594    0.00052829    0.00454066
     atom   40 type  2   force =     0.00421536   -0.00043103   -0.00429124
     atom   41 type  2   force =    -0.00807673   -0.00808206    0.00001160
     atom   42 type  2   force =    -0.00898958   -0.00899234   -0.00000767
     atom   43 type  2   force =    -0.00807347    0.00807880    0.00146327
     atom   44 type  2   force =    -0.00896469    0.00896744   -0.00096698
     atom   45 type  2   force =     0.00807347   -0.00807881   -0.00146328
     atom   46 type  2   force =     0.00896469   -0.00896746    0.00096698
     atom   47 type  2   force =     0.00807672    0.00808207   -0.00001160
     atom   48 type  2   force =     0.00898958    0.00899235    0.00000767
     atom   49 type  2   force =    -0.00000017    0.00000000    0.00000000
     atom   50 type  2   force =    -0.00000021    0.00000000   -0.00000000
     atom   51 type  2   force =    -0.00000016   -0.00000000   -0.00000000
     atom   52 type  2   force =    -0.00000021   -0.00000000    0.00000000
     atom   53 type  2   force =     0.00000017    0.00000000   -0.00000000
     atom   54 type  2   force =     0.00000022    0.00000000   -0.00000000
     atom   55 type  2   force =     0.00000016   -0.00000000    0.00000000
     atom   56 type  2   force =     0.00081084   -0.01134796    0.00511456
     atom   57 type  2   force =    -0.00066403   -0.01138009   -0.00508243
     atom   58 type  2   force =     0.00066365    0.01138009    0.00508243
     atom   59 type  2   force =    -0.00081122    0.01134796   -0.00511456
     atom   60 type  2   force =    -0.00053577   -0.00397225    0.00453709
     atom   61 type  2   force =     0.00043888   -0.00421774   -0.00429160
     atom   62 type  2   force =    -0.00043850    0.00421774    0.00429160
     atom   63 type  2   force =     0.00053615    0.00397225   -0.00453709
       
     --------------------------------------------------------------------------------------------
     TDDFT Force : Build RHS of the Z-Vector Eq                          
     --------------------------------------------------------------------------------------------
       
     --------------------------------------------------------------------------------------------
     TDDFT Force : Solve the Z-Vector Eq CG                              
     --------------------------------------------------------------------------------------------

                            *-------------*
     # Norm of z_rhs_vec  = |  3.0660E-02 |
                            *-------------*
     Initial residual =  0.12258306E+00
          Residual(00001) =  0.79879143E-02
          Residual(00002) =  0.30572182E-02
          Residual(00003) =  0.13249396E-02
          Residual(00004) =  0.48780277E-03
          Residual(00005) =  0.20877102E-03
          Residual(00006) =  0.15936156E-03
          Residual(00007) =  0.10797606E-03
          Residual(00008) =  0.73338553E-04
          Residual(00009) =  0.50555311E-04
          Residual(00010) =  0.30039373E-04
          Residual(00011) =  0.16963138E-04
          Residual(00012) =  0.80270892E-05
          Residual(00013) =  0.31571553E-05
          Residual(00014) =  0.13086047E-05
          Residual(00015) =  0.63843077E-06
          Residual(00016) =  0.32204310E-06
          Residual(00017) =  0.12453010E-06
          Residual(00018) =  0.52777264E-07
          Residual(00019) =  0.24698997E-07
          Residual(00020) =  0.11895949E-07
          Residual(00021) =  0.61696469E-08
          Residual(00022) =  0.30855551E-08
          Residual(00023) =  0.15403801E-08
          Residual(00024) =  0.80006773E-09
          Residual(00025) =  0.34054842E-09
          Residual(00026) =  0.15796709E-09
          Residual(00027) =  0.70980682E-10
          Residual(00028) =  0.33908743E-10
          Residual(00029) =  0.14444795E-10
          Residual(00030) =  0.69948423E-11
          Residual(00031) =  0.29436559E-11
          Residual(00032) =  0.10585075E-11
          Residual(00033) =  0.48175585E-12
       
     --------------------------------------------------------------------------------------------
     TDDFT Force : Z-Vector Part                                         
     --------------------------------------------------------------------------------------------
     atom    1 type  1   force =     0.02308297    0.02023533   -0.01114246
     atom    2 type  1   force =     0.02024893    0.02311769    0.01114094
     atom    3 type  1   force =     0.02016150   -0.02014941   -0.01094087
     atom    4 type  1   force =     0.02318978   -0.02322300    0.01074812
     atom    5 type  1   force =    -0.02318980    0.02322307   -0.01074827
     atom    6 type  1   force =    -0.02016149    0.02014946    0.01094103
     atom    7 type  1   force =    -0.02024894   -0.02311776   -0.01114110
     atom    8 type  1   force =    -0.02308295   -0.02023538    0.01114263
     atom    9 type  1   force =     0.00046558   -0.00016530   -0.00165629
     atom   10 type  1   force =     0.04126220   -0.00051061    0.00181442
     atom   11 type  1   force =     0.02270519    0.00018109   -0.00511624
     atom   12 type  1   force =     0.04073100    0.00059109    0.00592257
     atom   13 type  1   force =    -0.00046557    0.00016530    0.00165631
     atom   14 type  1   force =    -0.04126222    0.00051061   -0.00181444
     atom   15 type  1   force =    -0.02270520   -0.00018108    0.00511628
     atom   16 type  1   force =    -0.04073103   -0.00059109   -0.00592261
     atom   17 type  1   force =    -0.00016514    0.00047880    0.00163026
     atom   18 type  1   force =    -0.00051034    0.04126993   -0.00178590
     atom   19 type  1   force =     0.00016546   -0.00047880   -0.00163024
     atom   20 type  1   force =     0.00051089   -0.04126993    0.00178588
     atom   21 type  1   force =     0.00018092    0.02271893    0.00503583
     atom   22 type  1   force =     0.00059081    0.04073298   -0.00582948
     atom   23 type  1   force =    -0.00018124   -0.02271893   -0.00503578
     atom   24 type  1   force =    -0.00059137   -0.04073298    0.00582944
     atom   25 type  1   force =    -0.00165607    0.00163024   -0.04032444
     atom   26 type  1   force =     0.00165653   -0.00163025    0.04032444
     atom   27 type  1   force =    -0.00511609   -0.00178588   -0.00108395
     atom   28 type  1   force =     0.00511643    0.00178590    0.00108395
     atom   29 type  1   force =     0.00181419    0.00503580   -0.00107794
     atom   30 type  1   force =    -0.00181466   -0.00503581    0.00107794
     atom   31 type  1   force =     0.00592243   -0.00582946    0.03468972
     atom   32 type  1   force =    -0.00592274    0.00582946   -0.03468971
     atom   33 type  2   force =     0.00862616    0.00127622   -0.01386127
     atom   34 type  2   force =     0.00876948   -0.00156423    0.01371795
     atom   35 type  2   force =     0.00376770   -0.00129598   -0.01131299
     atom   36 type  2   force =     0.00456237    0.00158846    0.01051832
     atom   37 type  2   force =    -0.00876948    0.00156423   -0.01371799
     atom   38 type  2   force =    -0.00862616   -0.00127622    0.01386131
     atom   39 type  2   force =    -0.00456236   -0.00158846   -0.01051837
     atom   40 type  2   force =    -0.00376769    0.00129599    0.01131304
     atom   41 type  2   force =     0.00504129    0.00504857   -0.00002268
     atom   42 type  2   force =     0.00605447    0.00605935    0.00002303
     atom   43 type  2   force =     0.00505560   -0.00506287   -0.00286313
     atom   44 type  2   force =     0.00613378   -0.00613866    0.00290747
     atom   45 type  2   force =    -0.00505560    0.00506290    0.00286315
     atom   46 type  2   force =    -0.00613376    0.00613868   -0.00290750
     atom   47 type  2   force =    -0.00504129   -0.00504860    0.00002270
     atom   48 type  2   force =    -0.00605445   -0.00605936   -0.00002305
     atom   49 type  2   force =     0.00000010   -0.00000000    0.00000001
     atom   50 type  2   force =     0.00000014   -0.00000000   -0.00000001
     atom   51 type  2   force =     0.00000007    0.00000000    0.00000001
     atom   52 type  2   force =     0.00000010    0.00000000   -0.00000001
     atom   53 type  2   force =    -0.00000011   -0.00000000    0.00000001
     atom   54 type  2   force =    -0.00000013    0.00000000   -0.00000001
     atom   55 type  2   force =    -0.00000006    0.00000000    0.00000002
     atom   56 type  2   force =    -0.00158682    0.00877447   -0.01372028
     atom   57 type  2   force =     0.00129901    0.00863340    0.01386134
     atom   58 type  2   force =    -0.00129881   -0.00863340   -0.01386135
     atom   59 type  2   force =     0.00158702   -0.00877447    0.01372027
     atom   60 type  2   force =     0.00161140    0.00456164   -0.01052397
     atom   61 type  2   force =    -0.00131913    0.00377946    0.01130615
     atom   62 type  2   force =     0.00131892   -0.00377946   -0.01130615
     atom   63 type  2   force =    -0.00161160   -0.00456163    0.01052397
       
     --------------------------------------------------------------------------------------------
     TDDFT Force Total                                                   
     --------------------------------------------------------------------------------------------
     atom    1 type  1   force =    -0.00129642   -0.00101816    0.00102468
     atom    2 type  1   force =    -0.00101956   -0.00129922   -0.00102478
     atom    3 type  1   force =    -0.00102562    0.00102411    0.00099067
     atom    4 type  1   force =    -0.00128902    0.00129193   -0.00100402
     atom    5 type  1   force =     0.00128902   -0.00129193    0.00100403
     atom    6 type  1   force =     0.00102562   -0.00102412   -0.00099068
     atom    7 type  1   force =     0.00101956    0.00129923    0.00102480
     atom    8 type  1   force =     0.00129641    0.00101817   -0.00102469
     atom    9 type  1   force =     0.00026809    0.00001214    0.00012162
     atom   10 type  1   force =    -0.00250260    0.00004725   -0.00016066
     atom   11 type  1   force =    -0.00077349   -0.00001603    0.00047342
     atom   12 type  1   force =    -0.00427326   -0.00005154   -0.00051641
     atom   13 type  1   force =    -0.00026809   -0.00001214   -0.00012163
     atom   14 type  1   force =     0.00250260   -0.00004725    0.00016066
     atom   15 type  1   force =     0.00077349    0.00001603   -0.00047342
     atom   16 type  1   force =     0.00427326    0.00005154    0.00051642
     atom   17 type  1   force =     0.00001213    0.00026706   -0.00011971
     atom   18 type  1   force =     0.00004723   -0.00250315    0.00015813
     atom   19 type  1   force =    -0.00001215   -0.00026706    0.00011971
     atom   20 type  1   force =    -0.00004727    0.00250315   -0.00015813
     atom   21 type  1   force =    -0.00001602   -0.00077460   -0.00046598
     atom   22 type  1   force =    -0.00005152   -0.00427337    0.00050830
     atom   23 type  1   force =     0.00001604    0.00077460    0.00046598
     atom   24 type  1   force =     0.00005156    0.00427337   -0.00050829
     atom   25 type  1   force =     0.00012161   -0.00011971    0.00345468
     atom   26 type  1   force =    -0.00012164    0.00011971   -0.00345468
     atom   27 type  1   force =     0.00047341    0.00015813    0.00093668
     atom   28 type  1   force =    -0.00047343   -0.00015813   -0.00093668
     atom   29 type  1   force =    -0.00016064   -0.00046598    0.00093612
     atom   30 type  1   force =     0.00016068    0.00046598   -0.00093612
     atom   31 type  1   force =    -0.00051641    0.00050830   -0.00393278
     atom   32 type  1   force =     0.00051643   -0.00050830    0.00393278
     atom   33 type  2   force =     0.00062078    0.00021432   -0.00233833
     atom   34 type  2   force =     0.00071082   -0.00026269    0.00224829
     atom   35 type  2   force =     0.00163824   -0.00024806   -0.00105010
     atom   36 type  2   force =     0.00196200    0.00030404    0.00072634
     atom   37 type  2   force =    -0.00071082    0.00026269   -0.00224830
     atom   38 type  2   force =    -0.00062078   -0.00021432    0.00233833
     atom   39 type  2   force =    -0.00196201   -0.00030404   -0.00072634
     atom   40 type  2   force =    -0.00163824    0.00024806    0.00105011
     atom   41 type  2   force =     0.00045714    0.00045810   -0.00000381
     atom   42 type  2   force =     0.00105964    0.00106051    0.00000441
     atom   43 type  2   force =     0.00046613   -0.00046709   -0.00048082
     atom   44 type  2   force =     0.00109195   -0.00109282    0.00055651
     atom   45 type  2   force =    -0.00046613    0.00046709    0.00048082
     atom   46 type  2   force =    -0.00109196    0.00109283   -0.00055652
     atom   47 type  2   force =    -0.00045715   -0.00045811    0.00000381
     atom   48 type  2   force =    -0.00105964   -0.00106051   -0.00000441
     atom   49 type  2   force =     0.00000001   -0.00000000    0.00000000
     atom   50 type  2   force =     0.00000002   -0.00000000   -0.00000000
     atom   51 type  2   force =     0.00000001    0.00000000   -0.00000000
     atom   52 type  2   force =     0.00000002    0.00000000   -0.00000000
     atom   53 type  2   force =    -0.00000002   -0.00000000    0.00000000
     atom   54 type  2   force =    -0.00000002    0.00000000   -0.00000000
     atom   55 type  2   force =    -0.00000001    0.00000000    0.00000001
     atom   56 type  2   force =    -0.00026649    0.00071101   -0.00224907
     atom   57 type  2   force =     0.00021815    0.00062238    0.00233769
     atom   58 type  2   force =    -0.00021812   -0.00062239   -0.00233769
     atom   59 type  2   force =     0.00026652   -0.00071100    0.00224907
     atom   60 type  2   force =     0.00030844    0.00196009   -0.00072912
     atom   61 type  2   force =    -0.00025248    0.00164142    0.00104779
     atom   62 type  2   force =     0.00025246   -0.00164142   -0.00104779
     atom   63 type  2   force =    -0.00030846   -0.00196009    0.00072912
       
     --------------------------------------------------------------------------------------------
     TDDFT Force Corrected                                               
     --------------------------------------------------------------------------------------------
     atom    1 type  1   force =    -0.00129642   -0.00101816    0.00102468
     atom    2 type  1   force =    -0.00101956   -0.00129922   -0.00102478
     atom    3 type  1   force =    -0.00102562    0.00102411    0.00099067
     atom    4 type  1   force =    -0.00128902    0.00129193   -0.00100402
     atom    5 type  1   force =     0.00128902   -0.00129193    0.00100403
     atom    6 type  1   force =     0.00102562   -0.00102412   -0.00099068
     atom    7 type  1   force =     0.00101957    0.00129923    0.00102480
     atom    8 type  1   force =     0.00129641    0.00101817   -0.00102469
     atom    9 type  1   force =     0.00026809    0.00001214    0.00012162
     atom   10 type  1   force =    -0.00250260    0.00004725   -0.00016066
     atom   11 type  1   force =    -0.00077349   -0.00001603    0.00047342
     atom   12 type  1   force =    -0.00427326   -0.00005154   -0.00051641
     atom   13 type  1   force =    -0.00026809   -0.00001214   -0.00012163
     atom   14 type  1   force =     0.00250260   -0.00004725    0.00016066
     atom   15 type  1   force =     0.00077349    0.00001603   -0.00047342
     atom   16 type  1   force =     0.00427327    0.00005154    0.00051642
     atom   17 type  1   force =     0.00001213    0.00026706   -0.00011971
     atom   18 type  1   force =     0.00004723   -0.00250315    0.00015813
     atom   19 type  1   force =    -0.00001215   -0.00026706    0.00011971
     atom   20 type  1   force =    -0.00004727    0.00250315   -0.00015813
     atom   21 type  1   force =    -0.00001602   -0.00077460   -0.00046598
     atom   22 type  1   force =    -0.00005152   -0.00427337    0.00050830
     atom   23 type  1   force =     0.00001604    0.00077460    0.00046598
     atom   24 type  1   force =     0.00005156    0.00427337   -0.00050829
     atom   25 type  1   force =     0.00012161   -0.00011971    0.00345468
     atom   26 type  1   force =    -0.00012164    0.00011971   -0.00345468
     atom   27 type  1   force =     0.00047341    0.00015813    0.00093668
     atom   28 type  1   force =    -0.00047343   -0.00015813   -0.00093668
     atom   29 type  1   force =    -0.00016064   -0.00046598    0.00093612
     atom   30 type  1   force =     0.00016068    0.00046598   -0.00093612
     atom   31 type  1   force =    -0.00051641    0.00050830   -0.00393278
     atom   32 type  1   force =     0.00051643   -0.00050830    0.00393278
     atom   33 type  2   force =     0.00062078    0.00021432   -0.00233833
     atom   34 type  2   force =     0.00071082   -0.00026269    0.00224829
     atom   35 type  2   force =     0.00163824   -0.00024806   -0.00105010
     atom   36 type  2   force =     0.00196200    0.00030404    0.00072634
     atom   37 type  2   force =    -0.00071082    0.00026269   -0.00224830
     atom   38 type  2   force =    -0.00062078   -0.00021432    0.00233833
     atom   39 type  2   force =    -0.00196201   -0.00030404   -0.00072634
     atom   40 type  2   force =    -0.00163824    0.00024806    0.00105011
     atom   41 type  2   force =     0.00045714    0.00045810   -0.00000381
     atom   42 type  2   force =     0.00105964    0.00106051    0.00000441
     atom   43 type  2   force =     0.00046613   -0.00046709   -0.00048082
     atom   44 type  2   force =     0.00109195   -0.00109282    0.00055651
     atom   45 type  2   force =    -0.00046613    0.00046709    0.00048082
     atom   46 type  2   force =    -0.00109196    0.00109283   -0.00055652
     atom   47 type  2   force =    -0.00045715   -0.00045811    0.00000381
     atom   48 type  2   force =    -0.00105964   -0.00106051   -0.00000441
     atom   49 type  2   force =     0.00000001   -0.00000000    0.00000000
     atom   50 type  2   force =     0.00000002   -0.00000000   -0.00000000
     atom   51 type  2   force =     0.00000001    0.00000000   -0.00000000
     atom   52 type  2   force =     0.00000002    0.00000000   -0.00000000
     atom   53 type  2   force =    -0.00000002   -0.00000000    0.00000000
     atom   54 type  2   force =    -0.00000002    0.00000000   -0.00000000
     atom   55 type  2   force =    -0.00000001    0.00000000    0.00000001
     atom   56 type  2   force =    -0.00026649    0.00071101   -0.00224907
     atom   57 type  2   force =     0.00021815    0.00062238    0.00233769
     atom   58 type  2   force =    -0.00021812   -0.00062239   -0.00233769
     atom   59 type  2   force =     0.00026652   -0.00071100    0.00224907
     atom   60 type  2   force =     0.00030844    0.00196009   -0.00072912
     atom   61 type  2   force =    -0.00025248    0.00164142    0.00104779
     atom   62 type  2   force =     0.00025246   -0.00164142   -0.00104779
     atom   63 type  2   force =    -0.00030846   -0.00196009    0.00072912
 
     Wbse         :  2m40.51s CPU     3m 3.45s WALL

     wbse_readin  :      1.02s CPU      1.60s WALL (       1 calls)
     wbse_fetch_n :      0.00s CPU      0.00s WALL (       1 calls)
     read_xml     :      0.58s CPU      0.97s WALL (       1 calls)
     init_vloc    :      0.01s CPU      0.01s WALL (       2 calls)
     fft          :      2.47s CPU      2.89s WALL (    5597 calls)
     fft_scatter  :     50.71s CPU     51.86s WALL (  559627 calls)
     v_of_rho     :      0.01s CPU      0.01s WALL (       1 calls)
     v_xc         :      0.03s CPU      0.03s WALL (       6 calls)
     v_h          :      0.00s CPU      0.00s WALL (       1 calls)
     read_wave    :      0.44s CPU      0.63s WALL (       1 calls)
     davcio       :      0.00s CPU      0.01s WALL (       2 calls)
     init_us_1    :      0.00s CPU      0.00s WALL (       2 calls)
     do_setup     :      0.01s CPU      0.01s WALL (       1 calls)
     init_pw_ar   :      0.01s CPU      0.01s WALL (       1 calls)
     init_at_1    :      0.00s CPU      0.00s WALL (       1 calls)
     storesqvc    :      0.00s CPU      0.00s WALL (       1 calls)
     wbse_dv_setu :      0.01s CPU      0.01s WALL (       1 calls)
     setup_dmuxc  :      0.00s CPU      0.00s WALL (       1 calls)
     chidiago     :    159.42s CPU    181.62s WALL (       1 calls)
     paramgs      :     13.34s CPU     13.40s WALL (      63 calls)
     west_apply_l :     66.46s CPU     67.55s WALL (     518 calls)
     wbse_calc_de :     20.16s CPU     20.49s WALL (     555 calls)
     fftw         :     71.30s CPU     72.40s WALL (  554030 calls)
     wbse_dv_of_d :      2.63s CPU      2.67s WALL (     554 calls)
     init_us_2    :      0.47s CPU      0.47s WALL (     559 calls)
     h_psi_bgrp   :     24.46s CPU     24.90s WALL (     617 calls)
     h_psi        :     24.45s CPU     24.90s WALL (     617 calls)
     h_psi:pot    :     24.14s CPU     24.58s WALL (     617 calls)
     vloc_psi     :     19.33s CPU     19.64s WALL (     617 calls)
     h_psi:calbec :      2.77s CPU      2.89s WALL (     617 calls)
     calbec       :      2.77s CPU      2.89s WALL (     617 calls)
     add_vuspsi   :      2.04s CPU      2.05s WALL (     617 calls)
     alphapc      :     10.17s CPU     10.38s WALL (    1517 calls)
     build_hr     :      8.67s CPU     13.58s WALL (      63 calls)
     diagox       :      0.04s CPU      0.06s WALL (      63 calls)
     redistr_vr   :      0.00s CPU      0.00s WALL (      62 calls)
     update_vr    :     23.39s CPU     36.53s WALL (      62 calls)
     precd_ag     :      3.31s CPU      3.38s WALL (      62 calls)
     symm_hr      :      0.00s CPU      0.00s WALL (      62 calls)
     chidiago:las :      4.33s CPU      5.73s WALL (       6 calls)
     refresh_vr   :      4.37s CPU      5.91s WALL (      11 calls)
     plep_db      :      3.97s CPU      4.54s WALL (       1 calls)
     linstern     :      2.62s CPU      2.67s WALL (       1 calls)
     stern        :      2.50s CPU      2.54s WALL (      99 calls)
     alphapv      :      0.33s CPU      0.33s WALL (      99 calls)
     precd_cg     :      0.23s CPU      0.24s WALL (      33 calls)
 
     Wbse         :  2m40.51s CPU     3m 3.45s WALL

 
   This run was terminated on:  11:21:28   9Feb2022            

=------------------------------------------------------------------------------=
   JOB DONE.
=------------------------------------------------------------------------------=
